--------- beginning of main
12-11 19:04:38.452  1354  6146 W audio_hw_generic: in_read_worker only could write 0 / 240 frames
12-11 19:04:38.484  1354  6146 W audio_hw_generic: in_read_worker only could write 0 / 240 frames
12-11 19:04:38.690  6237  6237 D AndroidRuntime: >>>>>> START com.android.internal.os.RuntimeInit uid 2000 <<<<<<
12-11 19:04:38.693  6237  6237 D AndroidRuntime: CheckJNI is ON
12-11 19:04:38.736  6237  6237 W art     : Unexpected CPU variant for X86 using defaults: x86
12-11 19:04:38.741  6237  6237 D ICU     : No timezone override file found: /data/misc/zoneinfo/current/icu/icu_tzdata.dat
12-11 19:04:38.763  6237  6237 E memtrack: Couldn't load memtrack module (No such file or directory)
12-11 19:04:38.763  6237  6237 E android.os.Debug: failed to load memtrack module: -2
12-11 19:04:38.764  6237  6237 I Radio-JNI: register_android_hardware_Radio DONE
12-11 19:04:38.774  6237  6237 D AndroidRuntime: Calling main entry com.android.commands.monkey.Monkey
--------- beginning of system
12-11 19:04:38.827  1653  1666 W BroadcastQueue: Skipping deliver [background] BroadcastRecord{d879653 u-1 android.net.conn.CONNECTIVITY_CHANGE} to ReceiverList{9ba7b90 6237 (unknown name)/2000/u-1 remote:da2548d}: process crashing
12-11 19:04:40.468  6237  6237 D MonkeyStub: translateCommand: wake
12-11 19:04:40.753  6249  6249 D AndroidRuntime: >>>>>> START com.android.internal.os.RuntimeInit uid 2000 <<<<<<
12-11 19:04:40.755  6249  6249 D AndroidRuntime: CheckJNI is ON
12-11 19:04:40.794  6249  6249 W art     : Unexpected CPU variant for X86 using defaults: x86
12-11 19:04:40.799  6249  6249 D ICU     : No timezone override file found: /data/misc/zoneinfo/current/icu/icu_tzdata.dat
12-11 19:04:40.821  6249  6249 E memtrack: Couldn't load memtrack module (No such file or directory)
12-11 19:04:40.821  6249  6249 E android.os.Debug: failed to load memtrack module: -2
12-11 19:04:40.821  6249  6249 I Radio-JNI: register_android_hardware_Radio DONE
12-11 19:04:40.832  6249  6249 D AndroidRuntime: Calling main entry com.android.commands.am.Am
12-11 19:04:40.840  1653  1891 I ActivityManager: START u0 {flg=0x10000000 cmp=com.google.android.calendar/com.android.calendar.AllInOneActivity} from uid 2000 on display 0
12-11 19:04:40.852  6249  6249 D AndroidRuntime: Shutting down VM
12-11 19:04:40.903  1653  3965 I ActivityManager: START u0 {flg=0x10000000 cmp=com.google.android.calendar/com.android.calendar.AllInOneCalendarActivity (has extras)} from uid 10034 on display 0
12-11 19:04:40.941  6003  6003 W art     : Before Android 4.1, method android.graphics.PorterDuffColorFilter android.support.graphics.drawable.VectorDrawableCompat.updateTintFilter(android.graphics.PorterDuffColorFilter, android.content.res.ColorStateList, android.graphics.PorterDuff$Mode) would have incorrectly overridden the package-private method in android.graphics.drawable.Drawable
12-11 19:04:40.960  2143  2310 I MicroDetector: Keeping mic open: false
12-11 19:04:40.961  2143  2280 I DeviceStateChecker: DeviceStateChecker cancelled
12-11 19:04:40.962  2143  4870 I AudioController: internalShutdown
12-11 19:04:40.963  2143  5689 I MicroRecognitionRunner: Stopping hotword detection.
12-11 19:04:40.993  2143  4870 I MicrophoneInputStream: mic_close  SR : 16000 CC : 16 SO : 1999
12-11 19:04:40.995  1311  1493 D gralloc_ranchu: gralloc_alloc: Creating ashmem region of size 8294400
12-11 19:04:40.998  2143  5059 I MicroRecognitionRunner: Detection finished
12-11 19:04:41.005  1311  1317 E SurfaceFlinger: ro.sf.lcd_density must be defined as a build property
12-11 19:04:41.024  6003  6003 D         : HostConnection::get() New Host Connection established 0x9d94ea40, tid 6003
12-11 19:04:41.373  2104  2157 D EGL_emulation: eglMakeCurrent: 0x9f797d60: ver 3 0 (tinfo 0x8f9d9100)
12-11 19:04:41.398  2143  2281 D EGL_emulation: eglMakeCurrent: 0x9d9708a0: ver 3 0 (tinfo 0xa9330390)
12-11 19:04:41.412  6003  6003 E AbstractTimelineGridFra: Tried to goto a time but Views haven't been created yet!
12-11 19:04:41.416  2143  5689 I PBSessionCacheImpl: Deleted sessionId[771359998563] from persistence.
12-11 19:04:41.499  2064  2064 W ChimeraUtils: Non Chimera context
12-11 19:04:41.513  6003  6013 I art     : Background partial concurrent mark sweep GC freed 11500(721KB) AllocSpace objects, 0(0B) LOS objects, 39% free, 6MB/10MB, paused 11.627ms total 119.039ms
12-11 19:04:41.515  2143  2310 W SearchServiceCore: Abort, client detached.
12-11 19:04:41.627  6003  6262 D         : HostConnection::get() New Host Connection established 0x9d94e180, tid 6262
12-11 19:04:41.628  6003  6262 I OpenGLRenderer: Initialized EGL, version 1.4
12-11 19:04:41.628  6003  6262 D OpenGLRenderer: Swap behavior 1
12-11 19:04:41.628  6003  6262 W OpenGLRenderer: Failed to choose config with EGL_SWAP_BEHAVIOR_PRESERVED, retrying without...
12-11 19:04:41.628  6003  6262 D OpenGLRenderer: Swap behavior 0
12-11 19:04:41.648  6003  6262 D EGL_emulation: eglCreateContext: 0xad005900: maj 3 min 0 rcv 3
12-11 19:04:41.797  6003  6262 D EGL_emulation: eglMakeCurrent: 0xad005900: ver 3 0 (tinfo 0xad0039d0)
12-11 19:04:41.800  6003  6262 E eglCodecCommon: glUtilsParamSize: unknow param 0x00008cdf
12-11 19:04:41.800  6003  6262 E eglCodecCommon: glUtilsParamSize: unknow param 0x00008824
12-11 19:04:42.087  1311  1758 E IPCThreadState: binder thread pool (4 threads) starved for 182 ms
12-11 19:04:42.509  6003  6003 E RecyclerView: No adapter attached; skipping layout
12-11 19:04:42.579  6003  6003 I Choreographer: Skipped 60 frames!  The application may be doing too much work on its main thread.
12-11 19:04:42.667  6003  6262 D EGL_emulation: eglMakeCurrent: 0xad005900: ver 3 0 (tinfo 0xad0039d0)
12-11 19:04:42.865  6003  6262 D EGL_emulation: eglMakeCurrent: 0xad005900: ver 3 0 (tinfo 0xad0039d0)
12-11 19:04:42.999  1653  1673 I ActivityManager: Displayed com.google.android.calendar/com.android.calendar.AllInOneCalendarActivity: +2s79ms (total +2s148ms)
12-11 19:04:43.108  1653  2295 I ActivityManager: START u0 {act=com.google.android.gms.ui.UNPACKING_REDIRECT dat=intent://com.google.android.gms.auth.uiflows.common/c2d7d940-3627-4073-a32b-7d2edbf099f9 pkg=com.google.android.gms cmp=com.google.android.gms/.auth.uiflows.common.UnpackingRedirectActivity (has extras)} from uid 10034 on display 0
12-11 19:04:43.414  1653  1664 I ActivityManager: START u0 {cat=[categoryhack:8d6a9375-a92f-4c9a-ae7e-eed7d92098b1] flg=0x2000000 cmp=com.google.android.gms/.auth.uiflows.addaccount.AccountIntroActivity (has extras)} from uid 10013 on display 0
12-11 19:04:43.460  3093  3093 I Auth    : [CommonAuth,ManagedAccountUtil] No DO or PO.
12-11 19:04:43.464  3093  3093 I Auth    : [AddAccount,IntentResolveHelper] Found activity to handle action com.google.android.gms.auth.addaccount.PRE_ADD_ACCOUNT
12-11 19:04:43.468  1653  3966 I ActivityManager: START u0 {flg=0x2000000 cmp=com.google.android.gms/.auth.uiflows.addaccount.WrapperControlledActivity (has extras)} from uid 10013 on display 0
12-11 19:04:43.506  1311  1897 D gralloc_ranchu: gralloc_alloc: Creating ashmem region of size 2691072
12-11 19:04:43.513  1653  3799 D         : HostConnection::get() New Host Connection established 0x9103c840, tid 3799
12-11 19:04:43.618  1653  2528 I ActivityManager: START u0 {act=com.google.android.gms.auth.addaccount.PRE_ADD_ACCOUNT cmp=com.google.android.gms/.auth.uiflows.addaccount.PreAddAccountActivity (has extras)} from uid 10013 on display 0
12-11 19:04:43.634  3093  3098 I art     : Do partial code cache collection, code=122KB, data=116KB
12-11 19:04:43.642  3093  3098 I art     : After code cache collection, code=121KB, data=115KB
12-11 19:04:43.642  3093  3098 I art     : Increasing code cache capacity to 512KB
12-11 19:04:43.700  1653  1661 I art     : Background partial concurrent mark sweep GC freed 48923(2005KB) AllocSpace objects, 6(120KB) LOS objects, 21% free, 14MB/18MB, paused 4.986ms total 149.571ms
12-11 19:04:43.835  1311  1316 E IPCThreadState: binder thread pool (4 threads) starved for 134 ms
12-11 19:04:43.837  1311  1311 W SurfaceFlinger: couldn't log to binary event log: overflow.
12-11 19:04:44.016  3093  3145 D EGL_emulation: eglMakeCurrent: 0xad005600: ver 3 0 (tinfo 0xad0038c0)
12-11 19:04:44.723  2064  2079 W Auth    : [FactoryResetProtectionManager] Factory reset protection is not supported!
12-11 19:04:44.810  3093  3145 D EGL_emulation: eglMakeCurrent: 0xad005600: ver 3 0 (tinfo 0xad0038c0)
12-11 19:04:44.913  3093  3145 D EGL_emulation: eglMakeCurrent: 0xad005600: ver 3 0 (tinfo 0xad0038c0)
12-11 19:04:44.937  3093  3145 D EGL_emulation: eglMakeCurrent: 0xad005600: ver 3 0 (tinfo 0xad0038c0)
12-11 19:04:44.959  6003  6262 D EGL_emulation: eglMakeCurrent: 0xad005900: ver 3 0 (tinfo 0xad0039d0)
12-11 19:04:44.959  1653  1673 I ActivityManager: Displayed com.google.android.gms/.auth.uiflows.addaccount.PreAddAccountActivity: +1s102ms (total +1s562ms)
12-11 19:04:44.968  3093  3145 D EGL_emulation: eglMakeCurrent: 0xad005600: ver 3 0 (tinfo 0xad0038c0)
12-11 19:04:44.982  3093  3145 D EGL_emulation: eglMakeCurrent: 0xad005600: ver 3 0 (tinfo 0xad0038c0)
12-11 19:04:44.989  3093  3145 D EGL_emulation: eglMakeCurrent: 0xad005600: ver 3 0 (tinfo 0xad0038c0)
12-11 19:04:45.004  1311  1311 W SurfaceFlinger: couldn't log to binary event log: overflow.
12-11 19:04:45.261  1653  3798 I ActivityManager: START u0 {flg=0x2000000 cmp=com.google.android.gms/.auth.uiflows.minutemaid.MinuteMaidActivity (has extras)} from uid 10013 on display 0
12-11 19:04:45.595  3093  3145 D EGL_emulation: eglMakeCurrent: 0xad005600: ver 3 0 (tinfo 0xad0038c0)
12-11 19:04:45.662  3093  3145 D EGL_emulation: eglMakeCurrent: 0xad005600: ver 3 0 (tinfo 0xad0038c0)
12-11 19:04:45.673  3093  3145 D EGL_emulation: eglMakeCurrent: 0xad005600: ver 3 0 (tinfo 0xad0038c0)
12-11 19:04:45.688  3093  3145 D EGL_emulation: eglMakeCurrent: 0xad005600: ver 3 0 (tinfo 0xad0038c0)
12-11 19:04:45.707  3093  3145 D EGL_emulation: eglMakeCurrent: 0xad005600: ver 3 0 (tinfo 0xad0038c0)
12-11 19:04:45.722  3093  3145 D EGL_emulation: eglMakeCurrent: 0xad005600: ver 3 0 (tinfo 0xad0038c0)
12-11 19:04:45.740  3093  3145 D EGL_emulation: eglMakeCurrent: 0xad005600: ver 3 0 (tinfo 0xad0038c0)
12-11 19:04:45.774  3093  3145 D EGL_emulation: eglMakeCurrent: 0xad005600: ver 3 0 (tinfo 0xad0038c0)
12-11 19:04:45.787  3093  3145 D EGL_emulation: eglMakeCurrent: 0xad005600: ver 3 0 (tinfo 0xad0038c0)
12-11 19:04:45.806  3093  3145 D EGL_emulation: eglMakeCurrent: 0xad005600: ver 3 0 (tinfo 0xad0038c0)
12-11 19:04:45.820  3093  3145 D EGL_emulation: eglMakeCurrent: 0xad005600: ver 3 0 (tinfo 0xad0038c0)
12-11 19:04:45.840  3093  3145 D EGL_emulation: eglMakeCurrent: 0xad005600: ver 3 0 (tinfo 0xad0038c0)
12-11 19:04:45.855  3093  3145 D EGL_emulation: eglMakeCurrent: 0xad005600: ver 3 0 (tinfo 0xad0038c0)
12-11 19:04:45.889  3093  3145 D EGL_emulation: eglMakeCurrent: 0xad005600: ver 3 0 (tinfo 0xad0038c0)
12-11 19:04:45.925  3093  3145 D EGL_emulation: eglMakeCurrent: 0xad005600: ver 3 0 (tinfo 0xad0038c0)
12-11 19:04:45.956  3093  3145 D EGL_emulation: eglMakeCurrent: 0xad005600: ver 3 0 (tinfo 0xad0038c0)
12-11 19:04:45.972  3093  3145 D EGL_emulation: eglMakeCurrent: 0xad005600: ver 3 0 (tinfo 0xad0038c0)
12-11 19:04:45.984  3093  3145 D EGL_emulation: eglMakeCurrent: 0xad005600: ver 3 0 (tinfo 0xad0038c0)
12-11 19:04:45.995  3093  3145 D EGL_emulation: eglMakeCurrent: 0xad005600: ver 3 0 (tinfo 0xad0038c0)
12-11 19:04:46.026  1360  1386 D WVCdm   : Instantiating CDM.
12-11 19:04:46.027  1360  3128 I WVCdm   : CdmEngine::OpenSession
12-11 19:04:46.027  1360  3128 I WVCdm   : Level3 Library 4464 Sep 10 2016 21:49:53
12-11 19:04:46.029  1360  3128 W WVCdm   : Could not load liboemcrypto.so. Falling back to L3.  dlopen failed: library "liboemcrypto.so" not found
12-11 19:04:46.034  1360  3128 I WVCdm   : CdmEngine::QueryKeyControlInfo
12-11 19:04:46.036  1360  4704 I WVCdm   : CdmEngine::GenerateKeyRequest
12-11 19:04:46.037  1360  4704 D WVCdm   : PrepareKeyRequest: nonce=3073806009
12-11 19:04:46.100  3093  3145 D EGL_emulation: eglMakeCurrent: 0xad005600: ver 3 0 (tinfo 0xad0038c0)
12-11 19:04:46.170  1360  1386 I WVCdm   : CdmEngine::CloseSession
12-11 19:04:46.201  3093  3145 D EGL_emulation: eglMakeCurrent: 0xad005600: ver 3 0 (tinfo 0xad0038c0)
12-11 19:04:46.216  3093  3145 D EGL_emulation: eglMakeCurrent: 0xad005600: ver 3 0 (tinfo 0xad0038c0)
12-11 19:04:46.228  3093  3145 D EGL_emulation: eglMakeCurrent: 0xad005600: ver 3 0 (tinfo 0xad0038c0)
12-11 19:04:46.243  3093  3145 D EGL_emulation: eglMakeCurrent: 0xad005600: ver 3 0 (tinfo 0xad0038c0)
12-11 19:04:46.275  3093  3145 D EGL_emulation: eglMakeCurrent: 0xad005600: ver 3 0 (tinfo 0xad0038c0)
12-11 19:04:46.277  1653  1673 I ActivityManager: Displayed com.google.android.gms/.auth.uiflows.minutemaid.MinuteMaidActivity: +828ms
12-11 19:04:46.298  3093  3145 D EGL_emulation: eglMakeCurrent: 0xad005600: ver 3 0 (tinfo 0xad0038c0)
12-11 19:04:46.320  3093  3145 D EGL_emulation: eglMakeCurrent: 0xad005600: ver 3 0 (tinfo 0xad0038c0)
12-11 19:04:46.347  3093  3145 D EGL_emulation: eglMakeCurrent: 0xad005600: ver 3 0 (tinfo 0xad0038c0)
12-11 19:04:46.364  3093  3145 D EGL_emulation: eglMakeCurrent: 0xad005600: ver 3 0 (tinfo 0xad0038c0)
12-11 19:04:46.394  3093  3145 D EGL_emulation: eglMakeCurrent: 0xad005600: ver 3 0 (tinfo 0xad0038c0)
12-11 19:04:46.411  3093  3145 D EGL_emulation: eglMakeCurrent: 0xad005600: ver 3 0 (tinfo 0xad0038c0)
12-11 19:04:46.424  3093  3145 D EGL_emulation: eglMakeCurrent: 0xad005600: ver 3 0 (tinfo 0xad0038c0)
12-11 19:04:46.447  3093  3145 D EGL_emulation: eglMakeCurrent: 0xad005600: ver 3 0 (tinfo 0xad0038c0)
12-11 19:04:46.545  3093  3093 E BluetoothAdapter: Bluetooth binder is null
12-11 19:04:46.551  1311  1311 W SurfaceFlinger: couldn't log to binary event log: overflow.
12-11 19:04:46.553  3093  3093 W Auth    : [MinuteMaid,MinuteMaidFragment] com.google.android.androidforwork is not installed on system.
12-11 19:04:46.570  3093  3093 I Auth    : [BrowserAuthFragment] onPageStarted: Host: accounts.google.com Path: /embedded/setup/v2/android
12-11 19:04:46.609  3093  3260 D EGL_emulation: eglMakeCurrent: 0x88fbd280: ver 3 0 (tinfo 0x9d97e250)
12-11 19:04:46.637  3093  3260 E eglCodecCommon: glUtilsParamSize: unknow param 0x000088ff
12-11 19:04:46.936  1311  1311 W SurfaceFlinger: couldn't log to binary event log: overflow.
12-11 19:04:47.071  3093  3098 I art     : Compiler allocated 6MB to compile void boqe.a(java.lang.Object, boso)
12-11 19:04:47.495  2064  6096 I Places  : ?: PlacesBleScanner stop()
12-11 19:04:47.496  2064  2064 I BeaconBle: Scan : No clients left, canceling alarm.
12-11 19:04:47.497  2064  2064 I BeaconBle: Scan canceled successfully.
12-11 19:04:47.509  2064  6096 I PlaceInferenceEngine: [anon] Changed inference mode: 0
12-11 19:04:47.547  3093  3145 E eglCodecCommon: glUtilsParamSize: unknow param 0x000085b5
12-11 19:04:47.568  3093  3145 E eglCodecCommon: glUtilsParamSize: unknow param 0x000088ff
12-11 19:04:47.569  2064  2064 I GeofencerStateMachine: removeGeofences: removeRequest=RemoveGeofencingRequest[REMOVE_BY_PENDING_INTENT pendingIntent=PendingIntent[creatorPackage=com.google.android.gms], packageName=null]
12-11 19:04:47.702  3093  3145 E eglCodecCommon: glUtilsParamSize: unknow param 0x000085b5
12-11 19:04:47.761  3093  3145 E eglCodecCommon: glUtilsParamSize: unknow param 0x000085b5
12-11 19:04:47.874  3093  3145 E eglCodecCommon: glUtilsParamSize: unknow param 0x000085b5
12-11 19:04:47.976  3093  3145 E eglCodecCommon: glUtilsParamSize: unknow param 0x000085b5
12-11 19:04:48.027  3093  3145 E eglCodecCommon: glUtilsParamSize: unknow param 0x000085b5
12-11 19:04:48.079  3093  3145 E eglCodecCommon: glUtilsParamSize: unknow param 0x000085b5
12-11 19:04:48.119  1653  1876 W AlarmManager: Window length 3074457345618258602ms suspiciously long; limiting to 1 hour
12-11 19:04:48.128  3093  3145 E eglCodecCommon: glUtilsParamSize: unknow param 0x000085b5
12-11 19:04:48.180  3093  3145 E eglCodecCommon: glUtilsParamSize: unknow param 0x000085b5
12-11 19:04:48.235  3093  3145 E eglCodecCommon: glUtilsParamSize: unknow param 0x000085b5
12-11 19:04:48.286  3093  3145 E eglCodecCommon: glUtilsParamSize: unknow param 0x000085b5
12-11 19:04:48.335  3093  3145 E eglCodecCommon: glUtilsParamSize: unknow param 0x000085b5
12-11 19:04:48.386  3093  3145 E eglCodecCommon: glUtilsParamSize: unknow param 0x000085b5
12-11 19:04:48.450  3093  3145 E eglCodecCommon: glUtilsParamSize: unknow param 0x000085b5
12-11 19:04:48.506  3093  3145 E eglCodecCommon: glUtilsParamSize: unknow param 0x000085b5
12-11 19:04:48.571  3093  3145 E eglCodecCommon: glUtilsParamSize: unknow param 0x000085b5
12-11 19:04:48.589  3093  3093 I Auth    : [BrowserAuthFragment] onPageFinished: Host: accounts.google.com Path: /embedded/setup/v2/android
12-11 19:04:48.626  3093  3145 E eglCodecCommon: glUtilsParamSize: unknow param 0x000085b5
12-11 19:04:48.648  2143  2155 W art     : Suspending all threads took: 20.233ms
12-11 19:04:48.674  3093  3093 I Auth    : [BrowserAuthFragment] onPageFinished: Host: accounts.google.com Path: /embedded/setup/v2/android
12-11 19:04:48.762  3093  3145 E eglCodecCommon: glUtilsParamSize: unknow param 0x000085b5
12-11 19:04:48.885  3093  3145 E eglCodecCommon: glUtilsParamSize: unknow param 0x000085b5
12-11 19:04:49.078  3093  3145 E eglCodecCommon: glUtilsParamSize: unknow param 0x000085b5
12-11 19:04:49.170  3093  3145 E eglCodecCommon: glUtilsParamSize: unknow param 0x000085b5
12-11 19:04:49.255  3093  3145 E eglCodecCommon: glUtilsParamSize: unknow param 0x000085b5
12-11 19:04:49.332  3093  3145 E eglCodecCommon: glUtilsParamSize: unknow param 0x000085b5
12-11 19:04:49.406  3093  3145 E eglCodecCommon: glUtilsParamSize: unknow param 0x000085b5
12-11 19:04:49.500  3093  3145 E eglCodecCommon: glUtilsParamSize: unknow param 0x000085b5
12-11 19:04:49.628  3093  3145 E eglCodecCommon: glUtilsParamSize: unknow param 0x000085b5
12-11 19:04:49.729  3093  3145 E eglCodecCommon: glUtilsParamSize: unknow param 0x000085b5
12-11 19:04:49.804  3093  3145 E eglCodecCommon: glUtilsParamSize: unknow param 0x000085b5
12-11 19:04:49.907  3093  3145 E eglCodecCommon: glUtilsParamSize: unknow param 0x000085b5
12-11 19:04:49.989  3093  3145 E eglCodecCommon: glUtilsParamSize: unknow param 0x000085b5
12-11 19:04:50.065  3093  3145 E eglCodecCommon: glUtilsParamSize: unknow param 0x000085b5
12-11 19:04:50.164  3093  3145 E eglCodecCommon: glUtilsParamSize: unknow param 0x000085b5
12-11 19:04:50.253  3093  3145 E eglCodecCommon: glUtilsParamSize: unknow param 0x000085b5
12-11 19:04:50.339  3093  3145 E eglCodecCommon: glUtilsParamSize: unknow param 0x000085b5
12-11 19:04:50.431  3093  3145 E eglCodecCommon: glUtilsParamSize: unknow param 0x000085b5
12-11 19:04:50.494  3093  3093 I Auth    : [BrowserAuthFragment] onPageFinished: Host: accounts.google.com Path: /embedded/setup/v2/android/identifier
12-11 19:04:50.532  3093  3145 E eglCodecCommon: glUtilsParamSize: unknow param 0x000085b5
12-11 19:04:50.609  3093  3145 E eglCodecCommon: glUtilsParamSize: unknow param 0x000085b5
12-11 19:04:52.508  2064  2064 I BeaconBle: Scan : No clients left, canceling alarm.
12-11 19:04:55.047  3093  3145 E eglCodecCommon: glUtilsParamSize: unknow param 0x000085b5
12-11 19:05:00.891  6237  6237 D MonkeyStub: translateCommand: tap 136 649
12-11 19:05:00.961  1719  1719 W InputMethodService: Window size has been changed. This may cause jankiness of resizing window: -1 -> -2
12-11 19:05:00.988  1719  1719 I LatinIME: Starting input. Cursor position = 0,0
12-11 19:05:01.016  3093  3145 E eglCodecCommon: glUtilsParamSize: unknow param 0x000085b5
12-11 19:05:01.099  3093  3145 E eglCodecCommon: glUtilsParamSize: unknow param 0x000085b5
12-11 19:05:01.186  3093  3145 E eglCodecCommon: glUtilsParamSize: unknow param 0x000085b5
12-11 19:05:01.283  3093  3145 E eglCodecCommon: glUtilsParamSize: unknow param 0x000085b5
12-11 19:05:01.388  3093  3145 E eglCodecCommon: glUtilsParamSize: unknow param 0x000085b5
12-11 19:05:01.461  3093  3145 E eglCodecCommon: glUtilsParamSize: unknow param 0x000085b5
12-11 19:05:01.532  1719  1719 I Choreographer: Skipped 33 frames!  The application may be doing too much work on its main thread.
12-11 19:05:01.543  3093  3145 E eglCodecCommon: glUtilsParamSize: unknow param 0x000085b5
12-11 19:05:01.545  1733  1900 D EGL_emulation: eglMakeCurrent: 0xad0052a0: ver 3 0 (tinfo 0xad0038a0)
12-11 19:05:01.925  1719  3460 D EGL_emulation: eglMakeCurrent: 0x8f67e020: ver 3 0 (tinfo 0x9d969f20)
12-11 19:05:02.035  3093  3145 E eglCodecCommon: glUtilsParamSize: unknow param 0x000085b5
12-11 19:05:02.168  3093  3145 E eglCodecCommon: glUtilsParamSize: unknow param 0x000085b5
12-11 19:05:02.323  3093  3145 E eglCodecCommon: glUtilsParamSize: unknow param 0x000085b5
12-11 19:05:02.442  3093  3145 E eglCodecCommon: glUtilsParamSize: unknow param 0x000085b5
12-11 19:05:02.534  3093  3145 E eglCodecCommon: glUtilsParamSize: unknow param 0x000085b5
12-11 19:05:02.900  6237  6237 D MonkeyStub: translateCommand: tap 136 649
12-11 19:05:03.069  3093  3145 E eglCodecCommon: glUtilsParamSize: unknow param 0x000085b5
12-11 19:05:03.532  3093  3145 E eglCodecCommon: glUtilsParamSize: unknow param 0x000085b5
12-11 19:05:03.561  1653  1698 E WifiStateMachine: Error! unhandled message{ when=-4ms what=0 target=com.android.internal.util.StateMachine$SmHandler }
12-11 19:05:03.702  2873  6300 W xut     : Not parsing http body since status is HttpStatus(401). Using defaultResponseBody
12-11 19:05:03.727  2064  2064 W ChimeraUtils: Non Chimera context
12-11 19:05:03.773  2064  2077 E Auth    : [GoogleAccountDataServiceImpl] getToken() -> BAD_AUTHENTICATION. Account: <ELLIDED:-798367971>, App: com.google.android.gm, Service: oauth2:https://mail.google.com/ https://www.googleapis.com/auth/gmail.ads https://www.googleapis.com/auth/gmail.readonly https://www.googleapis.com/auth/taskassist.readonly https://www.googleapis.com/auth/plus.contactphotos https://www.googleapis.com/auth/reminders https://www.googleapis.com/auth/gmail.full_access https://www.googleapis.com/auth/gmail.locker.read 
12-11 19:05:03.773  2064  2077 E Auth    : qbl: Long live credential not available.
12-11 19:05:03.773  2064  2077 E Auth    : 	at gyk.c(:com.google.android.gms@14799022@14.7.99 (040700-223214910):18)
12-11 19:05:03.773  2064  2077 E Auth    : 	at gyk.a(:com.google.android.gms@14799022@14.7.99 (040700-223214910):11)
12-11 19:05:03.773  2064  2077 E Auth    : 	at gyk.b(:com.google.android.gms@14799022@14.7.99 (040700-223214910))
12-11 19:05:03.773  2064  2077 E Auth    : 	at gwv.a(:com.google.android.gms@14799022@14.7.99 (040700-223214910):22)
12-11 19:05:03.773  2064  2077 E Auth    : 	at ipx.a(:com.google.android.gms@14799022@14.7.99 (040700-223214910):7)
12-11 19:05:03.773  2064  2077 E Auth    : 	at ipx.a(:com.google.android.gms@14799022@14.7.99 (040700-223214910):153)
12-11 19:05:03.773  2064  2077 E Auth    : 	at iox.a(:com.google.android.gms@14799022@14.7.99 (040700-223214910):2)
12-11 19:05:03.773  2064  2077 E Auth    : 	at iou.a(:com.google.android.gms@14799022@14.7.99 (040700-223214910):15)
12-11 19:05:03.773  2064  2077 E Auth    : 	at iou.a(:com.google.android.gms@14799022@14.7.99 (040700-223214910):6)
12-11 19:05:03.773  2064  2077 E Auth    : 	at gth.a(:com.google.android.gms@14799022@14.7.99 (040700-223214910):33)
12-11 19:05:03.773  2064  2077 E Auth    : 	at gth.a(:com.google.android.gms@14799022@14.7.99 (040700-223214910):81)
12-11 19:05:03.773  2064  2077 E Auth    : 	at dqo.a(:com.google.android.gms@14799022@14.7.99 (040700-223214910):1)
12-11 19:05:03.773  2064  2077 E Auth    : 	at yfy.a(:com.google.android.gms@14799022@14.7.99 (040700-223214910):5)
12-11 19:05:03.773  2064  2077 E Auth    : 	at cpz.onTransact(:com.google.android.gms@14799022@14.7.99 (040700-223214910):4)
12-11 19:05:03.773  2064  2077 E Auth    : 	at android.os.Binder.transact(Binder.java:499)
12-11 19:05:03.773  2064  2077 E Auth    : 	at dsw.onTransact(:com.google.android.gms@14799022@14.7.99 (040700-223214910):3)
12-11 19:05:03.773  2064  2077 E Auth    : 	at android.os.Binder.execTransact(Binder.java:565)
12-11 19:05:03.773  2064  2077 W Auth    : [GetToken] GetToken failed with status code: BadAuthentication
12-11 19:05:03.782  2873  6298 W Auth    : [GoogleAuthUtil] GoogleAuthUtil
12-11 19:05:03.784  2873  6301 W sda     : Unexpected network exception for request (6) https://inbox.google.com:443/sync/el2?hl=en_US&c=6
12-11 19:05:03.784  2873  6301 W sda     : sah: [/sync/el2] UNKNOWN: Unknown network error: lbl: BadAuthentication
12-11 19:05:03.784  2873  6301 W sda     : 	at saa.a(SourceFile:7)
12-11 19:05:03.784  2873  6301 W sda     : 	at sai.a(SourceFile:6)
12-11 19:05:03.784  2873  6301 W sda     : 	at saj.a(Unknown Source)
12-11 19:05:03.784  2873  6301 W sda     : 	at yyf.a(Unknown Source)
12-11 19:05:03.784  2873  6301 W sda     : 	at yvc.a(SourceFile:2)
12-11 19:05:03.784  2873  6301 W sda     : 	at aayk.run(SourceFile:3)
12-11 19:05:03.784  2873  6301 W sda     : 	at aayb.execute(SourceFile)
12-11 19:05:03.784  2873  6301 W sda     : 	at yze.execute(SourceFile:3)
12-11 19:05:03.784  2873  6301 W sda     : 	at aawu.b(SourceFile:21)
12-11 19:05:03.784  2873  6301 W sda     : 	at aawu.a(SourceFile:14)
12-11 19:05:03.784  2873  6301 W sda     : 	at aawu.a(SourceFile:55)
12-11 19:05:03.784  2873  6301 W sda     : 	at xvd.a(Unknown Source)
12-11 19:05:03.784  2873  6301 W sda     : 	at yvc.a(SourceFile:2)
12-11 19:05:03.784  2873  6301 W sda     : 	at aayk.run(SourceFile:3)
12-11 19:05:03.784  2873  6301 W sda     : 	at xml.run(Unknown Source)
12-11 19:05:03.784  2873  6301 W sda     : 	at java.util.concurrent.Executors$RunnableAdapter.call(Executors.java:428)
12-11 19:05:03.784  2873  6301 W sda     : 	at java.util.concurrent.FutureTask.run(FutureTask.java:237)
12-11 19:05:03.784  2873  6301 W sda     : 	at java.util.concurrent.ScheduledThreadPoolExecutor$ScheduledFutureTask.run(ScheduledThreadPoolExecutor.java:272)
12-11 19:05:03.784  2873  6301 W sda     : 	at java.util.concurrent.ThreadPoolExecutor.runWorker(ThreadPoolExecutor.java:1133)
12-11 19:05:03.784  2873  6301 W sda     : 	at java.util.concurrent.ThreadPoolExecutor$Worker.run(ThreadPoolExecutor.java:607)
12-11 19:05:03.784  2873  6301 W sda     : 	at java.lang.Thread.run(Thread.java:761)
12-11 19:05:03.784  2873  6301 W sda     : Caused by: lbl: BadAuthentication
12-11 19:05:03.784  2873  6301 W sda     : 	at lbp.a(SourceFile:4)
12-11 19:05:03.784  2873  6301 W sda     : 	at xst.c(SourceFile:23)
12-11 19:05:03.784  2873  6301 W sda     : 	at xsu.a(Unknown Source)
12-11 19:05:03.784  2873  6301 W sda     : 	at ywx.a(SourceFile:2)
12-11 19:05:03.784  2873  6301 W sda     : 	at ywf.run(SourceFile)
12-11 19:05:03.784  2873  6301 W sda     : 	... 7 more
12-11 19:05:03.785  2873  6301 W sdd     : Network is not OK. Status=UNKNOWN. sah: [/sync/el2] UNKNOWN: Unknown network error: lbl: BadAuthentication
12-11 19:05:03.786  2873  6301 W scs     : log request 161902076 was unsuccessful
12-11 19:05:03.786  2873  6301 W scs     : sah: [/sync/el2] UNKNOWN: Unknown network error: lbl: BadAuthentication
12-11 19:05:03.786  2873  6301 W scs     : 	at saa.a(SourceFile:7)
12-11 19:05:03.786  2873  6301 W scs     : 	at sai.a(SourceFile:6)
12-11 19:05:03.786  2873  6301 W scs     : 	at saj.a(Unknown Source)
12-11 19:05:03.786  2873  6301 W scs     : 	at yyf.a(Unknown Source)
12-11 19:05:03.786  2873  6301 W scs     : 	at yvc.a(SourceFile:2)
12-11 19:05:03.786  2873  6301 W scs     : 	at aayk.run(SourceFile:3)
12-11 19:05:03.786  2873  6301 W scs     : 	at aayb.execute(SourceFile)
12-11 19:05:03.786  2873  6301 W scs     : 	at yze.execute(SourceFile:3)
12-11 19:05:03.786  2873  6301 W scs     : 	at aawu.b(SourceFile:21)
12-11 19:05:03.786  2873  6301 W scs     : 	at aawu.a(SourceFile:14)
12-11 19:05:03.786  2873  6301 W scs     : 	at aawu.a(SourceFile:55)
12-11 19:05:03.786  2873  6301 W scs     : 	at xvd.a(Unknown Source)
12-11 19:05:03.786  2873  6301 W scs     : 	at yvc.a(SourceFile:2)
12-11 19:05:03.786  2873  6301 W scs     : 	at aayk.run(SourceFile:3)
12-11 19:05:03.786  2873  6301 W scs     : 	at xml.run(Unknown Source)
12-11 19:05:03.786  2873  6301 W scs     : 	at java.util.concurrent.Executors$RunnableAdapter.call(Executors.java:428)
12-11 19:05:03.786  2873  6301 W scs     : 	at java.util.concurrent.FutureTask.run(FutureTask.java:237)
12-11 19:05:03.786  2873  6301 W scs     : 	at java.util.concurrent.ScheduledThreadPoolExecutor$ScheduledFutureTask.run(ScheduledThreadPoolExecutor.java:272)
12-11 19:05:03.786  2873  6301 W scs     : 	at java.util.concurrent.ThreadPoolExecutor.runWorker(ThreadPoolExecutor.java:1133)
12-11 19:05:03.786  2873  6301 W scs     : 	at java.util.concurrent.ThreadPoolExecutor$Worker.run(ThreadPoolExecutor.java:607)
12-11 19:05:03.786  2873  6301 W scs     : 	at java.lang.Thread.run(Thread.java:761)
12-11 19:05:03.786  2873  6301 W scs     : Caused by: lbl: BadAuthentication
12-11 19:05:03.786  2873  6301 W scs     : 	at lbp.a(SourceFile:4)
12-11 19:05:03.786  2873  6301 W scs     : 	at xst.c(SourceFile:23)
12-11 19:05:03.786  2873  6301 W scs     : 	at xsu.a(Unknown Source)
12-11 19:05:03.786  2873  6301 W scs     : 	at ywx.a(SourceFile:2)
12-11 19:05:03.786  2873  6301 W scs     : 	at ywf.run(SourceFile)
12-11 19:05:03.786  2873  6301 W scs     : 	... 7 more
12-11 19:05:04.046  3093  3145 E eglCodecCommon: glUtilsParamSize: unknow param 0x000085b5
12-11 19:05:04.542  3093  3145 E eglCodecCommon: glUtilsParamSize: unknow param 0x000085b5
12-11 19:05:04.940  6237  6237 D MonkeyStub: translateCommand: type ctj784@gmail.com
12-11 19:05:05.199  3093  3145 E eglCodecCommon: glUtilsParamSize: unknow param 0x000085b5
12-11 19:05:05.298  3093  3145 E eglCodecCommon: glUtilsParamSize: unknow param 0x000085b5
12-11 19:05:05.753  3093  3145 E eglCodecCommon: glUtilsParamSize: unknow param 0x000085b5
12-11 19:05:06.242  3093  3145 E eglCodecCommon: glUtilsParamSize: unknow param 0x000085b5
12-11 19:05:06.753  3093  3145 E eglCodecCommon: glUtilsParamSize: unknow param 0x000085b5
12-11 19:05:07.243  3093  3145 E eglCodecCommon: glUtilsParamSize: unknow param 0x000085b5
12-11 19:05:07.742  3093  3145 E eglCodecCommon: glUtilsParamSize: unknow param 0x000085b5
12-11 19:05:08.223  3093  3145 E eglCodecCommon: glUtilsParamSize: unknow param 0x000085b5
12-11 19:05:08.739  3093  3145 E eglCodecCommon: glUtilsParamSize: unknow param 0x000085b5
12-11 19:05:08.950  6237  6237 D MonkeyStub: translateCommand: tap 916 996
12-11 19:05:09.015  1719  1719 W InputMethodService: Window size has been changed. This may cause jankiness of resizing window: -1 -> -2
12-11 19:05:09.017  3093  3443 W IInputConnectionWrapper: finishComposingText on inactive InputConnection
12-11 19:05:09.024  1719  3460 D EGL_emulation: eglMakeCurrent: 0x8f67e020: ver 3 0 (tinfo 0x9d969f20)
12-11 19:05:09.102  3093  3145 E eglCodecCommon: glUtilsParamSize: unknow param 0x000085b5
12-11 19:05:09.280  3093  3145 E eglCodecCommon: glUtilsParamSize: unknow param 0x000085b5
12-11 19:05:09.427  3093  3145 E eglCodecCommon: glUtilsParamSize: unknow param 0x000085b5
12-11 19:05:09.594  3093  3145 E eglCodecCommon: glUtilsParamSize: unknow param 0x000085b5
12-11 19:05:09.686  3093  3145 E eglCodecCommon: glUtilsParamSize: unknow param 0x000085b5
12-11 19:05:09.776  3093  3145 E eglCodecCommon: glUtilsParamSize: unknow param 0x000085b5
12-11 19:05:09.892  3093  3145 E eglCodecCommon: glUtilsParamSize: unknow param 0x000085b5
12-11 19:05:09.980  3093  3145 E eglCodecCommon: glUtilsParamSize: unknow param 0x000085b5
12-11 19:05:10.063  3093  3145 E eglCodecCommon: glUtilsParamSize: unknow param 0x000085b5
12-11 19:05:10.141  3093  3145 E eglCodecCommon: glUtilsParamSize: unknow param 0x000085b5
12-11 19:05:10.214  3093  3145 E eglCodecCommon: glUtilsParamSize: unknow param 0x000085b5
12-11 19:05:10.308  3093  3145 E eglCodecCommon: glUtilsParamSize: unknow param 0x000085b5
12-11 19:05:10.388  3093  3145 E eglCodecCommon: glUtilsParamSize: unknow param 0x000085b5
12-11 19:05:10.458  3093  3145 E eglCodecCommon: glUtilsParamSize: unknow param 0x000085b5
12-11 19:05:10.532  3093  3145 E eglCodecCommon: glUtilsParamSize: unknow param 0x000085b5
12-11 19:05:10.614  3093  3145 E eglCodecCommon: glUtilsParamSize: unknow param 0x000085b5
12-11 19:05:10.692  3093  3145 E eglCodecCommon: glUtilsParamSize: unknow param 0x000085b5
12-11 19:05:10.768  3093  3145 E eglCodecCommon: glUtilsParamSize: unknow param 0x000085b5
12-11 19:05:10.859  3093  3145 E eglCodecCommon: glUtilsParamSize: unknow param 0x000085b5
12-11 19:05:10.948  3093  3145 E eglCodecCommon: glUtilsParamSize: unknow param 0x000085b5
12-11 19:05:11.055  3093  3145 E eglCodecCommon: glUtilsParamSize: unknow param 0x000085b5
12-11 19:05:11.135  3093  3145 E eglCodecCommon: glUtilsParamSize: unknow param 0x000085b5
12-11 19:05:11.215  3093  3145 E eglCodecCommon: glUtilsParamSize: unknow param 0x000085b5
12-11 19:05:11.296  3093  3145 E eglCodecCommon: glUtilsParamSize: unknow param 0x000085b5
12-11 19:05:11.375  3093  3145 E eglCodecCommon: glUtilsParamSize: unknow param 0x000085b5
12-11 19:05:11.425  1719  1719 W InputMethodService: Window size has been changed. This may cause jankiness of resizing window: -1 -> -2
12-11 19:05:11.473  1719  1719 I LatinIME: Starting input. Cursor position = 0,0
12-11 19:05:11.481  3093  3145 E eglCodecCommon: glUtilsParamSize: unknow param 0x000085b5
12-11 19:05:11.566  3093  3145 E eglCodecCommon: glUtilsParamSize: unknow param 0x000085b5
12-11 19:05:11.568  2640  2650 I art     : Background sticky concurrent mark sweep GC freed 40646(2MB) AllocSpace objects, 13(256KB) LOS objects, 19% free, 14MB/17MB, paused 6.992ms total 69.242ms
12-11 19:05:11.658  3093  3145 E eglCodecCommon: glUtilsParamSize: unknow param 0x000085b5
12-11 19:05:11.745  3093  3145 E eglCodecCommon: glUtilsParamSize: unknow param 0x000085b5
12-11 19:05:11.862  3093  3145 E eglCodecCommon: glUtilsParamSize: unknow param 0x000085b5
12-11 19:05:12.047  3093  3145 E eglCodecCommon: glUtilsParamSize: unknow param 0x000085b5
12-11 19:05:12.134  3093  3145 E eglCodecCommon: glUtilsParamSize: unknow param 0x000085b5
12-11 19:05:12.221  1719  1719 I Choreographer: Skipped 47 frames!  The application may be doing too much work on its main thread.
12-11 19:05:12.233  3093  3145 E eglCodecCommon: glUtilsParamSize: unknow param 0x000085b5
12-11 19:05:12.418  1719  3460 D EGL_emulation: eglMakeCurrent: 0x8f67e020: ver 3 0 (tinfo 0x9d969f20)
12-11 19:05:12.511  3093  3145 E eglCodecCommon: glUtilsParamSize: unknow param 0x000085b5
12-11 19:05:12.648  3093  3145 E eglCodecCommon: glUtilsParamSize: unknow param 0x000085b5
12-11 19:05:12.793  3093  3145 E eglCodecCommon: glUtilsParamSize: unknow param 0x000085b5
12-11 19:05:12.888  3093  3145 E eglCodecCommon: glUtilsParamSize: unknow param 0x000085b5
12-11 19:05:12.976  3093  3145 E eglCodecCommon: glUtilsParamSize: unknow param 0x000085b5
12-11 19:05:13.500  3093  3145 E eglCodecCommon: glUtilsParamSize: unknow param 0x000085b5
12-11 19:05:13.987  3093  3145 E eglCodecCommon: glUtilsParamSize: unknow param 0x000085b5
12-11 19:05:14.488  3093  3145 E eglCodecCommon: glUtilsParamSize: unknow param 0x000085b5
12-11 19:05:15.082  3093  3145 E eglCodecCommon: glUtilsParamSize: unknow param 0x000085b5
12-11 19:05:15.516  3093  3145 E eglCodecCommon: glUtilsParamSize: unknow param 0x000085b5
12-11 19:05:15.838  3093  3145 E eglCodecCommon: glUtilsParamSize: unknow param 0x000085b5
12-11 19:05:15.959  6237  6237 D MonkeyStub: translateCommand: type T35t1ng1234
12-11 19:05:15.985  3093  3145 E eglCodecCommon: glUtilsParamSize: unknow param 0x000085b5
12-11 19:05:16.189  3093  3145 E eglCodecCommon: glUtilsParamSize: unknow param 0x000085b5
12-11 19:05:16.272  3093  3145 E eglCodecCommon: glUtilsParamSize: unknow param 0x000085b5
12-11 19:05:16.646  2143  2280 W GmsLocationProvider: Error removing location updates: 16
12-11 19:05:16.721  3093  3145 E eglCodecCommon: glUtilsParamSize: unknow param 0x000085b5
12-11 19:05:17.224  3093  3145 E eglCodecCommon: glUtilsParamSize: unknow param 0x000085b5
12-11 19:05:17.721  3093  3145 E eglCodecCommon: glUtilsParamSize: unknow param 0x000085b5
12-11 19:05:18.223  3093  3145 E eglCodecCommon: glUtilsParamSize: unknow param 0x000085b5
12-11 19:05:18.712  3093  3145 E eglCodecCommon: glUtilsParamSize: unknow param 0x000085b5
12-11 19:05:19.205  3093  3145 E eglCodecCommon: glUtilsParamSize: unknow param 0x000085b5
12-11 19:05:19.766  3093  3145 E eglCodecCommon: glUtilsParamSize: unknow param 0x000085b5
12-11 19:05:19.967  6237  6237 D MonkeyStub: translateCommand: tap 901 1003
12-11 19:05:20.043  3093  3443 W IInputConnectionWrapper: finishComposingText on inactive InputConnection
12-11 19:05:20.046  1719  1719 W InputMethodService: Window size has been changed. This may cause jankiness of resizing window: -1 -> -2
12-11 19:05:20.056  1719  3460 D EGL_emulation: eglMakeCurrent: 0x8f67e020: ver 3 0 (tinfo 0x9d969f20)
12-11 19:05:20.177  3093  3145 E eglCodecCommon: glUtilsParamSize: unknow param 0x000085b5
12-11 19:05:20.356  3093  3145 E eglCodecCommon: glUtilsParamSize: unknow param 0x000085b5
12-11 19:05:20.447  3093  3145 E eglCodecCommon: glUtilsParamSize: unknow param 0x000085b5
12-11 19:05:20.548  3093  3145 E eglCodecCommon: glUtilsParamSize: unknow param 0x000085b5
12-11 19:05:20.642  3093  3145 E eglCodecCommon: glUtilsParamSize: unknow param 0x000085b5
12-11 19:05:20.753  3093  3145 E eglCodecCommon: glUtilsParamSize: unknow param 0x000085b5
12-11 19:05:20.838  3093  3145 E eglCodecCommon: glUtilsParamSize: unknow param 0x000085b5
12-11 19:05:20.920  3093  3145 E eglCodecCommon: glUtilsParamSize: unknow param 0x000085b5
12-11 19:05:21.007  3093  3145 E eglCodecCommon: glUtilsParamSize: unknow param 0x000085b5
12-11 19:05:21.085  3093  3145 E eglCodecCommon: glUtilsParamSize: unknow param 0x000085b5
12-11 19:05:21.178  3093  3145 E eglCodecCommon: glUtilsParamSize: unknow param 0x000085b5
12-11 19:05:21.259  3093  3145 E eglCodecCommon: glUtilsParamSize: unknow param 0x000085b5
12-11 19:05:21.344  3093  3145 E eglCodecCommon: glUtilsParamSize: unknow param 0x000085b5
12-11 19:05:21.422  3093  3145 E eglCodecCommon: glUtilsParamSize: unknow param 0x000085b5
12-11 19:05:21.500  3093  3145 E eglCodecCommon: glUtilsParamSize: unknow param 0x000085b5
12-11 19:05:21.585  3093  3145 E eglCodecCommon: glUtilsParamSize: unknow param 0x000085b5
12-11 19:05:21.676  3093  3145 E eglCodecCommon: glUtilsParamSize: unknow param 0x000085b5
12-11 19:05:21.753  3093  3145 E eglCodecCommon: glUtilsParamSize: unknow param 0x000085b5
12-11 19:05:21.830  3093  3145 E eglCodecCommon: glUtilsParamSize: unknow param 0x000085b5
12-11 19:05:22.983  6237  6237 D MonkeyStub: translateCommand: tap 946 1680
12-11 19:05:23.108  3093  3145 E eglCodecCommon: glUtilsParamSize: unknow param 0x000085b5
12-11 19:05:23.201  3093  3145 E eglCodecCommon: glUtilsParamSize: unknow param 0x000085b5
12-11 19:05:23.288  3093  3145 E eglCodecCommon: glUtilsParamSize: unknow param 0x000085b5
12-11 19:05:23.380  3093  3145 E eglCodecCommon: glUtilsParamSize: unknow param 0x000085b5
12-11 19:05:23.474  3093  3145 E eglCodecCommon: glUtilsParamSize: unknow param 0x000085b5
12-11 19:05:23.522  3093  3093 I Auth    : [BrowserAuthFragment] onPageFinished: Host: accounts.google.com Path: /embedded/setup/v2/android/signinconsent
12-11 19:05:23.530  1653  2528 I ActivityManager: START u0 {flg=0x2000000 cmp=com.google.android.gms/.auth.uiflows.addaccount.AddAccountActivity (has extras)} from uid 10013 on display 0
12-11 19:05:23.566  3093  3145 E eglCodecCommon: glUtilsParamSize: unknow param 0x000085b5
12-11 19:05:23.673  3093  3145 E eglCodecCommon: glUtilsParamSize: unknow param 0x000085b5
12-11 19:05:23.807  3093  3145 E eglCodecCommon: glUtilsParamSize: unknow param 0x000085b5
12-11 19:05:24.269  3093  3145 E eglCodecCommon: glUtilsParamSize: unknow param 0x000085b5
12-11 19:05:24.363  3093  6305 W Auth    : [FrpUnlockTask] FRP not required. Device was not locked.
12-11 19:05:24.430  3093  3145 D EGL_emulation: eglMakeCurrent: 0xad005600: ver 3 0 (tinfo 0xad0038c0)
12-11 19:05:24.505  3093  3145 D EGL_emulation: eglMakeCurrent: 0xad005600: ver 3 0 (tinfo 0xad0038c0)
12-11 19:05:24.545  1653  1673 I ActivityManager: Displayed com.google.android.gms/.auth.uiflows.addaccount.AddAccountActivity: +918ms
12-11 19:05:24.573  3093  3145 E eglCodecCommon: glUtilsParamSize: unknow param 0x000085b5
12-11 19:05:24.662  3093  3145 D EGL_emulation: eglMakeCurrent: 0xad005600: ver 3 0 (tinfo 0xad0038c0)
12-11 19:05:24.748  3093  3145 D EGL_emulation: eglMakeCurrent: 0xad005600: ver 3 0 (tinfo 0xad0038c0)
12-11 19:05:24.825  3093  3145 E eglCodecCommon: glUtilsParamSize: unknow param 0x000085b5
12-11 19:05:24.918  3093  3145 D EGL_emulation: eglMakeCurrent: 0xad005600: ver 3 0 (tinfo 0xad0038c0)
12-11 19:05:25.016  1360  1360 I WVCdm   : CdmEngine::OpenSession
12-11 19:05:25.016  1360  1360 I WVCdm   : Level3 Library 4464 Sep 10 2016 21:49:53
12-11 19:05:25.046  1360  1360 W WVCdm   : Could not load liboemcrypto.so. Falling back to L3.  dlopen failed: library "liboemcrypto.so" not found
12-11 19:05:25.076  1360  1360 I WVCdm   : CdmEngine::QueryKeyControlInfo
12-11 19:05:25.088  1360  4704 I WVCdm   : CdmEngine::GenerateKeyRequest
12-11 19:05:25.088  1360  4704 D WVCdm   : PrepareKeyRequest: nonce=2200844583
12-11 19:05:25.118  3093  3093 W cr_AwContents: WebView.destroy() called while WebView is still attached to window.
12-11 19:05:25.191  3093  3145 E eglCodecCommon: glUtilsParamSize: unknow param 0x000085b5
12-11 19:05:25.243  1360  1386 I WVCdm   : CdmEngine::CloseSession
12-11 19:05:25.261  2064  3060 I Auth    : [ReflectiveChannelBinder] Successfully bound channel!
12-11 19:05:25.277  3093  3145 E eglCodecCommon: glUtilsParamSize: unknow param 0x000085b5
12-11 19:05:25.353  1311  1311 W SurfaceFlinger: couldn't log to binary event log: overflow.
12-11 19:05:25.378  2064  3060 W Conscrypt: Could not set socket write timeout: java.net.SocketException: Socket closed
12-11 19:05:25.378  2064  3060 W Conscrypt: 	at com.google.android.gms.org.conscrypt.Platform.setSocketWriteTimeout(:com.google.android.gms@14799022@14.7.99 (040700-223214910):2)
12-11 19:05:25.378  2064  3060 W Conscrypt: 	at com.google.android.gms.org.conscrypt.ConscryptFileDescriptorSocket.setSoWriteTimeout(:com.google.android.gms@14799022@14.7.99 (040700-223214910):2)
12-11 19:05:25.410  2064  3060 W Conscrypt: Could not set socket write timeout: java.net.SocketException: Socket closed
12-11 19:05:25.411  2064  3060 W Conscrypt: 	at com.google.android.gms.org.conscrypt.Platform.setSocketWriteTimeout(:com.google.android.gms@14799022@14.7.99 (040700-223214910):2)
12-11 19:05:25.413  2064  3060 W Conscrypt: 	at com.google.android.gms.org.conscrypt.ConscryptFileDescriptorSocket.setSoWriteTimeout(:com.google.android.gms@14799022@14.7.99 (040700-223214910):2)
12-11 19:05:25.800  1653  3798 I AccountManagerService: the accounts changed, sending broadcast of android.accounts.LOGIN_ACCOUNTS_CHANGED
12-11 19:05:25.802  2064  2064 I Backup  : [GmsBackupAccountManager] Backup account not found in gmscore.
12-11 19:05:25.829  2064  2064 W ChimeraUtils: Non Chimera context
12-11 19:05:25.833  4986  4986 D MusicLifecycle: com.google.android.music.awareness.AwarenessRouter$2 generated event: Broadcast received with context com.google.android.music.ui.PhoneMusicApplication@29de7d8 and intent Intent { act=android.accounts.LOGIN_ACCOUNTS_CHANGED flg=0x4000010 }
12-11 19:05:25.837  4986  4986 D MusicLifecycle: com.google.android.music.eventlog.MusicEventLogger$1 generated event: Broadcast received with context com.google.android.music.ui.PhoneMusicApplication@29de7d8 and intent Intent { act=android.accounts.LOGIN_ACCOUNTS_CHANGED flg=0x4000010 }
12-11 19:05:25.872  2481  2521 I ContactsProvider: Accounts changed
12-11 19:05:25.903  1653  1663 I AccountManagerService: the accounts changed, sending broadcast of android.accounts.LOGIN_ACCOUNTS_CHANGED
12-11 19:05:25.913  2064  2064 I Backup  : [GmsBackupAccountManager] Backup account not found in gmscore.
12-11 19:05:25.940  2064  2064 W ChimeraUtils: Non Chimera context
12-11 19:05:25.950  4986  4986 D MusicLifecycle: com.google.android.music.AccountsBroadcastReceiver generated event: Broadcast received with context android.app.ReceiverRestrictedContext@ee5fecc and intent Intent { act=android.accounts.LOGIN_ACCOUNTS_CHANGED flg=0x4000010 cmp=com.google.android.music/.AccountsBroadcastReceiver }
12-11 19:05:25.950  4986  4986 D MusicLifecycle: com.google.android.music.awareness.AwarenessRouter$2 generated event: Broadcast received with context com.google.android.music.ui.PhoneMusicApplication@29de7d8 and intent Intent { act=android.accounts.LOGIN_ACCOUNTS_CHANGED flg=0x4000010 }
12-11 19:05:25.951  4986  4986 D MusicLifecycle: com.google.android.music.eventlog.MusicEventLogger$1 generated event: Broadcast received with context com.google.android.music.ui.PhoneMusicApplication@29de7d8 and intent Intent { act=android.accounts.LOGIN_ACCOUNTS_CHANGED flg=0x4000010 }
12-11 19:05:25.954  4986  5004 I SignupStatusTask: Starting 'com.google.android.music.sync.google.MusicGcmTaskService
12-11 19:05:25.987  4986  5016 D AwarenessRouter: 0 new fences
12-11 19:05:26.023  4986  5016 D AwarenessRouter: 0 fences already registered
12-11 19:05:26.098  2640  6267 I Icing   : updateResources: need to parse aape{com.google.android.gms}
12-11 19:05:26.106  2481  2521 I ContactsProvider: Accounts changed
12-11 19:05:26.110  6321  6321 W art     : Unexpected CPU variant for X86 using defaults: x86
12-11 19:05:26.112  1653  2530 I ActivityManager: Start proc 6321:com.android.vending/u0a21 for broadcast com.android.vending/com.google.android.finsky.accounts.impl.AccountsChangedReceiver
12-11 19:05:26.117  4986  5016 D AwarenessRouter: Successfully removed 0 context fences
12-11 19:05:26.196  4986  5016 D AwarenessRouter: 0 new fences
12-11 19:05:26.212  4986  5016 D AwarenessRouter: 0 fences already registered
12-11 19:05:26.262  2064  3060 I Auth    : [BroadcastManager] Broadcasting account services changed.
12-11 19:05:26.286  3093  6311 I Auth    : [AddAccountTask] DmStatus=null
12-11 19:05:26.328  3093  6311 I Auth    : [AddAccountTask] Added account successfully.
12-11 19:05:26.333  3093  3093 I Auth    : [AddAccountTask] Delivering result.
12-11 19:05:26.333  3093  3093 I Auth    : [AddAccountLoader] Got result: status=0unicorn=false
12-11 19:05:26.334  3093  3093 I Auth    : [AddAccount,IntentResolveHelper] Found activity to handle action com.google.android.gms.auth.addaccount.POST_ADD_ACCOUNT
12-11 19:05:26.336  1653  1663 I ActivityManager: START u0 {flg=0x2000000 cmp=com.google.android.gms/.auth.uiflows.addaccount.WrapperControlledActivity (has extras)} from uid 10013 on display 0
12-11 19:05:26.436  1653  1891 I ActivityManager: START u0 {act=com.google.android.gms.auth.addaccount.POST_ADD_ACCOUNT cmp=com.google.android.gms/.setupservices.GoogleServicesActivity (has extras)} from uid 10013 on display 0
12-11 19:05:26.600  4986  5016 D AwarenessRouter: Successfully removed 0 context fences
12-11 19:05:26.755  3093  3145 D EGL_emulation: eglMakeCurrent: 0xad005600: ver 3 0 (tinfo 0xad0038c0)
12-11 19:05:26.763  6321  6339 D StrictMode: StrictMode policy violation: android.os.StrictMode$StrictModeDiskReadViolation: policy=65567 violation=2
12-11 19:05:26.763  6321  6339 D StrictMode: 	at android.os.StrictMode$AndroidBlockGuardPolicy.onReadFromDisk(StrictMode.java:1293)
12-11 19:05:26.763  6321  6339 D StrictMode: 	at java.io.UnixFileSystem.checkAccess(UnixFileSystem.java:249)
12-11 19:05:26.763  6321  6339 D StrictMode: 	at java.io.File.exists(File.java:780)
12-11 19:05:26.763  6321  6339 D StrictMode: 	at android.app.ContextImpl.getDataDir(ContextImpl.java:1938)
12-11 19:05:26.763  6321  6339 D StrictMode: 	at android.app.ContextImpl.getPreferencesDir(ContextImpl.java:466)
12-11 19:05:26.763  6321  6339 D StrictMode: 	at android.app.ContextImpl.getSharedPreferencesPath(ContextImpl.java:627)
12-11 19:05:26.763  6321  6339 D StrictMode: 	at android.app.ContextImpl.getSharedPreferences(ContextImpl.java:345)
12-11 19:05:26.763  6321  6339 D StrictMode: 	at android.content.ContextWrapper.getSharedPreferences(ContextWrapper.java:164)
12-11 19:05:26.763  6321  6339 D StrictMode: 	at com.google.android.finsky.ah.f.a(SourceFile:4)
12-11 19:05:26.763  6321  6339 D StrictMode: 	at com.google.android.finsky.ah.q.a(SourceFile:5)
12-11 19:05:26.763  6321  6339 D StrictMode: 	at com.google.android.finsky.du.a.d.<init>(SourceFile:4)
12-11 19:05:26.763  6321  6339 D StrictMode: 	at com.google.android.finsky.du.a.a.d.<init>(SourceFile:1)
12-11 19:05:26.763  6321  6339 D StrictMode: 	at com.google.android.finsky.application.impl.c.K(SourceFile:1171)
12-11 19:05:26.763  6321  6339 D StrictMode: 	at com.google.android.finsky.application.a.be.a(SourceFile:5)
12-11 19:05:26.763  6321  6339 D StrictMode: 	at b.a.c.a(SourceFile:9)
12-11 19:05:26.763  6321  6339 D StrictMode: 	at com.google.android.finsky.volley.a.j.a(SourceFile:21)
12-11 19:05:26.763  6321  6339 D StrictMode: 	at b.a.c.a(SourceFile:9)
12-11 19:05:26.763  6321  6339 D StrictMode: 	at com.google.android.finsky.a.at(SourceFile:28)
12-11 19:05:26.763  6321  6339 D StrictMode: 	at com.google.android.finsky.application.impl.c.T(SourceFile:1451)
12-11 19:05:26.763  6321  6339 D StrictMode: 	at com.google.android.finsky.application.impl.c.E(SourceFile:783)
12-11 19:05:26.763  6321  6339 D StrictMode: 	at com.google.android.finsky.application.impl.c.g(SourceFile:1233)
12-11 19:05:26.763  6321  6339 D StrictMode: 	at com.google.android.finsky.application.impl.c.c(SourceFile:1224)
