12-11 19:05:39.866  6321  6321 W Settings: Setting download_manager_max_bytes_over_mobile has moved from android.provider.Settings.Secure to android.provider.Settings.Global.
12-11 19:05:39.918  6321  6321 I Finsky  : [1] com.google.android.finsky.instantapps.statussync.StatusSyncService.a(2): Enqueue status sync job.
12-11 19:05:39.922  2143  2440 I cr_CronetUrlRequestContext: destroyNativeStreamLocked org.chromium.net.impl.CronetBidirectionalStream@596aa16
12-11 19:05:39.930  6643  6643 W art     : Unexpected CPU variant for X86 using defaults: x86
12-11 19:05:39.940  1653  1873 I ActivityManager: Start proc 6643:com.android.vending:instant_app_installer/u0a21 for service com.android.vending/com.google.android.finsky.instantapps.statussync.StatusSyncService
12-11 19:05:39.961  2143  5094 I OptInChecker: Sidekick thinks 1 is Eligible = true
12-11 19:05:39.961  2143  5094 I OptInChecker: Sidekick thinks 2 is Eligible = true
12-11 19:05:39.961  2143  5094 I OptInChecker: Sidekick thinks 4 is Eligible = true
12-11 19:05:39.961  2143  5094 I OptInChecker: Sidekick thinks 5 is Eligible = true
12-11 19:05:39.961  2143  5094 I OptInChecker: Sidekick thinks 6 is Eligible = true
12-11 19:05:39.961  2143  5094 I OptInChecker: Sidekick thinks 7 is Eligible = true
12-11 19:05:39.961  2143  5094 I OptInChecker: Sidekick thinks 8 is Eligible = true
12-11 19:05:39.962  2143  5094 I OptInChecker: Sidekick thinks 9 is Eligible = true
12-11 19:05:39.962  2143  5094 I OptInChecker: Sidekick thinks 11 is Eligible = true
12-11 19:05:39.962  2143  5094 I OptInChecker: Sidekick thinks 12 is Eligible = true
12-11 19:05:39.962  2143  5094 I OptInChecker: UDC thinks - Setting = WEB_HISTORY, Eligibility = ELIGIBLE
12-11 19:05:39.962  2143  5094 I OptInChecker: Using UDC cache for Setting: WEB_HISTORY
12-11 19:05:39.962  2143  5094 I OptInChecker: UDC Setting = WEB_HISTORY, optedIn = true
12-11 19:05:39.993  6321  6321 I Finsky  : [1] com.google.android.finsky.scheduler.bm.b(8): jobFinished: 1-1337. TimeElapsed: 11850ms
12-11 19:05:39.993  6237  6237 D MonkeyStub: translateCommand: tap 65 132
12-11 19:05:40.021  1354  1377 W audio_hw_generic: Not supplying enough data to HAL, expected position 27151380 , only wrote 27151200
12-11 19:05:40.048  2143  2280 E PeopleStore: Successfully saved last synced timestamp: 1544576739932
12-11 19:05:40.150  2640  6662 W FSA2_ContactsSyncAdapter: @onPerformSync Sync started
12-11 19:05:40.198  2640  6480 I Icing   : Usage reports ok 2, Failed Usage reports 0, indexed 0, rejected 0, imm upload true
12-11 19:05:40.211  2640  6630 I PeopleContactsSync: CP2 cleanup done, kept= duration=296 ms
12-11 19:05:40.278  2064  2076 I art     : Background sticky concurrent mark sweep GC freed 12970(871KB) AllocSpace objects, 5(88KB) LOS objects, 6% free, 13MB/14MB, paused 14.025ms total 63.253ms
12-11 19:05:40.312  6321  6321 I Finsky  : [1] com.google.android.finsky.scheduler.ag.a(139): Job 1-1337 finished
12-11 19:05:40.362  6321  6321 I Finsky  : [1] com.google.android.finsky.scheduler.ag.a(105): RunningQueue size: 0, PendingQueue size: 0
12-11 19:05:40.362  6321  6321 I Finsky  : [1] com.google.android.finsky.scheduler.al.handleMessage(42): Executor finished
12-11 19:05:40.395  2143  2143 I BgTaskExecutorImpl: Starting EXCLUSIVE background task CLEAR_TRAINING_DATA.
12-11 19:05:40.469  2143  2310 W SearchServiceCore: Abort, client detached.
12-11 19:05:40.474  2143  2310 W SearchServiceCore: Abort, client detached.
12-11 19:05:40.474  2143  2310 W SearchServiceCore: Abort, client detached.
12-11 19:05:40.542  2064  2076 I art     : Background partial concurrent mark sweep GC freed 60832(3MB) AllocSpace objects, 10(624KB) LOS objects, 27% free, 10MB/14MB, paused 1.853ms total 109.376ms
12-11 19:05:40.627  2064  3186 I Auth    : [ReflectiveChannelBinder] Successfully bound channel!
12-11 19:05:40.658  2640  6662 W ChimeraUtils: Non Chimera context
12-11 19:05:40.662  6321  6355 I Finsky  : [298] com.google.android.finsky.hygiene.r.a(15): device Information privacy flag is unchecked
12-11 19:05:40.805  6321  6321 I Finsky  : [1] com.google.android.finsky.scheduler.JobSchedulerEngine.a(19): Scheduling immediate wakeup job with id: 9000
12-11 19:05:40.815  6321  6321 I Finsky  : [1] com.google.android.finsky.scheduler.JobSchedulerEngine.a(109): Cancelling existing job with id: 9000
12-11 19:05:40.819  6321  6321 I Finsky  : [1] com.google.android.finsky.scheduler.JobSchedulerEngine.a(19): Scheduling immediate wakeup job with id: 9000
12-11 19:05:40.840  6321  6321 I Finsky  : [1] com.google.android.finsky.scheduler.JobSchedulerEngine.a(109): Cancelling existing job with id: 9000
12-11 19:05:40.844  6321  6321 I Finsky  : [1] com.google.android.finsky.scheduler.JobSchedulerEngine.a(19): Scheduling immediate wakeup job with id: 9000
12-11 19:05:40.865  2640  6662 W FSA2_ContactsSyncAdapter: Done initializing new account, sync neither attempted nor performed
12-11 19:05:40.865  2640  6662 W FSA2_ContactsSyncAdapter: @onPerformSync Sync is not required and hence skipped.
12-11 19:05:40.919  2064  3186 W Conscrypt: Could not set socket write timeout: java.net.SocketException: Socket closed
12-11 19:05:40.919  2064  3186 W Conscrypt: 	at com.google.android.gms.org.conscrypt.Platform.setSocketWriteTimeout(:com.google.android.gms@14799022@14.7.99 (040700-223214910):2)
12-11 19:05:40.919  2064  3186 W Conscrypt: 	at com.google.android.gms.org.conscrypt.ConscryptFileDescriptorSocket.setSoWriteTimeout(:com.google.android.gms@14799022@14.7.99 (040700-223214910):2)
12-11 19:05:40.944  2064  3186 W Conscrypt: Could not set socket write timeout: java.net.SocketException: Socket closed
12-11 19:05:40.944  2064  3186 W Conscrypt: 	at com.google.android.gms.org.conscrypt.Platform.setSocketWriteTimeout(:com.google.android.gms@14799022@14.7.99 (040700-223214910):2)
12-11 19:05:40.963  1653  1665 W JobInfo : Specified flex for 100186 is +57m36s0ms. Clamped to +1h12m0s0ms
12-11 19:05:40.984  2064  3186 W Conscrypt: 	at com.google.android.gms.org.conscrypt.ConscryptFileDescriptorSocket.setSoWriteTimeout(:com.google.android.gms@14799022@14.7.99 (040700-223214910):2)
12-11 19:05:40.998  4986  4986 D MusicLifecycle: com.google.android.music.sync.SyncAdapterService generated event: Service created
12-11 19:05:41.113  6321  6321 I Finsky  : [1] com.google.android.finsky.scheduler.JobSchedulerEngine.a(109): Cancelling existing job with id: 9000
12-11 19:05:41.111  6643  6678 I Finsky:instant_app_inst: [308] com.google.android.finsky.instantapps.statussync.StatusSyncService.a(7): Running status sync job.
12-11 19:05:41.119  6321  6321 I Finsky  : [1] com.google.android.finsky.scheduler.JobSchedulerEngine.a(19): Scheduling immediate wakeup job with id: 9000
12-11 19:05:41.179  6321  6321 I Finsky  : [1] com.google.android.finsky.scheduler.JobSchedulerEngine$PhoneskyJobSchedulerJobService.onStartJob(8): onJobSchedulerWakeup with jobId 9000
12-11 19:05:41.191  6321  6321 I Finsky  : [1] com.google.android.finsky.scheduler.ad.a(41): Scheduling fallback in 43199989 (absolute: 44540395)
12-11 19:05:41.194  6321  6321 I Finsky  : [1] com.google.android.finsky.scheduler.ad.a(41): Scheduling fallback in 64799998 (absolute: 66140407)
12-11 19:05:41.245  6321  6321 I Finsky  : [1] com.google.android.finsky.scheduler.al.handleMessage(16): DeviceState: DeviceState{currentTime=1544576741204, isCharging=true, isIdle=false, netAny=true, netNotRoaming=true, netUnmetered=true}
12-11 19:05:41.402  6321  6321 I Finsky  : [1] com.google.android.finsky.scheduler.bp.b(88): Jobs in database: 1-1337 10-11 10-17 10-26 10-39 10-40 10-48 12-1 16-16161616 19-9999 24-77777777 26-1414141414 
12-11 19:05:41.402  6321  6321 I Finsky  : [1] com.google.android.finsky.scheduler.cr.run(4): JobExecutor already running, not rescheduling
12-11 19:05:41.453  6321  6376 I Finsky  : [319] com.google.android.finsky.scheduler.bp.b(88): Jobs in database: 1-1337 10-11 10-17 10-26 10-39 10-40 10-48 12-1 16-16161616 19-9999 24-77777777 26-1414141414 
12-11 19:05:41.480  2143  6076 I OpaEligibilityChecker: send OpaEligibilityChange broadcast to CommonBroadcastReceiver
12-11 19:05:41.486  2143  6076 I ModelDownloadListener: Schdedule model download
12-11 19:05:41.495  6321  6321 I Finsky  : [1] com.google.android.finsky.scheduler.ag.a(59): Running job: 16-16161616
12-11 19:05:41.496  6321  6321 I Finsky  : [1] com.google.android.finsky.scheduler.ag.a(59): Running job: 10-11
12-11 19:05:41.500  6321  6321 W Finsky  : [1] com.google.android.finsky.hygiene.HygieneJob.a(7): Failed to find the Hygiene logging context. Creating a new one.
12-11 19:05:41.503  6321  6321 I Finsky  : [1] com.google.android.finsky.scheduler.ag.a(59): Running job: 10-17
12-11 19:05:41.508  6321  6321 W Finsky  : [1] com.google.android.finsky.hygiene.HygieneJob.a(7): Failed to find the Hygiene logging context. Creating a new one.
12-11 19:05:41.510  6321  6321 I Finsky  : [1] com.google.android.finsky.scheduler.ag.a(59): Running job: 10-26
12-11 19:05:41.511  6321  6321 W Finsky  : [1] com.google.android.finsky.hygiene.HygieneJob.a(7): Failed to find the Hygiene logging context. Creating a new one.
12-11 19:05:41.513  6321  6321 I Finsky  : [1] com.google.android.finsky.scheduler.ag.a(105): RunningQueue size: 4, PendingQueue size: 3
12-11 19:05:41.513  6321  6321 I Finsky  : [1] com.google.android.finsky.scheduler.ag.a(116): Running queue: 16-16161616 10-11 10-17 10-26 
12-11 19:05:41.508  6321  6684 I Finsky  : [347] com.google.android.finsky.splitinstallservice.SplitInstallCleanerHygieneJob.a(6): Running split install cleaner
12-11 19:05:41.518  6321  6686 I Finsky  : [349] com.google.android.finsky.wear.WearSupportHygieneJob.a(6): Starting routine hygiene for Wear
12-11 19:05:41.522  6321  6321 I Finsky  : [1] com.google.android.finsky.wear.cx.run(6): Starting WearSupport for Hygiene.
12-11 19:05:41.524  6321  6321 I Finsky  : [1] com.google.android.finsky.wear.ad.a(13): Connecting to wearable
12-11 19:05:41.534  2064  2064 I Wear_Controller: Wear requires a companion app to be installed.
12-11 19:05:41.534  2064  2064 I WearableService: onCreate: Wearable Services not starting. Wear is not available on this device.
12-11 19:05:41.539  2064  3060 W WearableService: onGetService: Wear is not available on this device.
12-11 19:05:41.544  6321  6321 E Finsky  : [1] com.google.android.finsky.wear.ae.a(3): onConnectionFailed: ConnectionResult{statusCode=API_UNAVAILABLE, resolution=null, message=null}
12-11 19:05:41.545  6321  6321 W Finsky  : [1] com.google.android.finsky.wear.cz.run(4): Dropping command=hygiene due to Gms not connected
12-11 19:05:41.546  6321  6321 I Finsky  : [1] com.google.android.finsky.wear.dm.run(2): Releasing resource for wear routine hygiene.
12-11 19:05:41.546  6321  6321 I Finsky  : [1] com.google.android.finsky.wear.da.a(2): Stopping WearSupport for Hygiene.
12-11 19:05:41.548  6321  6683 I Finsky  : [346] com.google.android.finsky.flushlogs.f.a(9): Flushing event logs for [FoArGjMcljfV1ylbpRMR5Z1m4yQ]
12-11 19:05:41.549  6321  6397 I PlayCommon: [325] com.google.android.play.b.g.d(228): Preparing logs for uploading
12-11 19:05:41.550  6321  6686 I Finsky  : [349] com.google.android.finsky.scheduler.bm.b(8): jobFinished: 10-17. TimeElapsed: 47ms
12-11 19:05:41.550  6321  6686 I Finsky  : [349] com.google.android.finsky.scheduler.bm.b(8): jobFinished: 10-26. TimeElapsed: 40ms
12-11 19:05:41.551  6321  6321 I Finsky  : [1] com.google.android.finsky.scheduler.ag.a(139): Job 10-17 finished
12-11 19:05:41.551  6321  6321 I Finsky  : [1] com.google.android.finsky.scheduler.ag.a(139): Job 10-26 finished
12-11 19:05:41.553  6321  6321 I Finsky  : [1] com.google.android.finsky.scheduler.ag.a(59): Running job: 10-39
12-11 19:05:41.553  6321  6346 I PlayCommon: [290] com.google.android.play.b.g.d(228): Preparing logs for uploading
12-11 19:05:41.553  6321  6321 W Finsky  : [1] com.google.android.finsky.hygiene.HygieneJob.a(7): Failed to find the Hygiene logging context. Creating a new one.
12-11 19:05:41.557  6321  6321 I Finsky  : [1] com.google.android.finsky.scheduler.ag.a(59): Running job: 10-40
12-11 19:05:41.557  6321  6321 W Finsky  : [1] com.google.android.finsky.hygiene.HygieneJob.a(7): Failed to find the Hygiene logging context. Creating a new one.
12-11 19:05:41.558  6321  6321 I Finsky  : [1] com.google.android.finsky.scheduler.ag.a(105): RunningQueue size: 4, PendingQueue size: 1
12-11 19:05:41.558  6321  6321 I Finsky  : [1] com.google.android.finsky.scheduler.ag.a(116): Running queue: 16-16161616 10-11 10-39 10-40 
12-11 19:05:41.559  6321  6321 I Finsky  : [1] com.google.android.finsky.scheduler.ag.a(117): Running maximum number of jobs: 4
12-11 19:05:41.559  6321  6684 I Finsky  : [347] com.google.android.finsky.splitinstallservice.SplitInstallCleanerHygieneJob.a(20): Removed 0 obsolete sessions.
12-11 19:05:41.561  6321  6684 I Finsky  : [347] com.google.android.finsky.splitinstallservice.SplitInstallCleanerHygieneJob.a(27): Removed 0 corrupted downloaded sessions.
12-11 19:05:41.562  6321  6686 I Finsky  : [349] com.google.android.finsky.installservice.DevTriggeredUpdateHygieneJob.a(5): Running dev-triggered-update hygiene
12-11 19:05:41.562  6321  6686 I Finsky  : [349] com.google.android.finsky.scheduler.bm.b(8): jobFinished: 10-39. TimeElapsed: 9ms
12-11 19:05:41.563  6321  6321 I Finsky  : [1] com.google.android.finsky.scheduler.ag.a(139): Job 10-39 finished
12-11 19:05:41.561  6321  6397 I PlayCommon: [325] com.google.android.play.b.w.a(9): Connecting to server for timestamp: https://play.googleapis.com/play/log/timestamp
12-11 19:05:41.564  6321  6321 I Finsky  : [1] com.google.android.finsky.scheduler.ag.a(59): Running job: 10-48
12-11 19:05:41.564  6321  6321 W Finsky  : [1] com.google.android.finsky.hygiene.HygieneJob.a(7): Failed to find the Hygiene logging context. Creating a new one.
12-11 19:05:41.567  6321  6321 I Finsky  : [1] com.google.android.finsky.scheduler.ag.a(105): RunningQueue size: 4, PendingQueue size: 0
12-11 19:05:41.567  6321  6321 I Finsky  : [1] com.google.android.finsky.scheduler.ag.a(116): Running queue: 16-16161616 10-11 10-40 10-48 
12-11 19:05:41.578  4986  4986 D MusicLifecycle: com.google.android.music.sync.SyncAdapterService generated event: Service destroyed
12-11 19:05:41.584  2143  2143 I BgTaskExecutorImpl: Starting EXCLUSIVE background task UPDATE_HOTWORD_MODELS.
12-11 19:05:41.608  2143  5122 I ModelDownloadController: requestHotwordModelUpdate modelType-OK_HEY_GOOGLE
12-11 19:05:41.608  2143  5122 I ModelDownloadController: We already downloaded model from given location.
12-11 19:05:41.610  2143  2310 W SearchServiceCore: Abort, client detached.
12-11 19:05:41.610  2143  2310 W SearchServiceCore: Abort, client detached.
12-11 19:05:41.610  2143  2310 W SearchServiceCore: Abort, client detached.
12-11 19:05:41.610  2143  2310 W SearchServiceCore: Abort, client detached.
12-11 19:05:41.613  6321  6686 I Finsky  : [349] com.google.android.finsky.scheduler.bm.b(8): jobFinished: 10-40. TimeElapsed: 46ms
12-11 19:05:41.616  6321  6686 I Finsky  : [349] com.google.android.finsky.instantapps.hint.AppPreloadHygieneJob.a(6): Instant App hint preload cleanup triggered from hygiene.
12-11 19:05:41.621  6321  6321 I Finsky  : [1] com.google.android.finsky.scheduler.ag.a(139): Job 10-40 finished
12-11 19:05:41.622  6321  6321 I Finsky  : [1] com.google.android.finsky.scheduler.ag.a(105): RunningQueue size: 3, PendingQueue size: 0
12-11 19:05:41.622  6321  6321 I Finsky  : [1] com.google.android.finsky.scheduler.ag.a(116): Running queue: 16-16161616 10-11 10-48 
12-11 19:05:41.629  6643  6689 I Finsky:instant_app_inst: [311] com.google.android.finsky.instantapps.hint.AppPreloadHygieneService.a(6): AppPreloadHygieneService disabled
12-11 19:05:41.631  6321  6684 I Finsky  : [347] com.google.android.finsky.splitinstallservice.SplitInstallCleanerHygieneJob.a(44): Finished completion of 0 out of 0 sessions. Successful: 0. Failed: 0.
12-11 19:05:41.647  6321  6686 I Finsky  : [349] com.google.android.finsky.scheduler.bm.b(8): jobFinished: 10-48. TimeElapsed: 67ms
12-11 19:05:41.655  6321  6321 I Finsky  : [1] com.google.android.finsky.scheduler.ag.a(139): Job 10-48 finished
12-11 19:05:41.656  6321  6321 I Finsky  : [1] com.google.android.finsky.scheduler.ag.a(105): RunningQueue size: 2, PendingQueue size: 0
12-11 19:05:41.656  6321  6321 I Finsky  : [1] com.google.android.finsky.scheduler.ag.a(116): Running queue: 16-16161616 10-11 
12-11 19:05:41.674  6321  6684 E Finsky  : [347] com.google.android.finsky.splitinstallservice.az.a(3): Can't schedule deferred install. No modules found.
12-11 19:05:41.681  2640  3028 I Icing   : IndexChimeraService.getServiceInterface callingPackage=com.google.android.googlequicksearchbox componentName=agsa_icing_connection serviceId=32
12-11 19:05:41.683  2640  3007 I Icing   : IndexChimeraService.getServiceInterface callingPackage=com.google.android.googlequicksearchbox componentName=agsa_icing_connection serviceId=33
12-11 19:05:41.721  6321  6684 I Finsky  : [347] com.google.android.finsky.scheduler.bm.b(8): jobFinished: 10-11. TimeElapsed: 222ms
12-11 19:05:41.725  6321  6321 I Finsky  : [1] com.google.android.finsky.scheduler.ag.a(139): Job 10-11 finished
12-11 19:05:41.726  6321  6321 I Finsky  : [1] com.google.android.finsky.scheduler.ag.a(105): RunningQueue size: 1, PendingQueue size: 0
12-11 19:05:41.726  6321  6321 I Finsky  : [1] com.google.android.finsky.scheduler.ag.a(116): Running queue: 16-16161616 
12-11 19:05:41.785  2640  6479 I Icing   : Usage reports ok 0, Failed Usage reports 0, indexed 0, rejected 0, imm upload true
12-11 19:05:41.825  2640  6700 W FSA2_ContactsSyncAdapter: @onPerformSync Sync started
12-11 19:05:41.828  2640  6479 I Icing   : Usage reports ok 0, Failed Usage reports 0, indexed 0, rejected 0, imm upload true
12-11 19:05:41.847  2873  2873 W ukj     : Already started: ukj@faa9b7a
12-11 19:05:41.873  6643  6643 D PhenotypeUpdateService: onCreate called
12-11 19:05:41.875  6643  6678 I Finsky:instant_app_inst: [308] com.google.android.finsky.instantapps.statussync.StatusSyncService.a(17): Instant App enabled status=false
12-11 19:05:41.908  2143  2143 I BgTaskExecutorImpl: Starting EXCLUSIVE background task FETCH_OPT_IN_STATUSES.
12-11 19:05:41.936  6643  6689 D PhenotypeUpdateService: Registering with Phenotype
12-11 19:05:41.962  6643  6678 I Finsky:instant_app_inst: [308] com.google.android.finsky.instantapps.statussync.a.a(112): Supervisor not found.
12-11 19:05:41.976  2640  6700 W ChimeraUtils: Non Chimera context
12-11 19:05:41.998  6237  6237 D MonkeyStub: translateCommand: tap 238 132
12-11 19:05:42.049  2143  5121 I FetchOptInStatusTask: Audio History Disabled: Deleting model
12-11 19:05:42.191  6643  6678 I Finsky:instant_app_inst: [308] com.google.android.finsky.instantapps.statussync.StatusSyncService.a(77): EnableInstantAppsBreakdown=# com.google.android.g.a.aa@dcbbeba4
12-11 19:05:42.360  6321  6397 W PlayCommon: [325] com.google.android.play.b.g.a(557): No account for auth token provided
12-11 19:05:42.361  6321  6397 I PlayCommon: [325] com.google.android.play.b.g.a(413): Connecting to server: https://play.googleapis.com/play/log?format=raw&proto_v2=true
12-11 19:05:42.450  6321  6346 I PlayCommon: [290] com.google.android.play.b.g.a(413): Connecting to server: https://play.googleapis.com/play/log?format=raw&proto_v2=true
12-11 19:05:42.452  2143  2310 W SearchServiceCore: Abort, client detached.
12-11 19:05:42.453  2143  2310 W SearchServiceCore: Abort, client detached.
12-11 19:05:42.453  2143  2310 W SearchServiceCore: Abort, client detached.
12-11 19:05:42.453  2143  2310 W SearchServiceCore: Abort, client detached.
12-11 19:05:42.499  2143  2143 I BgTaskExecutorImpl: Starting EXCLUSIVE background task NOW_UPDATE_GCM_REGISTRATION.
12-11 19:05:42.527  2143  2310 W SearchServiceCore: Abort, client detached.
12-11 19:05:42.527  2143  2310 W SearchServiceCore: Abort, client detached.
12-11 19:05:42.527  2143  2310 W SearchServiceCore: Abort, client detached.
12-11 19:05:42.527  2143  2310 W SearchServiceCore: Abort, client detached.
12-11 19:05:42.539  2143  6076 I OptInChecker: Sidekick thinks 1 is Eligible = true
12-11 19:05:42.539  2143  6076 I OptInChecker: Sidekick thinks 2 is Eligible = true
12-11 19:05:42.539  2143  6076 I OptInChecker: Sidekick thinks 4 is Eligible = true
12-11 19:05:42.539  2143  6076 I OptInChecker: Sidekick thinks 5 is Eligible = true
12-11 19:05:42.539  2143  6076 I OptInChecker: Sidekick thinks 6 is Eligible = true
12-11 19:05:42.540  2143  6076 I OptInChecker: Sidekick thinks 7 is Eligible = true
12-11 19:05:42.540  2143  6076 I OptInChecker: Sidekick thinks 8 is Eligible = true
12-11 19:05:42.540  2143  6076 I OptInChecker: Sidekick thinks 9 is Eligible = true
12-11 19:05:42.540  2143  6076 I OptInChecker: Sidekick thinks 11 is Eligible = true
12-11 19:05:42.540  2143  6076 I OptInChecker: Sidekick thinks 12 is Eligible = true
12-11 19:05:42.540  2143  6076 W OptInChecker: Missing cached UDC setting for NOW_CARDS
12-11 19:05:42.540  2143  6076 I OptInChecker: Falling back to non-UDC sources
12-11 19:05:42.540  2143  6076 I OptInChecker: Setting = NOW_CARDS, optedInt = false
12-11 19:05:42.569  2143  5121 I OptInChecker: Sidekick thinks 1 is Eligible = true
12-11 19:05:42.573  2143  5121 I OptInChecker: Sidekick thinks 2 is Eligible = true
12-11 19:05:42.574  2143  5121 I OptInChecker: Sidekick thinks 4 is Eligible = true
12-11 19:05:42.574  2143  5121 I OptInChecker: Sidekick thinks 5 is Eligible = true
12-11 19:05:42.574  2143  5121 I OptInChecker: Sidekick thinks 6 is Eligible = true
12-11 19:05:42.574  2143  5121 I OptInChecker: Sidekick thinks 7 is Eligible = true
12-11 19:05:42.574  2143  5121 I OptInChecker: Sidekick thinks 8 is Eligible = true
12-11 19:05:42.574  2143  5121 I OptInChecker: Sidekick thinks 9 is Eligible = true
12-11 19:05:42.574  2143  5121 I OptInChecker: Sidekick thinks 11 is Eligible = true
12-11 19:05:42.574  2143  5121 I OptInChecker: Sidekick thinks 12 is Eligible = true
12-11 19:05:42.578  2143  5121 I OptInChecker: UDC thinks - Setting = WEB_AND_APP_HISTORY, Eligibility = ELIGIBLE
12-11 19:05:42.584  2143  5121 I OptInChecker: Using UDC cache for Setting: WEB_AND_APP_HISTORY
12-11 19:05:42.584  2143  5121 I OptInChecker: UDC Setting = WEB_AND_APP_HISTORY, optedIn = true
12-11 19:05:42.592  6321  6397 I PlayCommon: [325] com.google.android.play.b.g.a(504): Successfully uploaded logs.
12-11 19:05:42.597  6643  6693 I PlayCommon: [314] com.google.android.play.b.g.d(228): Preparing logs for uploading
12-11 19:05:42.599  2143  2310 W SearchServiceCore: Abort, client detached.
12-11 19:05:42.599  2143  2310 W SearchServiceCore: Abort, client detached.
12-11 19:05:42.599  2143  2310 W SearchServiceCore: Abort, client detached.
12-11 19:05:42.656  6643  6693 I PlayCommon: [314] com.google.android.play.b.w.a(9): Connecting to server for timestamp: https://play.googleapis.com/play/log/timestamp
12-11 19:05:42.664  6643  6693 D NetworkSecurityConfig: No Network Security Config specified, using platform default
12-11 19:05:42.730  6321  6346 I PlayCommon: [290] com.google.android.play.b.g.a(504): Successfully uploaded logs.
12-11 19:05:42.740  6321  6683 I Finsky  : [346] com.google.android.finsky.scheduler.bm.b(8): jobFinished: 16-16161616. TimeElapsed: 1244ms
12-11 19:05:42.740  6321  6321 I Finsky  : [1] com.google.android.finsky.scheduler.ag.a(139): Job 16-16161616 finished
12-11 19:05:42.741  6321  6321 I Finsky  : [1] com.google.android.finsky.scheduler.ag.a(105): RunningQueue size: 0, PendingQueue size: 0
12-11 19:05:42.741  6321  6321 I Finsky  : [1] com.google.android.finsky.scheduler.al.handleMessage(93): Waiting on changed job store
12-11 19:05:42.847  2640  6716 I FSA2_SyncState: @readSyncState: e: 0
12-11 19:05:42.924  2143  2310 W SearchServiceCore: Abort, client detached.
12-11 19:05:42.924  2143  2310 W SearchServiceCore: Abort, client detached.
12-11 19:05:42.932  2143  2310 W SearchServiceCore: Abort, client detached.
12-11 19:05:43.090  6643  6693 W PlayCommon: [314] com.google.android.play.b.g.a(557): No account for auth token provided
12-11 19:05:43.090  6643  6693 I PlayCommon: [314] com.google.android.play.b.g.a(413): Connecting to server: https://play.googleapis.com/play/log?format=raw&proto_v2=true
12-11 19:05:43.261  2873  2873 W ukj     : Already started: ukj@faa9b7a
12-11 19:05:43.312  6643  6693 I PlayCommon: [314] com.google.android.play.b.g.a(504): Successfully uploaded logs.
12-11 19:05:43.317  2064  2077 W GLSUser : [DeviceKeyStore] Cannot load key: Device key file not found.
12-11 19:05:43.338  1360  1386 D WVCdm   : Instantiating CDM.
12-11 19:05:43.338  1360  4704 I WVCdm   : CdmEngine::OpenSession
12-11 19:05:43.338  1360  4704 I WVCdm   : Level3 Library 4464 Sep 10 2016 21:49:53
12-11 19:05:43.340  1360  4704 W WVCdm   : Could not load liboemcrypto.so. Falling back to L3.  dlopen failed: library "liboemcrypto.so" not found
12-11 19:05:43.371  1360  4704 I WVCdm   : CdmEngine::QueryKeyControlInfo
12-11 19:05:43.388  1360  3128 I WVCdm   : CdmEngine::GenerateKeyRequest
12-11 19:05:43.389  1360  3128 D WVCdm   : PrepareKeyRequest: nonce=3628057311
12-11 19:05:43.476  1653  1661 I art     : Background sticky concurrent mark sweep GC freed 21723(1326KB) AllocSpace objects, 27(1028KB) LOS objects, 12% free, 16MB/18MB, paused 6.266ms total 40.611ms
12-11 19:05:43.522  1360  1386 I WVCdm   : CdmEngine::CloseSession
12-11 19:05:43.683  2064  2077 W GLSUser : [AppCertManager] IOException while requesting key: 
12-11 19:05:43.683  2064  2077 W GLSUser : java.io.IOException: Invalid device key response.
12-11 19:05:43.683  2064  2077 W GLSUser : 	at hxx.a(:com.google.android.gms@14799022@14.7.99 (040700-223214910):14)
12-11 19:05:43.683  2064  2077 W GLSUser : 	at hxx.a(:com.google.android.gms@14799022@14.7.99 (040700-223214910):72)
12-11 19:05:43.683  2064  2077 W GLSUser : 	at hxx.a(:com.google.android.gms@14799022@14.7.99 (040700-223214910):27)
12-11 19:05:43.683  2064  2077 W GLSUser : 	at hxv.a(:com.google.android.gms@14799022@14.7.99 (040700-223214910):2)
12-11 19:05:43.683  2064  2077 W GLSUser : 	at hxv.a(:com.google.android.gms@14799022@14.7.99 (040700-223214910):9)
12-11 19:05:43.683  2064  2077 W GLSUser : 	at yfy.a(:com.google.android.gms@14799022@14.7.99 (040700-223214910):5)
12-11 19:05:43.683  2064  2077 W GLSUser : 	at cpz.onTransact(:com.google.android.gms@14799022@14.7.99 (040700-223214910):4)
12-11 19:05:43.683  2064  2077 W GLSUser : 	at android.os.Binder.transact(Binder.java:499)
12-11 19:05:43.683  2064  2077 W GLSUser : 	at dsw.onTransact(:com.google.android.gms@14799022@14.7.99 (040700-223214910):3)
12-11 19:05:43.683  2064  2077 W GLSUser : 	at android.os.Binder.execTransact(Binder.java:565)
12-11 19:05:43.683  2064  2077 W GLSUser : [DeviceKeyStore] Cannot load key: Device key file not found.
12-11 19:05:43.700  6003  6631 I CalendarSyncAdapter: Found no pending settings
12-11 19:05:43.713  2640  6479 W Conscrypt: Could not set socket write timeout: java.net.SocketException: Socket closed
12-11 19:05:43.713  2640  6479 W Conscrypt: 	at com.google.android.gms.org.conscrypt.Platform.setSocketWriteTimeout(:com.google.android.gms@14799022@14.7.99 (040700-223214910):2)
12-11 19:05:43.713  2640  6479 W Conscrypt: 	at com.google.android.gms.org.conscrypt.ConscryptFileDescriptorSocket.setSoWriteTimeout(:com.google.android.gms@14799022@14.7.99 (040700-223214910):2)
12-11 19:05:43.794  2640  6479 W Conscrypt: Could not set socket write timeout: java.net.SocketException: Socket closed
12-11 19:05:43.794  2640  6479 W Conscrypt: 	at com.google.android.gms.org.conscrypt.Platform.setSocketWriteTimeout(:com.google.android.gms@14799022@14.7.99 (040700-223214910):2)
12-11 19:05:43.794  2640  6479 W Conscrypt: 	at com.google.android.gms.org.conscrypt.ConscryptFileDescriptorSocket.setSoWriteTimeout(:com.google.android.gms@14799022@14.7.99 (040700-223214910):2)
12-11 19:05:43.886  1653  1661 W art     : Suspending all threads took: 9.486ms
12-11 19:05:43.891  2873  2878 I art     : Do full code cache collection, code=226KB, data=211KB
12-11 19:05:43.892  2873  2878 I art     : Starting a blocking GC JitCodeCache
12-11 19:05:43.892  2873  2878 I art     : After code cache collection, code=218KB, data=177KB
12-11 19:05:43.899  1653  1661 I art     : Background sticky concurrent mark sweep GC freed 16505(895KB) AllocSpace objects, 23(1008KB) LOS objects, 8% free, 16MB/18MB, paused 10.982ms total 43.589ms
12-11 19:05:43.914  2640  6716 I FSA2_GroupSyncGrpc: Received non-null API-group response
12-11 19:05:43.914  2640  6716 E FSA2_ProtoToPeopleUtil: Unexpected system group {id=2}
12-11 19:05:43.915  2640  6716 W FSA2_GroupSyncGrpc: Skipping unexpected system group {id=2}
12-11 19:05:43.915  2640  6716 E FSA2_ProtoToPeopleUtil: Unexpected system group {id=5}
12-11 19:05:43.932  2640  6716 W FSA2_GroupSyncGrpc: Skipping unexpected system group {id=5}
12-11 19:05:43.932  2640  6716 E FSA2_ProtoToPeopleUtil: Unexpected system group {id=15}
12-11 19:05:43.932  2640  6716 W FSA2_GroupSyncGrpc: Skipping unexpected system group {id=15}
12-11 19:05:44.060  2143  2143 I BgTaskExecutorImpl: Starting EXCLUSIVE background task SMARTSPACE_CALENDAR_REFRESH.
12-11 19:05:44.179  2640  6700 I FSA2_SyncState: @readSyncState: e: 0
12-11 19:05:44.306  6003  6724 W AbstractGoogleClient: Application name is not set. Call Builder#setApplicationName.
12-11 19:05:44.420  2143  2310 W SearchServiceCore: Abort, client detached.
12-11 19:05:44.451  2640  6725 I FSA2_SyncState: @readSyncState: c: "EKiesuGMmd8C"
12-11 19:05:44.451  2640  6725 I FSA2_SyncState: e: 0
12-11 19:05:44.558  2064  2945 W GLSUser : [DeviceKeyStore] Cannot load key: Device key file not found.
12-11 19:05:44.573  2064  2945 W GLSUser : [DeviceKeyStore] Cannot load key: Device key file not found.
12-11 19:05:44.755  2640  6725 I FSA2_ContactSyncGrpc: Received non-null API-contact response
12-11 19:05:44.815  2510  4004 I CalendarProvider2: No events to update: uri=content://com.android.calendar/events?caller_is_syncadapter=true&account_name=ctj784%40gmail.com&account_type=com.google selection=_sync_id IS NOT NULL AND calendar_id=? selectionArgs=[3]
12-11 19:05:44.952  2640  6700 I FSA2_SyncState: @readSyncState: c: "EKiesuGMmd8C"
12-11 19:05:44.952  2640  6700 I FSA2_SyncState: e: 0
12-11 19:05:45.203  2640  6700 W FSA2_ContactsSyncAdapter: @onPerformSync Sync finished successfully
12-11 19:05:45.211  1354  1378 W audio_hw_generic: Not supplying enough data to HAL, expected position 27647351 , only wrote 27400320
12-11 19:05:45.262  2640  6734 W FSA2_ContactsSyncAdapter: @onPerformSync Sync started
12-11 19:05:45.284  2640  6734 W ChimeraUtils: Non Chimera context
12-11 19:05:45.354  2640  6735 I FSA2_SyncState: @readSyncState: a: "MisA1c8QMQAAABIIx-Lj4YyZ3wIQx-Lj4YyZ3wJ2-ZC_k3hmaEwk8YAzBhe5OhRBSURfMzYyMjg1Y2MxYmY0MGY5OA"
12-11 19:05:45.354  2640  6735 I FSA2_SyncState: c: "EKiesuGMmd8C"
12-11 19:05:45.354  2640  6735 I FSA2_SyncState: e: 0
12-11 19:05:45.391  2064  3186 W GLSUser : [DeviceKeyStore] Cannot load key: Device key file not found.
12-11 19:05:45.392  2064  3186 W GLSUser : [DeviceKeyStore] Cannot load key: Device key file not found.
12-11 19:05:45.439  6003  6724 I CalendarSyncAdapter: Found no pending settings
12-11 19:05:45.497  2640  6735 I FSA2_GroupSyncGrpc: Received non-null API-group response
12-11 19:05:45.516  2640  6734 I FSA2_SyncState: @readSyncState: a: "MisA1c8QMQAAABIIx-Lj4YyZ3wIQx-Lj4YyZ3wJ2-ZC_k3hmaEwk8YAzBhe5OhRBSURfMzYyMjg1Y2MxYmY0MGY5OA"
12-11 19:05:45.516  2640  6734 I FSA2_SyncState: c: "EKiesuGMmd8C"
12-11 19:05:45.516  2640  6734 I FSA2_SyncState: e: 0
12-11 19:05:45.717  2640  6739 I FSA2_SyncState: @readSyncState: a: "MisA1c8QMQAAABIIx-Lj4YyZ3wIQx-Lj4YyZ3wJ2-ZC_k3hmaEwk8YAzBhe5OhRBSURfMzYyMjg1Y2MxYmY0MGY5OA"
12-11 19:05:45.717  2640  6739 I FSA2_SyncState: c: "EMDtkuKMmd8C"
12-11 19:05:45.717  2640  6739 I FSA2_SyncState: e: 0
12-11 19:05:45.743  2064  3186 W GLSUser : [DeviceKeyStore] Cannot load key: Device key file not found.
12-11 19:05:45.744  2064  3186 W GLSUser : [DeviceKeyStore] Cannot load key: Device key file not found.
12-11 19:05:45.856  2640  6739 I FSA2_ContactSyncGrpc: Received non-null API-contact response
12-11 19:05:45.865  2640  6734 I FSA2_SyncState: @readSyncState: a: "MisA1c8QMQAAABIIx-Lj4YyZ3wIQx-Lj4YyZ3wJ2-ZC_k3hmaEwk8YAzBhe5OhRBSURfMzYyMjg1Y2MxYmY0MGY5OA"
12-11 19:05:45.865  2640  6734 I FSA2_SyncState: c: "EMDtkuKMmd8C"
12-11 19:05:45.865  2640  6734 I FSA2_SyncState: e: 0
12-11 19:05:45.889  2143  2143 I BgTaskExecutorImpl: Starting EXCLUSIVE background task SMARTSPACE_CALENDAR_REFRESH.
12-11 19:05:45.961  2510  2520 I art     : Background partial concurrent mark sweep GC freed 13720(864KB) AllocSpace objects, 0(0B) LOS objects, 39% free, 4MB/7MB, paused 11.665ms total 22.720ms
12-11 19:05:46.009  6003  6741 W AbstractGoogleClient: Application name is not set. Call Builder#setApplicationName.
12-11 19:05:46.184  2143  2310 W SearchServiceCore: Abort, client detached.
12-11 19:05:46.190  2640  6734 W FSA2_ContactsSyncAdapter: @onPerformSync Sync finished successfully
12-11 19:05:46.407  6321  6376 I Finsky  : [319] com.google.android.finsky.scheduler.bp.b(88): Jobs in database: 1-1337 12-1 19-9999 24-77777777 26-1414141414 
12-11 19:05:46.416  6321  6321 I Finsky  : [1] com.google.android.finsky.scheduler.ag.a(59): Running job: 12-1
12-11 19:05:46.417  6321  6321 I Finsky  : [1] com.google.android.finsky.contentsync.ContentSyncJob.a(32): ContentSyncJob started
12-11 19:05:46.420  6321  6321 I Finsky  : [1] com.google.android.finsky.scheduler.ag.a(105): RunningQueue size: 1, PendingQueue size: 0
12-11 19:05:46.420  6321  6321 I Finsky  : [1] com.google.android.finsky.scheduler.ag.a(116): Running queue: 12-1 
12-11 19:05:46.431  6321  6350 I Finsky  : [294] com.google.android.finsky.m.c.a(21): Completed 0 account content syncs with 0 successful.
12-11 19:05:46.431  6321  6321 I Finsky  : [1] com.google.android.finsky.contentsync.ContentSyncJob.a(30): Installation state replication succeeded.
12-11 19:05:46.432  6321  6321 I Finsky  : [1] com.google.android.finsky.scheduler.bm.b(8): jobFinished: 12-1. TimeElapsed: 15ms
12-11 19:05:46.433  6321  6321 I Finsky  : [1] com.google.android.finsky.scheduler.ag.a(139): Job 12-1 finished
12-11 19:05:46.434  6321  6321 I Finsky  : [1] com.google.android.finsky.scheduler.ag.a(105): RunningQueue size: 0, PendingQueue size: 0
12-11 19:05:46.434  6321  6321 I Finsky  : [1] com.google.android.finsky.scheduler.al.handleMessage(42): Executor finished
12-11 19:05:46.450  6321  6321 I Finsky  : [1] com.google.android.finsky.scheduler.bp.b(88): Jobs in database: 1-1337 19-9999 24-77777777 26-1414141414 
12-11 19:05:46.453  6321  6321 I Finsky  : [1] com.google.android.finsky.scheduler.k.a(69): ConstraintMapping: 24-77777777,  -> L: 0ms, D: 77867963ms, C: false, I: true, N: 0
12-11 19:05:46.459  6321  6321 I Finsky  : [1] com.google.android.finsky.scheduler.k.a(69): ConstraintMapping: 19-9999, 1-1337,  -> L: 8524ms, D: 82954615ms, C: false, I: false, N: 1
12-11 19:05:46.461  6321  6321 I Finsky  : [1] com.google.android.finsky.scheduler.k.a(69): ConstraintMapping: 26-1414141414,  -> L: 36089783ms, D: 36989783ms, C: false, I: false, N: 0
12-11 19:05:46.464  6321  6321 I Finsky  : [1] com.google.android.finsky.scheduler.JobSchedulerEngine.a(66): Throttling wakeup for job 9001 (expected to run in 0 ms) due to recent wakeup
12-11 19:05:46.465  6321  6321 I Finsky  : [1] com.google.android.finsky.scheduler.JobSchedulerEngine.a(48): Scheduling job Id: 9001, L: 30000, D: 77867963, C: false, I: true, N: 0
12-11 19:05:46.467  6321  6321 I Finsky  : [1] com.google.android.finsky.scheduler.JobSchedulerEngine.a(66): Throttling wakeup for job 9002 (expected to run in 8524 ms) due to recent wakeup
12-11 19:05:46.467  6321  6321 I Finsky  : [1] com.google.android.finsky.scheduler.JobSchedulerEngine.a(48): Scheduling job Id: 9002, L: 30000, D: 82954615, C: false, I: false, N: 1
12-11 19:05:46.469  6321  6321 I Finsky  : [1] com.google.android.finsky.scheduler.JobSchedulerEngine.a(48): Scheduling job Id: 9003, L: 36089783, D: 36989783, C: false, I: false, N: 0
12-11 19:05:46.732  6003  6741 I CalendarSyncAdapter: Found no pending settings
12-11 19:05:47.006  6237  6237 D MonkeyStub: translateCommand: tap 1016 147
12-11 19:05:47.038  1354  1377 W audio_hw_generic: Not supplying enough data to HAL, expected position 27400398 , only wrote 27400320
12-11 19:05:47.047  6003  6745 W AbstractGoogleClient: Application name is not set. Call Builder#setApplicationName.
12-11 19:05:47.114  6003  6262 D EGL_emulation: eglMakeCurrent: 0xad005900: ver 3 0 (tinfo 0xad0039d0)
12-11 19:05:47.140  6003  6262 D EGL_emulation: eglMakeCurrent: 0xad005900: ver 3 0 (tinfo 0xad0039d0)
12-11 19:05:47.159  6003  6262 D EGL_emulation: eglMakeCurrent: 0xad005900: ver 3 0 (tinfo 0xad0039d0)
12-11 19:05:47.172  6003  6262 D EGL_emulation: eglMakeCurrent: 0xad005900: ver 3 0 (tinfo 0xad0039d0)
12-11 19:05:47.190  6003  6262 D EGL_emulation: eglMakeCurrent: 0xad005900: ver 3 0 (tinfo 0xad0039d0)
12-11 19:05:47.285  6003  6262 D EGL_emulation: eglMakeCurrent: 0xad005900: ver 3 0 (tinfo 0xad0039d0)
12-11 19:05:47.303  6003  6262 D EGL_emulation: eglMakeCurrent: 0xad005900: ver 3 0 (tinfo 0xad0039d0)
12-11 19:05:47.355  6003  6262 D EGL_emulation: eglMakeCurrent: 0xad005900: ver 3 0 (tinfo 0xad0039d0)
12-11 19:05:47.373  6003  6262 D EGL_emulation: eglMakeCurrent: 0xad005900: ver 3 0 (tinfo 0xad0039d0)
12-11 19:05:47.406  6003  6262 D EGL_emulation: eglMakeCurrent: 0xad005900: ver 3 0 (tinfo 0xad0039d0)
12-11 19:05:47.625  1653  1661 I art     : Background partial concurrent mark sweep GC freed 32709(2MB) AllocSpace objects, 61(2MB) LOS objects, 21% free, 14MB/18MB, paused 7.948ms total 123.440ms
12-11 19:05:47.665  6003  6746 W AbstractGoogleClient: Application name is not set. Call Builder#setApplicationName.
12-11 19:05:47.687  2143  2143 I BgTaskExecutorImpl: Starting EXCLUSIVE background task SMARTSPACE_CALENDAR_REFRESH.
12-11 19:05:47.777  2510  2970 I CalendarProvider2: No events to update: uri=content://com.android.calendar/events?caller_is_syncadapter=true&account_name=ctj784%40gmail.com&account_type=com.google selection=_sync_id IS NOT NULL AND calendar_id=? selectionArgs=[2]
12-11 19:05:48.038  2143  2310 W SearchServiceCore: Abort, client detached.
12-11 19:05:48.739  6003  6262 D EGL_emulation: eglMakeCurrent: 0xad005900: ver 3 0 (tinfo 0xad0039d0)
12-11 19:05:48.763  2143  2143 I BgTaskExecutorImpl: Starting EXCLUSIVE background task SMARTSPACE_CALENDAR_REFRESH.
12-11 19:05:48.788  6003  6262 D EGL_emulation: eglMakeCurrent: 0xad005900: ver 3 0 (tinfo 0xad0039d0)
12-11 19:05:48.808  6003  6262 D EGL_emulation: eglMakeCurrent: 0xad005900: ver 3 0 (tinfo 0xad0039d0)
12-11 19:05:49.010  6237  6237 D MonkeyStub: translateCommand: tap 732 132
12-11 19:05:49.096  1653  1873 W InputMethodManagerService: Window already focused, ignoring focus gain of: com.android.internal.view.IInputMethodClient$Stub$Proxy@9b69c03 attribute=null, token = android.os.BinderProxy@d9523b4
12-11 19:05:49.138  6003  6262 D EGL_emulation: eglMakeCurrent: 0xad005900: ver 3 0 (tinfo 0xad0039d0)
12-11 19:05:49.154  6003  6262 D EGL_emulation: eglMakeCurrent: 0xad005900: ver 3 0 (tinfo 0xad0039d0)
12-11 19:05:49.181  6003  6262 D EGL_emulation: eglMakeCurrent: 0xad005900: ver 3 0 (tinfo 0xad0039d0)
12-11 19:05:49.197  6003  6262 D EGL_emulation: eglMakeCurrent: 0xad005900: ver 3 0 (tinfo 0xad0039d0)
12-11 19:05:49.222  6003  6262 D EGL_emulation: eglMakeCurrent: 0xad005900: ver 3 0 (tinfo 0xad0039d0)
12-11 19:05:49.237  6003  6262 D EGL_emulation: eglMakeCurrent: 0xad005900: ver 3 0 (tinfo 0xad0039d0)
12-11 19:05:49.246  6003  6262 D EGL_emulation: eglMakeCurrent: 0xad005900: ver 3 0 (tinfo 0xad0039d0)
12-11 19:05:49.273  6003  6262 D EGL_emulation: eglMakeCurrent: 0xad005900: ver 3 0 (tinfo 0xad0039d0)
12-11 19:05:49.280  6003  6262 D EGL_emulation: eglMakeCurrent: 0xad005900: ver 3 0 (tinfo 0xad0039d0)
12-11 19:05:49.283  1653  1665 E SyncManager: Job params not found for 108512
12-11 19:05:49.296  6003  6262 D EGL_emulation: eglMakeCurrent: 0xad005900: ver 3 0 (tinfo 0xad0039d0)
12-11 19:05:49.308  6003  6746 I CalendarSyncAdapter: Found no pending settings
12-11 19:05:49.357  6003  6262 D EGL_emulation: eglMakeCurrent: 0xad005900: ver 3 0 (tinfo 0xad0039d0)
12-11 19:05:49.356  2143  2310 W SearchServiceCore: Abort, client detached.
12-11 19:05:49.375  6003  6262 D EGL_emulation: eglMakeCurrent: 0xad005900: ver 3 0 (tinfo 0xad0039d0)
12-11 19:05:49.389  6003  6262 D EGL_emulation: eglMakeCurrent: 0xad005900: ver 3 0 (tinfo 0xad0039d0)
12-11 19:05:49.405  6003  6262 D EGL_emulation: eglMakeCurrent: 0xad005900: ver 3 0 (tinfo 0xad0039d0)
12-11 19:05:49.459  6003  6262 D EGL_emulation: eglMakeCurrent: 0xad005900: ver 3 0 (tinfo 0xad0039d0)
12-11 19:05:49.468  6003  6262 D OpenGLRenderer: endAllActiveAnimators on 0x876df680 (MenuPopupWindow$MenuDropDownListView) with handle 0x8c687a70
12-11 19:05:49.479  6003  6262 D EGL_emulation: eglMakeCurrent: 0xad005900: ver 3 0 (tinfo 0xad0039d0)
12-11 19:05:49.574  6003  6749 W AbstractGoogleClient: Application name is not set. Call Builder#setApplicationName.
12-11 19:05:50.119  2143  2143 I BgTaskExecutorImpl: Starting EXCLUSIVE background task SMARTSPACE_CALENDAR_REFRESH.
12-11 19:05:50.624  6003  6749 I CalendarSyncAdapter: Found no pending settings
12-11 19:05:50.788  1653  1661 I art     : Background sticky concurrent mark sweep GC freed 25610(1497KB) AllocSpace objects, 36(1892KB) LOS objects, 17% free, 14MB/17MB, paused 5.629ms total 38.089ms
12-11 19:05:50.928  1653  1665 E SyncManager: Job params not found for 109639
12-11 19:05:51.030  6003  6751 W AbstractGoogleClient: Application name is not set. Call Builder#setApplicationName.
12-11 19:05:51.233  2481  2491 W art     : Suspending all threads took: 5.537ms
12-11 19:05:51.287  1653  1661 I art     : Background sticky concurrent mark sweep GC freed 17020(950KB) AllocSpace objects, 28(1492KB) LOS objects, 13% free, 15MB/17MB, paused 6.110ms total 58.249ms
12-11 19:05:51.515  6003  6751 I CalendarSyncAdapter: Found no pending settings
12-11 19:05:51.548  1653  1661 I art     : Background partial concurrent mark sweep GC freed 23759(1471KB) AllocSpace objects, 46(2MB) LOS objects, 21% free, 14MB/18MB, paused 2.509ms total 110.916ms
12-11 19:05:51.791  1653  1665 E SyncManager: Job params not found for 103569
12-11 19:05:52.041  6003  6754 W AbstractGoogleClient: Application name is not set. Call Builder#setApplicationName.
12-11 19:05:52.238  2510  2523 I CalendarProvider2: No events to update: uri=content://com.android.calendar/events?caller_is_syncadapter=true&account_name=ctj784%40gmail.com&account_type=com.google selection=_sync_id IS NOT NULL AND calendar_id=? selectionArgs=[1]
12-11 19:05:52.289  1354  1378 W audio_hw_generic: Not supplying enough data to HAL, expected position 27902369 , only wrote 27652320
12-11 19:05:52.344  2143  2143 I BgTaskExecutorImpl: Starting EXCLUSIVE background task SMARTSPACE_CALENDAR_REFRESH.
12-11 19:05:52.805  2510  2520 I art     : Background partial concurrent mark sweep GC freed 12508(749KB) AllocSpace objects, 0(0B) LOS objects, 40% free, 4MB/7MB, paused 9.686ms total 34.009ms
12-11 19:05:53.041  2481  4566 E JavaBinder: *** Uncaught remote exception!  (Exceptions are not yet supported across processes.)
12-11 19:05:53.041  2481  4566 E JavaBinder: java.lang.IndexOutOfBoundsException
12-11 19:05:53.041  2481  4566 E JavaBinder: 	at android.net.Uri$PathSegments.get(Uri.java:989)
12-11 19:05:53.041  2481  4566 E JavaBinder: 	at android.net.Uri$PathSegments.get(Uri.java:987)
12-11 19:05:53.041  2481  4566 E JavaBinder: 	at com.android.providers.contacts.ProfileAwareUriMatcher.mapsToProfile(ProfileAwareUriMatcher.java:126)
12-11 19:05:53.041  2481  4566 E JavaBinder: 	at com.android.providers.contacts.ContactsProvider2.mapsToProfileDb(ContactsProvider2.java:2173)
12-11 19:05:53.041  2481  4566 E JavaBinder: 	at com.android.providers.contacts.ContactsProvider2.query(ContactsProvider2.java:5502)
12-11 19:05:53.041  2481  4566 E JavaBinder: 	at android.content.ContentProvider$Transport.query(ContentProvider.java:239)
12-11 19:05:53.041  2481  4566 E JavaBinder: 	at android.content.ContentProviderNative.onTransact(ContentProviderNative.java:112)
12-11 19:05:53.041  2481  4566 E JavaBinder: 	at android.os.Binder.execTransact(Binder.java:565)
12-11 19:05:53.064  6003  6754 I CalendarSyncAdapter: Found no pending settings
12-11 19:05:53.372  1653  1661 I art     : Background sticky concurrent mark sweep GC freed 23143(1306KB) AllocSpace objects, 34(1508KB) LOS objects, 12% free, 16MB/18MB, paused 5.435ms total 78.710ms
12-11 19:05:53.656  1653  1661 I art     : Background partial concurrent mark sweep GC freed 30079(2MB) AllocSpace objects, 56(2MB) LOS objects, 21% free, 14MB/18MB, paused 3.335ms total 120.829ms
12-11 19:05:53.697  6003  6758 W AbstractGoogleClient: Application name is not set. Call Builder#setApplicationName.
12-11 19:05:53.912  2143  2143 I BgTaskExecutorImpl: Starting EXCLUSIVE background task SMARTSPACE_CALENDAR_REFRESH.
12-11 19:05:54.551  6003  6758 I CalendarSyncAdapter: Found no pending settings
12-11 19:05:54.734  6003  6262 D EGL_emulation: eglMakeCurrent: 0xad005900: ver 3 0 (tinfo 0xad0039d0)
12-11 19:05:54.767  6003  6262 D EGL_emulation: eglMakeCurrent: 0xad005900: ver 3 0 (tinfo 0xad0039d0)
12-11 19:05:54.956  1653  1665 E SyncManager: Job params not found for 103569
12-11 19:05:55.082  6003  6763 W AbstractGoogleClient: Application name is not set. Call Builder#setApplicationName.
12-11 19:05:55.310  2143  2143 I BgTaskExecutorImpl: Starting EXCLUSIVE background task SMARTSPACE_CALENDAR_REFRESH.
12-11 19:05:55.418  6003  6764 W AbstractGoogleClient: Application name is not set. Call Builder#setApplicationName.
12-11 19:05:55.634  6003  6764 I CalendarSyncAdapter: Found no pending settings
12-11 19:05:55.898  6003  6767 W AbstractGoogleClient: Application name is not set. Call Builder#setApplicationName.
12-11 19:05:56.153  6003  6767 I CalendarSyncAdapter: Found no pending settings
12-11 19:05:56.298  6003  6770 W AbstractGoogleClient: Application name is not set. Call Builder#setApplicationName.
12-11 19:05:56.583  2143  2143 I BgTaskExecutorImpl: Starting EXCLUSIVE background task SMARTSPACE_CALENDAR_REFRESH.
12-11 19:05:56.656  1653  1653 W WindowManager: Attempted to remove non-existing token: android.os.Binder@4389343
12-11 19:05:56.695  6003  6771 W AbstractGoogleClient: Application name is not set. Call Builder#setApplicationName.
12-11 19:05:57.222  6003  6771 I CalendarSyncAdapter: Found no pending settings
12-11 19:05:57.379  1653  1665 I ActivityManager: Killing 6153:com.google.android.apps.messaging/u0a67 (adj 906): empty #17
12-11 19:05:57.419  6003  6775 W AbstractGoogleClient: Application name is not set. Call Builder#setApplicationName.
12-11 19:05:57.427  1653  1663 D ActivityManager: cleanUpApplicationRecord -- 6153
12-11 19:05:57.823  2640  3046 I Icing   : IndexChimeraService.getServiceInterface callingPackage=com.google.android.gms componentName=null serviceId=36
12-11 19:05:57.831  6003  6775 I CalendarSyncAdapter: Found no pending settings
12-11 19:05:57.883  2640  6779 I Icing   : Usage reports ok 0, Failed Usage reports 0, indexed 0, rejected 0, imm upload false
12-11 19:05:57.898  2640  3046 I Icing   : IndexChimeraService.getServiceInterface callingPackage=com.google.android.gms componentName=null serviceId=36
12-11 19:05:57.921  2640  3046 I Icing   : IndexChimeraService.getServiceInterface callingPackage=com.google.android.gms componentName=null serviceId=36
12-11 19:05:57.935  2640  6780 I Icing   : Usage reports ok 0, Failed Usage reports 0, indexed 0, rejected 0, imm upload false
12-11 19:05:57.941  6003  6781 W AbstractGoogleClient: Application name is not set. Call Builder#setApplicationName.
12-11 19:05:57.948  2640  3046 I Icing   : IndexChimeraService.getServiceInterface callingPackage=com.google.android.gms componentName=null serviceId=36
12-11 19:05:57.967  2640  6780 I Icing   : Usage reports ok 0, Failed Usage reports 0, indexed 0, rejected 0, imm upload false
12-11 19:05:57.991  2640  6780 I Icing   : Usage reports ok 0, Failed Usage reports 0, indexed 0, rejected 0, imm upload false
12-11 19:05:58.200  2143  2143 I BgTaskExecutorImpl: Starting EXCLUSIVE background task SMARTSPACE_CALENDAR_REFRESH.
12-11 19:05:58.253  6003  6781 I CalendarSyncAdapter: Found no pending settings
12-11 19:05:58.902  2640  6780 I Icing   : Indexing com.google.android.gms-contacts_contact_id from com.google.android.gms
12-11 19:05:58.932  2640  6780 I Icing   : Indexing done com.google.android.gms-contacts_contact_id
