12-11 19:19:36.530  7703  7722 D StrictMode: 	at com.google.android.finsky.application.impl.c.a(SourceFile:1215)
12-11 19:19:36.530  7703  7722 D StrictMode: 	at com.google.android.finsky.application.impl.c.c(SourceFile:1224)
12-11 19:19:36.530  7703  7722 D StrictMode: 	at com.google.android.finsky.application.impl.c.bI(SourceFile:70)
12-11 19:19:36.530  7703  7722 D StrictMode: 	at com.google.android.finsky.application.impl.bq.a_(SourceFile:7)
12-11 19:19:36.530  7703  7722 D StrictMode: 	at b.b.a.f.a(SourceFile:11)
12-11 19:19:36.530  7703  7722 D StrictMode: 	at com.google.common.util.concurrent.s.a(SourceFile:5)
12-11 19:19:36.530  7703  7722 D StrictMode: 	at com.google.common.util.concurrent.r.run(SourceFile:17)
12-11 19:19:36.530  7703  7722 D StrictMode: 	at com.google.common.util.concurrent.bn.run(SourceFile:3)
12-11 19:19:36.530  7703  7722 D StrictMode: 	at com.google.android.apps.gsa.a.f.a.i.run(SourceFile:7)
12-11 19:19:36.530  7703  7722 D StrictMode: 	at java.util.concurrent.ThreadPoolExecutor.runWorker(ThreadPoolExecutor.java:1133)
12-11 19:19:36.530  7703  7722 D StrictMode: 	at java.util.concurrent.ThreadPoolExecutor$Worker.run(ThreadPoolExecutor.java:607)
12-11 19:19:36.530  7703  7722 D StrictMode: 	at com.google.android.finsky.bo.w.run(Unknown Source)
12-11 19:19:36.530  7703  7722 D StrictMode: 	at java.lang.Thread.run(Thread.java:761)
12-11 19:19:36.531  7703  7722 D StrictMode: StrictMode policy violation: android.os.StrictMode$StrictModeDiskReadViolation: policy=65567 violation=2
12-11 19:19:36.531  7703  7722 D StrictMode: 	at android.os.StrictMode$AndroidBlockGuardPolicy.onReadFromDisk(StrictMode.java:1293)
12-11 19:19:36.531  7703  7722 D StrictMode: 	at java.io.UnixFileSystem.checkAccess(UnixFileSystem.java:249)
12-11 19:19:36.531  7703  7722 D StrictMode: 	at java.io.File.exists(File.java:780)
12-11 19:19:36.531  7703  7722 D StrictMode: 	at com.google.android.play.b.r.<init>(SourceFile:23)
12-11 19:19:36.531  7703  7722 D StrictMode: 	at com.google.android.play.b.g.<init>(SourceFile:81)
12-11 19:19:36.531  7703  7722 D StrictMode: 	at com.google.android.play.b.g.<init>(SourceFile:4)
12-11 19:19:36.531  7703  7722 D StrictMode: 	at com.google.android.finsky.analytics.y.<init>(SourceFile:84)
12-11 19:19:36.531  7703  7722 D StrictMode: 	at com.google.android.finsky.application.impl.c.a(SourceFile:1215)
12-11 19:19:36.531  7703  7722 D StrictMode: 	at com.google.android.finsky.application.impl.c.c(SourceFile:1224)
12-11 19:19:36.531  7703  7722 D StrictMode: 	at com.google.android.finsky.application.impl.c.bI(SourceFile:70)
12-11 19:19:36.531  7703  7722 D StrictMode: 	at com.google.android.finsky.application.impl.bq.a_(SourceFile:7)
12-11 19:19:36.531  7703  7722 D StrictMode: 	at b.b.a.f.a(SourceFile:11)
12-11 19:19:36.531  7703  7722 D StrictMode: 	at com.google.common.util.concurrent.s.a(SourceFile:5)
12-11 19:19:36.531  7703  7722 D StrictMode: 	at com.google.common.util.concurrent.r.run(SourceFile:17)
12-11 19:19:36.531  7703  7722 D StrictMode: 	at com.google.common.util.concurrent.bn.run(SourceFile:3)
12-11 19:19:36.531  7703  7722 D StrictMode: 	at com.google.android.apps.gsa.a.f.a.i.run(SourceFile:7)
12-11 19:19:36.531  7703  7722 D StrictMode: 	at java.util.concurrent.ThreadPoolExecutor.runWorker(ThreadPoolExecutor.java:1133)
12-11 19:19:36.531  7703  7722 D StrictMode: 	at java.util.concurrent.ThreadPoolExecutor$Worker.run(ThreadPoolExecutor.java:607)
12-11 19:19:36.531  7703  7722 D StrictMode: 	at com.google.android.finsky.bo.w.run(Unknown Source)
12-11 19:19:36.531  7703  7722 D StrictMode: 	at java.lang.Thread.run(Thread.java:761)
12-11 19:19:36.531  7703  7722 D StrictMode: StrictMode policy violation: android.os.StrictMode$StrictModeDiskReadViolation: policy=65567 violation=2
12-11 19:19:36.531  7703  7722 D StrictMode: 	at android.os.StrictMode$AndroidBlockGuardPolicy.onReadFromDisk(StrictMode.java:1293)
12-11 19:19:36.531  7703  7722 D StrictMode: 	at java.io.UnixFileSystem.checkAccess(UnixFileSystem.java:249)
12-11 19:19:36.531  7703  7722 D StrictMode: 	at java.io.File.exists(File.java:780)
12-11 19:19:36.531  7703  7722 D StrictMode: 	at com.google.android.play.b.r.<init>(SourceFile:34)
12-11 19:19:36.531  7703  7722 D StrictMode: 	at com.google.android.play.b.g.<init>(SourceFile:81)
12-11 19:19:36.531  7703  7722 D StrictMode: 	at com.google.android.play.b.g.<init>(SourceFile:4)
12-11 19:19:36.531  7703  7722 D StrictMode: 	at com.google.android.finsky.analytics.y.<init>(SourceFile:84)
12-11 19:19:36.531  7703  7722 D StrictMode: 	at com.google.android.finsky.application.impl.c.a(SourceFile:1215)
12-11 19:19:36.531  7703  7722 D StrictMode: 	at com.google.android.finsky.application.impl.c.c(SourceFile:1224)
12-11 19:19:36.531  7703  7722 D StrictMode: 	at com.google.android.finsky.application.impl.c.bI(SourceFile:70)
12-11 19:19:36.531  7703  7722 D StrictMode: 	at com.google.android.finsky.application.impl.bq.a_(SourceFile:7)
12-11 19:19:36.531  7703  7722 D StrictMode: 	at b.b.a.f.a(SourceFile:11)
12-11 19:19:36.531  7703  7722 D StrictMode: 	at com.google.common.util.concurrent.s.a(SourceFile:5)
12-11 19:19:36.531  7703  7722 D StrictMode: 	at com.google.common.util.concurrent.r.run(SourceFile:17)
12-11 19:19:36.531  7703  7722 D StrictMode: 	at com.google.common.util.concurrent.bn.run(SourceFile:3)
12-11 19:19:36.531  7703  7722 D StrictMode: 	at com.google.android.apps.gsa.a.f.a.i.run(SourceFile:7)
12-11 19:19:36.531  7703  7722 D StrictMode: 	at java.util.concurrent.ThreadPoolExecutor.runWorker(ThreadPoolExecutor.java:1133)
12-11 19:19:36.531  7703  7722 D StrictMode: 	at java.util.concurrent.ThreadPoolExecutor$Worker.run(ThreadPoolExecutor.java:607)
12-11 19:19:36.531  7703  7722 D StrictMode: 	at com.google.android.finsky.bo.w.run(Unknown Source)
12-11 19:19:36.531  7703  7722 D StrictMode: 	at java.lang.Thread.run(Thread.java:761)
12-11 19:19:36.532  7703  7722 D StrictMode: StrictMode policy violation: android.os.StrictMode$StrictModeDiskReadViolation: policy=65567 violation=2
12-11 19:19:36.532  7703  7722 D StrictMode: 	at android.os.StrictMode$AndroidBlockGuardPolicy.onReadFromDisk(StrictMode.java:1293)
12-11 19:19:36.532  7703  7722 D StrictMode: 	at java.io.UnixFileSystem.list(UnixFileSystem.java:300)
12-11 19:19:36.532  7703  7722 D StrictMode: 	at java.io.File.list(File.java:1059)
12-11 19:19:36.532  7703  7722 D StrictMode: 	at java.io.File.listFiles(File.java:1137)
12-11 19:19:36.532  7703  7722 D StrictMode: 	at com.google.android.play.b.r.<init>(SourceFile:35)
12-11 19:19:36.532  7703  7722 D StrictMode: 	at com.google.android.play.b.g.<init>(SourceFile:81)
12-11 19:19:36.532  7703  7722 D StrictMode: 	at com.google.android.play.b.g.<init>(SourceFile:4)
12-11 19:19:36.532  7703  7722 D StrictMode: 	at com.google.android.finsky.analytics.y.<init>(SourceFile:84)
12-11 19:19:36.532  7703  7722 D StrictMode: 	at com.google.android.finsky.application.impl.c.a(SourceFile:1215)
12-11 19:19:36.532  7703  7722 D StrictMode: 	at com.google.android.finsky.application.impl.c.c(SourceFile:1224)
12-11 19:19:36.532  7703  7722 D StrictMode: 	at com.google.android.finsky.application.impl.c.bI(SourceFile:70)
12-11 19:19:36.532  7703  7722 D StrictMode: 	at com.google.android.finsky.application.impl.bq.a_(SourceFile:7)
12-11 19:19:36.532  7703  7722 D StrictMode: 	at b.b.a.f.a(SourceFile:11)
12-11 19:19:36.532  7703  7722 D StrictMode: 	at com.google.common.util.concurrent.s.a(SourceFile:5)
12-11 19:19:36.532  7703  7722 D StrictMode: 	at com.google.common.util.concurrent.r.run(SourceFile:17)
12-11 19:19:36.532  7703  7722 D StrictMode: 	at com.google.common.util.concurrent.bn.run(SourceFile:3)
12-11 19:19:36.532  7703  7722 D StrictMode: 	at com.google.android.apps.gsa.a.f.a.i.run(SourceFile:7)
12-11 19:19:36.532  7703  7722 D StrictMode: 	at java.util.concurrent.ThreadPoolExecutor.runWorker(ThreadPoolExecutor.java:1133)
12-11 19:19:36.532  7703  7722 D StrictMode: 	at java.util.concurrent.ThreadPoolExecutor$Worker.run(ThreadPoolExecutor.java:607)
12-11 19:19:36.532  7703  7722 D StrictMode: 	at com.google.android.finsky.bo.w.run(Unknown Source)
12-11 19:19:36.532  7703  7722 D StrictMode: 	at java.lang.Thread.run(Thread.java:761)
12-11 19:19:36.537  7703  7722 D StrictMode: StrictMode policy violation: android.os.StrictMode$StrictModeDiskReadViolation: policy=65567 violation=2
12-11 19:19:36.537  7703  7722 D StrictMode: 	at android.os.StrictMode$AndroidBlockGuardPolicy.onReadFromDisk(StrictMode.java:1293)
12-11 19:19:36.537  7703  7722 D StrictMode: 	at java.io.UnixFileSystem.getBooleanAttributes(UnixFileSystem.java:240)
12-11 19:19:36.537  7703  7722 D StrictMode: 	at java.io.File.isFile(File.java:831)
12-11 19:19:36.537  7703  7722 D StrictMode: 	at com.google.android.play.b.r.<init>(SourceFile:37)
12-11 19:19:36.537  7703  7722 D StrictMode: 	at com.google.android.play.b.g.<init>(SourceFile:81)
12-11 19:19:36.537  7703  7722 D StrictMode: 	at com.google.android.play.b.g.<init>(SourceFile:4)
12-11 19:19:36.537  7703  7722 D StrictMode: 	at com.google.android.finsky.analytics.y.<init>(SourceFile:84)
12-11 19:19:36.537  7703  7722 D StrictMode: 	at com.google.android.finsky.application.impl.c.a(SourceFile:1215)
12-11 19:19:36.537  7703  7722 D StrictMode: 	at com.google.android.finsky.application.impl.c.c(SourceFile:1224)
12-11 19:19:36.537  7703  7722 D StrictMode: 	at com.google.android.finsky.application.impl.c.bI(SourceFile:70)
12-11 19:19:36.537  7703  7722 D StrictMode: 	at com.google.android.finsky.application.impl.bq.a_(SourceFile:7)
12-11 19:19:36.537  7703  7722 D StrictMode: 	at b.b.a.f.a(SourceFile:11)
12-11 19:19:36.537  7703  7722 D StrictMode: 	at com.google.common.util.concurrent.s.a(SourceFile:5)
12-11 19:19:36.537  7703  7722 D StrictMode: 	at com.google.common.util.concurrent.r.run(SourceFile:17)
12-11 19:19:36.537  7703  7722 D StrictMode: 	at com.google.common.util.concurrent.bn.run(SourceFile:3)
12-11 19:19:36.537  7703  7722 D StrictMode: 	at com.google.android.apps.gsa.a.f.a.i.run(SourceFile:7)
12-11 19:19:36.537  7703  7722 D StrictMode: 	at java.util.concurrent.ThreadPoolExecutor.runWorker(ThreadPoolExecutor.java:1133)
12-11 19:19:36.537  7703  7722 D StrictMode: 	at java.util.concurrent.ThreadPoolExecutor$Worker.run(ThreadPoolExecutor.java:607)
12-11 19:19:36.537  7703  7722 D StrictMode: 	at com.google.android.finsky.bo.w.run(Unknown Source)
12-11 19:19:36.537  7703  7722 D StrictMode: 	at java.lang.Thread.run(Thread.java:761)
12-11 19:19:36.539  7703  7722 D StrictMode: StrictMode policy violation: android.os.StrictMode$StrictModeDiskReadViolation: policy=65567 violation=2
12-11 19:19:36.539  7703  7722 D StrictMode: 	at android.os.StrictMode$AndroidBlockGuardPolicy.onReadFromDisk(StrictMode.java:1293)
12-11 19:19:36.539  7703  7722 D StrictMode: 	at java.io.UnixFileSystem.getLength(UnixFileSystem.java:263)
12-11 19:19:36.539  7703  7722 D StrictMode: 	at java.io.File.length(File.java:910)
12-11 19:19:36.539  7703  7722 D StrictMode: 	at com.google.android.play.b.r.<init>(SourceFile:38)
12-11 19:19:36.539  7703  7722 D StrictMode: 	at com.google.android.play.b.g.<init>(SourceFile:81)
12-11 19:19:36.539  7703  7722 D StrictMode: 	at com.google.android.play.b.g.<init>(SourceFile:4)
12-11 19:19:36.539  7703  7722 D StrictMode: 	at com.google.android.finsky.analytics.y.<init>(SourceFile:84)
12-11 19:19:36.539  7703  7722 D StrictMode: 	at com.google.android.finsky.application.impl.c.a(SourceFile:1215)
12-11 19:19:36.539  7703  7722 D StrictMode: 	at com.google.android.finsky.application.impl.c.c(SourceFile:1224)
12-11 19:19:36.539  7703  7722 D StrictMode: 	at com.google.android.finsky.application.impl.c.bI(SourceFile:70)
12-11 19:19:36.539  7703  7722 D StrictMode: 	at com.google.android.finsky.application.impl.bq.a_(SourceFile:7)
12-11 19:19:36.539  7703  7722 D StrictMode: 	at b.b.a.f.a(SourceFile:11)
12-11 19:19:36.539  7703  7722 D StrictMode: 	at com.google.common.util.concurrent.s.a(SourceFile:5)
12-11 19:19:36.539  7703  7722 D StrictMode: 	at com.google.common.util.concurrent.r.run(SourceFile:17)
12-11 19:19:36.539  7703  7722 D StrictMode: 	at com.google.common.util.concurrent.bn.run(SourceFile:3)
12-11 19:19:36.539  7703  7722 D StrictMode: 	at com.google.android.apps.gsa.a.f.a.i.run(SourceFile:7)
12-11 19:19:36.539  7703  7722 D StrictMode: 	at java.util.concurrent.ThreadPoolExecutor.runWorker(ThreadPoolExecutor.java:1133)
12-11 19:19:36.539  7703  7722 D StrictMode: 	at java.util.concurrent.ThreadPoolExecutor$Worker.run(ThreadPoolExecutor.java:607)
12-11 19:19:36.539  7703  7722 D StrictMode: 	at com.google.android.finsky.bo.w.run(Unknown Source)
12-11 19:19:36.539  7703  7722 D StrictMode: 	at java.lang.Thread.run(Thread.java:761)
12-11 19:19:36.540  7703  7722 D StrictMode: StrictMode policy violation: android.os.StrictMode$StrictModeDiskReadViolation: policy=65567 violation=2
12-11 19:19:36.540  7703  7722 D StrictMode: 	at android.os.StrictMode$AndroidBlockGuardPolicy.onReadFromDisk(StrictMode.java:1293)
12-11 19:19:36.540  7703  7722 D StrictMode: 	at java.io.UnixFileSystem.getLength(UnixFileSystem.java:263)
12-11 19:19:36.540  7703  7722 D StrictMode: 	at java.io.File.length(File.java:910)
12-11 19:19:36.540  7703  7722 D StrictMode: 	at com.google.android.play.b.r.c(SourceFile:72)
12-11 19:19:36.540  7703  7722 D StrictMode: 	at com.google.android.play.b.r.<init>(SourceFile:42)
12-11 19:19:36.540  7703  7722 D StrictMode: 	at com.google.android.play.b.g.<init>(SourceFile:81)
12-11 19:19:36.540  7703  7722 D StrictMode: 	at com.google.android.play.b.g.<init>(SourceFile:4)
12-11 19:19:36.540  7703  7722 D StrictMode: 	at com.google.android.finsky.analytics.y.<init>(SourceFile:84)
12-11 19:19:36.540  7703  7722 D StrictMode: 	at com.google.android.finsky.application.impl.c.a(SourceFile:1215)
12-11 19:19:36.540  7703  7722 D StrictMode: 	at com.google.android.finsky.application.impl.c.c(SourceFile:1224)
12-11 19:19:36.540  7703  7722 D StrictMode: 	at com.google.android.finsky.application.impl.c.bI(SourceFile:70)
12-11 19:19:36.540  7703  7722 D StrictMode: 	at com.google.android.finsky.application.impl.bq.a_(SourceFile:7)
12-11 19:19:36.540  7703  7722 D StrictMode: 	at b.b.a.f.a(SourceFile:11)
12-11 19:19:36.540  7703  7722 D StrictMode: 	at com.google.common.util.concurrent.s.a(SourceFile:5)
12-11 19:19:36.540  7703  7722 D StrictMode: 	at com.google.common.util.concurrent.r.run(SourceFile:17)
12-11 19:19:36.540  7703  7722 D StrictMode: 	at com.google.common.util.concurrent.bn.run(SourceFile:3)
12-11 19:19:36.540  7703  7722 D StrictMode: 	at com.google.android.apps.gsa.a.f.a.i.run(SourceFile:7)
12-11 19:19:36.540  7703  7722 D StrictMode: 	at java.util.concurrent.ThreadPoolExecutor.runWorker(ThreadPoolExecutor.java:1133)
12-11 19:19:36.540  7703  7722 D StrictMode: 	at java.util.concurrent.ThreadPoolExecutor$Worker.run(ThreadPoolExecutor.java:607)
12-11 19:19:36.540  7703  7722 D StrictMode: 	at com.google.android.finsky.bo.w.run(Unknown Source)
12-11 19:19:36.540  7703  7722 D StrictMode: 	at java.lang.Thread.run(Thread.java:761)
12-11 19:19:36.541  7703  7722 D StrictMode: StrictMode policy violation: android.os.StrictMode$StrictModeDiskReadViolation: policy=65567 violation=2
12-11 19:19:36.541  7703  7722 D StrictMode: 	at android.os.StrictMode$AndroidBlockGuardPolicy.onReadFromDisk(StrictMode.java:1293)
12-11 19:19:36.541  7703  7722 D StrictMode: 	at java.io.UnixFileSystem.getLength(UnixFileSystem.java:263)
12-11 19:19:36.541  7703  7722 D StrictMode: 	at java.io.File.length(File.java:910)
12-11 19:19:36.541  7703  7722 D StrictMode: 	at com.google.android.play.b.r.c(SourceFile:76)
12-11 19:19:36.541  7703  7722 D StrictMode: 	at com.google.android.play.b.r.<init>(SourceFile:42)
12-11 19:19:36.541  7703  7722 D StrictMode: 	at com.google.android.play.b.g.<init>(SourceFile:81)
12-11 19:19:36.541  7703  7722 D StrictMode: 	at com.google.android.play.b.g.<init>(SourceFile:4)
12-11 19:19:36.541  7703  7722 D StrictMode: 	at com.google.android.finsky.analytics.y.<init>(SourceFile:84)
12-11 19:19:36.541  7703  7722 D StrictMode: 	at com.google.android.finsky.application.impl.c.a(SourceFile:1215)
12-11 19:19:36.541  7703  7722 D StrictMode: 	at com.google.android.finsky.application.impl.c.c(SourceFile:1224)
12-11 19:19:36.541  7703  7722 D StrictMode: 	at com.google.android.finsky.application.impl.c.bI(SourceFile:70)
12-11 19:19:36.541  7703  7722 D StrictMode: 	at com.google.android.finsky.application.impl.bq.a_(SourceFile:7)
12-11 19:19:36.541  7703  7722 D StrictMode: 	at b.b.a.f.a(SourceFile:11)
12-11 19:19:36.541  7703  7722 D StrictMode: 	at com.google.common.util.concurrent.s.a(SourceFile:5)
12-11 19:19:36.541  7703  7722 D StrictMode: 	at com.google.common.util.concurrent.r.run(SourceFile:17)
12-11 19:19:36.541  7703  7722 D StrictMode: 	at com.google.common.util.concurrent.bn.run(SourceFile:3)
12-11 19:19:36.541  7703  7722 D StrictMode: 	at com.google.android.apps.gsa.a.f.a.i.run(SourceFile:7)
12-11 19:19:36.541  7703  7722 D StrictMode: 	at java.util.concurrent.ThreadPoolExecutor.runWorker(ThreadPoolExecutor.java:1133)
12-11 19:19:36.541  7703  7722 D StrictMode: 	at java.util.concurrent.ThreadPoolExecutor$Worker.run(ThreadPoolExecutor.java:607)
12-11 19:19:36.541  7703  7722 D StrictMode: 	at com.google.android.finsky.bo.w.run(Unknown Source)
12-11 19:19:36.541  7703  7722 D StrictMode: 	at java.lang.Thread.run(Thread.java:761)
12-11 19:19:36.555  2064  7482 W ctxmgr  : [WorkManager]Long workInfo: pkg=com.google.android.gms, lbl=SystemStateManager_delete_account, start=2018-12-11 19:19:33.921-0600, stop=2018-12-11 19:19:36.488-0600, durtn=2567ms
12-11 19:19:36.560  7703  7722 D StrictMode: StrictMode policy violation: android.os.StrictMode$StrictModeDiskReadViolation: policy=65567 violation=2
12-11 19:19:36.560  7703  7722 D StrictMode: 	at android.os.StrictMode$AndroidBlockGuardPolicy.onReadFromDisk(StrictMode.java:1293)
12-11 19:19:36.560  7703  7722 D StrictMode: 	at java.io.UnixFileSystem.checkAccess(UnixFileSystem.java:249)
12-11 19:19:36.560  7703  7722 D StrictMode: 	at java.io.File.exists(File.java:780)
12-11 19:19:36.560  7703  7722 D StrictMode: 	at android.app.ContextImpl.ensurePrivateDirExists(ContextImpl.java:512)
12-11 19:19:36.560  7703  7722 D StrictMode: 	at android.app.ContextImpl.getPreferencesDir(ContextImpl.java:468)
12-11 19:19:36.560  7703  7722 D StrictMode: 	at android.app.ContextImpl.getSharedPreferencesPath(ContextImpl.java:627)
12-11 19:19:36.560  7703  7722 D StrictMode: 	at android.app.ContextImpl.getSharedPreferences(ContextImpl.java:345)
12-11 19:19:36.560  7703  7722 D StrictMode: 	at android.content.ContextWrapper.getSharedPreferences(ContextWrapper.java:164)
12-11 19:19:36.560  7703  7722 D StrictMode: 	at com.google.android.finsky.analytics.l.<init>(SourceFile:21)
12-11 19:19:36.560  7703  7722 D StrictMode: 	at com.google.android.finsky.analytics.l.a(SourceFile:17)
12-11 19:19:36.560  7703  7722 D StrictMode: 	at com.google.android.finsky.analytics.y.<init>(SourceFile:28)
12-11 19:19:36.560  7703  7722 D StrictMode: 	at com.google.android.finsky.application.impl.c.a(SourceFile:1215)
12-11 19:19:36.560  7703  7722 D StrictMode: 	at com.google.android.finsky.application.impl.c.c(SourceFile:1224)
12-11 19:19:36.560  7703  7722 D StrictMode: 	at com.google.android.finsky.application.impl.c.bI(SourceFile:70)
12-11 19:19:36.560  7703  7722 D StrictMode: 	at com.google.android.finsky.application.impl.bq.a_(SourceFile:7)
12-11 19:19:36.560  7703  7722 D StrictMode: 	at b.b.a.f.a(SourceFile:11)
12-11 19:19:36.560  7703  7722 D StrictMode: 	at com.google.common.util.concurrent.s.a(SourceFile:5)
12-11 19:19:36.560  7703  7722 D StrictMode: 	at com.google.common.util.concurrent.r.run(SourceFile:17)
12-11 19:19:36.560  7703  7722 D StrictMode: 	at com.google.common.util.concurrent.bn.run(SourceFile:3)
12-11 19:19:36.560  7703  7722 D StrictMode: 	at com.google.android.apps.gsa.a.f.a.i.run(SourceFile:7)
12-11 19:19:36.560  7703  7722 D StrictMode: 	at java.util.concurrent.ThreadPoolExecutor.runWorker(ThreadPoolExecutor.java:1133)
12-11 19:19:36.560  7703  7722 D StrictMode: 	at java.util.concurrent.ThreadPoolExecutor$Worker.run(ThreadPoolExecutor.java:607)
12-11 19:19:36.560  7703  7722 D StrictMode: 	at com.google.android.finsky.bo.w.run(Unknown Source)
12-11 19:19:36.560  7703  7722 D StrictMode: 	at java.lang.Thread.run(Thread.java:761)
12-11 19:19:36.570  7703  7722 D StrictMode: StrictMode policy violation: android.os.StrictMode$StrictModeDiskReadViolation: policy=65567 violation=2
12-11 19:19:36.570  7703  7722 D StrictMode: 	at android.os.StrictMode$AndroidBlockGuardPolicy.onReadFromDisk(StrictMode.java:1293)
12-11 19:19:36.570  7703  7722 D StrictMode: 	at android.app.SharedPreferencesImpl.awaitLoadedLocked(SharedPreferencesImpl.java:213)
12-11 19:19:36.570  7703  7722 D StrictMode: 	at android.app.SharedPreferencesImpl.getLong(SharedPreferencesImpl.java:258)
12-11 19:19:36.570  7703  7722 D StrictMode: 	at com.google.android.finsky.analytics.l.<init>(SourceFile:24)
12-11 19:19:36.570  7703  7722 D StrictMode: 	at com.google.android.finsky.analytics.l.a(SourceFile:17)
12-11 19:19:36.570  7703  7722 D StrictMode: 	at com.google.android.finsky.analytics.y.<init>(SourceFile:28)
12-11 19:19:36.570  7703  7722 D StrictMode: 	at com.google.android.finsky.application.impl.c.a(SourceFile:1215)
12-11 19:19:36.570  7703  7722 D StrictMode: 	at com.google.android.finsky.application.impl.c.c(SourceFile:1224)
12-11 19:19:36.570  7703  7722 D StrictMode: 	at com.google.android.finsky.application.impl.c.bI(SourceFile:70)
12-11 19:19:36.570  7703  7722 D StrictMode: 	at com.google.android.finsky.application.impl.bq.a_(SourceFile:7)
12-11 19:19:36.570  7703  7722 D StrictMode: 	at b.b.a.f.a(SourceFile:11)
12-11 19:19:36.570  7703  7722 D StrictMode: 	at com.google.common.util.concurrent.s.a(SourceFile:5)
12-11 19:19:36.570  7703  7722 D StrictMode: 	at com.google.common.util.concurrent.r.run(SourceFile:17)
12-11 19:19:36.570  7703  7722 D StrictMode: 	at com.google.common.util.concurrent.bn.run(SourceFile:3)
12-11 19:19:36.570  7703  7722 D StrictMode: 	at com.google.android.apps.gsa.a.f.a.i.run(SourceFile:7)
12-11 19:19:36.570  7703  7722 D StrictMode: 	at java.util.concurrent.ThreadPoolExecutor.runWorker(ThreadPoolExecutor.java:1133)
12-11 19:19:36.570  7703  7722 D StrictMode: 	at java.util.concurrent.ThreadPoolExecutor$Worker.run(ThreadPoolExecutor.java:607)
12-11 19:19:36.570  7703  7722 D StrictMode: 	at com.google.android.finsky.bo.w.run(Unknown Source)
12-11 19:19:36.570  7703  7722 D StrictMode: 	at java.lang.Thread.run(Thread.java:761)
12-11 19:19:36.610  2064  7630 I GCoreUlr: Unbound from all signal providers.
12-11 19:19:36.610  2064  7739 I GCoreUlr: Successfully accounts update
12-11 19:19:36.629  7703  7722 D StrictMode: StrictMode policy violation: android.os.StrictMode$StrictModeDiskReadViolation: policy=65567 violation=2
12-11 19:19:36.629  7703  7722 D StrictMode: 	at android.os.StrictMode$AndroidBlockGuardPolicy.onReadFromDisk(StrictMode.java:1293)
12-11 19:19:36.629  7703  7722 D StrictMode: 	at java.io.UnixFileSystem.checkAccess(UnixFileSystem.java:249)
12-11 19:19:36.629  7703  7722 D StrictMode: 	at java.io.File.exists(File.java:780)
12-11 19:19:36.629  7703  7722 D StrictMode: 	at android.app.ContextImpl.ensurePrivateDirExists(ContextImpl.java:512)
12-11 19:19:36.629  7703  7722 D StrictMode: 	at android.app.ContextImpl.getPreferencesDir(ContextImpl.java:468)
12-11 19:19:36.629  7703  7722 D StrictMode: 	at android.app.ContextImpl.getSharedPreferencesPath(ContextImpl.java:627)
12-11 19:19:36.629  7703  7722 D StrictMode: 	at android.app.ContextImpl.getSharedPreferences(ContextImpl.java:345)
12-11 19:19:36.629  7703  7722 D StrictMode: 	at android.content.ContextWrapper.getSharedPreferences(ContextWrapper.java:164)
12-11 19:19:36.629  7703  7722 D StrictMode: 	at com.google.android.finsky.ah.f.a(SourceFile:4)
12-11 19:19:36.629  7703  7722 D StrictMode: 	at com.google.android.finsky.ah.q.a(SourceFile:5)
12-11 19:19:36.629  7703  7722 D StrictMode: 	at com.google.android.finsky.analytics.al.a(SourceFile:30)
12-11 19:19:36.629  7703  7722 D StrictMode: 	at com.google.android.finsky.application.impl.c.a(SourceFile:91)
12-11 19:19:36.629  7703  7722 D StrictMode: 	at com.google.android.finsky.application.impl.c.bI(SourceFile:87)
12-11 19:19:36.629  7703  7722 D StrictMode: 	at com.google.android.finsky.application.impl.bq.a_(SourceFile:7)
12-11 19:19:36.629  7703  7722 D StrictMode: 	at b.b.a.f.a(SourceFile:11)
12-11 19:19:36.629  7703  7722 D StrictMode: 	at com.google.common.util.concurrent.s.a(SourceFile:5)
12-11 19:19:36.629  7703  7722 D StrictMode: 	at com.google.common.util.concurrent.r.run(SourceFile:17)
12-11 19:19:36.629  7703  7722 D StrictMode: 	at com.google.common.util.concurrent.bn.run(SourceFile:3)
12-11 19:19:36.629  7703  7722 D StrictMode: 	at com.google.android.apps.gsa.a.f.a.i.run(SourceFile:7)
12-11 19:19:36.629  7703  7722 D StrictMode: 	at java.util.concurrent.ThreadPoolExecutor.runWorker(ThreadPoolExecutor.java:1133)
12-11 19:19:36.629  7703  7722 D StrictMode: 	at java.util.concurrent.ThreadPoolExecutor$Worker.run(ThreadPoolExecutor.java:607)
12-11 19:19:36.629  7703  7722 D StrictMode: 	at com.google.android.finsky.bo.w.run(Unknown Source)
12-11 19:19:36.629  7703  7722 D StrictMode: 	at java.lang.Thread.run(Thread.java:761)
12-11 19:19:36.641  7703  7722 D StrictMode: StrictMode policy violation: android.os.StrictMode$StrictModeDiskReadViolation: policy=65567 violation=2
12-11 19:19:36.641  7703  7722 D StrictMode: 	at android.os.StrictMode$AndroidBlockGuardPolicy.onReadFromDisk(StrictMode.java:1293)
12-11 19:19:36.641  7703  7722 D StrictMode: 	at android.app.SharedPreferencesImpl.awaitLoadedLocked(SharedPreferencesImpl.java:213)
12-11 19:19:36.641  7703  7722 D StrictMode: 	at android.app.SharedPreferencesImpl.contains(SharedPreferencesImpl.java:280)
12-11 19:19:36.641  7703  7722 D StrictMode: 	at com.google.android.finsky.ah.k.a(SourceFile:5)
12-11 19:19:36.641  7703  7722 D StrictMode: 	at com.google.android.finsky.ah.q.a(SourceFile:5)
12-11 19:19:36.641  7703  7722 D StrictMode: 	at com.google.android.finsky.analytics.al.a(SourceFile:30)
12-11 19:19:36.641  7703  7722 D StrictMode: 	at com.google.android.finsky.application.impl.c.a(SourceFile:91)
12-11 19:19:36.641  7703  7722 D StrictMode: 	at com.google.android.finsky.application.impl.c.bI(SourceFile:87)
12-11 19:19:36.641  7703  7722 D StrictMode: 	at com.google.android.finsky.application.impl.bq.a_(SourceFile:7)
12-11 19:19:36.641  7703  7722 D StrictMode: 	at b.b.a.f.a(SourceFile:11)
12-11 19:19:36.641  7703  7722 D StrictMode: 	at com.google.common.util.concurrent.s.a(SourceFile:5)
12-11 19:19:36.641  7703  7722 D StrictMode: 	at com.google.common.util.concurrent.r.run(SourceFile:17)
12-11 19:19:36.641  7703  7722 D StrictMode: 	at com.google.common.util.concurrent.bn.run(SourceFile:3)
12-11 19:19:36.641  7703  7722 D StrictMode: 	at com.google.android.apps.gsa.a.f.a.i.run(SourceFile:7)
12-11 19:19:36.641  7703  7722 D StrictMode: 	at java.util.concurrent.ThreadPoolExecutor.runWorker(ThreadPoolExecutor.java:1133)
12-11 19:19:36.641  7703  7722 D StrictMode: 	at java.util.concurrent.ThreadPoolExecutor$Worker.run(ThreadPoolExecutor.java:607)
12-11 19:19:36.641  7703  7722 D StrictMode: 	at com.google.android.finsky.bo.w.run(Unknown Source)
12-11 19:19:36.641  7703  7722 D StrictMode: 	at java.lang.Thread.run(Thread.java:761)
12-11 19:19:36.666  2640  5560 E constellation: [gaia_id_checker] Couldn't sync with the server due to 
12-11 19:19:36.666  2640  5560 E constellation: rqc: No consent
12-11 19:19:36.666  2640  5560 E constellation: 	at rkz.a(:com.google.android.gms@14799022@14.7.99 (040700-223214910):8)
12-11 19:19:36.666  2640  5560 E constellation: 	at rkz.a(:com.google.android.gms@14799022@14.7.99 (040700-223214910):14)
12-11 19:19:36.666  2640  5560 E constellation: 	at rkz.a(:com.google.android.gms@14799022@14.7.99 (040700-223214910):57)
12-11 19:19:36.666  2640  5560 E constellation: 	at com.google.android.gms.constellation.EventManager.onHandleIntent(:com.google.android.gms@14799022@14.7.99 (040700-223214910):62)
12-11 19:19:36.666  2640  5560 E constellation: 	at com.google.android.chimera.IntentOperation.onHandleIntent(:com.google.android.gms@14799022@14.7.99 (040700-223214910):2)
12-11 19:19:36.666  2640  5560 E constellation: 	at duh.run(:com.google.android.gms@14799022@14.7.99 (040700-223214910):12)
12-11 19:19:36.666  2640  5560 E constellation: 	at due.run(:com.google.android.gms@14799022@14.7.99 (040700-223214910):9)
12-11 19:19:36.666  2640  5560 E constellation: 	at java.util.concurrent.ThreadPoolExecutor.runWorker(ThreadPoolExecutor.java:1133)
12-11 19:19:36.666  2640  5560 E constellation: 	at java.util.concurrent.ThreadPoolExecutor$Worker.run(ThreadPoolExecutor.java:607)
12-11 19:19:36.666  2640  5560 E constellation: 	at java.lang.Thread.run(Thread.java:761)
12-11 19:19:36.672  7703  7721 I Finsky  : [326] com.google.android.finsky.application.impl.c.bK(118): Not a unicorn device
12-11 19:19:36.679  2064  2064 I GCoreUlr: Unbound from all signal providers.
12-11 19:19:36.679  2064  2064 I GCoreUlr: Stopping handler for UlrDispSvcFast
12-11 19:19:36.684  2064  7739 I GCoreUlr: Successfully accounts update
12-11 19:19:36.746  7703  7721 D StrictMode: StrictMode policy violation: android.os.StrictMode$StrictModeDiskReadViolation: policy=65567 violation=2
12-11 19:19:36.746  7703  7721 D StrictMode: 	at android.os.StrictMode$AndroidBlockGuardPolicy.onReadFromDisk(StrictMode.java:1293)
12-11 19:19:36.746  7703  7721 D StrictMode: 	at java.io.UnixFileSystem.checkAccess(UnixFileSystem.java:249)
12-11 19:19:36.746  7703  7721 D StrictMode: 	at java.io.File.exists(File.java:780)
12-11 19:19:36.746  7703  7721 D StrictMode: 	at android.app.ContextImpl.ensurePrivateDirExists(ContextImpl.java:512)
12-11 19:19:36.746  7703  7721 D StrictMode: 	at android.app.ContextImpl.getPreferencesDir(ContextImpl.java:468)
12-11 19:19:36.746  7703  7721 D StrictMode: 	at android.app.ContextImpl.getSharedPreferencesPath(ContextImpl.java:627)
12-11 19:19:36.746  7703  7721 D StrictMode: 	at android.app.ContextImpl.getSharedPreferences(ContextImpl.java:345)
12-11 19:19:36.746  7703  7721 D StrictMode: 	at android.content.ContextWrapper.getSharedPreferences(ContextWrapper.java:164)
12-11 19:19:36.746  7703  7721 D StrictMode: 	at com.google.android.finsky.ah.f.a(SourceFile:4)
12-11 19:19:36.746  7703  7721 D StrictMode: 	at com.google.android.finsky.ah.q.a(SourceFile:5)
12-11 19:19:36.746  7703  7721 D StrictMode: 	at com.google.android.finsky.application.impl.c.bR(SourceFile:156)
12-11 19:19:36.746  7703  7721 D StrictMode: 	at com.google.android.finsky.application.impl.bd.a_(SourceFile:32)
12-11 19:19:36.746  7703  7721 D StrictMode: 	at b.b.a.f.a(SourceFile:11)
12-11 19:19:36.746  7703  7721 D StrictMode: 	at com.google.common.util.concurrent.s.a(SourceFile:5)
12-11 19:19:36.746  7703  7721 D StrictMode: 	at com.google.common.util.concurrent.r.run(SourceFile:17)
12-11 19:19:36.746  7703  7721 D StrictMode: 	at com.google.common.util.concurrent.bn.run(SourceFile:3)
12-11 19:19:36.746  7703  7721 D StrictMode: 	at com.google.android.apps.gsa.a.f.a.i.run(SourceFile:7)
12-11 19:19:36.746  7703  7721 D StrictMode: 	at java.util.concurrent.ThreadPoolExecutor.runWorker(ThreadPoolExecutor.java:1133)
12-11 19:19:36.746  7703  7721 D StrictMode: 	at java.util.concurrent.ThreadPoolExecutor$Worker.run(ThreadPoolExecutor.java:607)
12-11 19:19:36.746  7703  7721 D StrictMode: 	at com.google.android.finsky.bo.w.run(Unknown Source)
12-11 19:19:36.746  7703  7721 D StrictMode: 	at java.lang.Thread.run(Thread.java:761)
12-11 19:19:36.748  7703  7721 D StrictMode: StrictMode policy violation: android.os.StrictMode$StrictModeDiskReadViolation: policy=65567 violation=2
12-11 19:19:36.748  7703  7721 D StrictMode: 	at android.os.StrictMode$AndroidBlockGuardPolicy.onReadFromDisk(StrictMode.java:1293)
12-11 19:19:36.748  7703  7721 D StrictMode: 	at android.app.SharedPreferencesImpl.awaitLoadedLocked(SharedPreferencesImpl.java:213)
12-11 19:19:36.748  7703  7721 D StrictMode: 	at android.app.SharedPreferencesImpl.contains(SharedPreferencesImpl.java:280)
12-11 19:19:36.748  7703  7721 D StrictMode: 	at com.google.android.finsky.ah.j.a(SourceFile:5)
12-11 19:19:36.748  7703  7721 D StrictMode: 	at com.google.android.finsky.ah.q.a(SourceFile:5)
12-11 19:19:36.748  7703  7721 D StrictMode: 	at com.google.android.finsky.application.impl.c.bR(SourceFile:156)
12-11 19:19:36.748  7703  7721 D StrictMode: 	at com.google.android.finsky.application.impl.bd.a_(SourceFile:32)
12-11 19:19:36.748  7703  7721 D StrictMode: 	at b.b.a.f.a(SourceFile:11)
12-11 19:19:36.748  7703  7721 D StrictMode: 	at com.google.common.util.concurrent.s.a(SourceFile:5)
12-11 19:19:36.748  7703  7721 D StrictMode: 	at com.google.common.util.concurrent.r.run(SourceFile:17)
12-11 19:19:36.748  7703  7721 D StrictMode: 	at com.google.common.util.concurrent.bn.run(SourceFile:3)
12-11 19:19:36.748  7703  7721 D StrictMode: 	at com.google.android.apps.gsa.a.f.a.i.run(SourceFile:7)
12-11 19:19:36.748  7703  7721 D StrictMode: 	at java.util.concurrent.ThreadPoolExecutor.runWorker(ThreadPoolExecutor.java:1133)
12-11 19:19:36.748  7703  7721 D StrictMode: 	at java.util.concurrent.ThreadPoolExecutor$Worker.run(ThreadPoolExecutor.java:607)
12-11 19:19:36.748  7703  7721 D StrictMode: 	at com.google.android.finsky.bo.w.run(Unknown Source)
12-11 19:19:36.748  7703  7721 D StrictMode: 	at java.lang.Thread.run(Thread.java:761)
12-11 19:19:36.764  7703  7722 W Settings: Setting download_manager_max_bytes_over_mobile has moved from android.provider.Settings.Secure to android.provider.Settings.Global.
12-11 19:19:36.770  7703  7722 W Settings: Setting download_manager_recommended_max_bytes_over_mobile has moved from android.provider.Settings.Secure to android.provider.Settings.Global.
12-11 19:19:36.810  7703  7722 D StrictMode: StrictMode policy violation: android.os.StrictMode$StrictModeDiskReadViolation: policy=65567 violation=2
12-11 19:19:36.810  7703  7722 D StrictMode: 	at android.os.StrictMode$AndroidBlockGuardPolicy.onReadFromDisk(StrictMode.java:1293)
12-11 19:19:36.810  7703  7722 D StrictMode: 	at java.io.UnixFileSystem.checkAccess(UnixFileSystem.java:249)
12-11 19:19:36.810  7703  7722 D StrictMode: 	at java.io.File.exists(File.java:780)
12-11 19:19:36.810  7703  7722 D StrictMode: 	at android.app.ContextImpl.ensurePrivateDirExists(ContextImpl.java:512)
12-11 19:19:36.810  7703  7722 D StrictMode: 	at android.app.ContextImpl.getPreferencesDir(ContextImpl.java:468)
12-11 19:19:36.810  7703  7722 D StrictMode: 	at android.app.ContextImpl.getSharedPreferencesPath(ContextImpl.java:627)
12-11 19:19:36.810  7703  7722 D StrictMode: 	at android.app.ContextImpl.getSharedPreferences(ContextImpl.java:345)
12-11 19:19:36.810  7703  7722 D StrictMode: 	at android.content.ContextWrapper.getSharedPreferences(ContextWrapper.java:164)
12-11 19:19:36.810  7703  7722 D StrictMode: 	at com.google.android.finsky.ah.f.a(SourceFile:4)
12-11 19:19:36.810  7703  7722 D StrictMode: 	at com.google.android.finsky.ah.q.a(SourceFile:5)
12-11 19:19:36.810  7703  7722 D StrictMode: 	at com.google.android.finsky.hygiene.impl.k.a(SourceFile:2)
12-11 19:19:36.810  7703  7722 D StrictMode: 	at com.google.android.finsky.hygiene.impl.g.d(SourceFile:20)
12-11 19:19:36.810  7703  7722 D StrictMode: 	at com.google.android.finsky.application.impl.c.bW(SourceFile:247)
12-11 19:19:36.810  7703  7722 D StrictMode: 	at com.google.android.finsky.application.impl.bt.a_(SourceFile:13)
12-11 19:19:36.810  7703  7722 D StrictMode: 	at b.b.a.f.a(SourceFile:11)
12-11 19:19:36.810  7703  7722 D StrictMode: 	at com.google.common.util.concurrent.s.a(SourceFile:5)
12-11 19:19:36.810  7703  7722 D StrictMode: 	at com.google.common.util.concurrent.r.run(SourceFile:17)
12-11 19:19:36.810  7703  7722 D StrictMode: 	at com.google.common.util.concurrent.bn.run(SourceFile:3)
12-11 19:19:36.810  7703  7722 D StrictMode: 	at com.google.android.apps.gsa.a.f.a.i.run(SourceFile:7)
12-11 19:19:36.810  7703  7722 D StrictMode: 	at java.util.concurrent.ThreadPoolExecutor.runWorker(ThreadPoolExecutor.java:1133)
12-11 19:19:36.810  7703  7722 D StrictMode: 	at java.util.concurrent.ThreadPoolExecutor$Worker.run(ThreadPoolExecutor.java:607)
12-11 19:19:36.810  7703  7722 D StrictMode: 	at com.google.android.finsky.bo.w.run(Unknown Source)
12-11 19:19:36.810  7703  7722 D StrictMode: 	at java.lang.Thread.run(Thread.java:761)
12-11 19:19:36.810  7703  7722 D StrictMode: StrictMode policy violation: android.os.StrictMode$StrictModeDiskReadViolation: policy=65567 violation=2
12-11 19:19:36.810  7703  7722 D StrictMode: 	at android.os.StrictMode$AndroidBlockGuardPolicy.onReadFromDisk(StrictMode.java:1293)
12-11 19:19:36.810  7703  7722 D StrictMode: 	at android.app.SharedPreferencesImpl.awaitLoadedLocked(SharedPreferencesImpl.java:213)
12-11 19:19:36.810  7703  7722 D StrictMode: 	at android.app.SharedPreferencesImpl.contains(SharedPreferencesImpl.java:280)
12-11 19:19:36.810  7703  7722 D StrictMode: 	at com.google.android.finsky.ah.j.a(SourceFile:5)
12-11 19:19:36.810  7703  7722 D StrictMode: 	at com.google.android.finsky.ah.q.a(SourceFile:5)
12-11 19:19:36.810  7703  7722 D StrictMode: 	at com.google.android.finsky.hygiene.impl.k.a(SourceFile:2)
12-11 19:19:36.810  7703  7722 D StrictMode: 	at com.google.android.finsky.hygiene.impl.g.d(SourceFile:20)
12-11 19:19:36.810  7703  7722 D StrictMode: 	at com.google.android.finsky.application.impl.c.bW(SourceFile:247)
12-11 19:19:36.810  7703  7722 D StrictMode: 	at com.google.android.finsky.application.impl.bt.a_(SourceFile:13)
12-11 19:19:36.810  7703  7722 D StrictMode: 	at b.b.a.f.a(SourceFile:11)
12-11 19:19:36.810  7703  7722 D StrictMode: 	at com.google.common.util.concurrent.s.a(SourceFile:5)
12-11 19:19:36.810  7703  7722 D StrictMode: 	at com.google.common.util.concurrent.r.run(SourceFile:17)
12-11 19:19:36.810  7703  7722 D StrictMode: 	at com.google.common.util.concurrent.bn.run(SourceFile:3)
12-11 19:19:36.810  7703  7722 D StrictMode: 	at com.google.android.apps.gsa.a.f.a.i.run(SourceFile:7)
12-11 19:19:36.810  7703  7722 D StrictMode: 	at java.util.concurrent.ThreadPoolExecutor.runWorker(ThreadPoolExecutor.java:1133)
12-11 19:19:36.810  7703  7722 D StrictMode: 	at java.util.concurrent.ThreadPoolExecutor$Worker.run(ThreadPoolExecutor.java:607)
12-11 19:19:36.810  7703  7722 D StrictMode: 	at com.google.android.finsky.bo.w.run(Unknown Source)
12-11 19:19:36.810  7703  7722 D StrictMode: 	at java.lang.Thread.run(Thread.java:761)
12-11 19:19:36.828  7703  7785 I Finsky  : [346] com.google.android.finsky.library.a.f.j(87): Finished loading 0 libraries.
12-11 19:19:36.847  7703  7722 I Finsky  : [327] com.google.android.finsky.verifier.impl.em.b(127): Setup app restrictions monitor
12-11 19:19:36.852  7703  7722 D StrictMode: StrictMode policy violation: android.os.StrictMode$StrictModeDiskReadViolation: policy=4259871 violation=2
12-11 19:19:36.852  7703  7722 D StrictMode: 	at android.os.StrictMode$AndroidBlockGuardPolicy.onReadFromDisk(StrictMode.java:1293)
12-11 19:19:36.852  7703  7722 D StrictMode: 	at java.io.UnixFileSystem.checkAccess(UnixFileSystem.java:249)
12-11 19:19:36.852  7703  7722 D StrictMode: 	at java.io.File.exists(File.java:780)
12-11 19:19:36.852  7703  7722 D StrictMode: 	at com.android.server.pm.UserManagerService.readApplicationRestrictionsLP(UserManagerService.java:2657)
12-11 19:19:36.852  7703  7722 D StrictMode: 	at com.android.server.pm.UserManagerService.readApplicationRestrictionsLP(UserManagerService.java:2650)
12-11 19:19:36.852  7703  7722 D StrictMode: 	at com.android.server.pm.UserManagerService.getApplicationRestrictionsForUser(UserManagerService.java:2607)
12-11 19:19:36.852  7703  7722 D StrictMode: 	at com.android.server.pm.UserManagerService.getApplicationRestrictions(UserManagerService.java:2596)
12-11 19:19:36.852  7703  7722 D StrictMode: 	at com.android.server.restrictions.RestrictionsManagerService$RestrictionsManagerImpl.getApplicationRestrictions(RestrictionsManagerService.java:72)
12-11 19:19:36.852  7703  7722 D StrictMode: 	at android.content.IRestrictionsManager$Stub.onTransact(IRestrictionsManager.java:54)
12-11 19:19:36.852  7703  7722 D StrictMode: 	at android.os.Binder.execTransact(Binder.java:565)
12-11 19:19:36.852  7703  7722 D StrictMode: # via Binder call with stack:
12-11 19:19:36.852  7703  7722 D StrictMode: android.os.StrictMode$LogStackTrace
12-11 19:19:36.852  7703  7722 D StrictMode: 	at android.os.StrictMode.readAndHandleBinderCallViolations(StrictMode.java:1960)
12-11 19:19:36.852  7703  7722 D StrictMode: 	at android.os.Parcel.readExceptionCode(Parcel.java:1665)
12-11 19:19:36.852  7703  7722 D StrictMode: 	at android.os.Parcel.readException(Parcel.java:1634)
12-11 19:19:36.852  7703  7722 D StrictMode: 	at android.content.IRestrictionsManager$Stub$Proxy.getApplicationRestrictions(IRestrictionsManager.java:150)
12-11 19:19:36.852  7703  7722 D StrictMode: 	at android.content.RestrictionsManager.getApplicationRestrictions(RestrictionsManager.java:422)
12-11 19:19:36.852  7703  7722 D StrictMode: 	at com.google.android.finsky.verifier.impl.fv.a(SourceFile:14)
12-11 19:19:36.852  7703  7722 D StrictMode: 	at com.google.android.finsky.verifier.impl.em.b(SourceFile:129)
12-11 19:19:36.852  7703  7722 D StrictMode: 	at com.google.android.finsky.application.impl.c.cl(SourceFile:323)
12-11 19:19:36.852  7703  7722 D StrictMode: 	at com.google.android.finsky.application.impl.by.a_(SourceFile:13)
12-11 19:19:36.852  7703  7722 D StrictMode: 	at b.b.a.f.a(SourceFile:11)
12-11 19:19:36.852  7703  7722 D StrictMode: 	at com.google.common.util.concurrent.s.a(SourceFile:5)
12-11 19:19:36.852  7703  7722 D StrictMode: 	at com.google.common.util.concurrent.r.run(SourceFile:17)
12-11 19:19:36.852  7703  7722 D StrictMode: 	at com.google.common.util.concurrent.bn.run(SourceFile:3)
12-11 19:19:36.852  7703  7722 D StrictMode: 	at com.google.android.apps.gsa.a.f.a.i.run(SourceFile:7)
12-11 19:19:36.852  7703  7722 D StrictMode: 	at java.util.concurrent.ThreadPoolExecutor.runWorker(ThreadPoolExecutor.java:1133)
12-11 19:19:36.852  7703  7722 D StrictMode: 	at java.util.concurrent.ThreadPoolExecutor$Worker.run(ThreadPoolExecutor.java:607)
12-11 19:19:36.852  7703  7722 D StrictMode: 	at com.google.android.finsky.bo.w.run(Unknown Source)
12-11 19:19:36.852  7703  7722 D StrictMode: 	at java.lang.Thread.run(Thread.java:761)
12-11 19:19:36.853  7703  7722 I Finsky  : [327] com.google.android.finsky.verifier.impl.fv.a(16): Device wide unknown source restriction is changed.
12-11 19:19:36.870  7703  7722 D StrictMode: StrictMode policy violation: android.os.StrictMode$StrictModeDiskReadViolation: policy=65567 violation=2
12-11 19:19:36.870  7703  7722 D StrictMode: 	at android.os.StrictMode$AndroidBlockGuardPolicy.onReadFromDisk(StrictMode.java:1293)
12-11 19:19:36.870  7703  7722 D StrictMode: 	at java.io.UnixFileSystem.checkAccess(UnixFileSystem.java:249)
12-11 19:19:36.870  7703  7722 D StrictMode: 	at java.io.File.exists(File.java:780)
12-11 19:19:36.870  7703  7722 D StrictMode: 	at android.app.ContextImpl.ensurePrivateDirExists(ContextImpl.java:512)
12-11 19:19:36.870  7703  7722 D StrictMode: 	at android.app.ContextImpl.getCacheDir(ContextImpl.java:584)
12-11 19:19:36.870  7703  7722 D StrictMode: 	at android.content.ContextWrapper.getCacheDir(ContextWrapper.java:253)
12-11 19:19:36.870  7703  7722 D StrictMode: 	at com.google.android.finsky.a.l_(SourceFile:6)
12-11 19:19:36.870  7703  7722 D StrictMode: 	at com.google.android.finsky.application.impl.c.i(SourceFile:513)
12-11 19:19:36.870  7703  7722 D StrictMode: 	at com.google.android.finsky.application.impl.c.cj(SourceFile:312)
12-11 19:19:36.870  7703  7722 D StrictMode: 	at com.google.android.finsky.application.impl.bu.a_(SourceFile:15)
12-11 19:19:36.870  7703  7722 D StrictMode: 	at b.b.a.f.a(SourceFile:11)
12-11 19:19:36.870  7703  7722 D StrictMode: 	at com.google.common.util.concurrent.s.a(SourceFile:5)
12-11 19:19:36.870  7703  7722 D StrictMode: 	at com.google.common.util.concurrent.r.run(SourceFile:17)
12-11 19:19:36.870  7703  7722 D StrictMode: 	at com.google.common.util.concurrent.bn.run(SourceFile:3)
12-11 19:19:36.870  7703  7722 D StrictMode: 	at com.google.android.apps.gsa.a.f.a.i.run(SourceFile:7)
12-11 19:19:36.870  7703  7722 D StrictMode: 	at java.util.concurrent.ThreadPoolExecutor.runWorker(ThreadPoolExecutor.java:1133)
12-11 19:19:36.870  7703  7722 D StrictMode: 	at java.util.concurrent.ThreadPoolExecutor$Worker.run(ThreadPoolExecutor.java:607)
12-11 19:19:36.870  7703  7722 D StrictMode: 	at com.google.android.finsky.bo.w.run(Unknown Source)
12-11 19:19:36.870  7703  7722 D StrictMode: 	at java.lang.Thread.run(Thread.java:761)
12-11 19:19:36.880  7703  7721 I Finsky  : [326] com.google.android.finsky.wear.bs.a(11): Component class com.google.android.finsky.wear.WearSupportService enabled via PackageManager.
12-11 19:19:36.881  7703  7721 I Finsky  : [326] com.google.android.finsky.wear.bs.a(11): Component class com.google.android.finsky.wear.WearChangeListenerService enabled via PackageManager.
12-11 19:19:36.889  7703  7721 W Finsky  : [326] com.google.android.finsky.application.impl.c.e(683): For unauth, use getDfeApiNonAuthenticated() instead!
12-11 19:19:36.928  7703  7716 I Finsky  : [322] com.google.android.finsky.er.b.a(49): Will not allow first-party apps signed by test keys
12-11 19:19:36.929  7703  7716 I Finsky  : [322] com.google.android.finsky.contentfilterui.o.a(7): Received content filters request from com.google.android.videos
12-11 19:19:36.952  7703  7703 I Finsky  : [1] com.google.android.finsky.installer.a.t.<init>(17): Not checking if recovering from paused session because experiment is off
12-11 19:19:36.963  1354  1378 W audio_hw_generic: Not supplying enough data to HAL, expected position 52308925 , only wrote 52061760
12-11 19:19:36.973  7703  7703 I Finsky  : [1] com.google.android.finsky.installer.a.am.a(535): Installer kick - no action, not running yet
12-11 19:19:36.973  7703  7703 I Finsky  : [1] com.google.android.finsky.installer.a.am.a(535): Installer kick - no action, not running yet
12-11 19:19:37.046  7804  7804 W art     : Unexpected CPU variant for X86 using defaults: x86
12-11 19:19:37.047  1653  3965 I ActivityManager: Start proc 7804:android.process.media/u0a11 for content provider com.android.providers.downloads/.DownloadProvider
12-11 19:19:37.069  7804  7804 W System  : ClassLoader referenced unknown path: /system/priv-app/DownloadProvider/lib/x86
12-11 19:19:37.088  7804  7804 W System  : ClassLoader referenced unknown path: /system/priv-app/MediaProvider/lib/x86
12-11 19:19:37.089  7804  7804 D ApplicationLoaders: ignored Vulkan layer search path /system/priv-app/MediaProvider/lib/x86:/system/priv-app/MediaProvider/MediaProvider.apk!/lib/x86:/system/lib:/vendor/lib for namespace 0xad457090
12-11 19:19:37.258  7668  7823 W PlayMovies: UnpinContentCleanerImpl.cleanUp:13 Start clean up task with reason 2
12-11 19:19:37.258  7668  7823 W PlayMovies: 
12-11 19:19:37.263  7668  7823 W PlayMovies: UnpinContentCleanerImpl.startCleanUp:18 Start cleanup unpinned content
12-11 19:19:37.263  7668  7823 W PlayMovies: 
12-11 19:19:37.277  7668  7823 W PlayMovies: UnpinContentCleanerImpl.startCleanUp:26 Done cleanup unpinned content: removed 0 files
12-11 19:19:37.277  7668  7823 W PlayMovies: 
12-11 19:19:37.427  7703  7703 I Finsky  : [1] com.google.android.finsky.splitinstallservice.du.a(10): Connecting InstallListener to SplitInstallService broadcaster...
12-11 19:19:37.629  2640  3046 I CheckinRequestProcessor: updateCheckinIdTokenFileFromResponse, Reading existing AID
12-11 19:19:37.632  2640  3046 I CheckinRequestProcessor: CheckinNowTaskTag : Checkin Succeeded: https://android.googleapis.com/checkin (fragment #1): 
