12-11 19:19:34.715  2064  3049 W GLSUser : [DeviceKeyStore] Cannot load key: Device key file not found.
12-11 19:19:34.716  2064  3049 W GLSUser : [DeviceKeyStore] Cannot load key: Device key file not found.
12-11 19:19:34.758  1354  1377 W audio_hw_generic: Hardware backing HAL too slow, could only write 0 of 720 frames
12-11 19:19:34.761  7405  7405 D MonkeyStub: translateCommand: press KEYCODE_HOME
12-11 19:19:34.768  1653  1687 I ActivityManager: START u0 {act=android.intent.action.MAIN cat=[android.intent.category.HOME] flg=0x10200000 cmp=com.google.android.apps.nexuslauncher/.NexusLauncherActivity (has extras)} from uid 1000 on display 0
12-11 19:19:34.773  1354  1377 W audio_hw_generic: Hardware backing HAL too slow, could only write 0 of 720 frames
12-11 19:19:34.787  1354  1377 W audio_hw_generic: Hardware backing HAL too slow, could only write 0 of 720 frames
12-11 19:19:34.797  2143  5094 I ModelDownloadController: requestHotwordModelUpdate modelType-OK_HEY_GOOGLE
12-11 19:19:34.848  2143  2310 I MicroDetectionWorker: #startMicroDetector [speakerMode: 0]
12-11 19:19:34.860  2143  2310 I AudioController: Created new AudioSource
12-11 19:19:34.884  2143  2324 I MicroDataManager: Created a new hotword model for:
12-11 19:19:34.884  2143  2324 I MicroDataManager:  LOC: https://www.gstatic.com/android-search/hotword/x_google/6132a9a606e11d4fad2fe60739162a89/hotword.data SR: 16000 CC: 1
12-11 19:19:34.891  2143  2310 I MicroDetectionWorker: onReady
12-11 19:19:34.893  2143  7616 I MicroRecognitionRunner: Starting detection.
12-11 19:19:34.895  2143  2324 I MicrophoneInputStream: mic_starting  SR : 16000 CC : 16 SO : 1999
12-11 19:19:34.899  1354  7748 I AudioFlinger: AudioFlinger's thread 0xaa483d00 ready to run
12-11 19:19:34.903  2143  5094 I ModelDownloadController: We already downloaded model from given location.
12-11 19:19:34.914  2640  2650 I art     : Background partial concurrent mark sweep GC freed 22495(1378KB) AllocSpace objects, 9(168KB) LOS objects, 22% free, 13MB/17MB, paused 1.545ms total 174.447ms
12-11 19:19:34.939  2143  2324 I MicrophoneInputStream: mic_started  SR : 16000 CC : 16 SO : 1999
12-11 19:19:34.961  7668  7668 V MediaRouter: Selecting route: RouteInfo{ name=Phone, description=null, status=null, category=RouteCategory{ name=null types=ROUTE_TYPE_LIVE_AUDIO ROUTE_TYPE_LIVE_VIDEO  groupable=false }, supportedTypes=ROUTE_TYPE_LIVE_AUDIO ROUTE_TYPE_LIVE_VIDEO , presentationDisplay=null }
12-11 19:19:34.977  2143  2310 I MicroDetectionWorker: onReady
12-11 19:19:34.994  2640  7738 I TachyonSyncUtils: removeSyncAccount. Success: true
12-11 19:19:35.040  2640  5560 W Conscrypt: Could not set socket write timeout: java.net.SocketException: Socket closed
12-11 19:19:35.040  2640  5560 W Conscrypt: 	at com.google.android.gms.org.conscrypt.Platform.setSocketWriteTimeout(:com.google.android.gms@14799022@14.7.99 (040700-223214910):2)
12-11 19:19:35.040  2640  5560 W Conscrypt: 	at com.google.android.gms.org.conscrypt.ConscryptFileDescriptorSocket.setSoWriteTimeout(:com.google.android.gms@14799022@14.7.99 (040700-223214910):2)
12-11 19:19:35.232  2640  7738 W ChimeraUtils: Non Chimera context
12-11 19:19:35.259  1360  1386 I WVCdm   : CdmEngine::OpenSession
12-11 19:19:35.260  1360  1386 I WVCdm   : Level3 Library 4464 Sep 10 2016 21:49:53
12-11 19:19:35.265  1360  1386 W WVCdm   : Could not load liboemcrypto.so. Falling back to L3.  dlopen failed: library "liboemcrypto.so" not found
12-11 19:19:35.286  1653  1661 I art     : Background partial concurrent mark sweep GC freed 19533(818KB) AllocSpace objects, 2(40KB) LOS objects, 22% free, 14MB/18MB, paused 1.878ms total 220.678ms
12-11 19:19:35.312  1360  1386 I WVCdm   : CdmEngine::QueryKeyControlInfo
12-11 19:19:35.317  1360  4704 I WVCdm   : CdmEngine::GenerateKeyRequest
12-11 19:19:35.336  1360  4704 D WVCdm   : PrepareKeyRequest: nonce=2979171057
12-11 19:19:35.517  2064  2945 W GLSUser : [DeviceKeyStore] Cannot load key: Device key file not found.
12-11 19:19:35.518  2064  2945 W GLSUser : [DeviceKeyStore] Cannot load key: Device key file not found.
12-11 19:19:35.536  2640  6985 I ContentMaintenance: Internal cache bytes used: 0; limit: 100000000; download size: 0
12-11 19:19:35.587  3031  3031 W Binder:3031_2: type=1400 audit(0.0:34): avc: denied { search } for name="run" dev="dm-0" ino=294914 scontext=u:r:priv_app:s0:c512,c768 tcontext=u:object_r:varrun_file:s0 tclass=dir permissive=0
12-11 19:19:35.637  3031  3031 W Binder:3031_2: type=1400 audit(0.0:35): avc: denied { read } for name="/" dev="tmpfs" ino=90 scontext=u:r:priv_app:s0:c512,c768 tcontext=u:object_r:device:s0 tclass=dir permissive=0
12-11 19:19:35.635  1360  3128 I WVCdm   : CdmEngine::CloseSession
12-11 19:19:35.637  1360  1386 I WVCdm   : CdmEngine::OpenSession
12-11 19:19:35.638  1360  1386 I WVCdm   : Level3 Library 4464 Sep 10 2016 21:49:53
12-11 19:19:35.639  1360  1386 W WVCdm   : Could not load liboemcrypto.so. Falling back to L3.  dlopen failed: library "liboemcrypto.so" not found
12-11 19:19:35.642  1360  1386 I WVCdm   : CdmEngine::QueryKeyControlInfo
12-11 19:19:35.643  1360  4704 I WVCdm   : CdmEngine::GenerateKeyRequest
12-11 19:19:35.643  1360  4704 D WVCdm   : PrepareKeyRequest: nonce=2979171057
12-11 19:19:35.683  3031  3045 D EGL_emulation: eglCreateContext: 0x9d903720: maj 3 min 0 rcv 3
12-11 19:19:35.689  3031  3045 D EGL_emulation: eglMakeCurrent: 0x9d903720: ver 3 0 (tinfo 0xa0a84950)
12-11 19:19:35.689  3031  3045 E eglCodecCommon: glUtilsParamSize: unknow param 0x00008cdf
12-11 19:19:35.690  3031  3045 E eglCodecCommon: glUtilsParamSize: unknow param 0x00008824
12-11 19:19:35.690  7527  7537 W art     : Suspending all threads took: 1.267s
12-11 19:19:35.704  7668  7752 W PlayMovies: UnpinContentCleanerImpl.cleanUp:13 Start clean up task with reason 1
12-11 19:19:35.704  7668  7752 W PlayMovies: 
12-11 19:19:35.704  7668  7752 W PlayMovies: UnpinContentCleanerImpl.startCleanUp:18 Start cleanup unpinned content
12-11 19:19:35.704  7668  7752 W PlayMovies: 
12-11 19:19:35.713  7668  7752 W PlayMovies: UnpinContentCleanerImpl.startCleanUp:26 Done cleanup unpinned content: removed 0 files
12-11 19:19:35.713  7668  7752 W PlayMovies: 
12-11 19:19:35.742  1360  3128 I WVCdm   : CdmEngine::CloseSession
12-11 19:19:35.765  3031  3045 D EGL_emulation: eglCreateContext: 0x9d903ae0: maj 3 min 0 rcv 3
12-11 19:19:35.768  3031  3045 D EGL_emulation: eglMakeCurrent: 0x9d903ae0: ver 3 0 (tinfo 0xa0a84950)
12-11 19:19:35.768  3031  3045 E eglCodecCommon: glUtilsParamSize: unknow param 0x00008cdf
12-11 19:19:35.768  3031  3045 E eglCodecCommon: glUtilsParamSize: unknow param 0x00008824
12-11 19:19:35.782  2064  7630 I GCoreUlr: WorldUpdater received intent Intent { act=com.google.android.location.reporting.ACTION_UPDATE_WORLD cmp=com.google.android.gms/com.google.android.location.reporting.service.DispatchingService (has extras) } with receiverAction com.google.android.gms.auth.GOOGLE_ACCOUNT_CHANGE
12-11 19:19:35.790  2064  7630 I GCoreUlr: Dropping 11 UserPref keys; []
12-11 19:19:35.792  2640  6985 I RealtimeCacheCleanup: Beginning Realtime garbage collection.
12-11 19:19:35.793  2640  6985 I RealtimeCacheCleanup: Finished Realtime garbage collection.
12-11 19:19:35.796  2064  7630 I GCoreUlr: Starting service, intent=Intent { act=com.google.android.location.reporting.ACTION_UPDATE_ACTIVE_STATE cmp=com.google.android.gms/com.google.android.location.reporting.service.DispatchingService (has extras) }, extras=Bundle[{source=restrictTo}]
12-11 19:19:35.803  2640  7742 W Conscrypt: Could not set socket write timeout: java.net.SocketException: Socket closed
12-11 19:19:35.803  2640  7742 W Conscrypt: 	at com.google.android.gms.org.conscrypt.Platform.setSocketWriteTimeout(:com.google.android.gms@14799022@14.7.99 (040700-223214910):2)
12-11 19:19:35.803  2640  7742 W Conscrypt: 	at com.google.android.gms.org.conscrypt.ConscryptFileDescriptorSocket.setSoWriteTimeout(:com.google.android.gms@14799022@14.7.99 (040700-223214910):2)
12-11 19:19:35.860  2640  7743 I Icing   : Usage reports ok 0, Failed Usage reports 0, indexed 0, rejected 0, imm upload true
12-11 19:19:35.899  2064  7581 E ProximityAuth: [CryptauthDevicesSyncedIntentOperation] Invalid account: ctj784@gmail.com
12-11 19:19:35.943  2143  2143 I EngineIdGenerator: Refusing EXCLUSIVE task FETCH_OPT_IN_STATUSES, it is already pending. Try again in 309 seconds.
12-11 19:19:35.991  2064  7630 I GCoreUlr: WorldUpdater:com.google.android.gms.auth.GOOGLE_ACCOUNT_CHANGE: Ensuring that reporting is stopped because of reasons: (no Google accounts)
12-11 19:19:36.001  2064  2064 E BluetoothAdapter: Bluetooth binder is null
12-11 19:19:36.041  2064  7629 E EasyUnlock: [HostValidator] Invalid account list.
12-11 19:19:36.069  2640  3046 I CheckinUtil: Classify the device as Phone.
12-11 19:19:36.082  3093  7759 I MagicTether: [HostValidator] InvalidHost. MobileData: true, Tethering: false, whitelist: false, ble: false
12-11 19:19:36.084  2640  3046 I CheckinConnFactory: Get token from PseudonymousIdApi: 150=JR3qWgsXAjHQcTJCl47U_bwtxEkPlQa29cRp4hWv2YqY2fSXSgxNuLejDOwfUUDqlAEr_PTjqMEierw8Rck--OE6EqUIGZWcT7GRrfGy2tE667MJ5putBe7RkjJTKjSK3rTGgsaOC4eypnJYCl61g-pjzJd6faq5H7Cq9iHiXEE
12-11 19:19:36.087  2640  3046 I CheckinRequestProcessor: set cookie as: NID=150=JR3qWgsXAjHQcTJCl47U_bwtxEkPlQa29cRp4hWv2YqY2fSXSgxNuLejDOwfUUDqlAEr_PTjqMEierw8Rck--OE6EqUIGZWcT7GRrfGy2tE667MJ5putBe7RkjJTKjSK3rTGgsaOC4eypnJYCl61g-pjzJd6faq5H7Cq9iHiXEE
12-11 19:19:36.101  2064  4862 I MagicTether: [HostValidator] InvalidHost. MobileData: true, Tethering: false, whitelist: false, ble: false
12-11 19:19:36.101  2640  7743 I Icing   : Usage reports ok 0, Failed Usage reports 0, indexed 0, rejected 0, imm upload true
12-11 19:19:36.112  2640  5560 W Conscrypt: Could not set socket write timeout: java.net.SocketException: Socket closed
12-11 19:19:36.113  2640  5560 W Conscrypt: 	at com.google.android.gms.org.conscrypt.Platform.setSocketWriteTimeout(:com.google.android.gms@14799022@14.7.99 (040700-223214910):2)
12-11 19:19:36.113  2640  5560 W Conscrypt: 	at com.google.android.gms.org.conscrypt.ConscryptFileDescriptorSocket.setSoWriteTimeout(:com.google.android.gms@14799022@14.7.99 (040700-223214910):2)
12-11 19:19:36.149  2640  3046 W Conscrypt: Could not set socket write timeout: java.net.SocketException: Socket closed
12-11 19:19:36.149  2640  3046 W Conscrypt: 	at com.google.android.gms.org.conscrypt.Platform.setSocketWriteTimeout(:com.google.android.gms@14799022@14.7.99 (040700-223214910):2)
12-11 19:19:36.150  2640  3046 W Conscrypt: 	at com.google.android.gms.org.conscrypt.ConscryptFileDescriptorSocket.setSoWriteTimeout(:com.google.android.gms@14799022@14.7.99 (040700-223214910):2)
12-11 19:19:36.178  2064  7630 I GCoreUlr: Unbound from all signal providers.
12-11 19:19:36.195  2064  2076 I art     : Background sticky concurrent mark sweep GC freed 26577(1726KB) AllocSpace objects, 13(476KB) LOS objects, 18% free, 12MB/15MB, paused 7.337ms total 120.493ms
12-11 19:19:36.226  2064  7739 I GCoreUlr: Successfully accounts update
12-11 19:19:36.227  2640  3046 W Conscrypt: Could not set socket write timeout: java.net.SocketException: Socket closed
12-11 19:19:36.227  2640  3046 W Conscrypt: 	at com.google.android.gms.org.conscrypt.Platform.setSocketWriteTimeout(:com.google.android.gms@14799022@14.7.99 (040700-223214910):2)
12-11 19:19:36.227  2640  3046 W Conscrypt: 	at com.google.android.gms.org.conscrypt.ConscryptFileDescriptorSocket.setSoWriteTimeout(:com.google.android.gms@14799022@14.7.99 (040700-223214910):2)
12-11 19:19:36.249  2640  7742 W Conscrypt: Could not set socket write timeout: java.net.SocketException: Socket closed
12-11 19:19:36.249  2640  7742 W Conscrypt: 	at com.google.android.gms.org.conscrypt.Platform.setSocketWriteTimeout(:com.google.android.gms@14799022@14.7.99 (040700-223214910):2)
12-11 19:19:36.249  2640  7742 W Conscrypt: 	at com.google.android.gms.org.conscrypt.ConscryptFileDescriptorSocket.setSoWriteTimeout(:com.google.android.gms@14799022@14.7.99 (040700-223214910):2)
12-11 19:19:36.311  2064  2406 W ResourceType: ResTable_typeSpec entry count inconsistent: given 19, previously 26
12-11 19:19:36.339  7703  7722 D StrictMode: StrictMode policy violation: android.os.StrictMode$StrictModeDiskReadViolation: policy=65567 violation=2
12-11 19:19:36.339  7703  7722 D StrictMode: 	at android.os.StrictMode$AndroidBlockGuardPolicy.onReadFromDisk(StrictMode.java:1293)
12-11 19:19:36.339  7703  7722 D StrictMode: 	at java.io.UnixFileSystem.checkAccess(UnixFileSystem.java:249)
12-11 19:19:36.339  7703  7722 D StrictMode: 	at java.io.File.exists(File.java:780)
12-11 19:19:36.339  7703  7722 D StrictMode: 	at android.app.ContextImpl.getDataDir(ContextImpl.java:1938)
12-11 19:19:36.339  7703  7722 D StrictMode: 	at android.app.ContextImpl.getPreferencesDir(ContextImpl.java:466)
12-11 19:19:36.339  7703  7722 D StrictMode: 	at android.app.ContextImpl.getSharedPreferencesPath(ContextImpl.java:627)
12-11 19:19:36.339  7703  7722 D StrictMode: 	at android.app.ContextImpl.getSharedPreferences(ContextImpl.java:345)
12-11 19:19:36.339  7703  7722 D StrictMode: 	at android.content.ContextWrapper.getSharedPreferences(ContextWrapper.java:164)
12-11 19:19:36.339  7703  7722 D StrictMode: 	at com.google.android.finsky.ah.f.a(SourceFile:4)
12-11 19:19:36.339  7703  7722 D StrictMode: 	at com.google.android.finsky.ah.q.a(SourceFile:5)
12-11 19:19:36.339  7703  7722 D StrictMode: 	at com.google.android.finsky.du.a.d.<init>(SourceFile:4)
12-11 19:19:36.339  7703  7722 D StrictMode: 	at com.google.android.finsky.du.a.a.d.<init>(SourceFile:1)
12-11 19:19:36.339  7703  7722 D StrictMode: 	at com.google.android.finsky.application.impl.c.K(SourceFile:1171)
12-11 19:19:36.339  7703  7722 D StrictMode: 	at com.google.android.finsky.application.a.be.a(SourceFile:5)
12-11 19:19:36.339  7703  7722 D StrictMode: 	at b.a.c.a(SourceFile:9)
12-11 19:19:36.339  7703  7722 D StrictMode: 	at com.google.android.finsky.volley.a.j.a(SourceFile:21)
12-11 19:19:36.339  7703  7722 D StrictMode: 	at b.a.c.a(SourceFile:9)
12-11 19:19:36.339  7703  7722 D StrictMode: 	at com.google.android.finsky.a.at(SourceFile:28)
12-11 19:19:36.339  7703  7722 D StrictMode: 	at com.google.android.finsky.application.impl.c.T(SourceFile:1451)
12-11 19:19:36.339  7703  7722 D StrictMode: 	at com.google.android.finsky.application.impl.c.E(SourceFile:783)
12-11 19:19:36.339  7703  7722 D StrictMode: 	at com.google.android.finsky.application.impl.c.g(SourceFile:1233)
12-11 19:19:36.339  7703  7722 D StrictMode: 	at com.google.android.finsky.application.impl.c.c(SourceFile:1224)
12-11 19:19:36.339  7703  7722 D StrictMode: 	at com.google.android.finsky.application.impl.c.bI(SourceFile:70)
12-11 19:19:36.339  7703  7722 D StrictMode: 	at com.google.android.finsky.application.impl.bq.a_(SourceFile:7)
12-11 19:19:36.339  7703  7722 D StrictMode: 	at b.b.a.f.a(SourceFile:11)
12-11 19:19:36.339  7703  7722 D StrictMode: 	at com.google.common.util.concurrent.s.a(SourceFile:5)
12-11 19:19:36.339  7703  7722 D StrictMode: 	at com.google.common.util.concurrent.r.run(SourceFile:17)
12-11 19:19:36.339  7703  7722 D StrictMode: 	at com.google.common.util.concurrent.bn.run(SourceFile:3)
12-11 19:19:36.339  7703  7722 D StrictMode: 	at com.google.android.apps.gsa.a.f.a.i.run(SourceFile:7)
12-11 19:19:36.339  7703  7722 D StrictMode: 	at java.util.concurrent.ThreadPoolExecutor.runWorker(ThreadPoolExecutor.java:1133)
12-11 19:19:36.339  7703  7722 D StrictMode: 	at java.util.concurrent.ThreadPoolExecutor$Worker.run(ThreadPoolExecutor.java:607)
12-11 19:19:36.339  7703  7722 D StrictMode: 	at com.google.android.finsky.bo.w.run(Unknown Source)
12-11 19:19:36.339  7703  7722 D StrictMode: 	at java.lang.Thread.run(Thread.java:761)
12-11 19:19:36.340  7703  7722 D StrictMode: StrictMode policy violation: android.os.StrictMode$StrictModeDiskReadViolation: policy=65567 violation=2
12-11 19:19:36.340  7703  7722 D StrictMode: 	at android.os.StrictMode$AndroidBlockGuardPolicy.onReadFromDisk(StrictMode.java:1293)
12-11 19:19:36.340  7703  7722 D StrictMode: 	at java.io.UnixFileSystem.checkAccess(UnixFileSystem.java:249)
12-11 19:19:36.340  7703  7722 D StrictMode: 	at java.io.File.exists(File.java:780)
12-11 19:19:36.340  7703  7722 D StrictMode: 	at android.app.ContextImpl.ensurePrivateDirExists(ContextImpl.java:512)
12-11 19:19:36.340  7703  7722 D StrictMode: 	at android.app.ContextImpl.getPreferencesDir(ContextImpl.java:468)
12-11 19:19:36.340  7703  7722 D StrictMode: 	at android.app.ContextImpl.getSharedPreferencesPath(ContextImpl.java:627)
12-11 19:19:36.340  7703  7722 D StrictMode: 	at android.app.ContextImpl.getSharedPreferences(ContextImpl.java:345)
12-11 19:19:36.340  7703  7722 D StrictMode: 	at android.content.ContextWrapper.getSharedPreferences(ContextWrapper.java:164)
12-11 19:19:36.340  7703  7722 D StrictMode: 	at com.google.android.finsky.ah.f.a(SourceFile:4)
12-11 19:19:36.340  7703  7722 D StrictMode: 	at com.google.android.finsky.ah.q.a(SourceFile:5)
12-11 19:19:36.340  7703  7722 D StrictMode: 	at com.google.android.finsky.du.a.d.<init>(SourceFile:4)
12-11 19:19:36.340  7703  7722 D StrictMode: 	at com.google.android.finsky.du.a.a.d.<init>(SourceFile:1)
12-11 19:19:36.340  7703  7722 D StrictMode: 	at com.google.android.finsky.application.impl.c.K(SourceFile:1171)
12-11 19:19:36.340  7703  7722 D StrictMode: 	at com.google.android.finsky.application.a.be.a(SourceFile:5)
12-11 19:19:36.340  7703  7722 D StrictMode: 	at b.a.c.a(SourceFile:9)
12-11 19:19:36.340  7703  7722 D StrictMode: 	at com.google.android.finsky.volley.a.j.a(SourceFile:21)
12-11 19:19:36.340  7703  7722 D StrictMode: 	at b.a.c.a(SourceFile:9)
12-11 19:19:36.340  7703  7722 D StrictMode: 	at com.google.android.finsky.a.at(SourceFile:28)
12-11 19:19:36.340  7703  7722 D StrictMode: 	at com.google.android.finsky.application.impl.c.T(SourceFile:1451)
12-11 19:19:36.340  7703  7722 D StrictMode: 	at com.google.android.finsky.application.impl.c.E(SourceFile:783)
12-11 19:19:36.340  7703  7722 D StrictMode: 	at com.google.android.finsky.application.impl.c.g(SourceFile:1233)
12-11 19:19:36.340  7703  7722 D StrictMode: 	at com.google.android.finsky.application.impl.c.c(SourceFile:1224)
12-11 19:19:36.340  7703  7722 D StrictMode: 	at com.google.android.finsky.application.impl.c.bI(SourceFile:70)
12-11 19:19:36.340  7703  7722 D StrictMode: 	at com.google.android.finsky.application.impl.bq.a_(SourceFile:7)
12-11 19:19:36.340  7703  7722 D StrictMode: 	at b.b.a.f.a(SourceFile:11)
12-11 19:19:36.340  7703  7722 D StrictMode: 	at com.google.common.util.concurrent.s.a(SourceFile:5)
12-11 19:19:36.340  7703  7722 D StrictMode: 	at com.google.common.util.concurrent.r.run(SourceFile:17)
12-11 19:19:36.340  7703  7722 D StrictMode: 	at com.google.common.util.concurrent.bn.run(SourceFile:3)
12-11 19:19:36.340  7703  7722 D StrictMode: 	at com.google.android.apps.gsa.a.f.a.i.run(SourceFile:7)
12-11 19:19:36.340  7703  7722 D StrictMode: 	at java.util.concurrent.ThreadPoolExecutor.runWorker(ThreadPoolExecutor.java:1133)
12-11 19:19:36.340  7703  7722 D StrictMode: 	at java.util.concurrent.ThreadPoolExecutor$Worker.run(ThreadPoolExecutor.java:607)
12-11 19:19:36.340  7703  7722 D StrictMode: 	at com.google.android.finsky.bo.w.run(Unknown Source)
12-11 19:19:36.340  7703  7722 D StrictMode: 	at java.lang.Thread.run(Thread.java:761)
12-11 19:19:36.346  7703  7722 D StrictMode: StrictMode policy violation: android.os.StrictMode$StrictModeDiskReadViolation: policy=65567 violation=2
12-11 19:19:36.346  7703  7722 D StrictMode: 	at android.os.StrictMode$AndroidBlockGuardPolicy.onReadFromDisk(StrictMode.java:1293)
12-11 19:19:36.346  7703  7722 D StrictMode: 	at android.app.SharedPreferencesImpl.awaitLoadedLocked(SharedPreferencesImpl.java:213)
12-11 19:19:36.346  7703  7722 D StrictMode: 	at android.app.SharedPreferencesImpl.contains(SharedPreferencesImpl.java:280)
12-11 19:19:36.346  7703  7722 D StrictMode: 	at com.google.android.finsky.ah.j.a(SourceFile:5)
12-11 19:19:36.346  7703  7722 D StrictMode: 	at com.google.android.finsky.ah.q.a(SourceFile:5)
12-11 19:19:36.346  7703  7722 D StrictMode: 	at com.google.android.finsky.du.a.d.<init>(SourceFile:4)
12-11 19:19:36.346  7703  7722 D StrictMode: 	at com.google.android.finsky.du.a.a.d.<init>(SourceFile:1)
12-11 19:19:36.346  7703  7722 D StrictMode: 	at com.google.android.finsky.application.impl.c.K(SourceFile:1171)
12-11 19:19:36.346  7703  7722 D StrictMode: 	at com.google.android.finsky.application.a.be.a(SourceFile:5)
12-11 19:19:36.346  7703  7722 D StrictMode: 	at b.a.c.a(SourceFile:9)
12-11 19:19:36.346  7703  7722 D StrictMode: 	at com.google.android.finsky.volley.a.j.a(SourceFile:21)
12-11 19:19:36.346  7703  7722 D StrictMode: 	at b.a.c.a(SourceFile:9)
12-11 19:19:36.346  7703  7722 D StrictMode: 	at com.google.android.finsky.a.at(SourceFile:28)
12-11 19:19:36.346  7703  7722 D StrictMode: 	at com.google.android.finsky.application.impl.c.T(SourceFile:1451)
12-11 19:19:36.346  7703  7722 D StrictMode: 	at com.google.android.finsky.application.impl.c.E(SourceFile:783)
12-11 19:19:36.346  7703  7722 D StrictMode: 	at com.google.android.finsky.application.impl.c.g(SourceFile:1233)
12-11 19:19:36.346  7703  7722 D StrictMode: 	at com.google.android.finsky.application.impl.c.c(SourceFile:1224)
12-11 19:19:36.346  7703  7722 D StrictMode: 	at com.google.android.finsky.application.impl.c.bI(SourceFile:70)
12-11 19:19:36.346  7703  7722 D StrictMode: 	at com.google.android.finsky.application.impl.bq.a_(SourceFile:7)
12-11 19:19:36.346  7703  7722 D StrictMode: 	at b.b.a.f.a(SourceFile:11)
12-11 19:19:36.346  7703  7722 D StrictMode: 	at com.google.common.util.concurrent.s.a(SourceFile:5)
12-11 19:19:36.346  7703  7722 D StrictMode: 	at com.google.common.util.concurrent.r.run(SourceFile:17)
12-11 19:19:36.346  7703  7722 D StrictMode: 	at com.google.common.util.concurrent.bn.run(SourceFile:3)
12-11 19:19:36.346  7703  7722 D StrictMode: 	at com.google.android.apps.gsa.a.f.a.i.run(SourceFile:7)
12-11 19:19:36.346  7703  7722 D StrictMode: 	at java.util.concurrent.ThreadPoolExecutor.runWorker(ThreadPoolExecutor.java:1133)
12-11 19:19:36.346  7703  7722 D StrictMode: 	at java.util.concurrent.ThreadPoolExecutor$Worker.run(ThreadPoolExecutor.java:607)
12-11 19:19:36.346  7703  7722 D StrictMode: 	at com.google.android.finsky.bo.w.run(Unknown Source)
12-11 19:19:36.346  7703  7722 D StrictMode: 	at java.lang.Thread.run(Thread.java:761)
12-11 19:19:36.351  7703  7725 I Finsky  : [329] com.google.android.finsky.du.a.j.a(5): Started reading experiment flags from file [SKocQA9EQQFTb-1gQsc5WsjVhGA].
12-11 19:19:36.367  7703  7725 I Finsky  : [329] com.google.android.finsky.du.a.j.a(39): Finished reading experiment flags from file [SKocQA9EQQFTb-1gQsc5WsjVhGA].
12-11 19:19:36.399  7703  7725 I Finsky  : [329] com.google.android.finsky.du.a.j.a(5): Started reading experiment flags from file [v6B-2IolLQRBwrwPhscSaeg04As].
12-11 19:19:36.399  7703  7725 I Finsky  : [329] com.google.android.finsky.du.a.j.a(39): Finished reading experiment flags from file [v6B-2IolLQRBwrwPhscSaeg04As].
12-11 19:19:36.426  2640  7738 E MS_RegisterService: Exception during register request.
12-11 19:19:36.426  2640  7738 E MS_RegisterService: btjw: PERMISSION_DENIED: The caller does not have permission
12-11 19:19:36.426  2640  7738 E MS_RegisterService: 	at btjs.c(:com.google.android.gms@14799022@14.7.99 (040700-223214910):3)
12-11 19:19:36.426  2640  7738 E MS_RegisterService: 	at qtc.a(:com.google.android.gms@14799022@14.7.99 (040700-223214910):85)
12-11 19:19:36.426  2640  7738 E MS_RegisterService: 	at aeej.b(:com.google.android.gms@14799022@14.7.99 (040700-223214910):7)
12-11 19:19:36.426  2640  7738 E MS_RegisterService: 	at com.google.android.libraries.matchstick.net.SilentRegisterIntentOperation.onHandleIntent(:com.google.android.gms@14799022@14.7.99 (040700-223214910):206)
12-11 19:19:36.426  2640  7738 E MS_RegisterService: 	at com.google.android.chimera.IntentOperation.onHandleIntent(:com.google.android.gms@14799022@14.7.99 (040700-223214910):2)
12-11 19:19:36.426  2640  7738 E MS_RegisterService: 	at duh.run(:com.google.android.gms@14799022@14.7.99 (040700-223214910):12)
12-11 19:19:36.426  2640  7738 E MS_RegisterService: 	at due.run(:com.google.android.gms@14799022@14.7.99 (040700-223214910):9)
12-11 19:19:36.426  2640  7738 E MS_RegisterService: 	at java.util.concurrent.ThreadPoolExecutor.runWorker(ThreadPoolExecutor.java:1133)
12-11 19:19:36.426  2640  7738 E MS_RegisterService: 	at java.util.concurrent.ThreadPoolExecutor$Worker.run(ThreadPoolExecutor.java:607)
12-11 19:19:36.426  2640  7738 E MS_RegisterService: 	at java.lang.Thread.run(Thread.java:761)
12-11 19:19:36.466  2064  7630 I GCoreUlr: DispatchingService ignoring Intent { act=android.net.wifi.WIFI_STATE_CHANGED flg=0x4000010 (has extras) } because ULR inactive
12-11 19:19:36.495  7703  7722 D StrictMode: StrictMode policy violation: android.os.StrictMode$StrictModeDiskReadViolation: policy=65567 violation=2
12-11 19:19:36.495  7703  7722 D StrictMode: 	at android.os.StrictMode$AndroidBlockGuardPolicy.onReadFromDisk(StrictMode.java:1293)
12-11 19:19:36.495  7703  7722 D StrictMode: 	at java.io.UnixFileSystem.checkAccess(UnixFileSystem.java:249)
12-11 19:19:36.495  7703  7722 D StrictMode: 	at java.io.File.exists(File.java:780)
12-11 19:19:36.495  7703  7722 D StrictMode: 	at android.app.ContextImpl.ensurePrivateDirExists(ContextImpl.java:512)
12-11 19:19:36.495  7703  7722 D StrictMode: 	at android.app.ContextImpl.getCacheDir(ContextImpl.java:584)
12-11 19:19:36.495  7703  7722 D StrictMode: 	at android.content.ContextWrapper.getCacheDir(ContextWrapper.java:253)
12-11 19:19:36.495  7703  7722 D StrictMode: 	at com.google.android.play.b.g.<init>(SourceFile:20)
12-11 19:19:36.495  7703  7722 D StrictMode: 	at com.google.android.play.b.g.<init>(SourceFile:4)
12-11 19:19:36.495  7703  7722 D StrictMode: 	at com.google.android.finsky.analytics.y.<init>(SourceFile:84)
12-11 19:19:36.495  7703  7722 D StrictMode: 	at com.google.android.finsky.application.impl.c.a(SourceFile:1215)
12-11 19:19:36.495  7703  7722 D StrictMode: 	at com.google.android.finsky.application.impl.c.c(SourceFile:1224)
12-11 19:19:36.495  7703  7722 D StrictMode: 	at com.google.android.finsky.application.impl.c.bI(SourceFile:70)
12-11 19:19:36.495  7703  7722 D StrictMode: 	at com.google.android.finsky.application.impl.bq.a_(SourceFile:7)
12-11 19:19:36.495  7703  7722 D StrictMode: 	at b.b.a.f.a(SourceFile:11)
12-11 19:19:36.495  7703  7722 D StrictMode: 	at com.google.common.util.concurrent.s.a(SourceFile:5)
12-11 19:19:36.495  7703  7722 D StrictMode: 	at com.google.common.util.concurrent.r.run(SourceFile:17)
12-11 19:19:36.495  7703  7722 D StrictMode: 	at com.google.common.util.concurrent.bn.run(SourceFile:3)
12-11 19:19:36.495  7703  7722 D StrictMode: 	at com.google.android.apps.gsa.a.f.a.i.run(SourceFile:7)
12-11 19:19:36.495  7703  7722 D StrictMode: 	at java.util.concurrent.ThreadPoolExecutor.runWorker(ThreadPoolExecutor.java:1133)
12-11 19:19:36.495  7703  7722 D StrictMode: 	at java.util.concurrent.ThreadPoolExecutor$Worker.run(ThreadPoolExecutor.java:607)
12-11 19:19:36.495  7703  7722 D StrictMode: 	at com.google.android.finsky.bo.w.run(Unknown Source)
12-11 19:19:36.495  7703  7722 D StrictMode: 	at java.lang.Thread.run(Thread.java:761)
12-11 19:19:36.499  7703  7722 D StrictMode: StrictMode policy violation: android.os.StrictMode$StrictModeDiskReadViolation: policy=65567 violation=2
12-11 19:19:36.499  7703  7722 D StrictMode: 	at android.os.StrictMode$AndroidBlockGuardPolicy.onReadFromDisk(StrictMode.java:1293)
12-11 19:19:36.499  7703  7722 D StrictMode: 	at java.io.UnixFileSystem.checkAccess(UnixFileSystem.java:249)
12-11 19:19:36.499  7703  7722 D StrictMode: 	at java.io.File.exists(File.java:780)
12-11 19:19:36.499  7703  7722 D StrictMode: 	at com.google.android.play.b.e.<init>(SourceFile:6)
12-11 19:19:36.499  7703  7722 D StrictMode: 	at com.google.android.play.b.g.<init>(SourceFile:24)
12-11 19:19:36.499  7703  7722 D StrictMode: 	at com.google.android.play.b.g.<init>(SourceFile:4)
12-11 19:19:36.499  7703  7722 D StrictMode: 	at com.google.android.finsky.analytics.y.<init>(SourceFile:84)
12-11 19:19:36.499  7703  7722 D StrictMode: 	at com.google.android.finsky.application.impl.c.a(SourceFile:1215)
12-11 19:19:36.499  7703  7722 D StrictMode: 	at com.google.android.finsky.application.impl.c.c(SourceFile:1224)
12-11 19:19:36.499  7703  7722 D StrictMode: 	at com.google.android.finsky.application.impl.c.bI(SourceFile:70)
12-11 19:19:36.499  7703  7722 D StrictMode: 	at com.google.android.finsky.application.impl.bq.a_(SourceFile:7)
12-11 19:19:36.499  7703  7722 D StrictMode: 	at b.b.a.f.a(SourceFile:11)
12-11 19:19:36.499  7703  7722 D StrictMode: 	at com.google.common.util.concurrent.s.a(SourceFile:5)
12-11 19:19:36.499  7703  7722 D StrictMode: 	at com.google.common.util.concurrent.r.run(SourceFile:17)
12-11 19:19:36.499  7703  7722 D StrictMode: 	at com.google.common.util.concurrent.bn.run(SourceFile:3)
12-11 19:19:36.499  7703  7722 D StrictMode: 	at com.google.android.apps.gsa.a.f.a.i.run(SourceFile:7)
12-11 19:19:36.499  7703  7722 D StrictMode: 	at java.util.concurrent.ThreadPoolExecutor.runWorker(ThreadPoolExecutor.java:1133)
12-11 19:19:36.499  7703  7722 D StrictMode: 	at java.util.concurrent.ThreadPoolExecutor$Worker.run(ThreadPoolExecutor.java:607)
12-11 19:19:36.499  7703  7722 D StrictMode: 	at com.google.android.finsky.bo.w.run(Unknown Source)
12-11 19:19:36.499  7703  7722 D StrictMode: 	at java.lang.Thread.run(Thread.java:761)
12-11 19:19:36.501  7703  7722 D StrictMode: StrictMode policy violation: android.os.StrictMode$StrictModeDiskReadViolation: policy=65567 violation=2
12-11 19:19:36.501  7703  7722 D StrictMode: 	at android.os.StrictMode$AndroidBlockGuardPolicy.onReadFromDisk(StrictMode.java:1293)
12-11 19:19:36.501  7703  7722 D StrictMode: 	at java.io.FileInputStream.<init>(FileInputStream.java:145)
12-11 19:19:36.501  7703  7722 D StrictMode: 	at com.google.android.play.b.e.a(SourceFile:49)
12-11 19:19:36.501  7703  7722 D StrictMode: 	at com.google.android.play.b.e.<init>(SourceFile:10)
12-11 19:19:36.501  7703  7722 D StrictMode: 	at com.google.android.play.b.g.<init>(SourceFile:24)
12-11 19:19:36.501  7703  7722 D StrictMode: 	at com.google.android.play.b.g.<init>(SourceFile:4)
12-11 19:19:36.501  7703  7722 D StrictMode: 	at com.google.android.finsky.analytics.y.<init>(SourceFile:84)
12-11 19:19:36.501  7703  7722 D StrictMode: 	at com.google.android.finsky.application.impl.c.a(SourceFile:1215)
12-11 19:19:36.501  7703  7722 D StrictMode: 	at com.google.android.finsky.application.impl.c.c(SourceFile:1224)
12-11 19:19:36.501  7703  7722 D StrictMode: 	at com.google.android.finsky.application.impl.c.bI(SourceFile:70)
12-11 19:19:36.501  7703  7722 D StrictMode: 	at com.google.android.finsky.application.impl.bq.a_(SourceFile:7)
12-11 19:19:36.501  7703  7722 D StrictMode: 	at b.b.a.f.a(SourceFile:11)
12-11 19:19:36.501  7703  7722 D StrictMode: 	at com.google.common.util.concurrent.s.a(SourceFile:5)
12-11 19:19:36.501  7703  7722 D StrictMode: 	at com.google.common.util.concurrent.r.run(SourceFile:17)
12-11 19:19:36.501  7703  7722 D StrictMode: 	at com.google.common.util.concurrent.bn.run(SourceFile:3)
12-11 19:19:36.501  7703  7722 D StrictMode: 	at com.google.android.apps.gsa.a.f.a.i.run(SourceFile:7)
12-11 19:19:36.501  7703  7722 D StrictMode: 	at java.util.concurrent.ThreadPoolExecutor.runWorker(ThreadPoolExecutor.java:1133)
12-11 19:19:36.501  7703  7722 D StrictMode: 	at java.util.concurrent.ThreadPoolExecutor$Worker.run(ThreadPoolExecutor.java:607)
12-11 19:19:36.501  7703  7722 D StrictMode: 	at com.google.android.finsky.bo.w.run(Unknown Source)
12-11 19:19:36.501  7703  7722 D StrictMode: 	at java.lang.Thread.run(Thread.java:761)
12-11 19:19:36.504  7703  7722 D StrictMode: StrictMode policy violation: android.os.StrictMode$StrictModeDiskReadViolation: policy=65567 violation=2
12-11 19:19:36.504  7703  7722 D StrictMode: 	at android.os.StrictMode$AndroidBlockGuardPolicy.onReadFromDisk(StrictMode.java:1293)
12-11 19:19:36.504  7703  7722 D StrictMode: 	at java.io.UnixFileSystem.getLength(UnixFileSystem.java:263)
12-11 19:19:36.504  7703  7722 D StrictMode: 	at java.io.File.length(File.java:910)
12-11 19:19:36.504  7703  7722 D StrictMode: 	at com.google.android.play.b.e.a(SourceFile:50)
12-11 19:19:36.504  7703  7722 D StrictMode: 	at com.google.android.play.b.e.<init>(SourceFile:10)
12-11 19:19:36.504  7703  7722 D StrictMode: 	at com.google.android.play.b.g.<init>(SourceFile:24)
12-11 19:19:36.504  7703  7722 D StrictMode: 	at com.google.android.play.b.g.<init>(SourceFile:4)
12-11 19:19:36.504  7703  7722 D StrictMode: 	at com.google.android.finsky.analytics.y.<init>(SourceFile:84)
12-11 19:19:36.504  7703  7722 D StrictMode: 	at com.google.android.finsky.application.impl.c.a(SourceFile:1215)
12-11 19:19:36.504  7703  7722 D StrictMode: 	at com.google.android.finsky.application.impl.c.c(SourceFile:1224)
12-11 19:19:36.504  7703  7722 D StrictMode: 	at com.google.android.finsky.application.impl.c.bI(SourceFile:70)
12-11 19:19:36.504  7703  7722 D StrictMode: 	at com.google.android.finsky.application.impl.bq.a_(SourceFile:7)
12-11 19:19:36.504  7703  7722 D StrictMode: 	at b.b.a.f.a(SourceFile:11)
12-11 19:19:36.504  7703  7722 D StrictMode: 	at com.google.common.util.concurrent.s.a(SourceFile:5)
12-11 19:19:36.504  7703  7722 D StrictMode: 	at com.google.common.util.concurrent.r.run(SourceFile:17)
12-11 19:19:36.504  7703  7722 D StrictMode: 	at com.google.common.util.concurrent.bn.run(SourceFile:3)
12-11 19:19:36.504  7703  7722 D StrictMode: 	at com.google.android.apps.gsa.a.f.a.i.run(SourceFile:7)
12-11 19:19:36.504  7703  7722 D StrictMode: 	at java.util.concurrent.ThreadPoolExecutor.runWorker(ThreadPoolExecutor.java:1133)
12-11 19:19:36.504  7703  7722 D StrictMode: 	at java.util.concurrent.ThreadPoolExecutor$Worker.run(ThreadPoolExecutor.java:607)
12-11 19:19:36.504  7703  7722 D StrictMode: 	at com.google.android.finsky.bo.w.run(Unknown Source)
12-11 19:19:36.504  7703  7722 D StrictMode: 	at java.lang.Thread.run(Thread.java:761)
12-11 19:19:36.504  7703  7722 D StrictMode: StrictMode policy violation: android.os.StrictMode$StrictModeDiskReadViolation: policy=65567 violation=2
12-11 19:19:36.504  7703  7722 D StrictMode: 	at android.os.StrictMode$AndroidBlockGuardPolicy.onReadFromDisk(StrictMode.java:1293)
12-11 19:19:36.504  7703  7722 D StrictMode: 	at libcore.io.BlockGuardOs.read(BlockGuardOs.java:230)
12-11 19:19:36.504  7703  7722 D StrictMode: 	at libcore.io.IoBridge.read(IoBridge.java:471)
12-11 19:19:36.504  7703  7722 D StrictMode: 	at java.io.FileInputStream.read(FileInputStream.java:252)
12-11 19:19:36.504  7703  7722 D StrictMode: 	at com.google.android.play.b.e.a(SourceFile:52)
12-11 19:19:36.504  7703  7722 D StrictMode: 	at com.google.android.play.b.e.<init>(SourceFile:10)
12-11 19:19:36.504  7703  7722 D StrictMode: 	at com.google.android.play.b.g.<init>(SourceFile:24)
12-11 19:19:36.504  7703  7722 D StrictMode: 	at com.google.android.play.b.g.<init>(SourceFile:4)
12-11 19:19:36.504  7703  7722 D StrictMode: 	at com.google.android.finsky.analytics.y.<init>(SourceFile:84)
12-11 19:19:36.504  7703  7722 D StrictMode: 	at com.google.android.finsky.application.impl.c.a(SourceFile:1215)
12-11 19:19:36.504  7703  7722 D StrictMode: 	at com.google.android.finsky.application.impl.c.c(SourceFile:1224)
12-11 19:19:36.504  7703  7722 D StrictMode: 	at com.google.android.finsky.application.impl.c.bI(SourceFile:70)
12-11 19:19:36.504  7703  7722 D StrictMode: 	at com.google.android.finsky.application.impl.bq.a_(SourceFile:7)
12-11 19:19:36.504  7703  7722 D StrictMode: 	at b.b.a.f.a(SourceFile:11)
12-11 19:19:36.504  7703  7722 D StrictMode: 	at com.google.common.util.concurrent.s.a(SourceFile:5)
12-11 19:19:36.504  7703  7722 D StrictMode: 	at com.google.common.util.concurrent.r.run(SourceFile:17)
12-11 19:19:36.504  7703  7722 D StrictMode: 	at com.google.common.util.concurrent.bn.run(SourceFile:3)
12-11 19:19:36.504  7703  7722 D StrictMode: 	at com.google.android.apps.gsa.a.f.a.i.run(SourceFile:7)
12-11 19:19:36.504  7703  7722 D StrictMode: 	at java.util.concurrent.ThreadPoolExecutor.runWorker(ThreadPoolExecutor.java:1133)
12-11 19:19:36.504  7703  7722 D StrictMode: 	at java.util.concurrent.ThreadPoolExecutor$Worker.run(ThreadPoolExecutor.java:607)
12-11 19:19:36.504  7703  7722 D StrictMode: 	at com.google.android.finsky.bo.w.run(Unknown Source)
12-11 19:19:36.504  7703  7722 D StrictMode: 	at java.lang.Thread.run(Thread.java:761)
12-11 19:19:36.506  7703  7722 D StrictMode: StrictMode policy violation: android.os.StrictMode$StrictModeDiskReadViolation: policy=65567 violation=2
12-11 19:19:36.506  7703  7722 D StrictMode: 	at android.os.StrictMode$AndroidBlockGuardPolicy.onReadFromDisk(StrictMode.java:1293)
12-11 19:19:36.506  7703  7722 D StrictMode: 	at java.io.FileInputStream.<init>(FileInputStream.java:145)
12-11 19:19:36.506  7703  7722 D StrictMode: 	at com.google.android.play.b.e.a(SourceFile:49)
12-11 19:19:36.506  7703  7722 D StrictMode: 	at com.google.android.play.b.e.<init>(SourceFile:13)
12-11 19:19:36.506  7703  7722 D StrictMode: 	at com.google.android.play.b.g.<init>(SourceFile:24)
12-11 19:19:36.506  7703  7722 D StrictMode: 	at com.google.android.play.b.g.<init>(SourceFile:4)
12-11 19:19:36.506  7703  7722 D StrictMode: 	at com.google.android.finsky.analytics.y.<init>(SourceFile:84)
12-11 19:19:36.506  7703  7722 D StrictMode: 	at com.google.android.finsky.application.impl.c.a(SourceFile:1215)
12-11 19:19:36.506  7703  7722 D StrictMode: 	at com.google.android.finsky.application.impl.c.c(SourceFile:1224)
12-11 19:19:36.506  7703  7722 D StrictMode: 	at com.google.android.finsky.application.impl.c.bI(SourceFile:70)
12-11 19:19:36.506  7703  7722 D StrictMode: 	at com.google.android.finsky.application.impl.bq.a_(SourceFile:7)
12-11 19:19:36.506  7703  7722 D StrictMode: 	at b.b.a.f.a(SourceFile:11)
12-11 19:19:36.506  7703  7722 D StrictMode: 	at com.google.common.util.concurrent.s.a(SourceFile:5)
12-11 19:19:36.506  7703  7722 D StrictMode: 	at com.google.common.util.concurrent.r.run(SourceFile:17)
12-11 19:19:36.506  7703  7722 D StrictMode: 	at com.google.common.util.concurrent.bn.run(SourceFile:3)
12-11 19:19:36.506  7703  7722 D StrictMode: 	at com.google.android.apps.gsa.a.f.a.i.run(SourceFile:7)
12-11 19:19:36.506  7703  7722 D StrictMode: 	at java.util.concurrent.ThreadPoolExecutor.runWorker(ThreadPoolExecutor.java:1133)
12-11 19:19:36.506  7703  7722 D StrictMode: 	at java.util.concurrent.ThreadPoolExecutor$Worker.run(ThreadPoolExecutor.java:607)
12-11 19:19:36.506  7703  7722 D StrictMode: 	at com.google.android.finsky.bo.w.run(Unknown Source)
12-11 19:19:36.506  7703  7722 D StrictMode: 	at java.lang.Thread.run(Thread.java:761)
12-11 19:19:36.514  2064  7630 I GCoreUlr: DispatchingService.updateActiveState+restrictTo: Ensuring that reporting is stopped because of reasons: (no Google accounts)
12-11 19:19:36.518  7703  7722 D StrictMode: StrictMode policy violation: android.os.StrictMode$StrictModeDiskReadViolation: policy=65567 violation=2
12-11 19:19:36.518  7703  7722 D StrictMode: 	at android.os.StrictMode$AndroidBlockGuardPolicy.onReadFromDisk(StrictMode.java:1293)
12-11 19:19:36.518  7703  7722 D StrictMode: 	at java.io.UnixFileSystem.getLength(UnixFileSystem.java:263)
12-11 19:19:36.518  7703  7722 D StrictMode: 	at java.io.File.length(File.java:910)
12-11 19:19:36.518  7703  7722 D StrictMode: 	at com.google.android.play.b.e.a(SourceFile:50)
12-11 19:19:36.518  7703  7722 D StrictMode: 	at com.google.android.play.b.e.<init>(SourceFile:13)
12-11 19:19:36.518  7703  7722 D StrictMode: 	at com.google.android.play.b.g.<init>(SourceFile:24)
12-11 19:19:36.518  7703  7722 D StrictMode: 	at com.google.android.play.b.g.<init>(SourceFile:4)
12-11 19:19:36.518  7703  7722 D StrictMode: 	at com.google.android.finsky.analytics.y.<init>(SourceFile:84)
12-11 19:19:36.518  7703  7722 D StrictMode: 	at com.google.android.finsky.application.impl.c.a(SourceFile:1215)
12-11 19:19:36.518  7703  7722 D StrictMode: 	at com.google.android.finsky.application.impl.c.c(SourceFile:1224)
12-11 19:19:36.518  7703  7722 D StrictMode: 	at com.google.android.finsky.application.impl.c.bI(SourceFile:70)
12-11 19:19:36.518  7703  7722 D StrictMode: 	at com.google.android.finsky.application.impl.bq.a_(SourceFile:7)
12-11 19:19:36.518  7703  7722 D StrictMode: 	at b.b.a.f.a(SourceFile:11)
12-11 19:19:36.518  7703  7722 D StrictMode: 	at com.google.common.util.concurrent.s.a(SourceFile:5)
12-11 19:19:36.518  7703  7722 D StrictMode: 	at com.google.common.util.concurrent.r.run(SourceFile:17)
12-11 19:19:36.518  7703  7722 D StrictMode: 	at com.google.common.util.concurrent.bn.run(SourceFile:3)
12-11 19:19:36.518  7703  7722 D StrictMode: 	at com.google.android.apps.gsa.a.f.a.i.run(SourceFile:7)
12-11 19:19:36.518  7703  7722 D StrictMode: 	at java.util.concurrent.ThreadPoolExecutor.runWorker(ThreadPoolExecutor.java:1133)
12-11 19:19:36.518  7703  7722 D StrictMode: 	at java.util.concurrent.ThreadPoolExecutor$Worker.run(ThreadPoolExecutor.java:607)
12-11 19:19:36.518  7703  7722 D StrictMode: 	at com.google.android.finsky.bo.w.run(Unknown Source)
12-11 19:19:36.518  7703  7722 D StrictMode: 	at java.lang.Thread.run(Thread.java:761)
12-11 19:19:36.524  7703  7722 D StrictMode: StrictMode policy violation: android.os.StrictMode$StrictModeDiskReadViolation: policy=65567 violation=2
12-11 19:19:36.524  7703  7722 D StrictMode: 	at android.os.StrictMode$AndroidBlockGuardPolicy.onReadFromDisk(StrictMode.java:1293)
12-11 19:19:36.524  7703  7722 D StrictMode: 	at java.io.UnixFileSystem.checkAccess(UnixFileSystem.java:249)
12-11 19:19:36.524  7703  7722 D StrictMode: 	at java.io.File.exists(File.java:780)
12-11 19:19:36.524  7703  7722 D StrictMode: 	at com.google.android.play.b.r.b(SourceFile:56)
12-11 19:19:36.524  7703  7722 D StrictMode: 	at com.google.android.play.b.r.<init>(SourceFile:18)
12-11 19:19:36.524  7703  7722 D StrictMode: 	at com.google.android.play.b.g.<init>(SourceFile:81)
12-11 19:19:36.524  7703  7722 D StrictMode: 	at com.google.android.play.b.g.<init>(SourceFile:4)
12-11 19:19:36.524  7703  7722 D StrictMode: 	at com.google.android.finsky.analytics.y.<init>(SourceFile:84)
12-11 19:19:36.524  7703  7722 D StrictMode: 	at com.google.android.finsky.application.impl.c.a(SourceFile:1215)
12-11 19:19:36.524  7703  7722 D StrictMode: 	at com.google.android.finsky.application.impl.c.c(SourceFile:1224)
12-11 19:19:36.524  7703  7722 D StrictMode: 	at com.google.android.finsky.application.impl.c.bI(SourceFile:70)
12-11 19:19:36.524  7703  7722 D StrictMode: 	at com.google.android.finsky.application.impl.bq.a_(SourceFile:7)
12-11 19:19:36.524  7703  7722 D StrictMode: 	at b.b.a.f.a(SourceFile:11)
12-11 19:19:36.524  7703  7722 D StrictMode: 	at com.google.common.util.concurrent.s.a(SourceFile:5)
12-11 19:19:36.524  7703  7722 D StrictMode: 	at com.google.common.util.concurrent.r.run(SourceFile:17)
12-11 19:19:36.524  7703  7722 D StrictMode: 	at com.google.common.util.concurrent.bn.run(SourceFile:3)
12-11 19:19:36.524  7703  7722 D StrictMode: 	at com.google.android.apps.gsa.a.f.a.i.run(SourceFile:7)
12-11 19:19:36.524  7703  7722 D StrictMode: 	at java.util.concurrent.ThreadPoolExecutor.runWorker(ThreadPoolExecutor.java:1133)
12-11 19:19:36.524  7703  7722 D StrictMode: 	at java.util.concurrent.ThreadPoolExecutor$Worker.run(ThreadPoolExecutor.java:607)
12-11 19:19:36.524  7703  7722 D StrictMode: 	at com.google.android.finsky.bo.w.run(Unknown Source)
12-11 19:19:36.524  7703  7722 D StrictMode: 	at java.lang.Thread.run(Thread.java:761)
12-11 19:19:36.525  7703  7722 D StrictMode: StrictMode policy violation: android.os.StrictMode$StrictModeDiskReadViolation: policy=65567 violation=2
12-11 19:19:36.525  7703  7722 D StrictMode: 	at android.os.StrictMode$AndroidBlockGuardPolicy.onReadFromDisk(StrictMode.java:1293)
12-11 19:19:36.525  7703  7722 D StrictMode: 	at java.io.UnixFileSystem.checkAccess(UnixFileSystem.java:249)
12-11 19:19:36.525  7703  7722 D StrictMode: 	at java.io.File.exists(File.java:780)
12-11 19:19:36.525  7703  7722 D StrictMode: 	at java.io.File.createTempFile(File.java:1861)
12-11 19:19:36.525  7703  7722 D StrictMode: 	at com.google.android.play.b.r.b(SourceFile:59)
12-11 19:19:36.525  7703  7722 D StrictMode: 	at com.google.android.play.b.r.<init>(SourceFile:18)
12-11 19:19:36.525  7703  7722 D StrictMode: 	at com.google.android.play.b.g.<init>(SourceFile:81)
12-11 19:19:36.525  7703  7722 D StrictMode: 	at com.google.android.play.b.g.<init>(SourceFile:4)
12-11 19:19:36.525  7703  7722 D StrictMode: 	at com.google.android.finsky.analytics.y.<init>(SourceFile:84)
12-11 19:19:36.525  7703  7722 D StrictMode: 	at com.google.android.finsky.application.impl.c.a(SourceFile:1215)
12-11 19:19:36.525  7703  7722 D StrictMode: 	at com.google.android.finsky.application.impl.c.c(SourceFile:1224)
12-11 19:19:36.525  7703  7722 D StrictMode: 	at com.google.android.finsky.application.impl.c.bI(SourceFile:70)
12-11 19:19:36.525  7703  7722 D StrictMode: 	at com.google.android.finsky.application.impl.bq.a_(SourceFile:7)
12-11 19:19:36.525  7703  7722 D StrictMode: 	at b.b.a.f.a(SourceFile:11)
12-11 19:19:36.525  7703  7722 D StrictMode: 	at com.google.common.util.concurrent.s.a(SourceFile:5)
12-11 19:19:36.525  7703  7722 D StrictMode: 	at com.google.common.util.concurrent.r.run(SourceFile:17)
12-11 19:19:36.525  7703  7722 D StrictMode: 	at com.google.common.util.concurrent.bn.run(SourceFile:3)
12-11 19:19:36.525  7703  7722 D StrictMode: 	at com.google.android.apps.gsa.a.f.a.i.run(SourceFile:7)
12-11 19:19:36.525  7703  7722 D StrictMode: 	at java.util.concurrent.ThreadPoolExecutor.runWorker(ThreadPoolExecutor.java:1133)
12-11 19:19:36.525  7703  7722 D StrictMode: 	at java.util.concurrent.ThreadPoolExecutor$Worker.run(ThreadPoolExecutor.java:607)
12-11 19:19:36.525  7703  7722 D StrictMode: 	at com.google.android.finsky.bo.w.run(Unknown Source)
12-11 19:19:36.525  7703  7722 D StrictMode: 	at java.lang.Thread.run(Thread.java:761)
12-11 19:19:36.527  7703  7722 D StrictMode: StrictMode policy violation: android.os.StrictMode$StrictModeDiskWriteViolation: policy=65567 violation=1
12-11 19:19:36.527  7703  7722 D StrictMode: 	at android.os.StrictMode$AndroidBlockGuardPolicy.onWriteToDisk(StrictMode.java:1253)
12-11 19:19:36.527  7703  7722 D StrictMode: 	at java.io.UnixFileSystem.createFileExclusively(UnixFileSystem.java:279)
12-11 19:19:36.527  7703  7722 D StrictMode: 	at java.io.File.createNewFile(File.java:948)
12-11 19:19:36.527  7703  7722 D StrictMode: 	at java.io.File.createTempFile(File.java:1862)
12-11 19:19:36.527  7703  7722 D StrictMode: 	at com.google.android.play.b.r.b(SourceFile:59)
12-11 19:19:36.527  7703  7722 D StrictMode: 	at com.google.android.play.b.r.<init>(SourceFile:18)
12-11 19:19:36.527  7703  7722 D StrictMode: 	at com.google.android.play.b.g.<init>(SourceFile:81)
12-11 19:19:36.527  7703  7722 D StrictMode: 	at com.google.android.play.b.g.<init>(SourceFile:4)
12-11 19:19:36.527  7703  7722 D StrictMode: 	at com.google.android.finsky.analytics.y.<init>(SourceFile:84)
12-11 19:19:36.527  7703  7722 D StrictMode: 	at com.google.android.finsky.application.impl.c.a(SourceFile:1215)
12-11 19:19:36.527  7703  7722 D StrictMode: 	at com.google.android.finsky.application.impl.c.c(SourceFile:1224)
12-11 19:19:36.527  7703  7722 D StrictMode: 	at com.google.android.finsky.application.impl.c.bI(SourceFile:70)
12-11 19:19:36.527  7703  7722 D StrictMode: 	at com.google.android.finsky.application.impl.bq.a_(SourceFile:7)
12-11 19:19:36.527  7703  7722 D StrictMode: 	at b.b.a.f.a(SourceFile:11)
12-11 19:19:36.527  7703  7722 D StrictMode: 	at com.google.common.util.concurrent.s.a(SourceFile:5)
12-11 19:19:36.527  7703  7722 D StrictMode: 	at com.google.common.util.concurrent.r.run(SourceFile:17)
12-11 19:19:36.527  7703  7722 D StrictMode: 	at com.google.common.util.concurrent.bn.run(SourceFile:3)
12-11 19:19:36.527  7703  7722 D StrictMode: 	at com.google.android.apps.gsa.a.f.a.i.run(SourceFile:7)
12-11 19:19:36.527  7703  7722 D StrictMode: 	at java.util.concurrent.ThreadPoolExecutor.runWorker(ThreadPoolExecutor.java:1133)
12-11 19:19:36.527  7703  7722 D StrictMode: 	at java.util.concurrent.ThreadPoolExecutor$Worker.run(ThreadPoolExecutor.java:607)
12-11 19:19:36.527  7703  7722 D StrictMode: 	at com.google.android.finsky.bo.w.run(Unknown Source)
12-11 19:19:36.527  7703  7722 D StrictMode: 	at java.lang.Thread.run(Thread.java:761)
12-11 19:19:36.530  7703  7722 D StrictMode: StrictMode policy violation: android.os.StrictMode$StrictModeDiskWriteViolation: policy=65567 violation=1
12-11 19:19:36.530  7703  7722 D StrictMode: 	at android.os.StrictMode$AndroidBlockGuardPolicy.onWriteToDisk(StrictMode.java:1253)
12-11 19:19:36.530  7703  7722 D StrictMode: 	at java.io.FileOutputStream.<init>(FileOutputStream.java:220)
12-11 19:19:36.530  7703  7722 D StrictMode: 	at java.io.FileOutputStream.<init>(FileOutputStream.java:169)
12-11 19:19:36.530  7703  7722 D StrictMode: 	at com.google.android.play.b.r.b(SourceFile:60)
12-11 19:19:36.530  7703  7722 D StrictMode: 	at com.google.android.play.b.r.<init>(SourceFile:18)
12-11 19:19:36.530  7703  7722 D StrictMode: 	at com.google.android.play.b.g.<init>(SourceFile:81)
12-11 19:19:36.530  7703  7722 D StrictMode: 	at com.google.android.play.b.g.<init>(SourceFile:4)
12-11 19:19:36.530  7703  7722 D StrictMode: 	at com.google.android.finsky.analytics.y.<init>(SourceFile:84)
