--------- beginning of main
12-11 19:18:57.514  7405  7405 D AndroidRuntime: >>>>>> START com.android.internal.os.RuntimeInit uid 2000 <<<<<<
12-11 19:18:57.517  7405  7405 D AndroidRuntime: CheckJNI is ON
12-11 19:18:57.559  7405  7405 W art     : Unexpected CPU variant for X86 using defaults: x86
12-11 19:18:57.563  7405  7405 D ICU     : No timezone override file found: /data/misc/zoneinfo/current/icu/icu_tzdata.dat
12-11 19:18:57.587  7405  7405 E memtrack: Couldn't load memtrack module (No such file or directory)
12-11 19:18:57.587  7405  7405 E android.os.Debug: failed to load memtrack module: -2
12-11 19:18:57.589  7405  7405 I Radio-JNI: register_android_hardware_Radio DONE
12-11 19:18:57.599  7405  7405 D AndroidRuntime: Calling main entry com.android.commands.monkey.Monkey
--------- beginning of system
12-11 19:18:57.659  1653  1666 W BroadcastQueue: Skipping deliver [background] BroadcastRecord{b2891ae u-1 android.net.conn.CONNECTIVITY_CHANGE} to ReceiverList{73d3b4f 7405 (unknown name)/2000/u-1 remote:bc75bb0}: process crashing
12-11 19:18:59.250  7405  7405 D MonkeyStub: translateCommand: wake
12-11 19:18:59.256  7405  7405 D MonkeyStub: translateCommand: press KEYCODE_HOME
12-11 19:18:59.265  1653  1687 I ActivityManager: START u0 {act=android.intent.action.MAIN cat=[android.intent.category.HOME] flg=0x10200000 cmp=com.google.android.apps.nexuslauncher/.NexusLauncherActivity (has extras)} from uid 1000 on display 0
12-11 19:18:59.294  1311  1897 D gralloc_ranchu: gralloc_alloc: Creating ashmem region of size 2691072
12-11 19:18:59.340  6003  6262 D EGL_emulation: eglMakeCurrent: 0xad005900: ver 3 0 (tinfo 0xad0039d0)
12-11 19:18:59.447  2143  2310 W SearchServiceCore: Abort, client detached.
12-11 19:18:59.456  2143  2310 W SessionLifecycleManager: Handover failed. Creating new session controller.
12-11 19:18:59.492  2143  2310 W ThreadPoolDumper: Queue length for executor EventBus is now 11. Perhaps some tasks are too long, or the pool is too small.
12-11 19:18:59.500  2143  5094 I OptInChecker: Sidekick thinks 1 is Eligible = true
12-11 19:18:59.500  2143  5094 I OptInChecker: Sidekick thinks 2 is Eligible = true
12-11 19:18:59.500  2143  5094 I OptInChecker: Sidekick thinks 4 is Eligible = true
12-11 19:18:59.501  2143  5094 I OptInChecker: Sidekick thinks 5 is Eligible = true
12-11 19:18:59.501  2143  5094 I OptInChecker: Sidekick thinks 6 is Eligible = true
12-11 19:18:59.501  2143  5094 I OptInChecker: Sidekick thinks 7 is Eligible = true
12-11 19:18:59.501  2143  5094 I OptInChecker: Sidekick thinks 8 is Eligible = true
12-11 19:18:59.501  2143  5094 I OptInChecker: Sidekick thinks 9 is Eligible = true
12-11 19:18:59.501  2143  5094 I OptInChecker: Sidekick thinks 11 is Eligible = true
12-11 19:18:59.501  2143  5094 I OptInChecker: Sidekick thinks 12 is Eligible = true
12-11 19:18:59.501  2143  5094 I OptInChecker: UDC thinks - Setting = LOCATION_HISTORY_AND_REPORTING, Eligibility = ELIGIBLE
12-11 19:18:59.501  2143  5094 I OptInChecker: Using UDC cache for Setting: LOCATION_HISTORY_AND_REPORTING
12-11 19:18:59.502  2143  5094 I OptInChecker: UDC Setting = LOCATION_HISTORY_AND_REPORTING, optedIn = false
12-11 19:18:59.503  2143  4853 W LocationOracle: No location history returned by ContextManager
12-11 19:18:59.585  2143  2281 D EGL_emulation: eglMakeCurrent: 0x9d9708a0: ver 3 0 (tinfo 0xa9330390)
12-11 19:18:59.590  2143  2310 I MicroDetectionWorker: #startMicroDetector [speakerMode: 0]
12-11 19:18:59.596  2143  2310 I AudioController: Created new AudioSource
12-11 19:18:59.611  2143  2324 I MicroDataManager: Created a new hotword model for:
12-11 19:18:59.611  2143  2324 I MicroDataManager:  LOC: https://www.gstatic.com/android-search/hotword/x_google/6132a9a606e11d4fad2fe60739162a89/hotword.data SR: 16000 CC: 1
12-11 19:18:59.613  2143  2310 I MicroDetectionWorker: onReady
12-11 19:18:59.618  2143  5121 I MicroRecognitionRunner: Starting detection.
12-11 19:18:59.619  2143  2324 I MicrophoneInputStream: mic_starting  SR : 16000 CC : 16 SO : 1999
12-11 19:18:59.621  1354  7419 I AudioFlinger: AudioFlinger's thread 0xaa583500 ready to run
12-11 19:18:59.644  2143  2324 I MicrophoneInputStream: mic_started  SR : 16000 CC : 16 SO : 1999
12-11 19:18:59.648  2143  2155 I art     : Background sticky concurrent mark sweep GC freed 17351(911KB) AllocSpace objects, 0(0B) LOS objects, 6% free, 13MB/14MB, paused 5.530ms total 28.239ms
12-11 19:18:59.670  2143  2310 I MicroDetectionWorker: onReady
12-11 19:19:00.041  1653  1673 I Choreographer: Skipped 34 frames!  The application may be doing too much work on its main thread.
12-11 19:19:00.122  1653  3798 I GnssLocationProvider: WakeLock acquired by sendMessage(3, 0, com.android.server.location.GnssLocationProvider$GpsRequest@abb56d3)
12-11 19:19:00.150  1653  1665 I GnssLocationProvider: WakeLock released by handleMessage(3, 0, com.android.server.location.GnssLocationProvider$GpsRequest@abb56d3)
12-11 19:19:00.183  2064  6823 W ctxmgr  : [AclManager]No 3 for (accnt=account#-517948760#, com.google.android.gms(10013):UserVelocityProducer, vrsn=14799022, 0, 3pPkg = null ,  3pMdlId = null ,  pid = 2064). Was: 3 for 1, account#-517948760#
12-11 19:19:00.194  2104  2157 D EGL_emulation: eglMakeCurrent: 0x9f797d60: ver 3 0 (tinfo 0x8f9d9100)
12-11 19:19:00.415  2064  6823 E ctxmgr  : [ProducerStatusImpl]updateStateForNewContextData: inactive, contextName=7
12-11 19:19:00.491  2064  2064 I GeofencerStateMachine: removeGeofences: removeRequest=RemoveGeofencingRequest[REMOVE_BY_PENDING_INTENT pendingIntent=PendingIntent[creatorPackage=com.google.android.gms], packageName=null]
12-11 19:19:00.504  2064  7422 I PlaceInferenceEngine: [anon] Changed inference mode: 0
12-11 19:19:00.513  2064  2064 I GeofencerStateMachine: removeGeofences: removeRequest=RemoveGeofencingRequest[REMOVE_BY_PENDING_INTENT pendingIntent=PendingIntent[creatorPackage=com.google.android.gms], packageName=null]
12-11 19:19:00.566  2064  6823 E ctxmgr  : [ProducerStatusImpl]updateStateForNewContextData: inactive, contextName=1
12-11 19:19:00.624  2104  2157 W OpenGLRenderer: Incorrectly called buildLayer on View: ShortcutAndWidgetContainer, destroying layer...
12-11 19:19:00.666  2064  7422 I Places  : ?: PlacesBleScanner start() with priority 2
12-11 19:19:00.667  2064  7422 I PlaceInferenceEngine: [anon] Changed inference mode: 1
12-11 19:19:00.686  2064  2064 E BeaconBle: Missing BluetoothAdapter
12-11 19:19:00.689  2064  2064 I BeaconBle: BLE 'KK+' software access layer enabled
12-11 19:19:00.693  2064  7422 I Places  : Converted 0 out of 1 WiFi scans
12-11 19:19:00.713  2064  7422 I PlaceInferenceEngine: [anon] Changed inference mode: 1
12-11 19:19:00.718  2064  2064 I BeaconBle: Client requested scan, settings=BleSettings [scanMode=ZERO_POWER, callbackType=ALL_MATCHES, reportDelayMillis=0, 1 filters, 0 clients, callingClientName=Places]
12-11 19:19:00.721  2064  2064 I BeaconBle: Scan : No clients left, canceling alarm.
12-11 19:19:00.722  2064  2064 E BeaconBle: Scan couldn't start for Places
12-11 19:19:00.724  2064  2064 W Places  : BLE failure while scanning - code 5
12-11 19:19:01.010  2064  4862 I PlaceInferenceEngine: No beacon scan available - ignoring candidates.
12-11 19:19:01.262  7405  7405 D MonkeyStub: translateCommand: tap 852 1859
12-11 19:19:01.278  1354  1377 W audio_hw_generic: Not supplying enough data to HAL, expected position 50811250 , only wrote 50811120
12-11 19:19:01.284  1653  2529 I ActivityManager: START u0 {flg=0x10804000 cmp=com.android.systemui/.recents.RecentsActivity} from uid 10028 on display 0
12-11 19:19:01.308  2104  2157 D EGL_emulation: eglMakeCurrent: 0x9f797d60: ver 3 0 (tinfo 0x8f9d9100)
12-11 19:19:01.316  1733  1900 D EGL_emulation: eglMakeCurrent: 0xad0052a0: ver 3 0 (tinfo 0xad0038a0)
12-11 19:19:01.341  1653  1873 I GnssLocationProvider: WakeLock acquired by sendMessage(3, 0, com.android.server.location.GnssLocationProvider$GpsRequest@8b49234)
12-11 19:19:01.352  1653  1665 I GnssLocationProvider: WakeLock released by handleMessage(3, 0, com.android.server.location.GnssLocationProvider$GpsRequest@8b49234)
12-11 19:19:01.441  2143  2310 I MicroDetector: Keeping mic open: false
12-11 19:19:01.441  2143  6076 I DeviceStateChecker: DeviceStateChecker cancelled
12-11 19:19:01.454  2143  4870 I AudioController: internalShutdown
12-11 19:19:01.456  2143  2278 I MicroRecognitionRunner: Stopping hotword detection.
12-11 19:19:01.478  2143  4870 I MicrophoneInputStream: mic_close  SR : 16000 CC : 16 SO : 1999
12-11 19:19:01.515  2143  5121 I MicroRecognitionRunner: Detection finished
12-11 19:19:01.606  1733  1900 D EGL_emulation: eglMakeCurrent: 0xad0052a0: ver 3 0 (tinfo 0xad0038a0)
12-11 19:19:01.615  1733  1900 D EGL_emulation: eglMakeCurrent: 0xad0052a0: ver 3 0 (tinfo 0xad0038a0)
12-11 19:19:01.702  1733  1900 D EGL_emulation: eglMakeCurrent: 0xad0052a0: ver 3 0 (tinfo 0xad0038a0)
12-11 19:19:01.800  1733  1900 D EGL_emulation: eglMakeCurrent: 0xad0052a0: ver 3 0 (tinfo 0xad0038a0)
12-11 19:19:01.814  1733  1900 D EGL_emulation: eglMakeCurrent: 0xad0052a0: ver 3 0 (tinfo 0xad0038a0)
12-11 19:19:01.853  2143  2324 I PBSessionCacheImpl: Deleted sessionId[771359998684] from persistence.
12-11 19:19:01.878  2143  2310 W SearchServiceCore: Abort, client detached.
12-11 19:19:01.887  2143  2281 D EGL_emulation: eglMakeCurrent: 0x9d9708a0: ver 3 0 (tinfo 0xa9330390)
12-11 19:19:01.973  1311  1311 W SurfaceFlinger: couldn't log to binary event log: overflow.
12-11 19:19:03.272  7405  7405 D MonkeyStub: translateCommand: tap 928 147
12-11 19:19:03.521  1653  3966 I ActivityManager: Killing 6003:com.google.android.calendar/u0a34 (adj 900): remove task
12-11 19:19:03.547  1653  2530 I ActivityManager: START u0 {act=android.intent.action.MAIN cat=[android.intent.category.HOME] flg=0x10200000 cmp=com.google.android.apps.nexuslauncher/.NexusLauncherActivity} from uid 10028 on display 0
12-11 19:19:03.570  1653  1876 D GraphicsStats: Buffer count: 6
12-11 19:19:03.570  1653  2295 I WindowManager: WIN DEATH: Window{a993bdd u0 com.google.android.calendar/com.android.calendar.AllInOneCalendarActivity}
12-11 19:19:03.597  1653  1664 D ActivityManager: cleanUpApplicationRecord -- 6003
12-11 19:19:03.607  1733  1900 D EGL_emulation: eglMakeCurrent: 0xad0052a0: ver 3 0 (tinfo 0xad0038a0)
12-11 19:19:03.627  1733  1900 D EGL_emulation: eglMakeCurrent: 0xad0052a0: ver 3 0 (tinfo 0xad0038a0)
12-11 19:19:03.705  1733  1900 D EGL_emulation: eglMakeCurrent: 0xad0052a0: ver 3 0 (tinfo 0xad0038a0)
12-11 19:19:03.720  1733  1900 D OpenGLRenderer: endAllActiveAnimators on 0x8d270600 (RippleDrawable) with handle 0x8c7fc740
12-11 19:19:03.732  2143  2310 W SessionLifecycleManager: Handover failed. Creating new session controller.
12-11 19:19:03.733  2143  2281 D EGL_emulation: eglMakeCurrent: 0x9d9708a0: ver 3 0 (tinfo 0xa9330390)
12-11 19:19:03.801  2104  2157 D EGL_emulation: eglMakeCurrent: 0x9f797d60: ver 3 0 (tinfo 0x8f9d9100)
12-11 19:19:03.931  2143  2310 I MicroDetectionWorker: #startMicroDetector [speakerMode: 0]
12-11 19:19:03.933  2143  2310 I AudioController: Created new AudioSource
12-11 19:19:03.942  2143  2310 I MicroDetectionWorker: onReady
12-11 19:19:03.967  2143  6076 I MicroRecognitionRunner: Starting detection.
12-11 19:19:03.968  2143  2324 I MicrophoneInputStream: mic_starting  SR : 16000 CC : 16 SO : 1999
12-11 19:19:03.980  1354  7431 I AudioFlinger: AudioFlinger's thread 0xaa5835c0 ready to run
12-11 19:19:03.996  2143  2324 I MicrophoneInputStream: mic_started  SR : 16000 CC : 16 SO : 1999
12-11 19:19:04.008  2143  2155 I art     : Background sticky concurrent mark sweep GC freed 7230(317KB) AllocSpace objects, 0(0B) LOS objects, 0% free, 14MB/14MB, paused 6.707ms total 50.141ms
12-11 19:19:04.024  2143  2310 I MicroDetectionWorker: onReady
12-11 19:19:04.263  2104  2157 W OpenGLRenderer: Incorrectly called buildLayer on View: ShortcutAndWidgetContainer, destroying layer...
12-11 19:19:04.274  7405  7405 D MonkeyStub: translateCommand: press KEYCODE_HOME
12-11 19:19:04.282  1653  1687 I ActivityManager: START u0 {act=android.intent.action.MAIN cat=[android.intent.category.HOME] flg=0x10200000 cmp=com.google.android.apps.nexuslauncher/.NexusLauncherActivity (has extras)} from uid 1000 on display 0
12-11 19:19:04.291  1733  1900 D EGL_emulation: eglMakeCurrent: 0xad0052a0: ver 3 0 (tinfo 0xad0038a0)
12-11 19:19:06.485  1354  1378 W audio_hw_generic: Not supplying enough data to HAL, expected position 51309062 , only wrote 51060960
12-11 19:19:06.540  7434  7434 D AndroidRuntime: >>>>>> START com.android.internal.os.RuntimeInit uid 2000 <<<<<<
12-11 19:19:06.542  7434  7434 D AndroidRuntime: CheckJNI is ON
12-11 19:19:06.582  7434  7434 W art     : Unexpected CPU variant for X86 using defaults: x86
12-11 19:19:06.587  7434  7434 D ICU     : No timezone override file found: /data/misc/zoneinfo/current/icu/icu_tzdata.dat
12-11 19:19:06.610  7434  7434 E memtrack: Couldn't load memtrack module (No such file or directory)
12-11 19:19:06.610  7434  7434 E android.os.Debug: failed to load memtrack module: -2
12-11 19:19:06.611  7434  7434 I Radio-JNI: register_android_hardware_Radio DONE
12-11 19:19:06.622  7434  7434 D AndroidRuntime: Calling main entry com.android.commands.am.Am
12-11 19:19:06.631  1653  3966 I ActivityManager: START u0 {flg=0x10000000 cmp=com.android.settings/.Settings} from uid 2000 on display 0
12-11 19:19:06.647  7434  7434 D AndroidRuntime: Shutting down VM
12-11 19:19:06.658  7443  7443 W art     : Unexpected CPU variant for X86 using defaults: x86
12-11 19:19:06.666  1653  1891 I ActivityManager: Start proc 7443:com.android.settings/1000 for activity com.android.settings/.Settings
12-11 19:19:06.688  1311  1493 D gralloc_ranchu: gralloc_alloc: Creating ashmem region of size 8294400
12-11 19:19:06.700  7443  7443 W System  : ClassLoader referenced unknown path: /system/priv-app/Settings/lib/x86
12-11 19:19:06.760  2143  2310 I MicroDetector: Keeping mic open: false
12-11 19:19:06.761  2143  5121 I DeviceStateChecker: DeviceStateChecker cancelled
12-11 19:19:06.788  2104  2157 D EGL_emulation: eglMakeCurrent: 0x9f797d60: ver 3 0 (tinfo 0x8f9d9100)
12-11 19:19:06.802  2143  2281 D EGL_emulation: eglMakeCurrent: 0x9d9708a0: ver 3 0 (tinfo 0xa9330390)
12-11 19:19:06.820  2143  2278 I AudioController: internalShutdown
12-11 19:19:06.821  2143  4870 I MicroRecognitionRunner: Stopping hotword detection.
12-11 19:19:06.860  2143  2278 I MicrophoneInputStream: mic_close  SR : 16000 CC : 16 SO : 1999
12-11 19:19:06.873  2143  6076 I MicroRecognitionRunner: Detection finished
12-11 19:19:06.890  7443  7457 W System  : ClassLoader referenced unknown path: 
12-11 19:19:06.890  7443  7457 W System  : ClassLoader referenced unknown path: /system/priv-app/CellBroadcastReceiver/lib/x86
12-11 19:19:06.893  7443  7457 D ApplicationLoaders: ignored Vulkan layer search path /system/priv-app/CellBroadcastReceiver/lib/x86:/system/lib:/vendor/lib for namespace 0xad457090
12-11 19:19:06.902  2143  2278 I PBSessionCacheImpl: Deleted sessionId[771359998685] from persistence.
12-11 19:19:06.932  1653  1891 I ActivityManager: Start proc 7458:com.android.cellbroadcastreceiver/u0a4 for content provider com.android.cellbroadcastreceiver/.CellBroadcastSearchIndexableProvider
12-11 19:19:06.947  7458  7458 W art     : Unexpected CPU variant for X86 using defaults: x86
12-11 19:19:06.952  2143  2310 W SearchServiceCore: Abort, client detached.
12-11 19:19:06.984  1311  1897 E SurfaceFlinger: ro.sf.lcd_density must be defined as a build property
12-11 19:19:06.984  7458  7458 W System  : ClassLoader referenced unknown path: /system/priv-app/CellBroadcastReceiver/lib/x86
12-11 19:19:06.992  7443  7443 D         : HostConnection::get() New Host Connection established 0x9d953600, tid 7443
12-11 19:19:07.097  7443  7457 V NFC     : this device does not have NFC support
12-11 19:19:07.106  7443  7471 D         : HostConnection::get() New Host Connection established 0x9d953900, tid 7471
12-11 19:19:07.109  7443  7471 I OpenGLRenderer: Initialized EGL, version 1.4
12-11 19:19:07.109  7443  7471 D OpenGLRenderer: Swap behavior 1
12-11 19:19:07.109  7443  7471 W OpenGLRenderer: Failed to choose config with EGL_SWAP_BEHAVIOR_PRESERVED, retrying without...
12-11 19:19:07.109  7443  7471 D OpenGLRenderer: Swap behavior 0
12-11 19:19:07.131  7443  7471 D EGL_emulation: eglCreateContext: 0x9d92ce40: maj 3 min 0 rcv 3
12-11 19:19:07.136  7443  7471 D EGL_emulation: eglMakeCurrent: 0x9d92ce40: ver 3 0 (tinfo 0xa0ad1740)
12-11 19:19:07.137  7443  7471 E eglCodecCommon: glUtilsParamSize: unknow param 0x00008cdf
12-11 19:19:07.138  7443  7471 E eglCodecCommon: glUtilsParamSize: unknow param 0x00008824
12-11 19:19:07.201  7443  7471 D EGL_emulation: eglMakeCurrent: 0x9d92ce40: ver 3 0 (tinfo 0xa0ad1740)
12-11 19:19:07.209  7443  7472 W StorageManager: Could not read /sys/block/mmcblk0/size
12-11 19:19:07.209  7443  7472 W StorageManager: java.io.FileNotFoundException: /sys/block/mmcblk0/size (No such file or directory)
12-11 19:19:07.209  7443  7472 W StorageManager: 	at java.io.FileInputStream.open(Native Method)
12-11 19:19:07.209  7443  7472 W StorageManager: 	at java.io.FileInputStream.<init>(FileInputStream.java:146)
12-11 19:19:07.209  7443  7472 W StorageManager: 	at java.io.FileInputStream.<init>(FileInputStream.java:99)
12-11 19:19:07.209  7443  7472 W StorageManager: 	at android.os.storage.StorageManager.readLong(StorageManager.java:944)
12-11 19:19:07.209  7443  7472 W StorageManager: 	at android.os.storage.StorageManager.getPrimaryStorageSize(StorageManager.java:935)
12-11 19:19:07.209  7443  7472 W StorageManager: 	at com.android.settings.deviceinfo.StorageSettings$SummaryProvider.updateSummary(StorageSettings.java:510)
12-11 19:19:07.209  7443  7472 W StorageManager: 	at com.android.settings.deviceinfo.StorageSettings$SummaryProvider.setListening(StorageSettings.java:502)
12-11 19:19:07.209  7443  7472 W StorageManager: 	at com.android.settings.dashboard.SummaryLoader.setListeningW(SummaryLoader.java:192)
12-11 19:19:07.209  7443  7472 W StorageManager: 	at com.android.settings.dashboard.SummaryLoader.-wrap2(SummaryLoader.java)
12-11 19:19:07.209  7443  7472 W StorageManager: 	at com.android.settings.dashboard.SummaryLoader$Worker.handleMessage(SummaryLoader.java:253)
12-11 19:19:07.209  7443  7472 W StorageManager: 	at android.os.Handler.dispatchMessage(Handler.java:102)
12-11 19:19:07.209  7443  7472 W StorageManager: 	at android.os.Looper.loop(Looper.java:154)
12-11 19:19:07.209  7443  7472 W StorageManager: 	at android.os.HandlerThread.run(HandlerThread.java:61)
12-11 19:19:07.210  7443  7472 W StorageManager: Could not read /sys/block/sda/size
12-11 19:19:07.210  7443  7472 W StorageManager: java.io.FileNotFoundException: /sys/block/sda/size (No such file or directory)
12-11 19:19:07.210  7443  7472 W StorageManager: 	at java.io.FileInputStream.open(Native Method)
12-11 19:19:07.210  7443  7472 W StorageManager: 	at java.io.FileInputStream.<init>(FileInputStream.java:146)
12-11 19:19:07.210  7443  7472 W StorageManager: 	at java.io.FileInputStream.<init>(FileInputStream.java:99)
12-11 19:19:07.210  7443  7472 W StorageManager: 	at android.os.storage.StorageManager.readLong(StorageManager.java:944)
12-11 19:19:07.210  7443  7472 W StorageManager: 	at android.os.storage.StorageManager.getPrimaryStorageSize(StorageManager.java:935)
12-11 19:19:07.210  7443  7472 W StorageManager: 	at com.android.settings.deviceinfo.StorageSettings$SummaryProvider.updateSummary(StorageSettings.java:510)
12-11 19:19:07.210  7443  7472 W StorageManager: 	at com.android.settings.deviceinfo.StorageSettings$SummaryProvider.setListening(StorageSettings.java:502)
12-11 19:19:07.210  7443  7472 W StorageManager: 	at com.android.settings.dashboard.SummaryLoader.setListeningW(SummaryLoader.java:192)
12-11 19:19:07.210  7443  7472 W StorageManager: 	at com.android.settings.dashboard.SummaryLoader.-wrap2(SummaryLoader.java)
12-11 19:19:07.210  7443  7472 W StorageManager: 	at com.android.settings.dashboard.SummaryLoader$Worker.handleMessage(SummaryLoader.java:253)
12-11 19:19:07.210  7443  7472 W StorageManager: 	at android.os.Handler.dispatchMessage(Handler.java:102)
12-11 19:19:07.210  7443  7472 W StorageManager: 	at android.os.Looper.loop(Looper.java:154)
12-11 19:19:07.210  7443  7472 W StorageManager: 	at android.os.HandlerThread.run(HandlerThread.java:61)
12-11 19:19:07.241  7443  7475 I IndexDatabaseHelper: Using schema version: 115
12-11 19:19:07.241  7443  7475 I IndexDatabaseHelper: Index is fine
12-11 19:19:07.244  7443  7475 D Index   : Locale 'en_US' is already indexed
12-11 19:19:07.260  7443  7475 D Index   : Indexing locale 'en_US' took 13 millis
12-11 19:19:07.270  1653  2295 I ProcessStatsService: Added stats: 2018-12-07-20-38-13, over +1h30m20s10ms
12-11 19:19:07.323  7443  7475 D Index   : Indexing locale 'en_US' took 34 millis
12-11 19:19:07.337  7443  7472 W ProcStatsManager: No process android.process.media/10011 for service com.android.providers.media.MediaScannerService
12-11 19:19:07.337  7443  7472 W ProcStatsManager: No process com.google.android.onetimeinitializer/10016 for service com.google.android.onetimeinitializer.OneTimeService
12-11 19:19:07.337  7443  7472 W ProcStatsManager: No process android.process.media/10011 for service com.android.providers.downloads.DownloadJobService
12-11 19:19:07.337  7443  7472 W ProcStatsManager: No process com.android.vending:instant_app_installer/10021 for service com.google.android.finsky.instantapps.PhenotypeUpdateService
12-11 19:19:07.343  7443  7472 W ProcStatsManager: No process com.android.vending:instant_app_installer/10021 for service com.google.android.finsky.instantapps.statussync.StatusSyncService
12-11 19:19:07.343  7443  7472 W ProcStatsManager: No process com.android.vending:instant_app_installer/10021 for service com.google.android.finsky.instantapps.metrics.LogFlushJob
12-11 19:19:07.343  7443  7472 W ProcStatsManager: No process com.android.vending:instant_app_installer/10021 for service com.google.android.finsky.instantapps.hint.AppPreloadHygieneService
12-11 19:19:07.343  7443  7472 W ProcStatsManager: No process com.google.android.gm/10068 for service com.google.android.gm.provider.MailSyncAdapterService
12-11 19:19:07.343  7443  7472 W ProcStatsManager: No process com.google.android.gm/10068 for service com.google.android.gm.GoogleMailSwitchService
12-11 19:19:07.348  7443  7472 W ProcStatsManager: No process com.google.android.gm/10068 for service com.android.mail.widget.BaseGmailWidgetProviderService
12-11 19:19:07.349  7443  7472 W ProcStatsManager: No process com.google.android.gm/10068 for service com.google.android.gm.GmailIntentService
12-11 19:19:07.349  7443  7472 W ProcStatsManager: No process com.google.android.gm/10068 for service com.android.email.service.EmailBroadcastProcessorService
12-11 19:19:07.350  7443  7472 W ProcStatsManager: No process com.google.android.music:main/10060 for service com.google.android.music.sync.SyncAdapterService
12-11 19:19:07.350  7443  7472 W ProcStatsManager: No process com.google.android.music:main/10060 for service com.google.android.music.playback2.MusicPlaybackService
12-11 19:19:07.350  7443  7472 W ProcStatsManager: No process com.google.android.music:main/10060 for service com.google.android.music.autocache.AutoCacheSchedulingService
12-11 19:19:07.351  7443  7472 W ProcStatsManager: No process com.google.android.music:main/10060 for service com.google.android.music.download.artwork.ArtDownloadService
12-11 19:19:07.352  7443  7472 W ProcStatsManager: No process com.google.android.music:main/10060 for service com.google.android.music.sync.google.MusicGcmTaskService
12-11 19:19:07.353  7443  7472 W ProcStatsManager: No process com.google.android.music:main/10060 for service com.google.android.music.sync.SyncAdapterService
12-11 19:19:07.353  7443  7472 W ProcStatsManager: No process com.google.android.music:main/10060 for service com.google.android.music.autocache.AutoCacheSchedulingService
12-11 19:19:07.353  7443  7472 W ProcStatsManager: No process com.google.android.music:main/10060 for service com.google.android.music.download.artwork.ArtDownloadService
12-11 19:19:07.353  7443  7472 W ProcStatsManager: No process com.google.android.music:main/10060 for service com.google.android.music.sync.google.MusicGcmTaskService
12-11 19:19:07.353  7443  7472 W ProcStatsManager: No process com.android.printspooler/10069 for service com.android.printspooler.model.PrintSpoolerService
12-11 19:19:07.353  7443  7472 W ProcStatsManager: No process com.google.android.apps.docs/10044 for service com.google.android.apps.docs.sync.syncadapter.DocsSyncAdapterService
12-11 19:19:07.353  7443  7472 W ProcStatsManager: No process com.android.cellbroadcastreceiver/10004 for service com.android.cellbroadcastreceiver.CellBroadcastConfigService
12-11 19:19:07.353  7443  7472 W ProcStatsManager: No process com.google.process.gapps/10051 for service com.google.android.syncadapters.contacts.delegation.DelegatorService
12-11 19:19:07.353  7443  7472 W ProcStatsManager: No process com.google.process.gapps/10051 for service com.google.android.syncadapters.contacts.ContactsSyncAdapterIntentService
12-11 19:19:07.353  7443  7472 W ProcStatsManager: No process com.google.process.gapps/10051 for service com.google.android.syncadapters.contacts.ContactsSyncAdapterService
12-11 19:19:07.354  7443  7472 W ProcStatsManager: No process com.android.keychain/1000 for service com.android.keychain.KeyChainService
12-11 19:19:07.354  7443  7472 W ProcStatsManager: No process com.android.chrome:webview_service/10038 for service org.chromium.android_webview.services.AwVariationsSeedFetcher
12-11 19:19:07.354  7443  7472 W ProcStatsManager: No process com.android.chrome:webview_service/10038 for service org.chromium.android_webview.services.VariationsSeedServer
12-11 19:19:07.354  7443  7472 W ProcStatsManager: No process com.android.chrome/10038 for service org.chromium.chrome.browser.customtabs.CustomTabsConnectionService
12-11 19:19:07.354  7443  7472 W ProcStatsManager: No process com.android.chrome/10038 for service org.chromium.chrome.browser.invalidation.ChromeBrowserSyncAdapterService
12-11 19:19:07.354  7443  7472 W ProcStatsManager: No process com.android.dialer/10009 for service com.android.dialer.calllog.CallLogNotificationsService
12-11 19:19:07.354  7443  7472 W ProcStatsManager: No process com.android.gallery3d/10050 for service com.android.gallery3d.app.PackagesMonitor$AsyncService
12-11 19:19:07.354  7443  7472 W ProcStatsManager: No process com.google.android.packageinstaller/10017 for service com.android.packageinstaller.permission.service.RuntimePermissionPresenterServiceImpl
12-11 19:19:07.354  7443  7472 W ProcStatsManager: No process com.google.android.partnersetup/10018 for service com.google.android.partnersetup.AppInstalledService
12-11 19:19:07.354  7443  7472 W ProcStatsManager: No process com.google.android.partnersetup/10018 for service com.google.android.partnersetup.ClientIdService
12-11 19:19:07.354  7443  7472 W ProcStatsManager: No process com.google.android.partnersetup/10018 for service com.google.android.partnersetup.MccFallbackService
12-11 19:19:07.354  7443  7472 W ProcStatsManager: No process com.google.android.partnersetup/10018 for service com.google.android.partnersetup.AppHiderService
12-11 19:19:07.354  7443  7472 W ProcStatsManager: No process com.google.android.partnersetup/10018 for service com.google.android.partnersetup.RlzPingIntentService
12-11 19:19:07.354  7443  7472 W ProcStatsManager: No process com.google.android.partnersetup/10018 for service com.google.android.partnersetup.RlzPingService
12-11 19:19:07.356  7443  7472 W ProcStatsManager: No process com.google.android.partnersetup/10018 for service com.google.android.partnersetup.MccOverrideService
12-11 19:19:07.356  7443  7472 W ProcStatsManager: No process com.google.android.partnersetup/10018 for service com.google.android.partnersetup.LauncherConfigService
12-11 19:19:07.356  7443  7472 W ProcStatsManager: No process com.google.android.videos/10072 for service com.google.android.apps.play.movies.common.service.drm.RefreshLicenseTaskService
12-11 19:19:07.356  7443  7472 W ProcStatsManager: No process com.google.android.videos/10072 for service com.google.android.apps.play.movies.common.store.sync.SyncService
12-11 19:19:07.356  7443  7472 W ProcStatsManager: No process com.google.android.videos/10072 for service com.google.android.apps.play.movies.common.service.accounts.AccountsChangedTaskService
12-11 19:19:07.356  7443  7472 W ProcStatsManager: No process com.google.android.videos/10072 for service com.google.android.apps.play.movies.common.service.pinning.TransferService
12-11 19:19:07.356  7443  7472 W ProcStatsManager: No process com.google.android.videos/10072 for service com.google.android.apps.play.movies.common.service.player.logging.QoePingService
12-11 19:19:07.357  7443  7472 W ProcStatsManager: No process com.google.android.apps.photos/10066 for service com.google.android.libraries.social.notifications.service.GunsService
12-11 19:19:07.357  7443  7472 W ProcStatsManager: No process com.google.android.apps.photos/10066 for service com.google.android.apps.photos.dbprocessor.impl.DatabaseProcessorJobService
12-11 19:19:07.357  7443  7472 W ProcStatsManager: No process com.google.android.apps.photos/10066 for service com.google.android.apps.photos.registration.ReachabilityJobService
12-11 19:19:07.357  7443  7472 W ProcStatsManager: No process com.google.android.apps.photos/10066 for service com.google.android.apps.photos.jobqueue.PhotosJobQueueJobsService
12-11 19:19:07.357  7443  7472 W ProcStatsManager: No process com.google.android.apps.photos/10066 for service com.google.android.apps.photos.account.full.SyncAccountsForLoginService
12-11 19:19:07.357  7443  7472 W ProcStatsManager: No process com.google.android.apps.photos/10066 for service com.google.android.apps.photos.jobqueue.PhotosOfflineJobQueueJobsService
12-11 19:19:07.357  7443  7472 W ProcStatsManager: No process com.google.android.apps.photos/10066 for service com.google.android.libraries.social.async.BackgroundTaskService
12-11 19:19:07.357  7443  7472 W ProcStatsManager: No process com.google.android.apps.photos/10066 for service com.google.android.apps.photos.actionqueue.impl.OnlineActionJobsService
12-11 19:19:07.357  7443  7472 W ProcStatsManager: No process com.google.android.apps.photos/10066 for service com.google.android.apps.photos.metasync.periodic.MetaSyncGcoreGcmTaskService
12-11 19:19:07.357  7443  7472 W ProcStatsManager: No process com.google.android.apps.photos/10066 for service com.google.android.apps.photos.search.localclusters.trigger.LocalClusterGcoreGcmTaskService
12-11 19:19:07.357  7443  7472 W ProcStatsManager: No process com.google.android.apps.photos/10066 for service com.google.android.libraries.social.notifications.service.GunsService
12-11 19:19:07.357  7443  7472 W ProcStatsManager: No process com.google.android.apps.photos/10066 for service com.google.android.apps.photos.dbprocessor.impl.DatabaseProcessorJobService
12-11 19:19:07.357  7443  7472 W ProcStatsManager: No process com.google.android.apps.photos/10066 for service com.firebase.jobdispatcher.GooglePlayReceiver
12-11 19:19:07.357  7443  7472 W ProcStatsManager: No process com.google.android.apps.photos/10066 for service com.google.android.apps.photos.registration.ReachabilityJobService
12-11 19:19:07.357  7443  7472 W ProcStatsManager: No process com.google.android.apps.photos/10066 for service com.google.android.apps.photos.jobqueue.PhotosJobQueueJobsService
12-11 19:19:07.358  7443  7472 W ProcStatsManager: No process com.google.android.apps.photos/10066 for service com.google.android.apps.photos.account.full.SyncAccountsForLoginService
12-11 19:19:07.358  7443  7472 W ProcStatsManager: No process com.google.android.apps.photos/10066 for service com.google.android.apps.photos.jobqueue.PhotosOfflineJobQueueJobsService
12-11 19:19:07.358  7443  7472 W ProcStatsManager: No process com.google.android.apps.photos/10066 for service com.google.android.apps.photos.backup.core.PhotosBackupGcoreGcmTaskService
12-11 19:19:07.358  7443  7472 W ProcStatsManager: No process com.google.android.apps.photos/10066 for service com.google.android.libraries.social.async.BackgroundTaskService
12-11 19:19:07.358  7443  7472 W ProcStatsManager: No process com.google.android.apps.photos/10066 for service com.google.android.apps.photos.actionqueue.impl.OnlineActionJobsService
12-11 19:19:07.358  7443  7472 W ProcStatsManager: No process com.google.android.apps.photos/10066 for service com.google.android.apps.photos.metasync.periodic.MetaSyncGcoreGcmTaskService
12-11 19:19:07.358  7443  7472 W ProcStatsManager: No process com.google.android.talk/10056 for service com.google.android.apps.hangouts.concurrent.impl.ConcurrentService
12-11 19:19:07.358  7443  7472 W ProcStatsManager: No process com.google.android.talk/10056 for service com.google.android.apps.hangouts.realtimechat.RealTimeChatService
12-11 19:19:07.358  7443  7472 W ProcStatsManager: No process com.google.android.talk/10056 for service com.google.android.apps.hangouts.mergedcontacts.impl.MergeContactsService
12-11 19:19:07.358  7443  7472 W ProcStatsManager: No process com.google.android.talk/10056 for service com.google.android.apps.hangouts.concurrent.impl.GcmTriggeredNotifier
12-11 19:19:07.475  7443  7443 D DashboardSummary: onConditionsChanged
12-11 19:19:07.491  1653  1673 I ActivityManager: Displayed com.android.settings/.Settings: +844ms
12-11 19:19:07.660  1653  1698 D WifiNative-HAL: Failing getSupportedFeatureset because HAL isn't started
12-11 19:19:07.660  1653  2295 E BluetoothAdapter: Bluetooth binder is null
12-11 19:19:07.661  1653  2295 E BatteryStatsService: no controller energy info supplied
12-11 19:19:07.666  1653  2295 E KernelCpuSpeedReader: Failed to read cpu-freq: /sys/devices/system/cpu/cpu0/cpufreq/stats/time_in_state (No such file or directory)
12-11 19:19:07.667  1653  2295 E KernelUidCpuTimeReader: Failed to read uid_cputime: /proc/uid_cputime/show_uid_stat (No such file or directory)
12-11 19:19:07.667  1653  2295 E BatteryStatsService: modem info is invalid: ModemActivityInfo{ mTimestamp=0 mSleepTimeMs=0 mIdleTimeMs=0 mTxTimeMs[]=[0, 0, 0, 0, 0] mRxTimeMs=0 mEnergyUsed=0}
12-11 19:19:07.839  1311  1311 W SurfaceFlinger: couldn't log to binary event log: overflow.
12-11 19:19:10.693  7405  7405 D MonkeyStub: translateCommand: tap 1028 128
12-11 19:19:10.732  1354  1377 W audio_hw_generic: Not supplying enough data to HAL, expected position 51061251 , only wrote 51060960
12-11 19:19:10.774  7443  7457 D Index   : Suggestions query: SELECT query FROM saved_queries ORDER BY rowId DESC LIMIT 5
12-11 19:19:10.779  1354  1377 W audio_hw_generic: Hardware backing HAL too slow, could only write 0 of 720 frames
12-11 19:19:10.797  1719  1719 W InputMethodService: Window size has been changed. This may cause jankiness of resizing window: -1 -> -2
12-11 19:19:10.817  1719  1719 I LatinIME: Starting input. Cursor position = 0,0
12-11 19:19:10.822  7443  7443 W IInputConnectionWrapper: finishComposingText on inactive InputConnection
12-11 19:19:10.923  1733  1900 D EGL_emulation: eglMakeCurrent: 0xad0052a0: ver 3 0 (tinfo 0xad0038a0)
12-11 19:19:11.027  1719  3460 D EGL_emulation: eglMakeCurrent: 0x8f67e020: ver 3 0 (tinfo 0x9d969f20)
12-11 19:19:11.941  1733  1900 D EGL_emulation: eglMakeCurrent: 0xad0052a0: ver 3 0 (tinfo 0xad0038a0)
12-11 19:19:12.033  2064  7422 I Places  : ?: PlacesBleScanner stop()
12-11 19:19:12.034  2064  2064 I BeaconBle: Scan : No clients left, canceling alarm.
12-11 19:19:12.034  2064  2064 I BeaconBle: Scan canceled successfully.
12-11 19:19:12.044  2064  7422 I PlaceInferenceEngine: [anon] Changed inference mode: 0
12-11 19:19:12.076  2064  2064 I GeofencerStateMachine: removeGeofences: removeRequest=RemoveGeofencingRequest[REMOVE_BY_PENDING_INTENT pendingIntent=PendingIntent[creatorPackage=com.google.android.gms], packageName=null]
12-11 19:19:12.555  1653  2529 W AlarmManager: Window length 3074457345618258602ms suspiciously long; limiting to 1 hour
12-11 19:19:12.699  7405  7405 D MonkeyStub: translateCommand: type accounts
12-11 19:19:12.715  7443  7475 D Index   : Search primary query: SELECT data_rank, data_title, data_summary_on, data_summary_off, data_entries, data_keywords, class_name, screen_title, icon, intent_action, intent_target_package, intent_target_class, enabled, data_key_reference FROM prefs_index WHERE prefs_index MATCH 'data_title:a* OR data_title_normalized:a* OR data_keywords:a*' AND locale = 'en_US' AND enabled = 1 ORDER BY data_rank
12-11 19:19:12.718  7443  7475 D Index   : Search secondary query: SELECT data_rank, data_title, data_summary_on, data_summary_off, data_entries, data_keywords, class_name, screen_title, icon, intent_action, intent_target_package, intent_target_class, enabled, data_key_reference FROM prefs_index WHERE prefs_index MATCH 'data_summary_on:a* OR data_summary_on_normalized:a* OR data_summary_off:a* OR data_summary_off_normalized:a* OR data_entries:a*' AND locale = 'en_US' AND enabled = 1 EXCEPT SELECT data_rank, data_title, data_summary_on, data_summary_off, data_entries, data_keywords, class_name, screen_title, icon, intent_action, intent_target_package, intent_target_class, enabled, data_key_reference FROM prefs_index WHERE prefs_index MATCH 'data_title:a* OR data_title_normalized:a* OR data_keywords:a*' AND locale = 'en_US' AND enabled = 1 ORDER BY data_rank
12-11 19:19:12.769  7443  7457 D Index   : Search primary query: SELECT data_rank, data_title, data_summary_on, data_summary_off, data_entries, data_keywords, class_name, screen_title, icon, intent_action, intent_target_package, intent_target_class, enabled, data_key_reference FROM prefs_index WHERE prefs_index MATCH 'data_title:ac* OR data_title_normalized:ac* OR data_keywords:ac*' AND locale = 'en_US' AND enabled = 1 ORDER BY data_rank
12-11 19:19:12.778  7443  7457 D Index   : Search secondary query: SELECT data_rank, data_title, data_summary_on, data_summary_off, data_entries, data_keywords, class_name, screen_title, icon, intent_action, intent_target_package, intent_target_class, enabled, data_key_reference FROM prefs_index WHERE prefs_index MATCH 'data_summary_on:ac* OR data_summary_on_normalized:ac* OR data_summary_off:ac* OR data_summary_off_normalized:ac* OR data_entries:ac*' AND locale = 'en_US' AND enabled = 1 EXCEPT SELECT data_rank, data_title, data_summary_on, data_summary_off, data_entries, data_keywords, class_name, screen_title, icon, intent_action, intent_target_package, intent_target_class, enabled, data_key_reference FROM prefs_index WHERE prefs_index MATCH 'data_title:ac* OR data_title_normalized:ac* OR data_keywords:ac*' AND locale = 'en_US' AND enabled = 1 ORDER BY data_rank
12-11 19:19:12.804  7443  7475 D Index   : Search primary query: SELECT data_rank, data_title, data_summary_on, data_summary_off, data_entries, data_keywords, class_name, screen_title, icon, intent_action, intent_target_package, intent_target_class, enabled, data_key_reference FROM prefs_index WHERE prefs_index MATCH 'data_title:acc* OR data_title_normalized:acc* OR data_keywords:acc*' AND locale = 'en_US' AND enabled = 1 ORDER BY data_rank
12-11 19:19:12.808  7443  7475 D Index   : Search secondary query: SELECT data_rank, data_title, data_summary_on, data_summary_off, data_entries, data_keywords, class_name, screen_title, icon, intent_action, intent_target_package, intent_target_class, enabled, data_key_reference FROM prefs_index WHERE prefs_index MATCH 'data_summary_on:acc* OR data_summary_on_normalized:acc* OR data_summary_off:acc* OR data_summary_off_normalized:acc* OR data_entries:acc*' AND locale = 'en_US' AND enabled = 1 EXCEPT SELECT data_rank, data_title, data_summary_on, data_summary_off, data_entries, data_keywords, class_name, screen_title, icon, intent_action, intent_target_package, intent_target_class, enabled, data_key_reference FROM prefs_index WHERE prefs_index MATCH 'data_title:acc* OR data_title_normalized:acc* OR data_keywords:acc*' AND locale = 'en_US' AND enabled = 1 ORDER BY data_rank
12-11 19:19:12.844  7443  7457 D Index   : Search primary query: SELECT data_rank, data_title, data_summary_on, data_summary_off, data_entries, data_keywords, class_name, screen_title, icon, intent_action, intent_target_package, intent_target_class, enabled, data_key_reference FROM prefs_index WHERE prefs_index MATCH 'data_title:acco* OR data_title_normalized:acco* OR data_keywords:acco*' AND locale = 'en_US' AND enabled = 1 ORDER BY data_rank
12-11 19:19:12.845  7443  7457 D Index   : Search secondary query: SELECT data_rank, data_title, data_summary_on, data_summary_off, data_entries, data_keywords, class_name, screen_title, icon, intent_action, intent_target_package, intent_target_class, enabled, data_key_reference FROM prefs_index WHERE prefs_index MATCH 'data_summary_on:acco* OR data_summary_on_normalized:acco* OR data_summary_off:acco* OR data_summary_off_normalized:acco* OR data_entries:acco*' AND locale = 'en_US' AND enabled = 1 EXCEPT SELECT data_rank, data_title, data_summary_on, data_summary_off, data_entries, data_keywords, class_name, screen_title, icon, intent_action, intent_target_package, intent_target_class, enabled, data_key_reference FROM prefs_index WHERE prefs_index MATCH 'data_title:acco* OR data_title_normalized:acco* OR data_keywords:acco*' AND locale = 'en_US' AND enabled = 1 ORDER BY data_rank
12-11 19:19:12.876  7443  7475 D Index   : Search primary query: SELECT data_rank, data_title, data_summary_on, data_summary_off, data_entries, data_keywords, class_name, screen_title, icon, intent_action, intent_target_package, intent_target_class, enabled, data_key_reference FROM prefs_index WHERE prefs_index MATCH 'data_title:accou* OR data_title_normalized:accou* OR data_keywords:accou*' AND locale = 'en_US' AND enabled = 1 ORDER BY data_rank
12-11 19:19:12.878  7443  7475 D Index   : Search secondary query: SELECT data_rank, data_title, data_summary_on, data_summary_off, data_entries, data_keywords, class_name, screen_title, icon, intent_action, intent_target_package, intent_target_class, enabled, data_key_reference FROM prefs_index WHERE prefs_index MATCH 'data_summary_on:accou* OR data_summary_on_normalized:accou* OR data_summary_off:accou* OR data_summary_off_normalized:accou* OR data_entries:accou*' AND locale = 'en_US' AND enabled = 1 EXCEPT SELECT data_rank, data_title, data_summary_on, data_summary_off, data_entries, data_keywords, class_name, screen_title, icon, intent_action, intent_target_package, intent_target_class, enabled, data_key_reference FROM prefs_index WHERE prefs_index MATCH 'data_title:accou* OR data_title_normalized:accou* OR data_keywords:accou*' AND locale = 'en_US' AND enabled = 1 ORDER BY data_rank
12-11 19:19:12.913  7443  7457 D Index   : Search primary query: SELECT data_rank, data_title, data_summary_on, data_summary_off, data_entries, data_keywords, class_name, screen_title, icon, intent_action, intent_target_package, intent_target_class, enabled, data_key_reference FROM prefs_index WHERE prefs_index MATCH 'data_title:accoun* OR data_title_normalized:accoun* OR data_keywords:accoun*' AND locale = 'en_US' AND enabled = 1 ORDER BY data_rank
12-11 19:19:12.914  7443  7457 D Index   : Search secondary query: SELECT data_rank, data_title, data_summary_on, data_summary_off, data_entries, data_keywords, class_name, screen_title, icon, intent_action, intent_target_package, intent_target_class, enabled, data_key_reference FROM prefs_index WHERE prefs_index MATCH 'data_summary_on:accoun* OR data_summary_on_normalized:accoun* OR data_summary_off:accoun* OR data_summary_off_normalized:accoun* OR data_entries:accoun*' AND locale = 'en_US' AND enabled = 1 EXCEPT SELECT data_rank, data_title, data_summary_on, data_summary_off, data_entries, data_keywords, class_name, screen_title, icon, intent_action, intent_target_package, intent_target_class, enabled, data_key_reference FROM prefs_index WHERE prefs_index MATCH 'data_title:accoun* OR data_title_normalized:accoun* OR data_keywords:accoun*' AND locale = 'en_US' AND enabled = 1 ORDER BY data_rank
12-11 19:19:12.942  7443  7475 D Index   : Search primary query: SELECT data_rank, data_title, data_summary_on, data_summary_off, data_entries, data_keywords, class_name, screen_title, icon, intent_action, intent_target_package, intent_target_class, enabled, data_key_reference FROM prefs_index WHERE prefs_index MATCH 'data_title:account* OR data_title_normalized:account* OR data_keywords:account*' AND locale = 'en_US' AND enabled = 1 ORDER BY data_rank
12-11 19:19:12.944  7443  7475 D Index   : Search secondary query: SELECT data_rank, data_title, data_summary_on, data_summary_off, data_entries, data_keywords, class_name, screen_title, icon, intent_action, intent_target_package, intent_target_class, enabled, data_key_reference FROM prefs_index WHERE prefs_index MATCH 'data_summary_on:account* OR data_summary_on_normalized:account* OR data_summary_off:account* OR data_summary_off_normalized:account* OR data_entries:account*' AND locale = 'en_US' AND enabled = 1 EXCEPT SELECT data_rank, data_title, data_summary_on, data_summary_off, data_entries, data_keywords, class_name, screen_title, icon, intent_action, intent_target_package, intent_target_class, enabled, data_key_reference FROM prefs_index WHERE prefs_index MATCH 'data_title:account* OR data_title_normalized:account* OR data_keywords:account*' AND locale = 'en_US' AND enabled = 1 ORDER BY data_rank
12-11 19:19:12.961  7443  7475 D Index   : Search primary query: SELECT data_rank, data_title, data_summary_on, data_summary_off, data_entries, data_keywords, class_name, screen_title, icon, intent_action, intent_target_package, intent_target_class, enabled, data_key_reference FROM prefs_index WHERE prefs_index MATCH 'data_title:accounts* OR data_title_normalized:accounts* OR data_keywords:accounts*' AND locale = 'en_US' AND enabled = 1 ORDER BY data_rank
12-11 19:19:12.966  7443  7475 D Index   : Search secondary query: SELECT data_rank, data_title, data_summary_on, data_summary_off, data_entries, data_keywords, class_name, screen_title, icon, intent_action, intent_target_package, intent_target_class, enabled, data_key_reference FROM prefs_index WHERE prefs_index MATCH 'data_summary_on:accounts* OR data_summary_on_normalized:accounts* OR data_summary_off:accounts* OR data_summary_off_normalized:accounts* OR data_entries:accounts*' AND locale = 'en_US' AND enabled = 1 EXCEPT SELECT data_rank, data_title, data_summary_on, data_summary_off, data_entries, data_keywords, class_name, screen_title, icon, intent_action, intent_target_package, intent_target_class, enabled, data_key_reference FROM prefs_index WHERE prefs_index MATCH 'data_title:accounts* OR data_title_normalized:accounts* OR data_keywords:accounts*' AND locale = 'en_US' AND enabled = 1 ORDER BY data_rank
12-11 19:19:13.944  1354  1378 W audio_hw_generic: Not supplying enough data to HAL, expected position 51367365 , only wrote 51215040
12-11 19:19:15.932  2510  2510 I CalendarProvider2: Sending notification intent: Intent { act=android.intent.action.PROVIDER_CHANGED dat=content://com.android.calendar flg=0x20000000 }
12-11 19:19:15.932  2510  2510 W ContentResolver: Failed to get type for: content://com.android.calendar (Unknown URL content://com.android.calendar)
12-11 19:19:15.955  7485  7485 W art     : Unexpected CPU variant for X86 using defaults: x86
12-11 19:19:15.961  1653  1666 I ActivityManager: Start proc 7485:com.google.android.calendar/u0a34 for broadcast com.google.android.calendar/com.android.calendar.alerts.AlertReceiver
12-11 19:19:15.964  1653  1876 I ActivityManager: Killing 6048:com.google.android.talk/u0a56 (adj 906): empty #17
12-11 19:19:15.975  7485  7485 W System  : ClassLoader referenced unknown path: /system/app/CalendarGooglePrebuilt/lib/x86
12-11 19:19:16.017  1653  2295 D ConnectivityService: ConnectivityService NetworkRequestInfo binderDied(NetworkRequest [ LISTEN id=18, [ Capabilities: INTERNET&NOT_RESTRICTED&TRUSTED] ], android.os.BinderProxy@2eafd)
12-11 19:19:16.021  1653  2295 D ActivityManager: cleanUpApplicationRecord -- 6048
12-11 19:19:16.021  1653  1702 E ConnectivityService: RemoteException caught trying to send a callback msg for NetworkRequest [ LISTEN id=18, [ Capabilities: INTERNET&NOT_RESTRICTED&TRUSTED] ]
12-11 19:19:16.045  1653  3966 W ActivityManager: Unable to start service Intent { act=com.google.android.gms.playlog.service.START pkg=com.google.android.gms } U=0: not found
12-11 19:19:16.045  1653  1891 W ActivityManager: Unbind failed: could not find connection for android.os.BinderProxy@18553f2
12-11 19:19:16.045  7485  7485 E GmsClient: unable to connect to service: com.google.android.gms.playlog.service.START
12-11 19:19:16.078  7485  7485 W AnalyticsLogBase: PlayLogger.onLoggerFailedConnection
12-11 19:19:16.092  2640  7514 I IcingInternalCorpora: Received calendar change notification.
12-11 19:19:16.705  7405  7405 D MonkeyStub: translateCommand: tap 258 434
12-11 19:19:16.780  1653  3799 I ActivityManager: START u0 {act=android.intent.action.MAIN cmp=com.android.settings/.SubSettings (has extras)} from uid 1000 on display 0
12-11 19:19:16.785  1354  1377 W audio_hw_generic: Not supplying enough data to HAL, expected position 51215099 , only wrote 51215040
12-11 19:19:16.884  7443  7443 D SubSettings: Launching fragment com.android.settings.accounts.AccountSettings
12-11 19:19:16.984  7443  7475 D Index   : Indexing locale 'en_US' took 18 millis
12-11 19:19:17.041  2064  2064 I BeaconBle: Scan : No clients left, canceling alarm.
12-11 19:19:17.050  7443  7475 D Index   : Indexing locale 'en_US' took 19 millis
