12-11 19:17:54.869  6003  7372 W AbstractGoogleClient: Application name is not set. Call Builder#setApplicationName.
12-11 19:17:54.948  6003  7372 I CalendarSyncAdapter: Found no pending settings
12-11 19:17:54.965  2143  2143 I BgTaskExecutorImpl: Starting EXCLUSIVE background task SMARTSPACE_CALENDAR_REFRESH.
12-11 19:17:55.696  7291  7291 D MonkeyStub: translateCommand: tap 65 132
12-11 19:17:55.726  1653  1876 I ActivityManager: START u0 {act=android.intent.action.VIEW flg=0x4000000 cmp=com.google.android.calendar/com.android.calendar.AllInOneCalendarActivity (has extras)} from uid 10034 on display 0
12-11 19:17:55.770  1311  1897 D gralloc_ranchu: gralloc_alloc: Creating ashmem region of size 2691072
12-11 19:17:56.020  6003  6262 D EGL_emulation: eglMakeCurrent: 0xad005900: ver 3 0 (tinfo 0xad0039d0)
12-11 19:17:56.108  6003  6262 D EGL_emulation: eglMakeCurrent: 0xad005900: ver 3 0 (tinfo 0xad0039d0)
12-11 19:17:56.154  6003  6003 W IInputConnectionWrapper: finishComposingText on inactive InputConnection
12-11 19:17:56.174  6003  6262 D EGL_emulation: eglMakeCurrent: 0xad005900: ver 3 0 (tinfo 0xad0039d0)
12-11 19:17:56.190  6003  6262 D EGL_emulation: eglMakeCurrent: 0xad005900: ver 3 0 (tinfo 0xad0039d0)
12-11 19:17:56.222  6003  6003 D StyledCornersBitmapDrawable: Skipping invalidate.
12-11 19:17:56.254  6003  6262 D EGL_emulation: eglMakeCurrent: 0xad005900: ver 3 0 (tinfo 0xad0039d0)
12-11 19:17:56.277  6003  6262 D OpenGLRenderer: endAllActiveAnimators on 0x85228880 (RippleDrawable) with handle 0x867e37a0
12-11 19:17:56.489  6003  6003 D StyledCornersBitmapDrawable: Skipping invalidate.
12-11 19:17:58.919  1354  1378 W audio_hw_generic: Not supplying enough data to HAL, expected position 49629031 , only wrote 49237200
12-11 19:18:00.708  7291  7291 D MonkeyStub: translateCommand: tap 88 132
12-11 19:18:00.743  1354  1377 W audio_hw_generic: Not supplying enough data to HAL, expected position 49237277 , only wrote 49237200
12-11 19:18:02.712  7291  7291 D MonkeyStub: translateCommand: tap 245 769
12-11 19:18:03.147  1653  3965 I ActivityManager: START u0 {act=android.intent.action.VIEW flg=0x20030000 cmp=com.google.android.calendar/com.android.calendar.SearchActivity} from uid 10034 on display 0
12-11 19:18:03.341  1719  1719 W InputMethodService: Window size has been changed. This may cause jankiness of resizing window: -1 -> -2
12-11 19:18:03.371  1719  1719 I LatinIME: Starting input. Cursor position = 0,0
12-11 19:18:03.413  6003  6262 D EGL_emulation: eglMakeCurrent: 0xad005900: ver 3 0 (tinfo 0xad0039d0)
12-11 19:18:03.537  1653  1673 I ActivityManager: Displayed com.google.android.calendar/com.android.calendar.SearchActivity: +360ms
12-11 19:18:03.572  1733  1900 D EGL_emulation: eglMakeCurrent: 0xad0052a0: ver 3 0 (tinfo 0xad0038a0)
12-11 19:18:04.135  1719  3460 D EGL_emulation: eglMakeCurrent: 0x8f67e020: ver 3 0 (tinfo 0x9d969f20)
12-11 19:18:05.919  1354  1378 W audio_hw_generic: Not supplying enough data to HAL, expected position 49732054 , only wrote 49485600
12-11 19:18:06.717  7291  7291 D MonkeyStub: translateCommand: type work
12-11 19:18:08.724  7291  7291 D MonkeyStub: translateCommand: tap 998 1692
12-11 19:18:08.750  1653  3798 I ActivityManager: START u0 {act=android.intent.action.SEARCH flg=0x20000000 cmp=com.google.android.calendar/com.android.calendar.SearchActivity (has extras)} from uid 10034 on display 0
12-11 19:18:08.784  1719  1810 I LatinIME:LogUtils: Dictionary info: dictionary = spellcheck_userunigram.en_US ; version = 1544577488 ; date = ?
12-11 19:18:08.784  1719  1719 W InputMethodService: Window size has been changed. This may cause jankiness of resizing window: -1 -> -2
12-11 19:18:08.789  6003  6003 W IInputConnectionWrapper: finishComposingText on inactive InputConnection
12-11 19:18:08.789  6003  6003 W IInputConnectionWrapper: finishComposingText on inactive InputConnection
12-11 19:18:08.806  1719  3460 D EGL_emulation: eglMakeCurrent: 0x8f67e020: ver 3 0 (tinfo 0x9d969f20)
12-11 19:18:08.811  1719  1810 I LatinIME:LogUtils: Dictionary info: dictionary = main:en ; version = 54 ; date = 1414726273
12-11 19:18:08.863  6003  6003 D StyledCornersBitmapDrawable: Skipping invalidate.
12-11 19:18:08.866  6003  6003 D StyledCornersBitmapDrawable: Skipping invalidate.
12-11 19:18:08.899  6003  6003 D StyledCornersBitmapDrawable: Skipping invalidate.
12-11 19:18:08.901  6003  6003 D StyledCornersBitmapDrawable: Skipping invalidate.
12-11 19:18:13.753  7291  7291 D MonkeyStub: translateCommand: tap 409 445
12-11 19:18:13.775  1354  1377 W audio_hw_generic: Not supplying enough data to HAL, expected position 49485830 , only wrote 49485600
12-11 19:18:13.817  1653  3798 I ActivityManager: START u0 {act=android.intent.action.VIEW flg=0x8000 cmp=com.google.android.calendar/com.android.calendar.event.EventInfoActivity (has extras)} from uid 10034 on display 0
12-11 19:18:15.239  6003  6003 I Choreographer: Skipped 80 frames!  The application may be doing too much work on its main thread.
12-11 19:18:15.350  6003  6262 D EGL_emulation: eglMakeCurrent: 0xad005900: ver 3 0 (tinfo 0xad0039d0)
12-11 19:18:15.468  6003  6262 D EGL_emulation: eglMakeCurrent: 0xad005900: ver 3 0 (tinfo 0xad0039d0)
12-11 19:18:15.478  6003  6003 W IInputConnectionWrapper: finishComposingText on inactive InputConnection
12-11 19:18:15.561  6003  6262 D EGL_emulation: eglMakeCurrent: 0xad005900: ver 3 0 (tinfo 0xad0039d0)
12-11 19:18:15.654  6003  6262 D EGL_emulation: eglMakeCurrent: 0xad005900: ver 3 0 (tinfo 0xad0039d0)
12-11 19:18:15.671  6003  6262 D EGL_emulation: eglMakeCurrent: 0xad005900: ver 3 0 (tinfo 0xad0039d0)
12-11 19:18:15.680  1653  1673 I ActivityManager: Displayed com.google.android.calendar/com.android.calendar.event.EventInfoActivity: +1s842ms
12-11 19:18:15.686  6003  6262 D EGL_emulation: eglMakeCurrent: 0xad005900: ver 3 0 (tinfo 0xad0039d0)
12-11 19:18:15.729  1733  1900 D EGL_emulation: eglMakeCurrent: 0xad0052a0: ver 3 0 (tinfo 0xad0038a0)
12-11 19:18:16.758  7291  7291 D MonkeyStub: translateCommand: tap 893 1724
12-11 19:18:16.770  6003  6262 D EGL_emulation: eglMakeCurrent: 0xad005900: ver 3 0 (tinfo 0xad0039d0)
12-11 19:18:16.816  1311  1897 D gralloc_ranchu: gralloc_alloc: Creating ashmem region of size 2691072
12-11 19:18:16.918  6003  6262 D EGL_emulation: eglMakeCurrent: 0xad005900: ver 3 0 (tinfo 0xad0039d0)
12-11 19:18:16.934  6003  6262 D EGL_emulation: eglMakeCurrent: 0xad005900: ver 3 0 (tinfo 0xad0039d0)
12-11 19:18:16.951  6003  6262 D EGL_emulation: eglMakeCurrent: 0xad005900: ver 3 0 (tinfo 0xad0039d0)
12-11 19:18:16.959  6003  6262 D OpenGLRenderer: endAllActiveAnimators on 0x8524df00 (RippleDrawable) with handle 0x86d366c0
12-11 19:18:16.999  1653  1661 I art     : Background partial concurrent mark sweep GC freed 23014(1006KB) AllocSpace objects, 4(80KB) LOS objects, 22% free, 14MB/18MB, paused 4.765ms total 143.248ms
12-11 19:18:17.029  6003  6262 D EGL_emulation: eglMakeCurrent: 0xad005900: ver 3 0 (tinfo 0xad0039d0)
12-11 19:18:17.125  6003  6003 D StyledCornersBitmapDrawable: Skipping invalidate.
12-11 19:18:17.126  6003  6003 D StyledCornersBitmapDrawable: Skipping invalidate.
12-11 19:18:17.127  6003  6003 D StyledCornersBitmapDrawable: Skipping invalidate.
12-11 19:18:17.129  6003  6003 D StyledCornersBitmapDrawable: Skipping invalidate.
12-11 19:18:17.131  6003  6003 D StyledCornersBitmapDrawable: Skipping invalidate.
12-11 19:18:17.175  6321  6338 I Finsky  : [282] com.google.android.finsky.bo.an.run(6): Stats for Executor: Db-scheduled_acquisitions.db com.google.android.finsky.bo.ao@1bff388[Running, pool size = 0, active threads = 0, queued tasks = 0, completed tasks = 2]
12-11 19:18:17.945  2143  2143 I BgTaskExecutorImpl: Starting EXCLUSIVE background task SMARTSPACE_CALENDAR_REFRESH.
12-11 19:18:18.760  7291  7291 D MonkeyStub: translateCommand: tap 65 132
12-11 19:18:18.773  1653  3965 I ActivityManager: START u0 {act=android.intent.action.VIEW flg=0x4000000 cmp=com.google.android.calendar/com.android.calendar.AllInOneCalendarActivity (has extras)} from uid 10034 on display 0
12-11 19:18:18.814  1311  1317 D gralloc_ranchu: gralloc_alloc: Creating ashmem region of size 2691072
12-11 19:18:18.941  1653  1661 I art     : Background partial concurrent mark sweep GC freed 6863(410KB) AllocSpace objects, 8(244KB) LOS objects, 22% free, 13MB/17MB, paused 2.277ms total 107.392ms
12-11 19:18:19.042  6003  6262 D EGL_emulation: eglMakeCurrent: 0xad005900: ver 3 0 (tinfo 0xad0039d0)
12-11 19:18:19.117  6003  6262 D EGL_emulation: eglMakeCurrent: 0xad005900: ver 3 0 (tinfo 0xad0039d0)
12-11 19:18:19.187  6003  6003 W IInputConnectionWrapper: finishComposingText on inactive InputConnection
12-11 19:18:19.201  6003  6003 D StyledCornersBitmapDrawable: Skipping invalidate.
12-11 19:18:19.204  6003  6003 D StyledCornersBitmapDrawable: Skipping invalidate.
12-11 19:18:19.216  6003  6262 D EGL_emulation: eglMakeCurrent: 0xad005900: ver 3 0 (tinfo 0xad0039d0)
12-11 19:18:19.489  6003  6003 D StyledCornersBitmapDrawable: Skipping invalidate.
12-11 19:18:19.490  6003  6003 D StyledCornersBitmapDrawable: Skipping invalidate.
12-11 19:18:21.982  1354  1378 W audio_hw_generic: Not supplying enough data to HAL, expected position 50271235 , only wrote 49879440
12-11 19:18:23.768  7291  7291 D MonkeyStub: translateCommand: tap 88 132
12-11 19:18:23.796  1354  1377 W audio_hw_generic: Not supplying enough data to HAL, expected position 49879510 , only wrote 49879440
12-11 19:18:25.772  7291  7291 D MonkeyStub: translateCommand: tap 245 769
12-11 19:18:26.219  1653  1876 I ActivityManager: START u0 {act=android.intent.action.VIEW flg=0x20030000 cmp=com.google.android.calendar/com.android.calendar.SearchActivity} from uid 10034 on display 0
12-11 19:18:26.455  1719  1719 W InputMethodService: Window size has been changed. This may cause jankiness of resizing window: -1 -> -2
12-11 19:18:26.474  6003  6262 D EGL_emulation: eglMakeCurrent: 0xad005900: ver 3 0 (tinfo 0xad0039d0)
12-11 19:18:26.501  1719  1719 I LatinIME: Starting input. Cursor position = 0,0
12-11 19:18:26.589  1653  1673 I ActivityManager: Displayed com.google.android.calendar/com.android.calendar.SearchActivity: +334ms
12-11 19:18:26.638  1733  1900 D EGL_emulation: eglMakeCurrent: 0xad0052a0: ver 3 0 (tinfo 0xad0038a0)
12-11 19:18:26.769  6321  6338 I Finsky  : [282] com.google.android.finsky.bo.an.run(6): Stats for Executor: BlockingExecutor com.google.android.finsky.bo.ao@2d3d6c[Running, pool size = 0, active threads = 0, queued tasks = 0, completed tasks = 8]
12-11 19:18:26.769  6321  6338 I Finsky  : [282] com.google.android.finsky.bo.an.run(6): Stats for Executor: LightweightExecutor com.google.android.finsky.bo.ao@9823f35[Running, pool size = 2, active threads = 0, queued tasks = 0, completed tasks = 53]
12-11 19:18:27.231  1719  3460 D EGL_emulation: eglMakeCurrent: 0x8f67e020: ver 3 0 (tinfo 0x9d969f20)
12-11 19:18:27.262  6321  6338 I Finsky  : [282] com.google.android.finsky.bo.an.run(6): Stats for Executor: bgExecutor com.google.android.finsky.bo.ao@3b53fca[Running, pool size = 4, active threads = 0, queued tasks = 0, completed tasks = 15]
12-11 19:18:27.263  6321  6338 I Finsky  : [282] com.google.android.finsky.bo.an.run(6): Stats for Executor: SimChangeExecutor com.google.android.finsky.bo.ao@dd7e53b[Running, pool size = 0, active threads = 0, queued tasks = 0, completed tasks = 0]
12-11 19:18:27.429  6321  6338 I Finsky  : [282] com.google.android.finsky.bo.an.run(6): Stats for Executor: Db-xternal_referrer_status.db com.google.android.finsky.bo.ao@366c458[Running, pool size = 0, active threads = 0, queued tasks = 0, completed tasks = 0]
12-11 19:18:27.569  6321  6338 I Finsky  : [282] com.google.android.finsky.bo.an.run(6): Stats for Executor: Db-split_install_service com.google.android.finsky.bo.ao@6a499b1[Running, pool size = 0, active threads = 0, queued tasks = 0, completed tasks = 7]
12-11 19:18:27.622  6321  6338 I Finsky  : [282] com.google.android.finsky.bo.an.run(6): Stats for Executor: StorageAwareDownloadServiceManagerSpaceChecker com.google.android.finsky.bo.ao@acf8e96[Running, pool size = 0, active threads = 0, queued tasks = 0, completed tasks = 0]
12-11 19:18:27.986  6321  6338 I Finsky  : [282] com.google.android.finsky.bo.an.run(6): Stats for Executor: Db-scheduler com.google.android.finsky.bo.ao@5d59a17[Running, pool size = 0, active threads = 0, queued tasks = 0, completed tasks = 44]
12-11 19:18:28.179  6321  6338 I Finsky  : [282] com.google.android.finsky.bo.an.run(6): Stats for Executor: Db-scheduler_logging_store.db com.google.android.finsky.bo.ao@5afce04[Running, pool size = 0, active threads = 0, queued tasks = 0, completed tasks = 0]
12-11 19:18:28.987  1354  1378 W audio_hw_generic: Not supplying enough data to HAL, expected position 50375762 , only wrote 50128560
12-11 19:18:29.071  6321  6338 I Finsky  : [282] com.google.android.finsky.bo.an.run(6): Stats for Executor: InstallBackgroundThread com.google.android.finsky.bo.ao@7b81fed[Running, pool size = 0, active threads = 0, queued tasks = 0, completed tasks = 0]
12-11 19:18:29.071  6321  6338 I Finsky  : [282] com.google.android.finsky.bo.an.run(6): Stats for Executor: Db-install_service com.google.android.finsky.bo.ao@16dfe22[Running, pool size = 0, active threads = 0, queued tasks = 0, completed tasks = 0]
12-11 19:18:29.072  6321  6338 I Finsky  : [282] com.google.android.finsky.bo.an.run(6): Stats for Executor: InstallBackgroundThread com.google.android.finsky.bo.ao@f8fc0b3[Running, pool size = 0, active threads = 0, queued tasks = 0, completed tasks = 0]
12-11 19:18:29.775  7291  7291 D MonkeyStub: translateCommand: type work
12-11 19:18:31.781  7291  7291 D MonkeyStub: translateCommand: tap 998 1692
12-11 19:18:31.793  1653  1679 I ActivityManager: START u0 {act=android.intent.action.SEARCH flg=0x20000000 cmp=com.google.android.calendar/com.android.calendar.SearchActivity (has extras)} from uid 10034 on display 0
12-11 19:18:31.814  1719  1719 W InputMethodService: Window size has been changed. This may cause jankiness of resizing window: -1 -> -2
12-11 19:18:31.824  1719  3460 D EGL_emulation: eglMakeCurrent: 0x8f67e020: ver 3 0 (tinfo 0x9d969f20)
12-11 19:18:31.826  1719  1810 I LatinIME:LogUtils: Dictionary info: dictionary = spellcheck_userunigram.en_US ; version = 1544577511 ; date = ?
12-11 19:18:31.828  6003  6003 W IInputConnectionWrapper: finishComposingText on inactive InputConnection
12-11 19:18:31.828  6003  6003 W IInputConnectionWrapper: finishComposingText on inactive InputConnection
12-11 19:18:31.865  1719  1810 I LatinIME:LogUtils: Dictionary info: dictionary = main:en ; version = 54 ; date = 1414726273
12-11 19:18:31.950  6003  6003 D StyledCornersBitmapDrawable: Skipping invalidate.
12-11 19:18:31.953  6003  6003 D StyledCornersBitmapDrawable: Skipping invalidate.
12-11 19:18:31.956  6003  6003 D StyledCornersBitmapDrawable: Skipping invalidate.
12-11 19:18:31.958  6003  6003 D StyledCornersBitmapDrawable: Skipping invalidate.
12-11 19:18:31.959  6003  6003 D StyledCornersBitmapDrawable: Skipping invalidate.
12-11 19:18:36.793  7291  7291 D MonkeyStub: translateCommand: tap 409 445
12-11 19:18:36.809  1354  1377 W audio_hw_generic: Not supplying enough data to HAL, expected position 50128690 , only wrote 50128560
12-11 19:18:36.858  1653  2529 I ActivityManager: START u0 {act=android.intent.action.VIEW flg=0x8000 cmp=com.google.android.calendar/com.android.calendar.event.EventInfoActivity (has extras)} from uid 10034 on display 0
12-11 19:18:37.801  6321  6338 I Finsky  : [282] com.google.android.finsky.bo.an.run(6): Stats for Executor: VerifyAppsDataStore com.google.android.finsky.bo.ao@a5dc670[Running, pool size = 0, active threads = 0, queued tasks = 0, completed tasks = 2]
12-11 19:18:37.802  6321  6338 I Finsky  : [282] com.google.android.finsky.bo.an.run(6): Stats for Executor: Db-verify_apps.db com.google.android.finsky.bo.ao@703cde9[Running, pool size = 0, active threads = 0, queued tasks = 0, completed tasks = 1]
12-11 19:18:37.947  6321  6338 I Finsky  : [282] com.google.android.finsky.bo.an.run(6): Stats for Executor: Db-notification_cache com.google.android.finsky.bo.ao@91da6e[Running, pool size = 0, active threads = 0, queued tasks = 0, completed tasks = 2]
12-11 19:18:38.247  6003  6003 I Choreographer: Skipped 77 frames!  The application may be doing too much work on its main thread.
12-11 19:18:38.360  6003  6262 D EGL_emulation: eglMakeCurrent: 0xad005900: ver 3 0 (tinfo 0xad0039d0)
12-11 19:18:38.566  6003  6262 D EGL_emulation: eglMakeCurrent: 0xad005900: ver 3 0 (tinfo 0xad0039d0)
12-11 19:18:38.577  6003  6003 W IInputConnectionWrapper: finishComposingText on inactive InputConnection
12-11 19:18:38.637  6321  6338 I Finsky  : [282] com.google.android.finsky.bo.an.run(6): Stats for Executor: Db-auto_update.db com.google.android.finsky.bo.ao@dbbb50f[Running, pool size = 0, active threads = 0, queued tasks = 0, completed tasks = 0]
12-11 19:18:38.676  6003  6262 D EGL_emulation: eglMakeCurrent: 0xad005900: ver 3 0 (tinfo 0xad0039d0)
12-11 19:18:38.717  6321  6338 I Finsky  : [282] com.google.android.finsky.bo.an.run(6): Stats for Executor: Db-frosting.db com.google.android.finsky.bo.ao@2b0d99c[Running, pool size = 0, active threads = 0, queued tasks = 0, completed tasks = 1]
12-11 19:18:38.770  6003  6262 D EGL_emulation: eglMakeCurrent: 0xad005900: ver 3 0 (tinfo 0xad0039d0)
12-11 19:18:38.791  6003  6262 D EGL_emulation: eglMakeCurrent: 0xad005900: ver 3 0 (tinfo 0xad0039d0)
12-11 19:18:38.806  1653  1673 I ActivityManager: Displayed com.google.android.calendar/com.android.calendar.event.EventInfoActivity: +1s924ms
12-11 19:18:38.814  6003  6262 D EGL_emulation: eglMakeCurrent: 0xad005900: ver 3 0 (tinfo 0xad0039d0)
12-11 19:18:38.859  1733  1900 D EGL_emulation: eglMakeCurrent: 0xad0052a0: ver 3 0 (tinfo 0xad0038a0)
12-11 19:18:39.296  6321  6338 I Finsky  : [282] com.google.android.finsky.bo.an.run(6): Stats for Executor: Db-user_languages_store com.google.android.finsky.bo.ao@2425fa5[Running, pool size = 0, active threads = 0, queued tasks = 0, completed tasks = 1]
12-11 19:18:39.798  7291  7291 D MonkeyStub: translateCommand: tap 1008 143
12-11 19:18:39.827  6003  6262 D EGL_emulation: eglMakeCurrent: 0xad005900: ver 3 0 (tinfo 0xad0039d0)
12-11 19:18:39.981  6003  6262 D EGL_emulation: eglMakeCurrent: 0xad005900: ver 3 0 (tinfo 0xad0039d0)
12-11 19:18:40.009  6003  6262 D EGL_emulation: eglMakeCurrent: 0xad005900: ver 3 0 (tinfo 0xad0039d0)
12-11 19:18:40.025  6003  6262 D EGL_emulation: eglMakeCurrent: 0xad005900: ver 3 0 (tinfo 0xad0039d0)
12-11 19:18:40.049  6003  6262 D EGL_emulation: eglMakeCurrent: 0xad005900: ver 3 0 (tinfo 0xad0039d0)
12-11 19:18:40.098  6003  6262 D EGL_emulation: eglMakeCurrent: 0xad005900: ver 3 0 (tinfo 0xad0039d0)
12-11 19:18:40.110  6003  6262 D EGL_emulation: eglMakeCurrent: 0xad005900: ver 3 0 (tinfo 0xad0039d0)
12-11 19:18:40.124  6003  6262 D EGL_emulation: eglMakeCurrent: 0xad005900: ver 3 0 (tinfo 0xad0039d0)
12-11 19:18:40.135  6003  6262 D EGL_emulation: eglMakeCurrent: 0xad005900: ver 3 0 (tinfo 0xad0039d0)
12-11 19:18:40.152  6003  6262 D EGL_emulation: eglMakeCurrent: 0xad005900: ver 3 0 (tinfo 0xad0039d0)
12-11 19:18:40.163  6003  6262 D EGL_emulation: eglMakeCurrent: 0xad005900: ver 3 0 (tinfo 0xad0039d0)
12-11 19:18:40.180  6003  6262 D EGL_emulation: eglMakeCurrent: 0xad005900: ver 3 0 (tinfo 0xad0039d0)
12-11 19:18:40.184  6003  6262 D EGL_emulation: eglMakeCurrent: 0xad005900: ver 3 0 (tinfo 0xad0039d0)
12-11 19:18:40.192  6003  6262 D EGL_emulation: eglMakeCurrent: 0xad005900: ver 3 0 (tinfo 0xad0039d0)
12-11 19:18:40.207  6003  6262 D EGL_emulation: eglMakeCurrent: 0xad005900: ver 3 0 (tinfo 0xad0039d0)
12-11 19:18:40.219  6003  6262 D EGL_emulation: eglMakeCurrent: 0xad005900: ver 3 0 (tinfo 0xad0039d0)
12-11 19:18:40.231  6003  6262 D EGL_emulation: eglMakeCurrent: 0xad005900: ver 3 0 (tinfo 0xad0039d0)
12-11 19:18:40.242  6003  6262 D EGL_emulation: eglMakeCurrent: 0xad005900: ver 3 0 (tinfo 0xad0039d0)
12-11 19:18:40.253  6003  6262 D EGL_emulation: eglMakeCurrent: 0xad005900: ver 3 0 (tinfo 0xad0039d0)
12-11 19:18:40.272  6003  6262 D EGL_emulation: eglMakeCurrent: 0xad005900: ver 3 0 (tinfo 0xad0039d0)
12-11 19:18:40.292  6003  6262 D EGL_emulation: eglMakeCurrent: 0xad005900: ver 3 0 (tinfo 0xad0039d0)
12-11 19:18:40.464  6321  6338 I Finsky  : [282] com.google.android.finsky.bo.an.run(6): Stats for Executor: Db-scheduled_acquisitions.db com.google.android.finsky.bo.ao@e052f7a[Running, pool size = 0, active threads = 0, queued tasks = 0, completed tasks = 0]
12-11 19:18:41.619  6003  6262 D EGL_emulation: eglMakeCurrent: 0xad005900: ver 3 0 (tinfo 0xad0039d0)
12-11 19:18:41.800  7291  7291 D MonkeyStub: translateCommand: tap 667 132
12-11 19:18:41.929  6321  6338 I Finsky  : [282] com.google.android.finsky.bo.an.run(6): Stats for Executor: InstallBackgroundThread com.google.android.finsky.bo.ao@f08932b[Running, pool size = 0, active threads = 0, queued tasks = 0, completed tasks = 0]
12-11 19:18:41.931  1653  1876 W InputMethodManagerService: Window already focused, ignoring focus gain of: com.android.internal.view.IInputMethodClient$Stub$Proxy@346d0b4 attribute=null, token = android.os.BinderProxy@de78f
12-11 19:18:42.319  6003  6262 D EGL_emulation: eglMakeCurrent: 0xad005900: ver 3 0 (tinfo 0xad0039d0)
12-11 19:18:42.389  6003  6262 D EGL_emulation: eglMakeCurrent: 0xad005900: ver 3 0 (tinfo 0xad0039d0)
12-11 19:18:42.400  6003  6262 D EGL_emulation: eglMakeCurrent: 0xad005900: ver 3 0 (tinfo 0xad0039d0)
12-11 19:18:42.413  6003  6262 D EGL_emulation: eglMakeCurrent: 0xad005900: ver 3 0 (tinfo 0xad0039d0)
12-11 19:18:42.426  6003  6262 D EGL_emulation: eglMakeCurrent: 0xad005900: ver 3 0 (tinfo 0xad0039d0)
12-11 19:18:42.440  6003  6262 D EGL_emulation: eglMakeCurrent: 0xad005900: ver 3 0 (tinfo 0xad0039d0)
12-11 19:18:42.524  6003  6262 D EGL_emulation: eglMakeCurrent: 0xad005900: ver 3 0 (tinfo 0xad0039d0)
12-11 19:18:42.533  6003  6262 D OpenGLRenderer: endAllActiveAnimators on 0x850c4300 (MenuPopupWindow$MenuDropDownListView) with handle 0x8717d200
12-11 19:18:43.539  6003  6262 D EGL_emulation: eglMakeCurrent: 0xad005900: ver 3 0 (tinfo 0xad0039d0)
12-11 19:18:43.802  7291  7291 D MonkeyStub: translateCommand: tap 338 965
12-11 19:18:45.812  7291  7291 D MonkeyStub: translateCommand: tap 899 1128
12-11 19:18:45.887  6003  6262 D EGL_emulation: eglMakeCurrent: 0xad005900: ver 3 0 (tinfo 0xad0039d0)
12-11 19:18:45.912  1653  3965 W InputMethodManagerService: Window already focused, ignoring focus gain of: com.android.internal.view.IInputMethodClient$Stub$Proxy@d70f1d9 attribute=null, token = android.os.BinderProxy@de78f
12-11 19:18:45.990  6003  7389 W AbstractGoogleClient: Application name is not set. Call Builder#setApplicationName.
12-11 19:18:46.003  1311  1897 D gralloc_ranchu: gralloc_alloc: Creating ashmem region of size 2691072
12-11 19:18:46.067  6003  6262 D EGL_emulation: eglMakeCurrent: 0xad005900: ver 3 0 (tinfo 0xad0039d0)
12-11 19:18:46.193  2064  2064 W ChimeraUtils: Non Chimera context
12-11 19:18:46.212  1653  1661 I art     : Background partial concurrent mark sweep GC freed 29408(1385KB) AllocSpace objects, 9(264KB) LOS objects, 22% free, 13MB/17MB, paused 2.919ms total 176.960ms
12-11 19:18:46.506  6003  7392 W AbstractGoogleClient: Application name is not set. Call Builder#setApplicationName.
12-11 19:18:46.579  6003  7392 I CalendarSyncAdapter: Found no pending settings
12-11 19:18:46.960  2143  2143 I BgTaskExecutorImpl: Starting EXCLUSIVE background task SMARTSPACE_CALENDAR_REFRESH.
12-11 19:18:46.970  2143  2310 W SearchServiceCore: Abort, client detached.
12-11 19:18:47.816  7291  7291 D MonkeyStub: translateCommand: tap 65 132
12-11 19:18:47.842  1653  3799 I ActivityManager: START u0 {act=android.intent.action.VIEW flg=0x4000000 cmp=com.google.android.calendar/com.android.calendar.AllInOneCalendarActivity (has extras)} from uid 10034 on display 0
12-11 19:18:47.889  1311  1317 D gralloc_ranchu: gralloc_alloc: Creating ashmem region of size 2691072
12-11 19:18:48.018  1653  1661 I art     : Background partial concurrent mark sweep GC freed 17232(1003KB) AllocSpace objects, 20(732KB) LOS objects, 22% free, 13MB/17MB, paused 2.950ms total 106.292ms
12-11 19:18:48.117  6003  6262 D EGL_emulation: eglMakeCurrent: 0xad005900: ver 3 0 (tinfo 0xad0039d0)
12-11 19:18:48.201  6003  6262 D EGL_emulation: eglMakeCurrent: 0xad005900: ver 3 0 (tinfo 0xad0039d0)
12-11 19:18:48.268  6003  6003 W IInputConnectionWrapper: finishComposingText on inactive InputConnection
12-11 19:18:48.346  6003  6262 D EGL_emulation: eglMakeCurrent: 0xad005900: ver 3 0 (tinfo 0xad0039d0)
12-11 19:18:48.369  6003  6262 D OpenGLRenderer: endAllActiveAnimators on 0x86750000 (RippleDrawable) with handle 0x86d36eb0
12-11 19:18:51.030  1354  1378 W audio_hw_generic: Not supplying enough data to HAL, expected position 51491855 , only wrote 50811120
