12-11 19:19:17.095  7443  7475 D Index   : Deleting data for locale 'en_US' took 2 millis
12-11 19:19:17.100  7443  7475 D Index   : Indexing locale 'en_US' took 5 millis
12-11 19:19:17.150  2640  6985 I IcingInternalCorpora: EventIndexer: starting incremental update
12-11 19:19:17.156  2640  6985 I IcingInternalCorpora: EventIndexer: 0 added, 5 removed, 0 changed, 49 unchanged, 0 errors.
12-11 19:19:17.216  6321  6338 I Finsky  : [282] com.google.android.finsky.bo.an.run(6): Stats for Executor: Db-scheduled_acquisitions.db com.google.android.finsky.bo.ao@1bff388[Running, pool size = 0, active threads = 0, queued tasks = 0, completed tasks = 2]
12-11 19:19:17.275  2640  2640 I IcingInternalCorpora: EventIndexer: finished after 124 ms.
12-11 19:19:17.340  7443  7443 E RecyclerView: No adapter attached; skipping layout
12-11 19:19:17.477  7443  7471 D EGL_emulation: eglMakeCurrent: 0x9d92ce40: ver 3 0 (tinfo 0xa0ad1740)
12-11 19:19:17.561  7443  7471 D EGL_emulation: eglMakeCurrent: 0x9d92ce40: ver 3 0 (tinfo 0xa0ad1740)
12-11 19:19:17.644  1653  1673 I ActivityManager: Displayed com.android.settings/.SubSettings: +809ms
12-11 19:19:17.645  1733  1900 D EGL_emulation: eglMakeCurrent: 0xad0052a0: ver 3 0 (tinfo 0xad0038a0)
12-11 19:19:17.652  7443  7471 D EGL_emulation: eglMakeCurrent: 0x9d92ce40: ver 3 0 (tinfo 0xa0ad1740)
12-11 19:19:17.663  7443  7443 W IInputConnectionWrapper: finishComposingText on inactive InputConnection
12-11 19:19:17.664  1719  1719 W InputMethodService: Window size has been changed. This may cause jankiness of resizing window: -1 -> -2
12-11 19:19:17.680  1719  3460 D EGL_emulation: eglMakeCurrent: 0x8f67e020: ver 3 0 (tinfo 0x9d969f20)
12-11 19:19:17.686  1354  1377 W audio_hw_generic: Hardware backing HAL too slow, could only write 0 of 720 frames
12-11 19:19:17.698  7443  7443 W IInputConnectionWrapper: finishComposingText on inactive InputConnection
12-11 19:19:17.703  1354  1377 W audio_hw_generic: Hardware backing HAL too slow, could only write 0 of 720 frames
12-11 19:19:17.734  7443  7453 W art     : Suspending all threads took: 6.089ms
12-11 19:19:17.770  7443  7453 I art     : Background partial concurrent mark sweep GC freed 30861(2MB) AllocSpace objects, 7(344KB) LOS objects, 39% free, 6MB/10MB, paused 8.179ms total 139.567ms
12-11 19:19:18.267  2640  6985 I Icing   : Indexing com.google.android.gms-internal.3p:Event from com.google.android.gms
12-11 19:19:18.299  2640  6985 I Icing   : Indexing com.google.android.gms-internal.3p:MobileApplication from com.google.android.gms
12-11 19:19:18.306  2640  6985 I Icing   : Indexing com.google.android.gms-internal.3p:MusicRecording from com.google.android.gms
12-11 19:19:18.318  2640  6985 I Icing   : Indexing done com.google.android.gms-internal.3p:Event
12-11 19:19:18.322  2640  6985 I Icing   : Indexing done com.google.android.gms-internal.3p:MobileApplication
12-11 19:19:18.325  2640  6985 I Icing   : Indexing done com.google.android.gms-internal.3p:MusicRecording
12-11 19:19:20.012  1354  1378 W audio_hw_generic: Not supplying enough data to HAL, expected position 51522737 , only wrote 51369840
12-11 19:19:21.084  7485  7502 I GAV2    : Thread[GAThread,5,main]: No campaign data found.
12-11 19:19:21.709  7405  7405 D MonkeyStub: translateCommand: tap 277 263
12-11 19:19:21.725  1653  1664 I ActivityManager: START u0 {act=android.intent.action.MAIN cmp=com.android.settings/.SubSettings (has extras)} from uid 1000 on display 0
12-11 19:19:21.734  1354  1377 W audio_hw_generic: Not supplying enough data to HAL, expected position 51370000 , only wrote 51369840
12-11 19:19:21.772  7443  7443 D SubSettings: Launching fragment com.android.settings.accounts.AccountSyncSettings
12-11 19:19:21.833  7443  7457 D Index   : Indexing locale 'en_US' took 6 millis
12-11 19:19:21.884  7443  7457 D Index   : Indexing locale 'en_US' took 5 millis
12-11 19:19:22.193  7443  7471 D EGL_emulation: eglMakeCurrent: 0x9d92ce40: ver 3 0 (tinfo 0xa0ad1740)
12-11 19:19:22.250  7443  7471 D EGL_emulation: eglMakeCurrent: 0x9d92ce40: ver 3 0 (tinfo 0xa0ad1740)
12-11 19:19:22.308  1653  1673 I ActivityManager: Displayed com.android.settings/.SubSettings: +564ms
12-11 19:19:22.317  7443  7471 D EGL_emulation: eglMakeCurrent: 0x9d92ce40: ver 3 0 (tinfo 0xa0ad1740)
12-11 19:19:22.330  7443  7471 D EGL_emulation: eglMakeCurrent: 0x9d92ce40: ver 3 0 (tinfo 0xa0ad1740)
12-11 19:19:22.354  7443  7471 D EGL_emulation: eglMakeCurrent: 0x9d92ce40: ver 3 0 (tinfo 0xa0ad1740)
12-11 19:19:22.382  7443  7471 D OpenGLRenderer: endAllActiveAnimators on 0x8ed73700 (RippleDrawable) with handle 0xa237f890
12-11 19:19:23.715  7405  7405 D MonkeyStub: translateCommand: tap 1016 147
12-11 19:19:23.857  7443  7471 D EGL_emulation: eglMakeCurrent: 0x9d92ce40: ver 3 0 (tinfo 0xa0ad1740)
12-11 19:19:23.895  7443  7471 D EGL_emulation: eglMakeCurrent: 0x9d92ce40: ver 3 0 (tinfo 0xa0ad1740)
12-11 19:19:23.906  7443  7471 D EGL_emulation: eglMakeCurrent: 0x9d92ce40: ver 3 0 (tinfo 0xa0ad1740)
12-11 19:19:23.918  7443  7471 D EGL_emulation: eglMakeCurrent: 0x9d92ce40: ver 3 0 (tinfo 0xa0ad1740)
12-11 19:19:23.956  7443  7471 D EGL_emulation: eglMakeCurrent: 0x9d92ce40: ver 3 0 (tinfo 0xa0ad1740)
12-11 19:19:23.968  7443  7471 D EGL_emulation: eglMakeCurrent: 0x9d92ce40: ver 3 0 (tinfo 0xa0ad1740)
12-11 19:19:23.979  7443  7471 D EGL_emulation: eglMakeCurrent: 0x9d92ce40: ver 3 0 (tinfo 0xa0ad1740)
12-11 19:19:24.008  7443  7471 D EGL_emulation: eglMakeCurrent: 0x9d92ce40: ver 3 0 (tinfo 0xa0ad1740)
12-11 19:19:24.031  7443  7471 D EGL_emulation: eglMakeCurrent: 0x9d92ce40: ver 3 0 (tinfo 0xa0ad1740)
12-11 19:19:24.058  7443  7471 D EGL_emulation: eglMakeCurrent: 0x9d92ce40: ver 3 0 (tinfo 0xa0ad1740)
12-11 19:19:24.081  7443  7471 D EGL_emulation: eglMakeCurrent: 0x9d92ce40: ver 3 0 (tinfo 0xa0ad1740)
12-11 19:19:24.090  7443  7471 D EGL_emulation: eglMakeCurrent: 0x9d92ce40: ver 3 0 (tinfo 0xa0ad1740)
12-11 19:19:24.105  7443  7471 D EGL_emulation: eglMakeCurrent: 0x9d92ce40: ver 3 0 (tinfo 0xa0ad1740)
12-11 19:19:24.142  7443  7471 D EGL_emulation: eglMakeCurrent: 0x9d92ce40: ver 3 0 (tinfo 0xa0ad1740)
12-11 19:19:25.505  7443  7471 D EGL_emulation: eglMakeCurrent: 0x9d92ce40: ver 3 0 (tinfo 0xa0ad1740)
12-11 19:19:25.727  7405  7405 D MonkeyStub: translateCommand: tap 732 260
12-11 19:19:25.926  1653  1663 W InputMethodManagerService: Window already focused, ignoring focus gain of: com.android.internal.view.IInputMethodClient$Stub$Proxy@42d8757 attribute=null, token = android.os.BinderProxy@58b8580
12-11 19:19:25.941  7443  7471 D EGL_emulation: eglMakeCurrent: 0x9d92ce40: ver 3 0 (tinfo 0xa0ad1740)
12-11 19:19:25.993  7443  7471 D EGL_emulation: eglMakeCurrent: 0x9d92ce40: ver 3 0 (tinfo 0xa0ad1740)
12-11 19:19:26.015  7443  7471 D EGL_emulation: eglMakeCurrent: 0x9d92ce40: ver 3 0 (tinfo 0xa0ad1740)
12-11 19:19:26.026  7443  7471 D EGL_emulation: eglMakeCurrent: 0x9d92ce40: ver 3 0 (tinfo 0xa0ad1740)
12-11 19:19:26.038  7443  7471 D EGL_emulation: eglMakeCurrent: 0x9d92ce40: ver 3 0 (tinfo 0xa0ad1740)
12-11 19:19:26.049  7443  7471 D EGL_emulation: eglMakeCurrent: 0x9d92ce40: ver 3 0 (tinfo 0xa0ad1740)
12-11 19:19:26.089  7443  7471 D EGL_emulation: eglMakeCurrent: 0x9d92ce40: ver 3 0 (tinfo 0xa0ad1740)
12-11 19:19:26.101  7443  7471 D EGL_emulation: eglMakeCurrent: 0x9d92ce40: ver 3 0 (tinfo 0xa0ad1740)
12-11 19:19:26.220  7443  7471 D EGL_emulation: eglMakeCurrent: 0x9d92ce40: ver 3 0 (tinfo 0xa0ad1740)
12-11 19:19:26.232  7443  7471 D OpenGLRenderer: endAllActiveAnimators on 0x8ebb8e80 (MenuPopupWindow$MenuDropDownListView) with handle 0x8ebb2e90
12-11 19:19:26.807  6321  6338 I Finsky  : [282] com.google.android.finsky.bo.an.run(6): Stats for Executor: BlockingExecutor com.google.android.finsky.bo.ao@2d3d6c[Running, pool size = 0, active threads = 0, queued tasks = 0, completed tasks = 8]
12-11 19:19:26.807  6321  6338 I Finsky  : [282] com.google.android.finsky.bo.an.run(6): Stats for Executor: LightweightExecutor com.google.android.finsky.bo.ao@9823f35[Running, pool size = 2, active threads = 0, queued tasks = 0, completed tasks = 53]
12-11 19:19:27.300  6321  6338 I Finsky  : [282] com.google.android.finsky.bo.an.run(6): Stats for Executor: bgExecutor com.google.android.finsky.bo.ao@3b53fca[Running, pool size = 4, active threads = 0, queued tasks = 0, completed tasks = 15]
12-11 19:19:27.301  6321  6338 I Finsky  : [282] com.google.android.finsky.bo.an.run(6): Stats for Executor: SimChangeExecutor com.google.android.finsky.bo.ao@dd7e53b[Running, pool size = 0, active threads = 0, queued tasks = 0, completed tasks = 0]
12-11 19:19:27.470  6321  6338 I Finsky  : [282] com.google.android.finsky.bo.an.run(6): Stats for Executor: Db-xternal_referrer_status.db com.google.android.finsky.bo.ao@366c458[Running, pool size = 0, active threads = 0, queued tasks = 0, completed tasks = 0]
12-11 19:19:27.487  7443  7471 D EGL_emulation: eglMakeCurrent: 0x9d92ce40: ver 3 0 (tinfo 0xa0ad1740)
12-11 19:19:27.606  6321  6338 I Finsky  : [282] com.google.android.finsky.bo.an.run(6): Stats for Executor: Db-split_install_service com.google.android.finsky.bo.ao@6a499b1[Running, pool size = 0, active threads = 0, queued tasks = 0, completed tasks = 7]
12-11 19:19:27.660  6321  6338 I Finsky  : [282] com.google.android.finsky.bo.an.run(6): Stats for Executor: StorageAwareDownloadServiceManagerSpaceChecker com.google.android.finsky.bo.ao@acf8e96[Running, pool size = 0, active threads = 0, queued tasks = 0, completed tasks = 0]
12-11 19:19:27.732  7405  7405 D MonkeyStub: translateCommand: tap 742 1071
12-11 19:19:27.779  1653  2530 I ActivityManager: Killing 3306:com.google.android.videos/u0a72 (adj 906): empty #17
12-11 19:19:27.786  7443  7471 D EGL_emulation: eglMakeCurrent: 0x9d92ce40: ver 3 0 (tinfo 0xa0ad1740)
12-11 19:19:27.794  2064  2077 I Auth    : [CommonAuth,ManagedAccountUtil] No DO or PO.
12-11 19:19:27.815  1653  1679 W InputMethodManagerService: Window already focused, ignoring focus gain of: com.android.internal.view.IInputMethodClient$Stub$Proxy@f5c75ba attribute=null, token = android.os.BinderProxy@58b8580
12-11 19:19:27.822  7443  7471 D EGL_emulation: eglMakeCurrent: 0x9d92ce40: ver 3 0 (tinfo 0xa0ad1740)
12-11 19:19:27.838  1653  2528 D ActivityManager: cleanUpApplicationRecord -- 3306
12-11 19:19:27.856  1653  1876 I AccountManagerService: the accounts changed, sending broadcast of android.accounts.LOGIN_ACCOUNTS_CHANGED
12-11 19:19:27.866  2064  2064 I Backup  : [GmsBackupAccountManager] Backup account not found in gmscore.
12-11 19:19:27.867  4986  4986 D MusicLifecycle: com.google.android.music.awareness.AwarenessRouter$2 generated event: Broadcast received with context com.google.android.music.ui.PhoneMusicApplication@29de7d8 and intent Intent { act=android.accounts.LOGIN_ACCOUNTS_CHANGED flg=0x4000010 }
12-11 19:19:27.867  4986  4986 D MusicLifecycle: com.google.android.music.eventlog.MusicEventLogger$1 generated event: Broadcast received with context com.google.android.music.ui.PhoneMusicApplication@29de7d8 and intent Intent { act=android.accounts.LOGIN_ACCOUNTS_CHANGED flg=0x4000010 }
12-11 19:19:27.928  2064  2064 W ChimeraUtils: Non Chimera context
12-11 19:19:27.948  2481  2521 I ContactsProvider: Accounts changed
12-11 19:19:28.005  4986  4986 D MusicLifecycle: com.google.android.music.AccountsBroadcastReceiver generated event: Broadcast received with context android.app.ReceiverRestrictedContext@ee5fecc and intent Intent { act=android.accounts.LOGIN_ACCOUNTS_CHANGED flg=0x4000010 cmp=com.google.android.music/.AccountsBroadcastReceiver }
12-11 19:19:28.006  4986  5004 I SignupStatusTask: Starting 'com.google.android.music.sync.google.MusicGcmTaskService
12-11 19:19:28.018  4986  5016 D AwarenessRouter: 0 new fences
12-11 19:19:28.026  6321  6338 I Finsky  : [282] com.google.android.finsky.bo.an.run(6): Stats for Executor: Db-scheduler com.google.android.finsky.bo.ao@5d59a17[Running, pool size = 0, active threads = 0, queued tasks = 0, completed tasks = 44]
12-11 19:19:28.027  4986  5016 D AwarenessRouter: 0 fences already registered
12-11 19:19:28.044  7443  7475 D Index   : Indexing locale 'en_US' took 86 millis
12-11 19:19:28.047  2640  6985 I Icing   : updateResources: need to parse aape{com.google.android.gms}
12-11 19:19:28.071  6321  6321 I Finsky  : [1] com.google.android.finsky.du.a.j.a(5): Started reading experiment flags from file [v6B-2IolLQRBwrwPhscSaeg04As].
12-11 19:19:28.075  6321  6321 I Finsky  : [1] com.google.android.finsky.du.a.j.a(39): Finished reading experiment flags from file [v6B-2IolLQRBwrwPhscSaeg04As].
12-11 19:19:28.087  4986  5016 D AwarenessRouter: Successfully removed 0 context fences
12-11 19:19:28.126  2064  2064 W ChimeraUtils: Non Chimera context
12-11 19:19:28.154  6321  6359 I Finsky  : [302] com.google.android.finsky.library.a.f.j(92): Unloading AccountLibrary for account: [FoArGjMcljfV1ylbpRMR5Z1m4yQ]
12-11 19:19:28.154  6321  6359 I Finsky  : [302] com.google.android.finsky.library.a.f.j(87): Finished loading 0 libraries.
12-11 19:19:28.185  6321  6366 D Volley  : [309] f.b: Cache cleared.
12-11 19:19:28.185  6321  6360 D Volley  : [303] f.b: Cache cleared.
12-11 19:19:28.197  6321  6321 D Volley  : [1] f.b: Cache cleared.
12-11 19:19:28.215  6321  6321 I Finsky  : [1] com.google.android.finsky.accounts.impl.d.run(2): Killing app because current account has been removed
12-11 19:19:28.220  6321  6338 I Finsky  : [282] com.google.android.finsky.bo.an.run(6): Stats for Executor: Db-scheduler_logging_store.db com.google.android.finsky.bo.ao@5afce04[Running, pool size = 0, active threads = 0, queued tasks = 0, completed tasks = 0]
12-11 19:19:28.228  6321  6321 I art     : System.exit called, status: 0
12-11 19:19:28.228  6321  6321 I AndroidRuntime: VM exiting with result code 0, cleanup skipped.
12-11 19:19:28.235  7527  7527 W art     : Unexpected CPU variant for X86 using defaults: x86
12-11 19:19:28.240  1653  1891 I ActivityManager: Start proc 7527:com.google.android.apps.photos/u0a66 for broadcast com.google.android.apps.photos/.account.full.RefreshAccountsReceiver
12-11 19:19:28.245  1309  1309 E lowmemorykiller: Error writing /proc/6321/oom_score_adj; errno=22
12-11 19:19:28.252  1653  1891 E JavaBinder: !!! FAILED BINDER TRANSACTION !!!  (parcel size = 76)
12-11 19:19:28.260  7443  7475 D Index   : Deleting data for locale 'en_US' took 2 millis
12-11 19:19:28.287  1653  2529 I ActivityManager: Process com.android.vending (pid 6321) has died
12-11 19:19:28.287  1653  2529 D ActivityManager: cleanUpApplicationRecord -- 6321
12-11 19:19:28.293  2481  2521 I ContactsProvider: Accounts changed
12-11 19:19:28.294  7527  7527 W ResourceType: ResTable_typeSpec entry count inconsistent: given 467, previously 1297
12-11 19:19:28.298  7443  7475 D Index   : Indexing locale 'en_US' took 38 millis
12-11 19:19:28.549  7443  7471 D EGL_emulation: eglMakeCurrent: 0x9d92ce40: ver 3 0 (tinfo 0xa0ad1740)
12-11 19:19:28.686  2481  2521 D ContactDirectoryManager: Found com.google.android.gm.exchange.bundled.directory.provider
12-11 19:19:28.686  2481  2521 D ContactDirectoryManager: Found com.google.contacts.gal.provider
12-11 19:19:28.813  2481  2521 I ContactDirectoryManager: deleted 0 stale rows which don't have any relevant directory
12-11 19:19:28.834  2640  6985 I Icing   : updateResources: need to parse aape{com.google.android.gm}
12-11 19:19:28.868  1653  1661 I art     : Background sticky concurrent mark sweep GC freed 38444(2MB) AllocSpace objects, 54(1556KB) LOS objects, 20% free, 14MB/18MB, paused 5.315ms total 56.725ms
12-11 19:19:28.872  2481  2521 I ContactDirectoryManager: Discovered 0 contact directories in 450ms
12-11 19:19:28.880  2640  6985 I Icing   : Removing corpus key com.google.android.gm-messages/com.google/ctj784%40gmail.com for package com.google.android.gm
12-11 19:19:28.988  2640  6985 I native  : flash-index.cc:1605 Flash index sort hb 1395 prefix-hits 4275 -> 3379 at 48.435ms
12-11 19:19:29.075  2510  2510 I CalendarProvider2: Sending notification intent: Intent { act=android.intent.action.PROVIDER_CHANGED dat=content://com.android.calendar flg=0x20000000 }
12-11 19:19:29.075  2510  2510 W ContentResolver: Failed to get type for: content://com.android.calendar (Unknown URL content://com.android.calendar)
12-11 19:19:29.316  7527  7532 I art     : Do partial code cache collection, code=2752B, data=30KB
12-11 19:19:29.316  7527  7532 I art     : After code cache collection, code=2752B, data=30KB
12-11 19:19:29.316  7527  7532 I art     : Increasing code cache capacity to 128KB
12-11 19:19:29.562  2064  2064 W ChimeraUtils: Non Chimera context
12-11 19:19:29.568  2064  7565 I Auth    : [BroadcastManager] Broadcasting account change.
12-11 19:19:29.575  2064  7565 W WakefulBroadcastReceiv.: No active wake lock id #9
12-11 19:19:29.582  2640  6985 I Icing   : Removing corpus key com.google.android.gm-internal.3p:EmailMessage for package com.google.android.gm
12-11 19:19:29.607  2640  7577 I PmtsSwAccountIntentOp: Processing intent action=android.accounts.LOGIN_ACCOUNTS_CHANGED
12-11 19:19:29.607  2640  7577 I PmtsSwAccountIntentOp: Account added has already been processed
12-11 19:19:29.621  2064  2077 W GLSUser : [DeviceKeyStore] Cannot load key: Device key file not found.
12-11 19:19:29.744  7405  7405 D MonkeyStub: translateCommand: press KEYCODE_HOME
12-11 19:19:29.758  1653  1687 I ActivityManager: START u0 {act=android.intent.action.MAIN cat=[android.intent.category.HOME] flg=0x10200000 cmp=com.google.android.apps.nexuslauncher/.NexusLauncherActivity (has extras)} from uid 1000 on display 0
12-11 19:19:29.760  2064  2076 I art     : Background sticky concurrent mark sweep GC freed 42290(2MB) AllocSpace objects, 7(308KB) LOS objects, 24% free, 10MB/14MB, paused 5.679ms total 81.342ms
12-11 19:19:29.774  1733  1900 D EGL_emulation: eglMakeCurrent: 0xad0052a0: ver 3 0 (tinfo 0xad0038a0)
12-11 19:19:29.782  1360  1360 D WVCdm   : Instantiating CDM.
12-11 19:19:29.783  1360  1386 I WVCdm   : CdmEngine::OpenSession
12-11 19:19:29.783  1360  1386 I WVCdm   : Level3 Library 4464 Sep 10 2016 21:49:53
12-11 19:19:29.788  1311  1758 D gralloc_ranchu: gralloc_alloc: Creating ashmem region of size 2691072
12-11 19:19:29.793  1360  1386 W WVCdm   : Could not load liboemcrypto.so. Falling back to L3.  dlopen failed: library "liboemcrypto.so" not found
12-11 19:19:29.801  1360  1386 I WVCdm   : CdmEngine::QueryKeyControlInfo
12-11 19:19:29.802  1360  4704 I WVCdm   : CdmEngine::GenerateKeyRequest
12-11 19:19:29.804  1360  4704 D WVCdm   : PrepareKeyRequest: nonce=2233339828
12-11 19:19:29.811  2064  2077 I Auth    : [ReflectiveChannelBinder] Successfully bound channel!
12-11 19:19:29.932  2143  2143 I BgTaskExecutorImpl: Starting EXCLUSIVE background task PROCESS_ACCOUNT_CHANGE.
12-11 19:19:29.953  2143  2310 W SearchServiceCore: Abort, client detached.
12-11 19:19:29.954  2143  2310 W SessionLifecycleManager: Handover failed. Creating new session controller.
12-11 19:19:29.964  1653  1661 I art     : Background partial concurrent mark sweep GC freed 18785(1234KB) AllocSpace objects, 28(696KB) LOS objects, 22% free, 13MB/17MB, paused 1.957ms total 138.214ms
12-11 19:19:29.982  2064  2077 W Conscrypt: Could not set socket write timeout: java.net.SocketException: Socket closed
12-11 19:19:29.982  2064  2077 W Conscrypt: 	at com.google.android.gms.org.conscrypt.Platform.setSocketWriteTimeout(:com.google.android.gms@14799022@14.7.99 (040700-223214910):2)
12-11 19:19:29.983  2064  2077 W Conscrypt: 	at com.google.android.gms.org.conscrypt.ConscryptFileDescriptorSocket.setSoWriteTimeout(:com.google.android.gms@14799022@14.7.99 (040700-223214910):2)
12-11 19:19:29.985  1653  3798 I ActivityManager: Start proc 7583:com.google.android.talk/u0a56 for broadcast com.google.android.talk/com.google.android.apps.hangouts.service.broadcastreceiver.AccountRefreshReceiver
12-11 19:19:29.991  7583  7583 W art     : Unexpected CPU variant for X86 using defaults: x86
12-11 19:19:30.001  2143  2310 W ThreadPoolDumper: Queue length for executor EventBus is now 11. Perhaps some tasks are too long, or the pool is too small.
12-11 19:19:30.010  2143  4853 I OptInChecker: Sidekick thinks 1 is Eligible = true
12-11 19:19:30.010  2143  4853 I OptInChecker: Sidekick thinks 2 is Eligible = true
12-11 19:19:30.010  2143  4853 I OptInChecker: Sidekick thinks 4 is Eligible = true
12-11 19:19:30.010  2143  4853 I OptInChecker: Sidekick thinks 5 is Eligible = true
12-11 19:19:30.010  2143  4853 I OptInChecker: Sidekick thinks 6 is Eligible = true
12-11 19:19:30.010  2143  4853 I OptInChecker: Sidekick thinks 7 is Eligible = true
12-11 19:19:30.010  2143  4853 I OptInChecker: Sidekick thinks 8 is Eligible = true
12-11 19:19:30.010  2143  4853 I OptInChecker: Sidekick thinks 9 is Eligible = true
12-11 19:19:30.010  2143  4853 I OptInChecker: Sidekick thinks 11 is Eligible = true
12-11 19:19:30.011  2143  4853 I OptInChecker: Sidekick thinks 12 is Eligible = true
12-11 19:19:30.011  2143  4853 I OptInChecker: UDC thinks - Setting = LOCATION_HISTORY_AND_REPORTING, Eligibility = ELIGIBLE
12-11 19:19:30.011  2143  4853 I OptInChecker: Using UDC cache for Setting: LOCATION_HISTORY_AND_REPORTING
12-11 19:19:30.011  2143  4853 I OptInChecker: UDC Setting = LOCATION_HISTORY_AND_REPORTING, optedIn = false
12-11 19:19:30.066  2143  7599 W LocationOracle: No location history returned by ContextManager
12-11 19:19:30.076  2064  2077 W Conscrypt: Could not set socket write timeout: java.net.SocketException: Socket closed
12-11 19:19:30.076  2064  2077 W Conscrypt: 	at com.google.android.gms.org.conscrypt.Platform.setSocketWriteTimeout(:com.google.android.gms@14799022@14.7.99 (040700-223214910):2)
12-11 19:19:30.076  2064  2077 W Conscrypt: 	at com.google.android.gms.org.conscrypt.ConscryptFileDescriptorSocket.setSoWriteTimeout(:com.google.android.gms@14799022@14.7.99 (040700-223214910):2)
12-11 19:19:30.084  2143  2310 I MicroDetectionWorker: #startMicroDetector [speakerMode: 0]
12-11 19:19:30.087  2143  2310 I AudioController: Created new AudioSource
12-11 19:19:30.090  2143  2310 I MicroDetectionWorker: onReady
12-11 19:19:30.094  1360  3128 I WVCdm   : CdmEngine::CloseSession
12-11 19:19:30.145  2873  7602 W ukj     : Already started: ukj@faa9b7a
12-11 19:19:30.162  2064  2077 W GLSUser : [AppCertManager] IOException while requesting key: 
12-11 19:19:30.162  2064  2077 W GLSUser : java.io.IOException: Invalid device key response.
12-11 19:19:30.162  2064  2077 W GLSUser : 	at hxx.a(:com.google.android.gms@14799022@14.7.99 (040700-223214910):14)
12-11 19:19:30.162  2064  2077 W GLSUser : 	at hxx.a(:com.google.android.gms@14799022@14.7.99 (040700-223214910):72)
12-11 19:19:30.162  2064  2077 W GLSUser : 	at hxx.a(:com.google.android.gms@14799022@14.7.99 (040700-223214910):27)
12-11 19:19:30.162  2064  2077 W GLSUser : 	at hxv.a(:com.google.android.gms@14799022@14.7.99 (040700-223214910):2)
12-11 19:19:30.162  2064  2077 W GLSUser : 	at hxv.a(:com.google.android.gms@14799022@14.7.99 (040700-223214910):9)
12-11 19:19:30.162  2064  2077 W GLSUser : 	at yfy.a(:com.google.android.gms@14799022@14.7.99 (040700-223214910):5)
12-11 19:19:30.162  2064  2077 W GLSUser : 	at cpz.onTransact(:com.google.android.gms@14799022@14.7.99 (040700-223214910):4)
12-11 19:19:30.162  2064  2077 W GLSUser : 	at android.os.Binder.transact(Binder.java:499)
12-11 19:19:30.162  2064  2077 W GLSUser : 	at dsw.onTransact(:com.google.android.gms@14799022@14.7.99 (040700-223214910):3)
12-11 19:19:30.162  2064  2077 W GLSUser : 	at android.os.Binder.execTransact(Binder.java:565)
12-11 19:19:30.163  2064  2077 W GLSUser : [DeviceKeyStore] Cannot load key: Device key file not found.
12-11 19:19:30.197  2143  2281 D EGL_emulation: eglMakeCurrent: 0x9d9708a0: ver 3 0 (tinfo 0xa9330390)
12-11 19:19:30.257  2143  7599 I MicroRecognitionRunner: Starting detection.
12-11 19:19:30.258  2143  2278 I MicrophoneInputStream: mic_starting  SR : 16000 CC : 16 SO : 1999
12-11 19:19:30.263  1354  7607 I AudioFlinger: AudioFlinger's thread 0xaa603d40 ready to run
12-11 19:19:30.269  2143  2278 I MicrophoneInputStream: mic_started  SR : 16000 CC : 16 SO : 1999
12-11 19:19:30.302  2143  2310 I MicroDetectionWorker: onReady
12-11 19:19:30.370  2640  3001 W Conscrypt: Could not set socket write timeout: java.net.SocketException: Socket closed
12-11 19:19:30.370  2640  3001 W Conscrypt: 	at com.google.android.gms.org.conscrypt.Platform.setSocketWriteTimeout(:com.google.android.gms@14799022@14.7.99 (040700-223214910):2)
12-11 19:19:30.370  2640  3001 W Conscrypt: 	at com.google.android.gms.org.conscrypt.ConscryptFileDescriptorSocket.setSoWriteTimeout(:com.google.android.gms@14799022@14.7.99 (040700-223214910):2)
12-11 19:19:30.380  2064  7482 W ctxmgr  : [AclManager]No 3 for (accnt=account#-517948760#, com.google.android.gms(10013):UserVelocityProducer, vrsn=14799022, 0, 3pPkg = null ,  3pMdlId = null ,  pid = 2064). Was: 3 for 1, account#-517948760#
12-11 19:19:30.390  7583  7583 E art     : The String#value field is not present on Android versions >= 6.0
12-11 19:19:30.481  7443  7471 D EGL_emulation: eglMakeCurrent: 0x9d92ce40: ver 3 0 (tinfo 0xa0ad1740)
12-11 19:19:30.491  1653  1673 I Choreographer: Skipped 32 frames!  The application may be doing too much work on its main thread.
12-11 19:19:30.521  2143  2310 I MicroDetectionWorker: Initializing MicroDataManager InitializeType-2, isForced-true, isActivePhoneEnrollment-false isActiveGoogleHomeEnrollment-false
12-11 19:19:30.540  7443  7443 I Choreographer: Skipped 34 frames!  The application may be doing too much work on its main thread.
12-11 19:19:30.598  2104  2157 D EGL_emulation: eglMakeCurrent: 0x9f797d60: ver 3 0 (tinfo 0x8f9d9100)
12-11 19:19:30.757  2143  2143 I BgTaskExecutorImpl: Starting EXCLUSIVE background task SEND_GSA_HOME_REQUEST.
12-11 19:19:30.781  2640  3028 I Icing   : IndexChimeraService.getServiceInterface callingPackage=com.google.android.googlequicksearchbox componentName=null serviceId=36
12-11 19:19:30.890  2143  2155 W art     : Suspending all threads took: 8.026ms
12-11 19:19:30.902  2143  2155 I art     : Background partial concurrent mark sweep GC freed 8822(407KB) AllocSpace objects, 5(704KB) LOS objects, 22% free, 13MB/17MB, paused 14.254ms total 306.795ms
12-11 19:19:30.960  1354  1378 W audio_hw_generic: Not supplying enough data to HAL, expected position 52253535 , only wrote 51812640
12-11 19:19:31.025  2104  2157 W OpenGLRenderer: Incorrectly called buildLayer on View: ShortcutAndWidgetContainer, destroying layer...
12-11 19:19:31.038  2143  2143 I BgTaskExecutorImpl: Starting EXCLUSIVE background task OPA_CONTACT_ANNOTATIONS_PERIODIC_SYNC.
12-11 19:19:31.170  2143  2143 I BgTaskExecutorImpl: Starting EXCLUSIVE background task OPA_CONTACT_ANNOTATIONS_PERIODIC_SYNC.
12-11 19:19:31.212  2064  2338 W Conscrypt: Could not set socket write timeout: java.net.SocketException: Socket closed
12-11 19:19:31.214  2064  2338 W Conscrypt: 	at com.google.android.gms.org.conscrypt.Platform.setSocketWriteTimeout(:com.google.android.gms@14799022@14.7.99 (040700-223214910):2)
12-11 19:19:31.214  2064  2338 W Conscrypt: 	at com.google.android.gms.org.conscrypt.ConscryptFileDescriptorSocket.setSoWriteTimeout(:com.google.android.gms@14799022@14.7.99 (040700-223214910):2)
12-11 19:19:31.278  2640  3001 W Conscrypt: Could not set socket write timeout: java.net.SocketException: Socket closed
12-11 19:19:31.283  2064  2064 I GeofencerStateMachine: removeGeofences: removeRequest=RemoveGeofencingRequest[REMOVE_BY_PENDING_INTENT pendingIntent=PendingIntent[creatorPackage=com.google.android.gms], packageName=null]
12-11 19:19:31.286  2064  2064 I GeofencerStateMachine: removeGeofences: removeRequest=RemoveGeofencingRequest[REMOVE_BY_PENDING_INTENT pendingIntent=PendingIntent[creatorPackage=com.google.android.gms], packageName=null]
12-11 19:19:31.293  2640  3001 W Conscrypt: 	at com.google.android.gms.org.conscrypt.Platform.setSocketWriteTimeout(:com.google.android.gms@14799022@14.7.99 (040700-223214910):2)
12-11 19:19:31.293  2640  3001 W Conscrypt: 	at com.google.android.gms.org.conscrypt.ConscryptFileDescriptorSocket.setSoWriteTimeout(:com.google.android.gms@14799022@14.7.99 (040700-223214910):2)
12-11 19:19:31.294  2064  7626 I PlaceInferenceEngine: [anon] Changed inference mode: 0
12-11 19:19:31.313  2064  2338 W Conscrypt: Could not set socket write timeout: java.net.SocketException: Socket closed
12-11 19:19:31.313  2064  2338 W Conscrypt: 	at com.google.android.gms.org.conscrypt.Platform.setSocketWriteTimeout(:com.google.android.gms@14799022@14.7.99 (040700-223214910):2)
12-11 19:19:31.314  2064  2338 W Conscrypt: 	at com.google.android.gms.org.conscrypt.ConscryptFileDescriptorSocket.setSoWriteTimeout(:com.google.android.gms@14799022@14.7.99 (040700-223214910):2)
12-11 19:19:31.329  7583  7583 I Babel_telephony: TeleModule.onApplicationCreate
12-11 19:19:31.333  7583  7583 I Babel_App: Startup - clean
12-11 19:19:31.345  7583  7633 I Babel_SMS: MmsConfig: mnc/mcc: 310/260
12-11 19:19:31.345  7583  7633 I Babel_SMS: MmsConfig.loadMmsSettings
12-11 19:19:31.350  7583  7633 I Babel_SMS: MmsConfig.loadDeviceMmsSettings from API: userAgent=GoldfishNexus, uaProfUrl=http://gsm.lge.com/html/gsm/Nexus5-M3.xml
12-11 19:19:31.350  7583  7633 I Babel_SMS: MmsConfig.loadFromDatabase
12-11 19:19:31.366  7583  7583 D Babel_SmsDep: disabled
12-11 19:19:31.368  7583  7633 E SQLiteLog: (1) no such table: mmsconfig
12-11 19:19:31.369  7583  7633 I Babel_SMS: MmsConfig: no mmsconfig table android.database.sqlite.SQLiteException: no such table: mmsconfig (code 1): , while compiling: SELECT key, value, type FROM mmsconfig WHERE numeric=?
12-11 19:19:31.369  7583  7633 I Babel_SMS: MmsConfig.loadFromResources
12-11 19:19:31.373  7583  7633 E Babel_SMS: canonicalizeMccMnc: invalid mccmnc nullnull
12-11 19:19:31.373  7583  7633 W Babel_SMS: MmsConfig: invalid key=userAgent or type=string
12-11 19:19:31.373  7583  7633 W Babel_SMS: MmsConfig: invalid key=uaProfUrl or type=string
12-11 19:19:31.373  7583  7633 I Babel_SMS: MmsConfig.loadMmsSettings: userAgent=GoldfishNexus, uaProfUrl=http://gsm.lge.com/html/gsm/Nexus5-M3.xml
12-11 19:19:31.375  7583  7583 D Babel_SmsDepStand: count:3
12-11 19:19:31.378  7583  7583 D Babel_SmsDep: disabled
12-11 19:19:31.398  7583  7583 I Babel   : Invalid account: 0 isEmptyName: true nameEqualsGaiaId: false
12-11 19:19:31.398  7583  7583 I Babel   : Invalid account: 1 isEmptyName: true nameEqualsGaiaId: false
12-11 19:19:31.398  7583  7583 I Babel   : Invalid account: 2 isEmptyName: true nameEqualsGaiaId: false
12-11 19:19:31.398  7583  7583 I Babel   : Invalid account: 3 isEmptyName: true nameEqualsGaiaId: false
12-11 19:19:31.398  7583  7583 I Babel   : Invalid account: 4 isEmptyName: true nameEqualsGaiaId: false
12-11 19:19:31.398  7583  7583 I Babel   : Invalid account: 5 isEmptyName: true nameEqualsGaiaId: false
12-11 19:19:31.406  7583  7583 I Babel   : Invalid account: 6 isEmptyName: true nameEqualsGaiaId: false
12-11 19:19:31.406  7583  7583 I Babel   : Invalid account: 7 isEmptyName: true nameEqualsGaiaId: false
12-11 19:19:31.406  7583  7583 I Babel   : Invalid account: 8 isEmptyName: true nameEqualsGaiaId: false
12-11 19:19:31.406  7583  7583 I Babel   : Invalid account: 9 isEmptyName: true nameEqualsGaiaId: false
12-11 19:19:31.406  7583  7583 I Babel   : Invalid account: 10 isEmptyName: true nameEqualsGaiaId: false
12-11 19:19:31.406  7583  7583 I Babel   : Invalid account: 11 isEmptyName: true nameEqualsGaiaId: false
12-11 19:19:31.406  7583  7583 I Babel   : Invalid account: 12 isEmptyName: true nameEqualsGaiaId: false
12-11 19:19:31.406  7583  7583 I Babel   : Invalid account: 13 isEmptyName: true nameEqualsGaiaId: false
12-11 19:19:31.407  7583  7583 I Babel   : Invalid account: 14 isEmptyName: true nameEqualsGaiaId: false
12-11 19:19:31.407  7583  7583 I Babel   : Invalid account: 15 isEmptyName: true nameEqualsGaiaId: false
12-11 19:19:31.407  7583  7583 I Babel   : Invalid account: 16 isEmptyName: true nameEqualsGaiaId: false
12-11 19:19:31.407  7583  7583 I Babel   : Invalid account: 17 isEmptyName: true nameEqualsGaiaId: false
12-11 19:19:31.407  7583  7583 I Babel   : Invalid account: 18 isEmptyName: true nameEqualsGaiaId: false
12-11 19:19:31.407  7583  7583 I Babel   : Invalid account: 19 isEmptyName: true nameEqualsGaiaId: false
12-11 19:19:31.407  7583  7583 I Babel   : Invalid account: 20 isEmptyName: true nameEqualsGaiaId: false
12-11 19:19:31.425  7583  7583 D Babel_AcctMgr: created account ctj784@gmail.com => Redacted-16-chars
12-11 19:19:31.431  7583  7640 I Babel   : Deleting: false for 0
12-11 19:19:31.432  7583  7640 I Babel   : Deleting: false for 1
12-11 19:19:31.432  7583  7640 I Babel   : Deleting: false for 2
12-11 19:19:31.440  2064  7482 E ctxmgr  : [ProducerStatusImpl]updateStateForNewContextData: inactive, contextName=7
12-11 19:19:31.448  7583  7640 I Babel   : Deleting: false for 3
12-11 19:19:31.449  7583  7640 I Babel   : Deleting: false for 4
12-11 19:19:31.449  7583  7640 I Babel   : Deleting: false for 5
12-11 19:19:31.449  7583  7640 I Babel   : Deleting: false for 6
12-11 19:19:31.450  7583  7640 I Babel   : Deleting: false for 7
12-11 19:19:31.450  7583  7640 I Babel   : Deleting: false for 8
12-11 19:19:31.450  7583  7640 I Babel   : Deleting: false for 9
12-11 19:19:31.450  7583  7640 I Babel   : Deleting: false for 10
12-11 19:19:31.451  7583  7640 I Babel   : Deleting: false for 11
12-11 19:19:31.451  7583  7640 I Babel   : Deleting: false for 12
12-11 19:19:31.451  7583  7640 I Babel   : Deleting: false for 13
12-11 19:19:31.452  7583  7640 I Babel   : Deleting: false for 14
12-11 19:19:31.452  7583  7640 I Babel   : Deleting: false for 15
12-11 19:19:31.453  7583  7640 I Babel   : Deleting: false for 16
12-11 19:19:31.453  7583  7640 I Babel   : Deleting: false for 17
12-11 19:19:31.453  7583  7640 I Babel   : Deleting: false for 18
12-11 19:19:31.453  7583  7640 I Babel   : Deleting: false for 19
12-11 19:19:31.453  7583  7640 I Babel   : Deleting: false for 20
12-11 19:19:31.481  2143  2143 I BgTaskExecutorImpl: Starting EXCLUSIVE background task CLEAR_TRAINING_DATA.
12-11 19:19:31.618  7583  7583 I Babel_ConcService: Binding ConcurrentService
12-11 19:19:31.657  7583  7648 I Babel_ConcService: Scheduling delay with GcmNetworkManager of 234296 s for task ggqaccount_reg_renewal_51754_8 and tag network_connectivity_wakeup:persisted
12-11 19:19:31.661  7583  7648 I Babel_ConcService: Scheduling delay with GcmNetworkManager of 2623 s for task gjiDB_CLEANUP_1194080_8 and tag :persisted
12-11 19:19:31.666  7583  7655 I Babel_ConcService: Acquired partial wake lock to keep ConcurrentService alive
12-11 19:19:31.666  7583  7649 D Babel_SmsDep: disabled
12-11 19:19:31.673  7583  7655 D Babel_SmsDep: disabled
12-11 19:19:31.706  7583  7653 D Babel_SmsDepStand: count:3
12-11 19:19:31.706  7583  7653 D Babel_SmsDepNotif: not sms
12-11 19:19:31.707  7583  7653 D Babel_SmsDepUtil: imp:-1:3686
12-11 19:19:31.752  7405  7405 D MonkeyStub: translateCommand: tap 852 1859
12-11 19:19:31.772  1354  1377 W audio_hw_generic: Not supplying enough data to HAL, expected position 51812711 , only wrote 51812640
12-11 19:19:31.780  1653  2295 I ActivityManager: START u0 {flg=0x10804000 cmp=com.android.systemui/.recents.RecentsActivity} from uid 10028 on display 0
12-11 19:19:31.813  1733  1900 D EGL_emulation: eglMakeCurrent: 0xad0052a0: ver 3 0 (tinfo 0xad0038a0)
12-11 19:19:31.824  2104  2157 D EGL_emulation: eglMakeCurrent: 0x9f797d60: ver 3 0 (tinfo 0x8f9d9100)
12-11 19:19:31.883  7583  7653 D Babel_Notif_Persistent: PersistentMessageNotifier.cancelOngoingNotification
12-11 19:19:31.900  7583  7653 D Babel_Notif_SMS: cancelOngoingNotification
12-11 19:19:31.960  2143  2310 I MicroDetector: Keeping mic open: false
12-11 19:19:31.961  2143  4870 I AudioController: internalShutdown
12-11 19:19:31.962  2143  2324 I MicroRecognitionRunner: Stopping hotword detection.
12-11 19:19:31.971  2143  5121 I DeviceStateChecker: DeviceStateChecker cancelled
12-11 19:19:31.977  2143  4870 I MicrophoneInputStream: mic_close  SR : 16000 CC : 16 SO : 1999
12-11 19:19:32.051  2143  7599 I MicroRecognitionRunner: Detection finished
12-11 19:19:32.107  7583  7649 I Babel_AcctMgr: updated: 21
12-11 19:19:32.107  7583  7649 I Babel_AcctMgr: cleanup: 21
12-11 19:19:32.143  7583  7649 I Babel   : Account update: 21 logged off
12-11 19:19:32.144  7583  7649 I Babel   : Deleting database. Account ID: 21 Valid account: true Legacy logged off: false Logged in: false Plus page: false
12-11 19:19:32.147  7583  7649 I Babel   : Deleting: true for 21
12-11 19:19:32.255  1733  1900 D EGL_emulation: eglMakeCurrent: 0xad0052a0: ver 3 0 (tinfo 0xad0038a0)
12-11 19:19:32.266  1733  1900 D EGL_emulation: eglMakeCurrent: 0xad0052a0: ver 3 0 (tinfo 0xad0038a0)
12-11 19:19:32.277  2064  7626 I Places  : ?: PlacesBleScanner start() with priority 2
12-11 19:19:32.277  2064  7626 I PlaceInferenceEngine: [anon] Changed inference mode: 1
12-11 19:19:32.310  2064  7626 I Places  : Converted 1 out of 1 WiFi scans
12-11 19:19:32.316  2064  2064 E BeaconBle: Missing BluetoothAdapter
12-11 19:19:32.316  2064  2064 I BeaconBle: BLE 'KK+' software access layer enabled
12-11 19:19:32.322  2064  7626 I PlaceInferenceEngine: [anon] Changed inference mode: 1
12-11 19:19:32.347  2064  2064 I BeaconBle: Client requested scan, settings=BleSettings [scanMode=ZERO_POWER, callbackType=ALL_MATCHES, reportDelayMillis=0, 1 filters, 0 clients, callingClientName=Places]
12-11 19:19:32.348  2064  2064 I BeaconBle: Scan : No clients left, canceling alarm.
12-11 19:19:32.348  2064  2064 E BeaconBle: Scan couldn't start for Places
12-11 19:19:32.349  2064  2064 W Places  : BLE failure while scanning - code 5
12-11 19:19:32.358  7583  7667 I Babel_Stickers: no account:21
12-11 19:19:32.373  7668  7668 W art     : Unexpected CPU variant for X86 using defaults: x86
12-11 19:19:32.374  1653  2529 I ActivityManager: Start proc 7668:com.google.android.videos/u0a72 for broadcast com.google.android.videos/com.google.android.apps.play.movies.common.service.accounts.AccountsChangedTaskService$AccountsChangedReceiver
12-11 19:19:32.379  1733  1900 D EGL_emulation: eglMakeCurrent: 0xad0052a0: ver 3 0 (tinfo 0xad0038a0)
12-11 19:19:32.398  1733  1900 D EGL_emulation: eglMakeCurrent: 0xad0052a0: ver 3 0 (tinfo 0xad0038a0)
12-11 19:19:32.412  1733  1900 D EGL_emulation: eglMakeCurrent: 0xad0052a0: ver 3 0 (tinfo 0xad0038a0)
12-11 19:19:32.432  7583  7652 D Babel_SmsDep: disabled
12-11 19:19:32.496  2143  2278 I PBSessionCacheImpl: Deleted sessionId[771359998686] from persistence.
12-11 19:19:32.516  2143  2281 D EGL_emulation: eglMakeCurrent: 0x9d9708a0: ver 3 0 (tinfo 0xa9330390)
12-11 19:19:32.534  7583  7652 D Babel_SmsDep: disabled
12-11 19:19:32.596  1311  1311 W SurfaceFlinger: couldn't log to binary event log: overflow.
12-11 19:19:32.690  7583  7652 I Babel_ConcService: Released partial wake lock as ConcurrentService became idle
12-11 19:19:32.806  2143  2310 W SearchServiceCore: Abort, client detached.
12-11 19:19:32.806  2143  2310 W SearchServiceCore: Abort, client detached.
12-11 19:19:32.806  2143  2310 W SearchServiceCore: Abort, client detached.
12-11 19:19:32.806  2143  2310 W SearchServiceCore: Abort, client detached.
12-11 19:19:32.815  2143  2310 W SearchServiceCore: Abort, client detached.
12-11 19:19:32.815  2143  2310 W SearchServiceCore: Abort, client detached.
12-11 19:19:32.815  2143  2310 W SearchServiceCore: Abort, client detached.
12-11 19:19:32.870  2064  2076 W art     : Suspending all threads took: 7.778ms
12-11 19:19:32.888  2064  2076 I art     : Background sticky concurrent mark sweep GC freed 30871(1896KB) AllocSpace objects, 12(316KB) LOS objects, 10% free, 12MB/14MB, paused 10.009ms total 185.904ms
12-11 19:19:33.076  7668  7668 W PlayMovies: VideosGlobalsModule.<init>:27 Installer Package: com.android.vending
12-11 19:19:33.076  7668  7668 W PlayMovies: 
12-11 19:19:33.083  2064  2338 I akef    : Scheduling Phenotype for a PhenotypeSyncImmediately(13, com.google.android.googlequicksearchbox) one off with window [1, 2] in seconds [CONTEXT service_id=51 ]
12-11 19:19:33.161  2640  6985 I Icing   : Usage reports ok 3, Failed Usage reports 0, indexed 0, rejected 0, imm upload true
12-11 19:19:33.168  2640  6985 I Icing   : Indexing com.google.android.gm-internal.3p:EmailMessage from com.google.android.gm
12-11 19:19:33.175  2640  6985 I Icing   : Indexing done com.google.android.gm-internal.3p:EmailMessage
12-11 19:19:33.189  2064  2076 I art     : Background partial concurrent mark sweep GC freed 41196(2MB) AllocSpace objects, 41(2MB) LOS objects, 26% free, 11MB/15MB, paused 3.013ms total 130.655ms
12-11 19:19:33.364  2064  7627 I PlaceInferenceEngine: No beacon scan available - ignoring candidates.
12-11 19:19:33.503  7703  7703 W art     : Unexpected CPU variant for X86 using defaults: x86
12-11 19:19:33.511  1653  3965 I ActivityManager: Start proc 7703:com.android.vending/u0a21 for service com.android.vending/com.google.android.finsky.contentfilterui.ContentFiltersService
12-11 19:19:33.557  7668  7668 V MediaRouter: Adding route: RouteInfo{ name=Phone, description=null, status=null, category=RouteCategory{ name=null types=ROUTE_TYPE_LIVE_AUDIO ROUTE_TYPE_LIVE_VIDEO  groupable=false }, supportedTypes=ROUTE_TYPE_LIVE_AUDIO ROUTE_TYPE_LIVE_VIDEO , presentationDisplay=null }
12-11 19:19:33.560  7668  7668 V MediaRouter: Updating audio routes: AudioRoutesInfo{ type=SPEAKER }
12-11 19:19:33.562  7668  7668 V MediaRouter: Selecting route: RouteInfo{ name=Phone, description=null, status=null, category=RouteCategory{ name=null types=ROUTE_TYPE_LIVE_AUDIO ROUTE_TYPE_LIVE_VIDEO  groupable=false }, supportedTypes=ROUTE_TYPE_LIVE_AUDIO ROUTE_TYPE_LIVE_VIDEO , presentationDisplay=null }
12-11 19:19:33.576  7668  7668 W MediaSessionCompat: Couldn't find a unique registered media button receiver in the given context.
12-11 19:19:33.629  7668  7668 W PrimesInit: Primes instant initialization
12-11 19:19:33.631  7668  7724 W Primes  : background initialization
12-11 19:19:33.650  2143  5094 I OpaEligibilityChecker: send OpaEligibilityChange broadcast to CommonBroadcastReceiver
12-11 19:19:33.653  7668  7724 I PrimesTesting: GserviceFlagsSupplier.get()
12-11 19:19:33.698  2143  5094 I ModelDownloadListener: Schdedule model download
12-11 19:19:33.709  2640  7574 I IcingInternalCorpora: Received calendar change notification.
12-11 19:19:33.756  7405  7405 D MonkeyStub: translateCommand: tap 928 147
12-11 19:19:33.762  2640  3046 I CheckinChimeraService: Starting Checkin Task: CheckinNowTaskTag Reason : 4 Force : true UserId: 0
12-11 19:19:33.801  2640  7574 I Auth    : [FRP,FrpUpdateIntentOperation] Frp is not supported for this device / user
12-11 19:19:33.811  2064  7581 I Authzen : [AccountChangeProcessingIntentOperation] Received onHandleIntent() call: Intent { act=com.google.android.gms.auth.GOOGLE_ACCOUNT_CHANGE cat=[com.google.android.gms.auth.category.ACCOUNT_REMOVED] flg=0x10 cmp=com.google.android.gms/.chimera.GmsIntentOperationService$PersistentInternalReceiver (has extras) }
12-11 19:19:33.811  2064  7581 I Authzen : [AccountChangeProcessingIntentOperation] Handling account removal event.
12-11 19:19:33.830  2064  7581 I Authzen : [PermitStore] Removing permit with permitId: <ELLIDED:450805978>...
12-11 19:19:33.860  2064  7579 I GCoreUlr: Starting service, intent=Intent { act=com.google.android.location.reporting.ACTION_UPDATE_WORLD cmp=com.google.android.gms/com.google.android.location.reporting.service.DispatchingService (has extras) }, extras=Bundle[{receiverAction=com.google.android.gms.auth.GOOGLE_ACCOUNT_CHANGE}]
12-11 19:19:33.901  2640  7571 I Ads     : Accounts have changed: com.google.android.gms.auth.GOOGLE_ACCOUNT_CHANGE
12-11 19:19:33.930  2640  7574 I ChromeSync: [Sync,SyncIntentOperation] Handling the intent: Intent { act=com.google.android.gms.auth.GOOGLE_ACCOUNT_CHANGE cat=[com.google.android.gms.auth.category.ACCOUNT_REMOVED] flg=0x10 cmp=com.google.android.gms/.chimera.GmsIntentOperationService$PersistentInternalReceiver (has extras) }.
12-11 19:19:34.033  1653  3965 I ActivityManager: Killing 7443:com.android.settings/1000 (adj 900): remove task
12-11 19:19:34.049  2640  7569 I MS_RegisterService: Tachyon host: instantmessaging-pa.googleapis.com, Tachyon port: 443
12-11 19:19:34.050  1653  2528 I ActivityManager: START u0 {act=android.intent.action.MAIN cat=[android.intent.category.HOME] flg=0x10200000 cmp=com.google.android.apps.nexuslauncher/.NexusLauncherActivity} from uid 10028 on display 0
12-11 19:19:34.116  2640  2650 I art     : Background sticky concurrent mark sweep GC freed 7799(602KB) AllocSpace objects, 3(60KB) LOS objects, 7% free, 13MB/14MB, paused 4.761ms total 114.799ms
12-11 19:19:34.129  1354  1377 W audio_hw_generic: Hardware backing HAL too slow, could only write 0 of 720 frames
12-11 19:19:34.164  2640  7738 I MS_RegisterService: RegisterService intent:Intent { act=com.google.android.gms.matchstick.register_intent_google_account_change cat=[targeted_intent_op_prefix:com.google.android.libraries.matchstick.net.SilentRegisterIntentOperation] cmp=com.google.android.gms/.chimera.GmsIntentOperationService } isPeriodic:false
12-11 19:19:34.181  2640  7576 I PeopleDatabaseHelper: cleanUpNonGplusAccounts done.
12-11 19:19:34.187  1653  1687 W InputDispatcher: channel 'e65b352 com.android.settings/com.android.settings.SubSettings (server)' ~ Consumer closed input channel or an error occurred.  events=0x9
12-11 19:19:34.187  1653  1687 E InputDispatcher: channel 'e65b352 com.android.settings/com.android.settings.SubSettings (server)' ~ Channel is unrecoverably broken and will be disposed!
12-11 19:19:34.187  1653  1687 W InputDispatcher: channel '9e192f4 com.android.settings/com.android.settings.Settings (server)' ~ Consumer closed input channel or an error occurred.  events=0x9
12-11 19:19:34.187  1653  1687 E InputDispatcher: channel '9e192f4 com.android.settings/com.android.settings.Settings (server)' ~ Channel is unrecoverably broken and will be disposed!
12-11 19:19:34.226  2064  2064 E BluetoothAdapter: Bluetooth binder is null
12-11 19:19:34.228  2640  7573 I AccountsChangedIntentOp: unsubscribe the deleted account ctj784@gmail.com
12-11 19:19:34.229  2640  7573 I UdcContextInitChimeraSe: Scheduling context registration change job.
12-11 19:19:34.241  2640  7576 I PeopleContactsSync: triggerPendingContactsCleanup: no accounts
12-11 19:19:34.256  1733  1900 D EGL_emulation: eglMakeCurrent: 0xad0052a0: ver 3 0 (tinfo 0xad0038a0)
12-11 19:19:34.283  2640  7738 W DynamiteModule: Local module descriptor class for providerinstaller not found.
12-11 19:19:34.284  2640  7738 I DynamiteModule: Considering local module providerinstaller:0 and remote module providerinstaller:0
12-11 19:19:34.284  2640  7738 W ProviderInstaller: Failed to load providerinstaller module: No acceptable module found. Local version is 0 and remote version is 0.
12-11 19:19:34.290  1653  2529 D GraphicsStats: Buffer count: 6
12-11 19:19:34.290  1733  1900 D EGL_emulation: eglMakeCurrent: 0xad0052a0: ver 3 0 (tinfo 0xad0038a0)
12-11 19:19:34.307  1653  3966 D ActivityManager: cleanUpApplicationRecord -- 7443
12-11 19:19:34.327  1653  1663 I WindowManager: WIN DEATH: Window{e65b352 u0 com.android.settings/com.android.settings.SubSettings}
12-11 19:19:34.327  1653  1663 W InputDispatcher: Attempted to unregister already unregistered input channel 'e65b352 com.android.settings/com.android.settings.SubSettings (server)'
12-11 19:19:34.331  1653  2529 I WindowManager: WIN DEATH: Window{9e192f4 u0 com.android.settings/com.android.settings.Settings}
12-11 19:19:34.331  1653  2529 W InputDispatcher: Attempted to unregister already unregistered input channel '9e192f4 com.android.settings/com.android.settings.Settings (server)'
12-11 19:19:34.367  2104  2157 D EGL_emulation: eglMakeCurrent: 0x9f797d60: ver 3 0 (tinfo 0x8f9d9100)
12-11 19:19:34.373  2143  2143 I BgTaskExecutorImpl: Starting EXCLUSIVE background task UPDATE_HOTWORD_MODELS.
12-11 19:19:34.379  2143  2310 W SessionLifecycleManager: Handover failed. Creating new session controller.
12-11 19:19:34.427  2143  2155 W art     : Suspending all threads took: 5.071ms
12-11 19:19:34.431  2640  3046 I CheckinRequestProcessor: Gmscore running on device, checkin will use Gmscore context
12-11 19:19:34.431  2640  3046 I CheckinRequestBuilder: Checkin reason type: 4 attempt count: 1
12-11 19:19:34.477  2143  2281 D EGL_emulation: eglMakeCurrent: 0x9d9708a0: ver 3 0 (tinfo 0xa9330390)
12-11 19:19:34.492  2143  2155 I art     : Background sticky concurrent mark sweep GC freed 43281(2MB) AllocSpace objects, 9(316KB) LOS objects, 17% free, 14MB/17MB, paused 9.963ms total 195.348ms
12-11 19:19:34.557  2640  3028 I Icing   : IndexChimeraService.getServiceInterface callingPackage=com.google.android.googlequicksearchbox componentName=agsa_icing_connection serviceId=32
12-11 19:19:34.562  2640  3007 I Icing   : IndexChimeraService.getServiceInterface callingPackage=com.google.android.googlequicksearchbox componentName=agsa_icing_connection serviceId=33
12-11 19:19:34.711  2640  7571 E btsi    : *~*~*~ Channel {0} was not shutdown properly!!! ~*~*~*
12-11 19:19:34.711  2640  7571 E btsi    :     Make sure to call shutdown()/shutdownNow() and wait until awaitTermination() returns true.
12-11 19:19:34.712  2640  7571 E btsi    : *~*~*~ Channel {0} was not shutdown properly!!! ~*~*~*
12-11 19:19:34.712  2640  7571 E btsi    :     Make sure to call shutdown()/shutdownNow() and wait until awaitTermination() returns true.
12-11 19:19:34.712  2640  7571 E btsi    : *~*~*~ Channel {0} was not shutdown properly!!! ~*~*~*
12-11 19:19:34.712  2640  7571 E btsi    :     Make sure to call shutdown()/shutdownNow() and wait until awaitTermination() returns true.
