--------- beginning of main
12-11 19:09:56.080  7013  7013 D AndroidRuntime: >>>>>> START com.android.internal.os.RuntimeInit uid 2000 <<<<<<
12-11 19:09:56.082  7013  7013 D AndroidRuntime: CheckJNI is ON
12-11 19:09:56.117  7013  7013 W art     : Unexpected CPU variant for X86 using defaults: x86
12-11 19:09:56.120  7013  7013 D ICU     : No timezone override file found: /data/misc/zoneinfo/current/icu/icu_tzdata.dat
12-11 19:09:56.138  7013  7013 E memtrack: Couldn't load memtrack module (No such file or directory)
12-11 19:09:56.138  7013  7013 E android.os.Debug: failed to load memtrack module: -2
12-11 19:09:56.139  7013  7013 I Radio-JNI: register_android_hardware_Radio DONE
12-11 19:09:56.150  7013  7013 D AndroidRuntime: Calling main entry com.android.commands.monkey.Monkey
--------- beginning of system
12-11 19:09:56.202  1653  1666 W BroadcastQueue: Skipping deliver [background] BroadcastRecord{3298946 u-1 android.net.conn.CONNECTIVITY_CHANGE} to ReceiverList{2a6f707 7013 (unknown name)/2000/u-1 remote:8d4b388}: process crashing
12-11 19:09:57.863  7013  7013 D MonkeyStub: translateCommand: wake
12-11 19:09:57.874  7013  7013 D MonkeyStub: translateCommand: tap 88 132
12-11 19:09:57.894  1354  1377 W audio_hw_generic: Not supplying enough data to HAL, expected position 33986296 , only wrote 33986160
12-11 19:09:59.879  7013  7013 D MonkeyStub: translateCommand: tap 245 769
12-11 19:10:00.315  1653  1679 I ActivityManager: START u0 {act=android.intent.action.VIEW flg=0x20030000 cmp=com.google.android.calendar/com.android.calendar.SearchActivity} from uid 10034 on display 0
12-11 19:10:01.020  1653  1673 I Choreographer: Skipped 34 frames!  The application may be doing too much work on its main thread.
12-11 19:10:01.045  1719  1719 W InputMethodService: Window size has been changed. This may cause jankiness of resizing window: -1 -> -2
12-11 19:10:01.094  1719  1719 I LatinIME: Starting input. Cursor position = 0,0
12-11 19:10:01.133  6003  6262 D EGL_emulation: eglMakeCurrent: 0xad005900: ver 3 0 (tinfo 0xad0039d0)
12-11 19:10:01.260  1653  1673 I ActivityManager: Displayed com.google.android.calendar/com.android.calendar.SearchActivity: +909ms
12-11 19:10:01.281  1733  1900 D EGL_emulation: eglMakeCurrent: 0xad0052a0: ver 3 0 (tinfo 0xad0038a0)
12-11 19:10:01.879  1719  3460 D EGL_emulation: eglMakeCurrent: 0x8f67e020: ver 3 0 (tinfo 0x9d969f20)
12-11 19:10:03.085  1354  1378 W audio_hw_generic: Not supplying enough data to HAL, expected position 34482379 , only wrote 34235280
12-11 19:10:03.883  7013  7013 D MonkeyStub: translateCommand: type invitation
12-11 19:10:05.906  7013  7013 D MonkeyStub: translateCommand: tap 998 1692
12-11 19:10:05.914  1653  1663 I ActivityManager: START u0 {act=android.intent.action.SEARCH flg=0x20000000 cmp=com.google.android.calendar/com.android.calendar.SearchActivity (has extras)} from uid 10034 on display 0
12-11 19:10:05.942  1719  1810 I LatinIME:LogUtils: Dictionary info: dictionary = spellcheck_userunigram.en_US ; version = 1544577005 ; date = ?
12-11 19:10:05.976  1719  1810 I LatinIME:LogUtils: Dictionary info: dictionary = main:en ; version = 54 ; date = 1414726273
12-11 19:10:05.982  1719  1719 W InputMethodService: Window size has been changed. This may cause jankiness of resizing window: -1 -> -2
12-11 19:10:05.992  6003  6003 W IInputConnectionWrapper: finishComposingText on inactive InputConnection
12-11 19:10:05.992  6003  6003 W IInputConnectionWrapper: finishComposingText on inactive InputConnection
12-11 19:10:05.993  1719  3460 D EGL_emulation: eglMakeCurrent: 0x8f67e020: ver 3 0 (tinfo 0x9d969f20)
12-11 19:10:10.912  7013  7013 D MonkeyStub: translateCommand: tap 298 271
12-11 19:10:10.929  1354  1377 W audio_hw_generic: Not supplying enough data to HAL, expected position 34235401 , only wrote 34235280
12-11 19:10:10.976  1653  3966 I ActivityManager: START u0 {act=android.intent.action.VIEW flg=0x8000 cmp=com.google.android.calendar/com.android.calendar.event.EventInfoActivity (has extras)} from uid 10034 on display 0
12-11 19:10:12.148  6003  6003 I Choreographer: Skipped 65 frames!  The application may be doing too much work on its main thread.
12-11 19:10:12.243  6003  6262 D EGL_emulation: eglMakeCurrent: 0xad005900: ver 3 0 (tinfo 0xad0039d0)
12-11 19:10:12.437  6003  6262 D EGL_emulation: eglMakeCurrent: 0xad005900: ver 3 0 (tinfo 0xad0039d0)
12-11 19:10:12.514  6003  6262 D EGL_emulation: eglMakeCurrent: 0xad005900: ver 3 0 (tinfo 0xad0039d0)
12-11 19:10:12.524  6003  6003 W IInputConnectionWrapper: finishComposingText on inactive InputConnection
12-11 19:10:12.530  6003  6262 D EGL_emulation: eglMakeCurrent: 0xad005900: ver 3 0 (tinfo 0xad0039d0)
12-11 19:10:12.547  1653  1673 I ActivityManager: Displayed com.google.android.calendar/com.android.calendar.event.EventInfoActivity: +1s558ms
12-11 19:10:12.548  6003  6262 D EGL_emulation: eglMakeCurrent: 0xad005900: ver 3 0 (tinfo 0xad0039d0)
12-11 19:10:12.557  6003  6262 D EGL_emulation: eglMakeCurrent: 0xad005900: ver 3 0 (tinfo 0xad0039d0)
12-11 19:10:12.570  6003  6262 D EGL_emulation: eglMakeCurrent: 0xad005900: ver 3 0 (tinfo 0xad0039d0)
12-11 19:10:12.577  1733  1900 D EGL_emulation: eglMakeCurrent: 0xad0052a0: ver 3 0 (tinfo 0xad0038a0)
12-11 19:10:12.676  6003  6262 D EGL_emulation: eglMakeCurrent: 0xad005900: ver 3 0 (tinfo 0xad0039d0)
12-11 19:10:12.723  6003  6262 D EGL_emulation: eglMakeCurrent: 0xad005900: ver 3 0 (tinfo 0xad0039d0)
12-11 19:10:13.126  6003  6262 D EGL_emulation: eglMakeCurrent: 0xad005900: ver 3 0 (tinfo 0xad0039d0)
12-11 19:10:14.140  1354  1378 W audio_hw_generic: Not supplying enough data to HAL, expected position 34541597 , only wrote 34389360
12-11 19:10:15.256  2510  2510 I CalendarProvider2: Sending notification intent: Intent { act=android.intent.action.PROVIDER_CHANGED dat=content://com.android.calendar flg=0x20000000 }
12-11 19:10:15.257  2510  2510 W ContentResolver: Failed to get type for: content://com.android.calendar (Unknown URL content://com.android.calendar)
12-11 19:10:15.288  2640  7041 I IcingInternalCorpora: Received calendar change notification.
12-11 19:10:15.925  7013  7013 D MonkeyStub: translateCommand: tap 475 1383
12-11 19:10:15.959  1354  1377 W audio_hw_generic: Not supplying enough data to HAL, expected position 34389472 , only wrote 34389360
12-11 19:10:15.963  1653  1679 I ActivityManager: START u0 {act=com.google.android.gms.people.smart_profile.ACTION_SHOW_PROFILE pkg=com.google.android.gms cmp=com.google.android.gms/.smart_profile.SmartProfileActivity (has extras)} from uid 10034 on display 0
12-11 19:10:16.010  3093  3093 I AppCompatDelegate: Failed to instantiate custom view inflater android.support.v7.app.AppCompatViewInflater. Falling back to default.
12-11 19:10:16.010  3093  3093 I AppCompatDelegate: java.lang.ClassNotFoundException: android.support.v7.app.AppCompatViewInflater
12-11 19:10:16.010  3093  3093 I AppCompatDelegate: 	at java.lang.Class.classForName(Native Method)
12-11 19:10:16.010  3093  3093 I AppCompatDelegate: 	at java.lang.Class.forName(Class.java:400)
12-11 19:10:16.010  3093  3093 I AppCompatDelegate: 	at java.lang.Class.forName(Class.java:326)
12-11 19:10:16.010  3093  3093 I AppCompatDelegate: 	at adu.a(:com.google.android.gms@14799022@14.7.99 (040700-223214910):5)
12-11 19:10:16.010  3093  3093 I AppCompatDelegate: 	at adu.onCreateView(:com.google.android.gms@14799022@14.7.99 (040700-223214910):1)
12-11 19:10:16.010  3093  3093 I AppCompatDelegate: 	at android.view.LayoutInflater.createViewFromTag(LayoutInflater.java:769)
12-11 19:10:16.010  3093  3093 I AppCompatDelegate: 	at android.view.LayoutInflater.createViewFromTag(LayoutInflater.java:727)
12-11 19:10:16.010  3093  3093 I AppCompatDelegate: 	at android.view.LayoutInflater.inflate(LayoutInflater.java:495)
12-11 19:10:16.010  3093  3093 I AppCompatDelegate: 	at android.view.LayoutInflater.inflate(LayoutInflater.java:426)
12-11 19:10:16.010  3093  3093 I AppCompatDelegate: 	at android.view.LayoutInflater.inflate(LayoutInflater.java:377)
12-11 19:10:16.010  3093  3093 I AppCompatDelegate: 	at com.android.internal.policy.DecorView.onResourcesLoaded(DecorView.java:1813)
12-11 19:10:16.010  3093  3093 I AppCompatDelegate: 	at com.android.internal.policy.PhoneWindow.generateLayout(PhoneWindow.java:2554)
12-11 19:10:16.010  3093  3093 I AppCompatDelegate: 	at com.android.internal.policy.PhoneWindow.installDecor(PhoneWindow.java:2627)
12-11 19:10:16.010  3093  3093 I AppCompatDelegate: 	at com.android.internal.policy.PhoneWindow.getDecorView(PhoneWindow.java:2047)
12-11 19:10:16.010  3093  3093 I AppCompatDelegate: 	at adu.p(:com.google.android.gms@14799022@14.7.99 (040700-223214910):8)
12-11 19:10:16.010  3093  3093 I AppCompatDelegate: 	at adu.b(:com.google.android.gms@14799022@14.7.99 (040700-223214910):65)
12-11 19:10:16.010  3093  3093 I AppCompatDelegate: 	at dsc.setContentView(:com.google.android.gms@14799022@14.7.99 (040700-223214910):1)
12-11 19:10:16.010  3093  3093 I AppCompatDelegate: 	at anxv.a(:com.google.android.gms@14799022@14.7.99 (040700-223214910):5)
12-11 19:10:16.010  3093  3093 I AppCompatDelegate: 	at com.google.android.gms.smart_profile.SmartProfileChimeraActivity.onCreate(:com.google.android.gms@14799022@14.7.99 (040700-223214910):5)
12-11 19:10:16.010  3093  3093 I AppCompatDelegate: 	at com.google.android.chimera.Activity.publicOnCreate(:com.google.android.gms@14799022@14.7.99 (040700-223214910))
12-11 19:10:16.010  3093  3093 I AppCompatDelegate: 	at dsh.onCreate(:com.google.android.gms@14799022@14.7.99 (040700-223214910):6)
12-11 19:10:16.010  3093  3093 I AppCompatDelegate: 	at owp.onCreate(:com.google.android.gms@14799022@14.7.99 (040700-223214910):2)
12-11 19:10:16.010  3093  3093 I AppCompatDelegate: 	at android.app.Activity.performCreate(Activity.java:6679)
12-11 19:10:16.010  3093  3093 I AppCompatDelegate: 	at android.app.Instrumentation.callActivityOnCreate(Instrumentation.java:1118)
12-11 19:10:16.010  3093  3093 I AppCompatDelegate: 	at android.app.ActivityThread.performLaunchActivity(ActivityThread.java:2618)
12-11 19:10:16.010  3093  3093 I AppCompatDelegate: 	at android.app.ActivityThread.handleLaunchActivity(ActivityThread.java:2726)
12-11 19:10:16.010  3093  3093 I AppCompatDelegate: 	at android.app.ActivityThread.-wrap12(ActivityThread.java)
12-11 19:10:16.010  3093  3093 I AppCompatDelegate: 	at android.app.ActivityThread$H.handleMessage(ActivityThread.java:1477)
12-11 19:10:16.010  3093  3093 I AppCompatDelegate: 	at android.os.Handler.dispatchMessage(Handler.java:102)
12-11 19:10:16.010  3093  3093 I AppCompatDelegate: 	at android.os.Looper.loop(Looper.java:154)
12-11 19:10:16.010  3093  3093 I AppCompatDelegate: 	at android.app.ActivityThread.main(ActivityThread.java:6119)
12-11 19:10:16.010  3093  3093 I AppCompatDelegate: 	at java.lang.reflect.Method.invoke(Native Method)
12-11 19:10:16.010  3093  3093 I AppCompatDelegate: 	at com.android.internal.os.ZygoteInit$MethodAndArgsCaller.run(ZygoteInit.java:886)
12-11 19:10:16.010  3093  3093 I AppCompatDelegate: 	at com.android.internal.os.ZygoteInit.main(ZygoteInit.java:776)
12-11 19:10:16.010  3093  3093 I AppCompatDelegate: Caused by: java.lang.ClassNotFoundException: Didn't find class "android.support.v7.app.AppCompatViewInflater" on path: DexPathList[[zip file "/system/framework/com.android.location.provider.jar", zip file "/system/framework/com.android.media.remotedisplay.jar", zip file "/data/app/com.google.android.gms-2/base.apk"],nativeLibraryDirectories=[/data/app/com.google.android.gms-2/lib/x86, /data/app/com.google.android.gms-2/base.apk!/lib/x86, /system/lib, /vendor/lib]]
12-11 19:10:16.010  3093  3093 I AppCompatDelegate: 	at dalvik.system.BaseDexClassLoader.findClass(BaseDexClassLoader.java:56)
12-11 19:10:16.010  3093  3093 I AppCompatDelegate: 	at java.lang.ClassLoader.loadClass(ClassLoader.java:380)
12-11 19:10:16.010  3093  3093 I AppCompatDelegate: 	at java.lang.ClassLoader.loadClass(ClassLoader.java:312)
12-11 19:10:16.010  3093  3093 I AppCompatDelegate: 	... 34 more
12-11 19:10:16.069  3093  3093 I FloatingActionButton: Setting a custom background is not supported.
12-11 19:10:16.123  2064  2064 W ChimeraUtils: Non Chimera context
12-11 19:10:16.306  2640  5560 I IcingInternalCorpora: EventIndexer: starting incremental update
12-11 19:10:16.316  2640  5560 I IcingInternalCorpora: EventIndexer: 0 added, 1 removed, 0 changed, 49 unchanged, 0 errors.
12-11 19:10:16.395  2640  2640 I IcingInternalCorpora: EventIndexer: finished after 89 ms.
12-11 19:10:16.735  3093  3093 I Choreographer: Skipped 36 frames!  The application may be doing too much work on its main thread.
12-11 19:10:16.773  3093  3145 D EGL_emulation: eglMakeCurrent: 0xad005600: ver 3 0 (tinfo 0xad0038c0)
12-11 19:10:16.817  6321  6338 I Finsky  : [282] com.google.android.finsky.bo.an.run(6): Stats for Executor: Db-scheduled_acquisitions.db com.google.android.finsky.bo.ao@1bff388[Running, pool size = 0, active threads = 0, queued tasks = 0, completed tasks = 2]
12-11 19:10:16.896  1653  1673 I ActivityManager: Displayed com.google.android.gms/.smart_profile.SmartProfileActivity: +917ms
12-11 19:10:16.985  3093  7044 I ExAccountTypeManager: Loaded meta-data for 3 account types in 38ms(wall) 13ms(cpu)
12-11 19:10:17.358  2064  2945 W GLSUser : [DeviceKeyStore] Cannot load key: Device key file not found.
12-11 19:10:17.416  2640  6985 I Icing   : Indexing com.google.android.gms-internal.3p:Event from com.google.android.gms
12-11 19:10:17.443  2640  6985 I Icing   : Indexing done com.google.android.gms-internal.3p:Event
12-11 19:10:17.447  2640  6985 I Icing   : Indexing com.google.android.gms-internal.3p:MobileApplication from com.google.android.gms
12-11 19:10:17.450  1360  1360 D WVCdm   : Instantiating CDM.
12-11 19:10:17.452  1360  3128 I WVCdm   : CdmEngine::OpenSession
12-11 19:10:17.452  1360  3128 I WVCdm   : Level3 Library 4464 Sep 10 2016 21:49:53
12-11 19:10:17.457  1360  3128 W WVCdm   : Could not load liboemcrypto.so. Falling back to L3.  dlopen failed: library "liboemcrypto.so" not found
12-11 19:10:17.468  1360  3128 I WVCdm   : CdmEngine::QueryKeyControlInfo
12-11 19:10:17.469  1360  1386 I WVCdm   : CdmEngine::GenerateKeyRequest
12-11 19:10:17.470  1360  1386 D WVCdm   : PrepareKeyRequest: nonce=3326055981
12-11 19:10:17.522  2640  6985 I Icing   : Indexing com.google.android.gms-internal.3p:MusicRecording from com.google.android.gms
12-11 19:10:17.555  2640  6985 I Icing   : Indexing done com.google.android.gms-internal.3p:MobileApplication
12-11 19:10:17.584  2640  6985 I Icing   : Indexing done com.google.android.gms-internal.3p:MusicRecording
12-11 19:10:17.585  2640  2644 I art     : JIT allocated 60KB for compiled code of aaoh aaoh.a()
12-11 19:10:17.585  2640  2644 I art     : Compiler allocated 4MB to compile aaoh aaoh.a()
12-11 19:10:17.606  1360  4704 I WVCdm   : CdmEngine::CloseSession
12-11 19:10:17.611  2640  2650 I art     : Background sticky concurrent mark sweep GC freed 13554(677KB) AllocSpace objects, 0(0B) LOS objects, 5% free, 16MB/17MB, paused 13.699ms total 44.175ms
12-11 19:10:17.682  2064  2945 W GLSUser : [AppCertManager] IOException while requesting key: 
12-11 19:10:17.682  2064  2945 W GLSUser : java.io.IOException: Invalid device key response.
12-11 19:10:17.682  2064  2945 W GLSUser : 	at hxx.a(:com.google.android.gms@14799022@14.7.99 (040700-223214910):14)
12-11 19:10:17.682  2064  2945 W GLSUser : 	at hxx.a(:com.google.android.gms@14799022@14.7.99 (040700-223214910):72)
12-11 19:10:17.682  2064  2945 W GLSUser : 	at hxx.a(:com.google.android.gms@14799022@14.7.99 (040700-223214910):27)
12-11 19:10:17.682  2064  2945 W GLSUser : 	at hxv.a(:com.google.android.gms@14799022@14.7.99 (040700-223214910):2)
12-11 19:10:17.682  2064  2945 W GLSUser : 	at hxv.a(:com.google.android.gms@14799022@14.7.99 (040700-223214910):9)
12-11 19:10:17.682  2064  2945 W GLSUser : 	at yfy.a(:com.google.android.gms@14799022@14.7.99 (040700-223214910):5)
12-11 19:10:17.682  2064  2945 W GLSUser : 	at cpz.onTransact(:com.google.android.gms@14799022@14.7.99 (040700-223214910):4)
12-11 19:10:17.682  2064  2945 W GLSUser : 	at android.os.Binder.transact(Binder.java:499)
12-11 19:10:17.682  2064  2945 W GLSUser : 	at dsw.onTransact(:com.google.android.gms@14799022@14.7.99 (040700-223214910):3)
12-11 19:10:17.682  2064  2945 W GLSUser : 	at android.os.Binder.execTransact(Binder.java:565)
12-11 19:10:17.682  2064  2945 W GLSUser : [DeviceKeyStore] Cannot load key: Device key file not found.
12-11 19:10:17.759  3093  4475 W Conscrypt: Could not set socket write timeout: java.net.SocketException: Socket closed
12-11 19:10:17.759  3093  4475 W Conscrypt: 	at com.google.android.gms.org.conscrypt.Platform.setSocketWriteTimeout(:com.google.android.gms@14799022@14.7.99 (040700-223214910):2)
12-11 19:10:17.760  3093  4475 W Conscrypt: 	at com.google.android.gms.org.conscrypt.ConscryptFileDescriptorSocket.setSoWriteTimeout(:com.google.android.gms@14799022@14.7.99 (040700-223214910):2)
12-11 19:10:17.833  3093  4475 W Conscrypt: Could not set socket write timeout: java.net.SocketException: Socket closed
12-11 19:10:17.833  3093  4475 W Conscrypt: 	at com.google.android.gms.org.conscrypt.Platform.setSocketWriteTimeout(:com.google.android.gms@14799022@14.7.99 (040700-223214910):2)
12-11 19:10:17.834  3093  4475 W Conscrypt: 	at com.google.android.gms.org.conscrypt.ConscryptFileDescriptorSocket.setSoWriteTimeout(:com.google.android.gms@14799022@14.7.99 (040700-223214910):2)
12-11 19:10:17.879  3093  4475 E Volley  : [217] BasicNetwork.performRequest: Unexpected response code 400 for https://datamixer-pa.googleapis.com/v1/batchfetch?alt=proto
12-11 19:10:17.908  3093  3144 W DataMixerLoader: Volley error fetching server cards: com.android.volley.ClientError
12-11 19:10:19.192  1354  1378 W audio_hw_generic: Not supplying enough data to HAL, expected position 34697127 , only wrote 34544160
12-11 19:10:20.932  7013  7013 D MonkeyStub: translateCommand: tap 233 1839
12-11 19:10:20.945  1354  1377 W audio_hw_generic: Not supplying enough data to HAL, expected position 34544231 , only wrote 34544160
12-11 19:10:20.954  1733  1900 D EGL_emulation: eglMakeCurrent: 0xad0052a0: ver 3 0 (tinfo 0xad0038a0)
12-11 19:10:21.348  3093  3145 D EGL_emulation: eglMakeCurrent: 0xad005600: ver 3 0 (tinfo 0xad0038c0)
12-11 19:10:23.940  7013  7013 D MonkeyStub: translateCommand: tap 298 271
12-11 19:10:24.171  1354  1378 W audio_hw_generic: Not supplying enough data to HAL, expected position 34851687 , only wrote 34698960
12-11 19:10:26.466  6321  6338 I Finsky  : [282] com.google.android.finsky.bo.an.run(6): Stats for Executor: BlockingExecutor com.google.android.finsky.bo.ao@2d3d6c[Running, pool size = 0, active threads = 0, queued tasks = 0, completed tasks = 8]
12-11 19:10:26.466  6321  6338 I Finsky  : [282] com.google.android.finsky.bo.an.run(6): Stats for Executor: LightweightExecutor com.google.android.finsky.bo.ao@9823f35[Running, pool size = 2, active threads = 0, queued tasks = 0, completed tasks = 53]
12-11 19:10:26.945  7013  7013 D MonkeyStub: translateCommand: tap 63 380
12-11 19:10:26.966  6321  6338 I Finsky  : [282] com.google.android.finsky.bo.an.run(6): Stats for Executor: bgExecutor com.google.android.finsky.bo.ao@3b53fca[Running, pool size = 4, active threads = 0, queued tasks = 0, completed tasks = 15]
12-11 19:10:26.966  6321  6338 I Finsky  : [282] com.google.android.finsky.bo.an.run(6): Stats for Executor: SimChangeExecutor com.google.android.finsky.bo.ao@dd7e53b[Running, pool size = 0, active threads = 0, queued tasks = 0, completed tasks = 0]
12-11 19:10:26.980  1354  1377 W audio_hw_generic: Not supplying enough data to HAL, expected position 34699235 , only wrote 34698960
12-11 19:10:26.993  6003  6003 W Resources: Drawable android:drawable/activated_background_material has unresolved theme attributes! Consider using Resources.getDrawable(int, Theme) or Context.getDrawable(int).
12-11 19:10:26.993  6003  6003 W Resources: java.lang.RuntimeException
12-11 19:10:26.993  6003  6003 W Resources: 	at android.content.res.Resources.getDrawable(Resources.java:746)
12-11 19:10:26.993  6003  6003 W Resources: 	at com.android.calendar.event.edit.segment.BaseSuggestionAdapter.<init>(BaseSuggestionAdapter.java:83)
12-11 19:10:26.993  6003  6003 W Resources: 	at com.google.android.calendar.event.edit.segment.BaseAnnotatedSuggestionAdapter.<init>(BaseAnnotatedSuggestionAdapter.java:54)
12-11 19:10:26.993  6003  6003 W Resources: 	at com.google.android.calendar.event.edit.segment.QuickCreateSuggestionAdapter.<init>(QuickCreateSuggestionAdapter.java:46)
12-11 19:10:26.993  6003  6003 W Resources: 	at com.google.android.calendar.event.edit.segment.QuickCreateEditSegment.onFinishInflate(QuickCreateEditSegment.java:173)
12-11 19:10:26.993  6003  6003 W Resources: 	at android.view.LayoutInflater.rInflate(LayoutInflater.java:867)
12-11 19:10:26.993  6003  6003 W Resources: 	at android.view.LayoutInflater.rInflateChildren(LayoutInflater.java:821)
12-11 19:10:26.993  6003  6003 W Resources: 	at android.view.LayoutInflater.inflate(LayoutInflater.java:518)
12-11 19:10:26.993  6003  6003 W Resources: 	at android.view.LayoutInflater.inflate(LayoutInflater.java:426)
12-11 19:10:26.993  6003  6003 W Resources: 	at android.view.LayoutInflater.inflate(LayoutInflater.java:377)
12-11 19:10:26.993  6003  6003 W Resources: 	at com.android.calendar.editor.BaseEditSegmentFactory$LayoutInflaterFactoryMethod.createSegment(BaseEditSegmentFactory.java:227)
12-11 19:10:26.993  6003  6003 W Resources: 	at com.android.calendar.editor.BaseEditSegmentFactory.createEditSegments(BaseEditSegmentFactory.java:80)
12-11 19:10:26.993  6003  6003 W Resources: 	at com.google.android.calendar.event.edit.TimelyEventEditSegmentFactory.createAndAddEditSegmentsMaybeInHeader(TimelyEventEditSegmentFactory.java:91)
12-11 19:10:26.993  6003  6003 W Resources: 	at com.android.calendar.event.edit.EditDetailsFragment.ensureSegmentsCreated(EditDetailsFragment.java:781)
12-11 19:10:26.993  6003  6003 W Resources: 	at com.android.calendar.event.edit.EditDetailsFragment.onActivityCreated(EditDetailsFragment.java:670)
12-11 19:10:26.993  6003  6003 W Resources: 	at android.app.Fragment.performActivityCreated(Fragment.java:2362)
12-11 19:10:26.993  6003  6003 W Resources: 	at android.app.FragmentManagerImpl.moveToState(FragmentManager.java:1014)
12-11 19:10:26.993  6003  6003 W Resources: 	at android.app.FragmentManagerImpl.moveToState(FragmentManager.java:1171)
12-11 19:10:26.993  6003  6003 W Resources: 	at android.app.BackStackRecord.run(BackStackRecord.java:816)
12-11 19:10:26.993  6003  6003 W Resources: 	at android.app.FragmentManagerImpl.execPendingActions(FragmentManager.java:1578)
12-11 19:10:26.993  6003  6003 W Resources: 	at android.app.FragmentManagerImpl$1.run(FragmentManager.java:483)
12-11 19:10:26.993  6003  6003 W Resources: 	at android.os.Handler.handleCallback(Handler.java:751)
12-11 19:10:26.993  6003  6003 W Resources: 	at android.os.Handler.dispatchMessage(Handler.java:95)
12-11 19:10:26.993  6003  6003 W Resources: 	at android.os.Looper.loop(Looper.java:154)
12-11 19:10:26.993  6003  6003 W Resources: 	at android.app.ActivityThread.main(ActivityThread.java:6119)
12-11 19:10:26.993  6003  6003 W Resources: 	at java.lang.reflect.Method.invoke(Native Method)
12-11 19:10:26.993  6003  6003 W Resources: 	at com.android.internal.os.ZygoteInit$MethodAndArgsCaller.run(ZygoteInit.java:886)
12-11 19:10:26.993  6003  6003 W Resources: 	at com.android.internal.os.ZygoteInit.main(ZygoteInit.java:776)
12-11 19:10:27.110  6321  6346 I PlayCommon: [290] com.google.android.play.b.g.d(228): Preparing logs for uploading
12-11 19:10:27.129  2064  2064 W ChimeraUtils: Non Chimera context
12-11 19:10:27.151  6321  6346 I PlayCommon: [290] com.google.android.play.b.g.a(413): Connecting to server: https://play.googleapis.com/play/log?format=raw&proto_v2=true
12-11 19:10:27.155  6321  6338 I Finsky  : [282] com.google.android.finsky.bo.an.run(6): Stats for Executor: Db-xternal_referrer_status.db com.google.android.finsky.bo.ao@366c458[Running, pool size = 0, active threads = 0, queued tasks = 0, completed tasks = 0]
12-11 19:10:27.247  6321  6338 I Finsky  : [282] com.google.android.finsky.bo.an.run(6): Stats for Executor: Db-split_install_service com.google.android.finsky.bo.ao@6a499b1[Running, pool size = 0, active threads = 0, queued tasks = 0, completed tasks = 7]
12-11 19:10:27.344  6321  6346 I PlayCommon: [290] com.google.android.play.b.g.a(504): Successfully uploaded logs.
12-11 19:10:27.376  6321  6338 I Finsky  : [282] com.google.android.finsky.bo.an.run(6): Stats for Executor: StorageAwareDownloadServiceManagerSpaceChecker com.google.android.finsky.bo.ao@acf8e96[Running, pool size = 0, active threads = 0, queued tasks = 0, completed tasks = 0]
12-11 19:10:27.657  6321  6338 I Finsky  : [282] com.google.android.finsky.bo.an.run(6): Stats for Executor: Db-scheduler com.google.android.finsky.bo.ao@5d59a17[Running, pool size = 0, active threads = 0, queued tasks = 0, completed tasks = 44]
12-11 19:10:27.691  6003  6003 I Choreographer: Skipped 39 frames!  The application may be doing too much work on its main thread.
12-11 19:10:27.739  6003  6262 D EGL_emulation: eglMakeCurrent: 0xad005900: ver 3 0 (tinfo 0xad0039d0)
12-11 19:10:27.781  6003  6262 D EGL_emulation: eglMakeCurrent: 0xad005900: ver 3 0 (tinfo 0xad0039d0)
12-11 19:10:27.842  6003  6262 D EGL_emulation: eglMakeCurrent: 0xad005900: ver 3 0 (tinfo 0xad0039d0)
12-11 19:10:27.864  6003  6262 D EGL_emulation: eglMakeCurrent: 0xad005900: ver 3 0 (tinfo 0xad0039d0)
12-11 19:10:27.889  6003  6262 D EGL_emulation: eglMakeCurrent: 0xad005900: ver 3 0 (tinfo 0xad0039d0)
12-11 19:10:27.928  6321  6338 I Finsky  : [282] com.google.android.finsky.bo.an.run(6): Stats for Executor: Db-scheduler_logging_store.db com.google.android.finsky.bo.ao@5afce04[Running, pool size = 0, active threads = 0, queued tasks = 0, completed tasks = 0]
12-11 19:10:27.988  6003  7050 I ManagedChannelImpl: [{0}] Created with target {1}
12-11 19:10:28.030  6003  6262 D EGL_emulation: eglMakeCurrent: 0xad005900: ver 3 0 (tinfo 0xad0039d0)
12-11 19:10:28.154  6003  6262 D EGL_emulation: eglMakeCurrent: 0xad005900: ver 3 0 (tinfo 0xad0039d0)
12-11 19:10:28.163  6003  6262 D EGL_emulation: eglMakeCurrent: 0xad005900: ver 3 0 (tinfo 0xad0039d0)
12-11 19:10:28.338  6003  6262 D EGL_emulation: eglMakeCurrent: 0xad005900: ver 3 0 (tinfo 0xad0039d0)
12-11 19:10:28.341  6003  6003 D android.support.v7.widget.GridLayout: vertical constraints: y1-y0>=126, y2-y1>=126, y2-y0<=126 are inconsistent; permanently removing: y2-y0<=126. 
12-11 19:10:28.363  6003  6262 D EGL_emulation: eglMakeCurrent: 0xad005900: ver 3 0 (tinfo 0xad0039d0)
12-11 19:10:28.379  6003  6262 D EGL_emulation: eglMakeCurrent: 0xad005900: ver 3 0 (tinfo 0xad0039d0)
12-11 19:10:28.391  6003  6262 D EGL_emulation: eglMakeCurrent: 0xad005900: ver 3 0 (tinfo 0xad0039d0)
12-11 19:10:28.422  6003  6262 D EGL_emulation: eglMakeCurrent: 0xad005900: ver 3 0 (tinfo 0xad0039d0)
12-11 19:10:28.458  6003  6262 D EGL_emulation: eglMakeCurrent: 0xad005900: ver 3 0 (tinfo 0xad0039d0)
12-11 19:10:28.464  6003  6262 D EGL_emulation: eglMakeCurrent: 0xad005900: ver 3 0 (tinfo 0xad0039d0)
12-11 19:10:28.476  6003  6262 D EGL_emulation: eglMakeCurrent: 0xad005900: ver 3 0 (tinfo 0xad0039d0)
12-11 19:10:28.487  6003  6262 D EGL_emulation: eglMakeCurrent: 0xad005900: ver 3 0 (tinfo 0xad0039d0)
12-11 19:10:28.497  6003  6262 D EGL_emulation: eglMakeCurrent: 0xad005900: ver 3 0 (tinfo 0xad0039d0)
12-11 19:10:28.506  6003  6262 D EGL_emulation: eglMakeCurrent: 0xad005900: ver 3 0 (tinfo 0xad0039d0)
12-11 19:10:28.805  6321  6338 I Finsky  : [282] com.google.android.finsky.bo.an.run(6): Stats for Executor: InstallBackgroundThread com.google.android.finsky.bo.ao@7b81fed[Running, pool size = 0, active threads = 0, queued tasks = 0, completed tasks = 0]
12-11 19:10:28.805  6321  6338 I Finsky  : [282] com.google.android.finsky.bo.an.run(6): Stats for Executor: Db-install_service com.google.android.finsky.bo.ao@16dfe22[Running, pool size = 0, active threads = 0, queued tasks = 0, completed tasks = 0]
12-11 19:10:28.806  6321  6338 I Finsky  : [282] com.google.android.finsky.bo.an.run(6): Stats for Executor: InstallBackgroundThread com.google.android.finsky.bo.ao@f8fc0b3[Running, pool size = 0, active threads = 0, queued tasks = 0, completed tasks = 0]
12-11 19:10:29.950  7013  7013 D MonkeyStub: translateCommand: tap 193 728
12-11 19:10:30.192  1354  1378 W audio_hw_generic: Not supplying enough data to HAL, expected position 35005179 , only wrote 34853040
12-11 19:10:30.605  6003  6003 I Choreographer: Skipped 36 frames!  The application may be doing too much work on its main thread.
12-11 19:10:30.643  6003  6262 D EGL_emulation: eglMakeCurrent: 0xad005900: ver 3 0 (tinfo 0xad0039d0)
12-11 19:10:30.795  6003  6262 D EGL_emulation: eglMakeCurrent: 0xad005900: ver 3 0 (tinfo 0xad0039d0)
12-11 19:10:30.813  6003  6262 D EGL_emulation: eglMakeCurrent: 0xad005900: ver 3 0 (tinfo 0xad0039d0)
12-11 19:10:30.822  6003  6262 D EGL_emulation: eglMakeCurrent: 0xad005900: ver 3 0 (tinfo 0xad0039d0)
12-11 19:10:30.832  6003  6262 D EGL_emulation: eglMakeCurrent: 0xad005900: ver 3 0 (tinfo 0xad0039d0)
12-11 19:10:30.846  6003  6262 D EGL_emulation: eglMakeCurrent: 0xad005900: ver 3 0 (tinfo 0xad0039d0)
12-11 19:10:31.958  7013  7013 D MonkeyStub: translateCommand: tap 278 1352
12-11 19:10:31.994  6003  6262 D EGL_emulation: eglMakeCurrent: 0xad005900: ver 3 0 (tinfo 0xad0039d0)
12-11 19:10:32.061  1354  1377 W audio_hw_generic: Not supplying enough data to HAL, expected position 34853106 , only wrote 34853040
12-11 19:10:32.081  6003  6262 D EGL_emulation: eglMakeCurrent: 0xad005900: ver 3 0 (tinfo 0xad0039d0)
12-11 19:10:32.145  6003  6262 D EGL_emulation: eglMakeCurrent: 0xad005900: ver 3 0 (tinfo 0xad0039d0)
12-11 19:10:32.208  1653  3965 W InputMethodManagerService: Window already focused, ignoring focus gain of: com.android.internal.view.IInputMethodClient$Stub$Proxy@d0b9a8d attribute=null, token = android.os.BinderProxy@fad2848
12-11 19:10:33.964  7013  7013 D MonkeyStub: translateCommand: tap 978 137
12-11 19:10:33.971  6003  6003 W BaseSuggestionEditSegme: Event info from the server is stale or unavailable. Using full title.
12-11 19:10:34.010  6003  6262 D EGL_emulation: eglMakeCurrent: 0xad005900: ver 3 0 (tinfo 0xad0039d0)
12-11 19:10:34.023  6003  6262 D EGL_emulation: eglMakeCurrent: 0xad005900: ver 3 0 (tinfo 0xad0039d0)
12-11 19:10:34.040  6003  6262 D EGL_emulation: eglMakeCurrent: 0xad005900: ver 3 0 (tinfo 0xad0039d0)
12-11 19:10:34.051  6003  6262 D EGL_emulation: eglMakeCurrent: 0xad005900: ver 3 0 (tinfo 0xad0039d0)
12-11 19:10:34.209  6003  6262 D EGL_emulation: eglMakeCurrent: 0xad005900: ver 3 0 (tinfo 0xad0039d0)
12-11 19:10:34.231  6003  6262 D EGL_emulation: eglMakeCurrent: 0xad005900: ver 3 0 (tinfo 0xad0039d0)
12-11 19:10:34.330  6003  6262 D EGL_emulation: eglMakeCurrent: 0xad005900: ver 3 0 (tinfo 0xad0039d0)
12-11 19:10:34.338  6003  6262 D OpenGLRenderer: endAllActiveAnimators on 0x8d591900 (RippleDrawable) with handle 0x86d36430
12-11 19:10:34.410  6003  6262 D EGL_emulation: eglMakeCurrent: 0xad005900: ver 3 0 (tinfo 0xad0039d0)
12-11 19:10:35.167  2143  2143 I BgTaskExecutorImpl: Starting EXCLUSIVE background task SMARTSPACE_CALENDAR_REFRESH.
12-11 19:10:35.967  7013  7013 D MonkeyStub: translateCommand: tap 65 132
12-11 19:10:36.023  1733  1900 D EGL_emulation: eglMakeCurrent: 0xad0052a0: ver 3 0 (tinfo 0xad0038a0)
12-11 19:10:36.035  1311  1317 D gralloc_ranchu: gralloc_alloc: Creating ashmem region of size 2691072
12-11 19:10:36.101  1653  1653 W WindowManager: Attempted to remove non-existing token: android.os.Binder@fd14c53
12-11 19:10:36.116  6003  6262 D EGL_emulation: eglMakeCurrent: 0xad005900: ver 3 0 (tinfo 0xad0039d0)
12-11 19:10:36.144  6003  6262 D EGL_emulation: eglMakeCurrent: 0xad005900: ver 3 0 (tinfo 0xad0039d0)
12-11 19:10:36.172  6003  6262 D EGL_emulation: eglMakeCurrent: 0xad005900: ver 3 0 (tinfo 0xad0039d0)
12-11 19:10:36.182  6003  6262 D OpenGLRenderer: endAllActiveAnimators on 0x867ea680 (RippleDrawable) with handle 0x86fb1510
12-11 19:10:36.506  6003  6262 D EGL_emulation: eglMakeCurrent: 0xad005900: ver 3 0 (tinfo 0xad0039d0)
12-11 19:10:37.542  6321  6338 I Finsky  : [282] com.google.android.finsky.bo.an.run(6): Stats for Executor: VerifyAppsDataStore com.google.android.finsky.bo.ao@a5dc670[Running, pool size = 0, active threads = 0, queued tasks = 0, completed tasks = 2]
12-11 19:10:37.545  6321  6338 I Finsky  : [282] com.google.android.finsky.bo.an.run(6): Stats for Executor: Db-verify_apps.db com.google.android.finsky.bo.ao@703cde9[Running, pool size = 0, active threads = 0, queued tasks = 0, completed tasks = 1]
12-11 19:10:37.667  6321  6338 I Finsky  : [282] com.google.android.finsky.bo.an.run(6): Stats for Executor: Db-notification_cache com.google.android.finsky.bo.ao@91da6e[Running, pool size = 0, active threads = 0, queued tasks = 0, completed tasks = 2]
12-11 19:10:38.387  6321  6338 I Finsky  : [282] com.google.android.finsky.bo.an.run(6): Stats for Executor: Db-auto_update.db com.google.android.finsky.bo.ao@dbbb50f[Running, pool size = 0, active threads = 0, queued tasks = 0, completed tasks = 0]
12-11 19:10:38.492  6321  6338 I Finsky  : [282] com.google.android.finsky.bo.an.run(6): Stats for Executor: Db-frosting.db com.google.android.finsky.bo.ao@2b0d99c[Running, pool size = 0, active threads = 0, queued tasks = 0, completed tasks = 1]
12-11 19:10:38.969  7013  7013 D MonkeyStub: translateCommand: tap 65 132
12-11 19:10:38.991  1653  2295 I ActivityManager: START u0 {act=android.intent.action.VIEW flg=0x4000000 cmp=com.google.android.calendar/com.android.calendar.AllInOneCalendarActivity (has extras)} from uid 10034 on display 0
12-11 19:10:39.029  1311  1317 D gralloc_ranchu: gralloc_alloc: Creating ashmem region of size 2691072
12-11 19:10:39.057  6321  6338 I Finsky  : [282] com.google.android.finsky.bo.an.run(6): Stats for Executor: Db-user_languages_store com.google.android.finsky.bo.ao@2425fa5[Running, pool size = 0, active threads = 0, queued tasks = 0, completed tasks = 1]
12-11 19:10:39.189  6003  6262 D EGL_emulation: eglMakeCurrent: 0xad005900: ver 3 0 (tinfo 0xad0039d0)
12-11 19:10:39.209  6003  6262 D EGL_emulation: eglMakeCurrent: 0xad005900: ver 3 0 (tinfo 0xad0039d0)
12-11 19:10:39.250  6003  6262 D EGL_emulation: eglMakeCurrent: 0xad005900: ver 3 0 (tinfo 0xad0039d0)
12-11 19:10:39.282  6003  6262 D EGL_emulation: eglMakeCurrent: 0xad005900: ver 3 0 (tinfo 0xad0039d0)
12-11 19:10:39.295  6003  6003 W IInputConnectionWrapper: finishComposingText on inactive InputConnection
12-11 19:10:39.348  6003  6262 D EGL_emulation: eglMakeCurrent: 0xad005900: ver 3 0 (tinfo 0xad0039d0)
12-11 19:10:39.357  6003  6262 D OpenGLRenderer: endAllActiveAnimators on 0x86809900 (RippleDrawable) with handle 0x8c687db0
12-11 19:10:39.387  6003  6262 D EGL_emulation: eglMakeCurrent: 0xad005900: ver 3 0 (tinfo 0xad0039d0)
12-11 19:10:40.178  6321  6338 I Finsky  : [282] com.google.android.finsky.bo.an.run(6): Stats for Executor: Db-scheduled_acquisitions.db com.google.android.finsky.bo.ao@e052f7a[Running, pool size = 0, active threads = 0, queued tasks = 0, completed tasks = 0]
12-11 19:10:41.680  6321  6338 I Finsky  : [282] com.google.android.finsky.bo.an.run(6): Stats for Executor: InstallBackgroundThread com.google.android.finsky.bo.ao@f08932b[Running, pool size = 0, active threads = 0, queued tasks = 0, completed tasks = 0]
12-11 19:10:42.203  1354  1378 W audio_hw_generic: Not supplying enough data to HAL, expected position 35824470 , only wrote 35339760
12-11 19:10:43.981  7013  7013 D MonkeyStub: translateCommand: tap 88 132
12-11 19:10:44.011  1354  1377 W audio_hw_generic: Not supplying enough data to HAL, expected position 35339835 , only wrote 35339760
12-11 19:10:45.986  7013  7013 D MonkeyStub: translateCommand: tap 245 769
12-11 19:10:46.432  1653  3798 I ActivityManager: START u0 {act=android.intent.action.VIEW flg=0x20030000 cmp=com.google.android.calendar/com.android.calendar.SearchActivity} from uid 10034 on display 0
12-11 19:10:46.647  1719  1719 W InputMethodService: Window size has been changed. This may cause jankiness of resizing window: -1 -> -2
12-11 19:10:46.654  6003  6262 D EGL_emulation: eglMakeCurrent: 0xad005900: ver 3 0 (tinfo 0xad0039d0)
12-11 19:10:46.685  1653  1673 I ActivityManager: Displayed com.google.android.calendar/com.android.calendar.SearchActivity: +210ms
12-11 19:10:46.699  1719  1719 I LatinIME: Starting input. Cursor position = 0,0
12-11 19:10:46.795  1733  1900 D EGL_emulation: eglMakeCurrent: 0xad0052a0: ver 3 0 (tinfo 0xad0038a0)
12-11 19:10:47.282  1719  3460 D EGL_emulation: eglMakeCurrent: 0x8f67e020: ver 3 0 (tinfo 0x9d969f20)
12-11 19:10:49.202  1354  1378 W audio_hw_generic: Not supplying enough data to HAL, expected position 35836086 , only wrote 35588880
12-11 19:10:49.992  7013  7013 D MonkeyStub: translateCommand: type invitation
12-11 19:10:52.001  7013  7013 D MonkeyStub: translateCommand: tap 998 1692
12-11 19:10:52.022  1653  3966 I ActivityManager: START u0 {act=android.intent.action.SEARCH flg=0x20000000 cmp=com.google.android.calendar/com.android.calendar.SearchActivity (has extras)} from uid 10034 on display 0
12-11 19:10:52.058  1719  1810 I LatinIME:LogUtils: Dictionary info: dictionary = spellcheck_userunigram.en_US ; version = 1544577052 ; date = ?
12-11 19:10:52.059  6003  6003 W IInputConnectionWrapper: finishComposingText on inactive InputConnection
12-11 19:10:52.059  6003  6003 W IInputConnectionWrapper: finishComposingText on inactive InputConnection
12-11 19:10:52.060  1719  1719 W InputMethodService: Window size has been changed. This may cause jankiness of resizing window: -1 -> -2
12-11 19:10:52.082  1719  3460 D EGL_emulation: eglMakeCurrent: 0x8f67e020: ver 3 0 (tinfo 0x9d969f20)
12-11 19:10:52.086  1719  1810 I LatinIME:LogUtils: Dictionary info: dictionary = main:en ; version = 54 ; date = 1414726273
12-11 19:10:57.015  7013  7013 D MonkeyStub: translateCommand: tap 298 271
12-11 19:10:57.032  1354  1377 W audio_hw_generic: Not supplying enough data to HAL, expected position 35588993 , only wrote 35588880
12-11 19:10:57.076  1653  1891 I ActivityManager: START u0 {act=android.intent.action.VIEW flg=0x8000 cmp=com.google.android.calendar/com.android.calendar.event.EventInfoActivity (has extras)} from uid 10034 on display 0
12-11 19:10:58.163  6003  6003 I Choreographer: Skipped 60 frames!  The application may be doing too much work on its main thread.
12-11 19:10:58.247  6003  6262 D EGL_emulation: eglMakeCurrent: 0xad005900: ver 3 0 (tinfo 0xad0039d0)
12-11 19:10:58.451  6003  6262 D EGL_emulation: eglMakeCurrent: 0xad005900: ver 3 0 (tinfo 0xad0039d0)
12-11 19:10:58.535  6003  6262 D EGL_emulation: eglMakeCurrent: 0xad005900: ver 3 0 (tinfo 0xad0039d0)
12-11 19:10:58.548  6003  6003 W IInputConnectionWrapper: finishComposingText on inactive InputConnection
12-11 19:10:58.553  6003  6262 D EGL_emulation: eglMakeCurrent: 0xad005900: ver 3 0 (tinfo 0xad0039d0)
12-11 19:10:58.562  1653  1673 I ActivityManager: Displayed com.google.android.calendar/com.android.calendar.event.EventInfoActivity: +1s468ms
12-11 19:10:58.571  6003  6262 D EGL_emulation: eglMakeCurrent: 0xad005900: ver 3 0 (tinfo 0xad0039d0)
12-11 19:10:58.585  6003  6262 D EGL_emulation: eglMakeCurrent: 0xad005900: ver 3 0 (tinfo 0xad0039d0)
12-11 19:10:58.590  1733  1900 D EGL_emulation: eglMakeCurrent: 0xad0052a0: ver 3 0 (tinfo 0xad0038a0)
12-11 19:10:58.603  6003  6262 D EGL_emulation: eglMakeCurrent: 0xad005900: ver 3 0 (tinfo 0xad0039d0)
12-11 19:10:58.698  6003  6262 D EGL_emulation: eglMakeCurrent: 0xad005900: ver 3 0 (tinfo 0xad0039d0)
12-11 19:10:58.709  6003  6262 D EGL_emulation: eglMakeCurrent: 0xad005900: ver 3 0 (tinfo 0xad0039d0)
12-11 19:10:58.761  6003  6262 D EGL_emulation: eglMakeCurrent: 0xad005900: ver 3 0 (tinfo 0xad0039d0)
12-11 19:10:58.790  6003  6262 D EGL_emulation: eglMakeCurrent: 0xad005900: ver 3 0 (tinfo 0xad0039d0)
12-11 19:10:58.808  6003  6262 D EGL_emulation: eglMakeCurrent: 0xad005900: ver 3 0 (tinfo 0xad0039d0)
12-11 19:10:58.816  6003  6262 D EGL_emulation: eglMakeCurrent: 0xad005900: ver 3 0 (tinfo 0xad0039d0)
12-11 19:10:58.896  6003  6262 D EGL_emulation: eglMakeCurrent: 0xad005900: ver 3 0 (tinfo 0xad0039d0)
12-11 19:10:58.914  6003  6262 D EGL_emulation: eglMakeCurrent: 0xad005900: ver 3 0 (tinfo 0xad0039d0)
12-11 19:10:59.154  6003  6262 D EGL_emulation: eglMakeCurrent: 0xad005900: ver 3 0 (tinfo 0xad0039d0)
12-11 19:11:00.020  7013  7013 D MonkeyStub: translateCommand: tap 970 1722
12-11 19:11:00.121  6003  6262 D EGL_emulation: eglMakeCurrent: 0xad005900: ver 3 0 (tinfo 0xad0039d0)
12-11 19:11:00.136  6003  6262 D EGL_emulation: eglMakeCurrent: 0xad005900: ver 3 0 (tinfo 0xad0039d0)
12-11 19:11:01.086  2510  2510 I CalendarProvider2: Sending notification intent: Intent { act=android.intent.action.PROVIDER_CHANGED dat=content://com.android.calendar flg=0x20000000 }
12-11 19:11:01.086  2510  2510 W ContentResolver: Failed to get type for: content://com.android.calendar (Unknown URL content://com.android.calendar)
12-11 19:11:01.131  2640  7068 I IcingInternalCorpora: Received calendar change notification.
12-11 19:11:01.145  2143  2143 I BgTaskExecutorImpl: Starting EXCLUSIVE background task SMARTSPACE_CALENDAR_REFRESH.
12-11 19:11:01.152  2143  2310 W SearchServiceCore: Abort, client detached.
12-11 19:11:02.023  7013  7013 D MonkeyStub: translateCommand: tap 65 132
12-11 19:11:02.057  1653  1653 W WindowManager: Attempted to remove non-existing token: android.os.Binder@c711838
12-11 19:11:02.081  1311  1317 D gralloc_ranchu: gralloc_alloc: Creating ashmem region of size 2691072
12-11 19:11:02.239  6003  6262 D EGL_emulation: eglMakeCurrent: 0xad005900: ver 3 0 (tinfo 0xad0039d0)
12-11 19:11:02.278  6003  6262 D EGL_emulation: eglMakeCurrent: 0xad005900: ver 3 0 (tinfo 0xad0039d0)
12-11 19:11:02.293  1653  1661 I art     : Background partial concurrent mark sweep GC freed 25558(1116KB) AllocSpace objects, 3(60KB) LOS objects, 22% free, 13MB/17MB, paused 2.411ms total 111.580ms
12-11 19:11:02.300  6003  6262 D EGL_emulation: eglMakeCurrent: 0xad005900: ver 3 0 (tinfo 0xad0039d0)
12-11 19:11:02.304  6003  6262 D OpenGLRenderer: endAllActiveAnimators on 0x8d5bca80 (RippleDrawable) with handle 0x86fb1960
12-11 19:11:02.331  2640  6985 I IcingInternalCorpora: EventIndexer: starting incremental update
12-11 19:11:02.356  2640  6985 I IcingInternalCorpora: EventIndexer: 0 added, 0 removed, 1 changed, 48 unchanged, 0 errors.
12-11 19:11:02.457  2640  2640 I IcingInternalCorpora: EventIndexer: finished after 126 ms.
12-11 19:11:02.577  6003  6262 D EGL_emulation: eglMakeCurrent: 0xad005900: ver 3 0 (tinfo 0xad0039d0)
12-11 19:11:03.445  2640  5560 I Icing   : Indexing com.google.android.gms-internal.3p:Event from com.google.android.gms
12-11 19:11:03.472  2640  5560 I Icing   : Indexing done com.google.android.gms-internal.3p:Event
12-11 19:11:03.473  2640  5560 I Icing   : Indexing com.google.android.gms-internal.3p:MusicRecording from com.google.android.gms
12-11 19:11:03.490  2640  5560 I Icing   : Indexing com.google.android.gms-internal.3p:MobileApplication from com.google.android.gms
12-11 19:11:03.502  2640  2648 W SQLiteConnectionPool: A SQLiteConnection object for database '/data/user/0/com.google.android.gms/databases/account_settings_repository.db' was leaked!  Please fix your application to end transactions in progress properly and to close the database when it is no longer needed.
12-11 19:11:03.519  2640  5560 I Icing   : Indexing done com.google.android.gms-internal.3p:MusicRecording
12-11 19:11:03.527  2640  5560 I Icing   : Indexing done com.google.android.gms-internal.3p:MobileApplication
12-11 19:11:04.170  6003  7074 W AbstractGoogleClient: Application name is not set. Call Builder#setApplicationName.
12-11 19:11:04.250  2064  2064 W ChimeraUtils: Non Chimera context
12-11 19:11:04.779  6003  7074 I CalendarSyncAdapter: Found no pending settings
12-11 19:11:05.026  7013  7013 D MonkeyStub: translateCommand: tap 65 132
12-11 19:11:05.037  1653  2530 I ActivityManager: START u0 {act=android.intent.action.VIEW flg=0x4000000 cmp=com.google.android.calendar/com.android.calendar.AllInOneCalendarActivity (has extras)} from uid 10034 on display 0
12-11 19:11:05.062  1311  1897 D gralloc_ranchu: gralloc_alloc: Creating ashmem region of size 2691072
12-11 19:11:05.280  6003  6262 D EGL_emulation: eglMakeCurrent: 0xad005900: ver 3 0 (tinfo 0xad0039d0)
12-11 19:11:05.354  6003  6262 D EGL_emulation: eglMakeCurrent: 0xad005900: ver 3 0 (tinfo 0xad0039d0)
12-11 19:11:05.403  6003  6262 D EGL_emulation: eglMakeCurrent: 0xad005900: ver 3 0 (tinfo 0xad0039d0)
12-11 19:11:05.427  6003  6262 D EGL_emulation: eglMakeCurrent: 0xad005900: ver 3 0 (tinfo 0xad0039d0)
12-11 19:11:05.438  6003  6003 W IInputConnectionWrapper: finishComposingText on inactive InputConnection
12-11 19:11:05.459  6003  6262 D EGL_emulation: eglMakeCurrent: 0xad005900: ver 3 0 (tinfo 0xad0039d0)
12-11 19:11:05.486  6003  6262 D EGL_emulation: eglMakeCurrent: 0xad005900: ver 3 0 (tinfo 0xad0039d0)
12-11 19:11:05.774  2143  2143 I BgTaskExecutorImpl: Starting EXCLUSIVE background task SMARTSPACE_CALENDAR_REFRESH.
12-11 19:11:08.224  1354  1378 W audio_hw_generic: Not supplying enough data to HAL, expected position 36661301 , only wrote 36126000
12-11 19:11:10.038  7013  7013 D MonkeyStub: translateCommand: tap 88 132
12-11 19:11:10.063  1354  1377 W audio_hw_generic: Not supplying enough data to HAL, expected position 36126227 , only wrote 36126000
12-11 19:11:12.043  7013  7013 D MonkeyStub: translateCommand: tap 245 769
12-11 19:11:12.496  1653  3799 I ActivityManager: START u0 {act=android.intent.action.VIEW flg=0x20030000 cmp=com.google.android.calendar/com.android.calendar.SearchActivity} from uid 10034 on display 0
12-11 19:11:12.711  1719  1719 W InputMethodService: Window size has been changed. This may cause jankiness of resizing window: -1 -> -2
12-11 19:11:12.720  6003  6262 D EGL_emulation: eglMakeCurrent: 0xad005900: ver 3 0 (tinfo 0xad0039d0)
12-11 19:11:12.751  1719  1719 I LatinIME: Starting input. Cursor position = 0,0
12-11 19:11:12.772  1653  1673 I ActivityManager: Displayed com.google.android.calendar/com.android.calendar.SearchActivity: +239ms
12-11 19:11:12.835  1733  1900 D EGL_emulation: eglMakeCurrent: 0xad0052a0: ver 3 0 (tinfo 0xad0038a0)
12-11 19:11:13.196  1719  3460 D EGL_emulation: eglMakeCurrent: 0x8f67e020: ver 3 0 (tinfo 0x9d969f20)
12-11 19:11:15.269  1354  1378 W audio_hw_generic: Not supplying enough data to HAL, expected position 36623795 , only wrote 36375840
12-11 19:11:16.048  7013  7013 D MonkeyStub: translateCommand: type invitation
12-11 19:11:16.855  6321  6338 I Finsky  : [282] com.google.android.finsky.bo.an.run(6): Stats for Executor: Db-scheduled_acquisitions.db com.google.android.finsky.bo.ao@1bff388[Running, pool size = 0, active threads = 0, queued tasks = 0, completed tasks = 2]
12-11 19:11:18.054  7013  7013 D MonkeyStub: translateCommand: tap 998 1692
12-11 19:11:18.068  1653  1873 I ActivityManager: START u0 {act=android.intent.action.SEARCH flg=0x20000000 cmp=com.google.android.calendar/com.android.calendar.SearchActivity (has extras)} from uid 10034 on display 0
12-11 19:11:18.088  1719  1810 I LatinIME:LogUtils: Dictionary info: dictionary = spellcheck_userunigram.en_US ; version = 1544577078 ; date = ?
12-11 19:11:18.110  1719  1810 I LatinIME:LogUtils: Dictionary info: dictionary = main:en ; version = 54 ; date = 1414726273
12-11 19:11:18.123  6003  6003 W IInputConnectionWrapper: finishComposingText on inactive InputConnection
12-11 19:11:18.123  6003  6003 W IInputConnectionWrapper: finishComposingText on inactive InputConnection
12-11 19:11:18.126  1719  1719 W InputMethodService: Window size has been changed. This may cause jankiness of resizing window: -1 -> -2
12-11 19:11:18.135  1719  3460 D EGL_emulation: eglMakeCurrent: 0x8f67e020: ver 3 0 (tinfo 0x9d969f20)
12-11 19:11:23.060  7013  7013 D MonkeyStub: translateCommand: tap 298 271
12-11 19:11:23.081  1354  1377 W audio_hw_generic: Not supplying enough data to HAL, expected position 36376016 , only wrote 36375840
12-11 19:11:23.126  1653  1876 I ActivityManager: START u0 {act=android.intent.action.VIEW flg=0x8000 cmp=com.google.android.calendar/com.android.calendar.event.EventInfoActivity (has extras)} from uid 10034 on display 0
12-11 19:11:24.455  6003  6003 I Choreographer: Skipped 72 frames!  The application may be doing too much work on its main thread.
12-11 19:11:24.539  6003  6262 D EGL_emulation: eglMakeCurrent: 0xad005900: ver 3 0 (tinfo 0xad0039d0)
12-11 19:11:24.702  6003  6262 D EGL_emulation: eglMakeCurrent: 0xad005900: ver 3 0 (tinfo 0xad0039d0)
12-11 19:11:24.785  6003  6262 D EGL_emulation: eglMakeCurrent: 0xad005900: ver 3 0 (tinfo 0xad0039d0)
12-11 19:11:24.791  6003  6003 W IInputConnectionWrapper: finishComposingText on inactive InputConnection
12-11 19:11:24.801  6003  6262 D EGL_emulation: eglMakeCurrent: 0xad005900: ver 3 0 (tinfo 0xad0039d0)
12-11 19:11:24.802  1653  1673 I ActivityManager: Displayed com.google.android.calendar/com.android.calendar.event.EventInfoActivity: +1s663ms
12-11 19:11:24.819  6003  6262 D EGL_emulation: eglMakeCurrent: 0xad005900: ver 3 0 (tinfo 0xad0039d0)
12-11 19:11:24.837  6003  6262 D EGL_emulation: eglMakeCurrent: 0xad005900: ver 3 0 (tinfo 0xad0039d0)
12-11 19:11:24.845  1733  1900 D EGL_emulation: eglMakeCurrent: 0xad0052a0: ver 3 0 (tinfo 0xad0038a0)
12-11 19:11:24.846  6003  6262 D EGL_emulation: eglMakeCurrent: 0xad005900: ver 3 0 (tinfo 0xad0039d0)
