12-11 19:09:27.176  1719  1719 W InputMethodService: Window size has been changed. This may cause jankiness of resizing window: -1 -> -2
12-11 19:09:27.190  6003  6262 D EGL_emulation: eglMakeCurrent: 0xad005900: ver 3 0 (tinfo 0xad0039d0)
12-11 19:09:27.208  6321  6338 I Finsky  : [282] com.google.android.finsky.bo.an.run(6): Stats for Executor: Db-split_install_service com.google.android.finsky.bo.ao@6a499b1[Running, pool size = 0, active threads = 0, queued tasks = 0, completed tasks = 7]
12-11 19:09:27.222  1719  1719 I LatinIME: Starting input. Cursor position = 0,0
12-11 19:09:27.240  1653  1673 I ActivityManager: Displayed com.google.android.calendar/com.android.calendar.SearchActivity: +249ms
12-11 19:09:27.300  1733  1900 D EGL_emulation: eglMakeCurrent: 0xad0052a0: ver 3 0 (tinfo 0xad0038a0)
12-11 19:09:27.337  6321  6338 I Finsky  : [282] com.google.android.finsky.bo.an.run(6): Stats for Executor: StorageAwareDownloadServiceManagerSpaceChecker com.google.android.finsky.bo.ao@acf8e96[Running, pool size = 0, active threads = 0, queued tasks = 0, completed tasks = 0]
12-11 19:09:27.550  1719  3460 D EGL_emulation: eglMakeCurrent: 0x8f67e020: ver 3 0 (tinfo 0x9d969f20)
12-11 19:09:27.646  6321  6338 I Finsky  : [282] com.google.android.finsky.bo.an.run(6): Stats for Executor: Db-scheduler com.google.android.finsky.bo.ao@5d59a17[Running, pool size = 0, active threads = 0, queued tasks = 0, completed tasks = 44]
12-11 19:09:27.891  6321  6338 I Finsky  : [282] com.google.android.finsky.bo.an.run(6): Stats for Executor: Db-scheduler_logging_store.db com.google.android.finsky.bo.ao@5afce04[Running, pool size = 0, active threads = 0, queued tasks = 0, completed tasks = 0]
12-11 19:09:28.767  6321  6338 I Finsky  : [282] com.google.android.finsky.bo.an.run(6): Stats for Executor: InstallBackgroundThread com.google.android.finsky.bo.ao@7b81fed[Running, pool size = 0, active threads = 0, queued tasks = 0, completed tasks = 0]
12-11 19:09:28.767  6321  6338 I Finsky  : [282] com.google.android.finsky.bo.an.run(6): Stats for Executor: Db-install_service com.google.android.finsky.bo.ao@16dfe22[Running, pool size = 0, active threads = 0, queued tasks = 0, completed tasks = 0]
12-11 19:09:28.767  6321  6338 I Finsky  : [282] com.google.android.finsky.bo.an.run(6): Stats for Executor: InstallBackgroundThread com.google.android.finsky.bo.ao@f8fc0b3[Running, pool size = 0, active threads = 0, queued tasks = 0, completed tasks = 0]
12-11 19:09:29.718  1354  1378 W audio_hw_generic: Not supplying enough data to HAL, expected position 33645803 , only wrote 33398640
12-11 19:09:30.502  6914  6914 D MonkeyStub: translateCommand: type final_exam
12-11 19:09:32.507  6914  6914 D MonkeyStub: translateCommand: tap 998 1692
12-11 19:09:32.530  1653  1891 I ActivityManager: START u0 {act=android.intent.action.SEARCH flg=0x20000000 cmp=com.google.android.calendar/com.android.calendar.SearchActivity (has extras)} from uid 10034 on display 0
12-11 19:09:32.563  1719  1810 I LatinIME:LogUtils: Dictionary info: dictionary = spellcheck_userunigram.en_US ; version = 1544576972 ; date = ?
12-11 19:09:32.593  6003  6003 W IInputConnectionWrapper: finishComposingText on inactive InputConnection
12-11 19:09:32.593  6003  6003 W IInputConnectionWrapper: finishComposingText on inactive InputConnection
12-11 19:09:32.596  1719  1719 W InputMethodService: Window size has been changed. This may cause jankiness of resizing window: -1 -> -2
12-11 19:09:32.601  1719  1810 I LatinIME:LogUtils: Dictionary info: dictionary = main:en ; version = 54 ; date = 1414726273
12-11 19:09:32.615  1719  3460 D EGL_emulation: eglMakeCurrent: 0x8f67e020: ver 3 0 (tinfo 0x9d969f20)
12-11 19:09:37.501  6321  6338 I Finsky  : [282] com.google.android.finsky.bo.an.run(6): Stats for Executor: VerifyAppsDataStore com.google.android.finsky.bo.ao@a5dc670[Running, pool size = 0, active threads = 0, queued tasks = 0, completed tasks = 2]
12-11 19:09:37.502  6321  6338 I Finsky  : [282] com.google.android.finsky.bo.an.run(6): Stats for Executor: Db-verify_apps.db com.google.android.finsky.bo.ao@703cde9[Running, pool size = 0, active threads = 0, queued tasks = 0, completed tasks = 1]
12-11 19:09:37.520  6914  6914 D MonkeyStub: translateCommand: tap 298 271
12-11 19:09:37.532  1354  1377 W audio_hw_generic: Not supplying enough data to HAL, expected position 33398745 , only wrote 33398640
12-11 19:09:37.578  1653  3798 I ActivityManager: START u0 {act=android.intent.action.VIEW flg=0x8000 cmp=com.google.android.calendar/com.android.calendar.event.EventInfoActivity (has extras)} from uid 10034 on display 0
12-11 19:09:37.624  6321  6338 I Finsky  : [282] com.google.android.finsky.bo.an.run(6): Stats for Executor: Db-notification_cache com.google.android.finsky.bo.ao@91da6e[Running, pool size = 0, active threads = 0, queued tasks = 0, completed tasks = 2]
12-11 19:09:38.354  6321  6338 I Finsky  : [282] com.google.android.finsky.bo.an.run(6): Stats for Executor: Db-auto_update.db com.google.android.finsky.bo.ao@dbbb50f[Running, pool size = 0, active threads = 0, queued tasks = 0, completed tasks = 0]
12-11 19:09:38.450  6321  6338 I Finsky  : [282] com.google.android.finsky.bo.an.run(6): Stats for Executor: Db-frosting.db com.google.android.finsky.bo.ao@2b0d99c[Running, pool size = 0, active threads = 0, queued tasks = 0, completed tasks = 1]
12-11 19:09:38.757  6003  6003 I Choreographer: Skipped 66 frames!  The application may be doing too much work on its main thread.
12-11 19:09:38.839  6003  6262 D EGL_emulation: eglMakeCurrent: 0xad005900: ver 3 0 (tinfo 0xad0039d0)
12-11 19:09:39.016  6321  6338 I Finsky  : [282] com.google.android.finsky.bo.an.run(6): Stats for Executor: Db-user_languages_store com.google.android.finsky.bo.ao@2425fa5[Running, pool size = 0, active threads = 0, queued tasks = 0, completed tasks = 1]
12-11 19:09:39.035  6003  6262 D EGL_emulation: eglMakeCurrent: 0xad005900: ver 3 0 (tinfo 0xad0039d0)
12-11 19:09:39.118  6003  6262 D EGL_emulation: eglMakeCurrent: 0xad005900: ver 3 0 (tinfo 0xad0039d0)
12-11 19:09:39.135  6003  6003 W IInputConnectionWrapper: finishComposingText on inactive InputConnection
12-11 19:09:39.144  6003  6262 D EGL_emulation: eglMakeCurrent: 0xad005900: ver 3 0 (tinfo 0xad0039d0)
12-11 19:09:39.147  1653  1673 I ActivityManager: Displayed com.google.android.calendar/com.android.calendar.event.EventInfoActivity: +1s550ms
12-11 19:09:39.162  6003  6262 D EGL_emulation: eglMakeCurrent: 0xad005900: ver 3 0 (tinfo 0xad0039d0)
12-11 19:09:39.173  6003  6262 D EGL_emulation: eglMakeCurrent: 0xad005900: ver 3 0 (tinfo 0xad0039d0)
12-11 19:09:39.173  1733  1900 D EGL_emulation: eglMakeCurrent: 0xad0052a0: ver 3 0 (tinfo 0xad0038a0)
12-11 19:09:39.189  6003  6262 D EGL_emulation: eglMakeCurrent: 0xad005900: ver 3 0 (tinfo 0xad0039d0)
12-11 19:09:39.308  6003  6262 D EGL_emulation: eglMakeCurrent: 0xad005900: ver 3 0 (tinfo 0xad0039d0)
12-11 19:09:39.321  6003  6262 D EGL_emulation: eglMakeCurrent: 0xad005900: ver 3 0 (tinfo 0xad0039d0)
12-11 19:09:39.436  6003  6262 D EGL_emulation: eglMakeCurrent: 0xad005900: ver 3 0 (tinfo 0xad0039d0)
12-11 19:09:39.456  6003  6262 D EGL_emulation: eglMakeCurrent: 0xad005900: ver 3 0 (tinfo 0xad0039d0)
12-11 19:09:39.751  6003  6262 D EGL_emulation: eglMakeCurrent: 0xad005900: ver 3 0 (tinfo 0xad0039d0)
12-11 19:09:40.136  6321  6338 I Finsky  : [282] com.google.android.finsky.bo.an.run(6): Stats for Executor: Db-scheduled_acquisitions.db com.google.android.finsky.bo.ao@e052f7a[Running, pool size = 0, active threads = 0, queued tasks = 0, completed tasks = 0]
12-11 19:09:40.523  6914  6914 D MonkeyStub: translateCommand: tap 993 130
12-11 19:09:40.685  6003  6262 D EGL_emulation: eglMakeCurrent: 0xad005900: ver 3 0 (tinfo 0xad0039d0)
12-11 19:09:40.709  6003  6262 D EGL_emulation: eglMakeCurrent: 0xad005900: ver 3 0 (tinfo 0xad0039d0)
12-11 19:09:40.717  6003  6262 D EGL_emulation: eglMakeCurrent: 0xad005900: ver 3 0 (tinfo 0xad0039d0)
12-11 19:09:40.733  6003  6262 D EGL_emulation: eglMakeCurrent: 0xad005900: ver 3 0 (tinfo 0xad0039d0)
12-11 19:09:40.761  6003  6262 D EGL_emulation: eglMakeCurrent: 0xad005900: ver 3 0 (tinfo 0xad0039d0)
12-11 19:09:40.868  6003  6262 D EGL_emulation: eglMakeCurrent: 0xad005900: ver 3 0 (tinfo 0xad0039d0)
12-11 19:09:40.885  6003  6262 D EGL_emulation: eglMakeCurrent: 0xad005900: ver 3 0 (tinfo 0xad0039d0)
12-11 19:09:40.993  6003  6262 D EGL_emulation: eglMakeCurrent: 0xad005900: ver 3 0 (tinfo 0xad0039d0)
12-11 19:09:41.660  6321  6338 I Finsky  : [282] com.google.android.finsky.bo.an.run(6): Stats for Executor: InstallBackgroundThread com.google.android.finsky.bo.ao@f08932b[Running, pool size = 0, active threads = 0, queued tasks = 0, completed tasks = 0]
12-11 19:09:42.320  6003  6262 D EGL_emulation: eglMakeCurrent: 0xad005900: ver 3 0 (tinfo 0xad0039d0)
12-11 19:09:42.526  6914  6914 D MonkeyStub: translateCommand: tap 635 140
12-11 19:09:42.876  6003  6262 D EGL_emulation: eglMakeCurrent: 0xad005900: ver 3 0 (tinfo 0xad0039d0)
12-11 19:09:42.934  6003  6262 D EGL_emulation: eglMakeCurrent: 0xad005900: ver 3 0 (tinfo 0xad0039d0)
12-11 19:09:43.208  6003  6262 D EGL_emulation: eglMakeCurrent: 0xad005900: ver 3 0 (tinfo 0xad0039d0)
12-11 19:09:43.228  6003  6262 D OpenGLRenderer: endAllActiveAnimators on 0x867bff00 (MenuPopupWindow$MenuDropDownListView) with handle 0x86fb1450
12-11 19:09:44.220  6003  6262 D EGL_emulation: eglMakeCurrent: 0xad005900: ver 3 0 (tinfo 0xad0039d0)
12-11 19:09:44.536  6914  6914 D MonkeyStub: translateCommand: tap 919 999
12-11 19:09:44.585  6003  6262 D EGL_emulation: eglMakeCurrent: 0xad005900: ver 3 0 (tinfo 0xad0039d0)
12-11 19:09:44.631  1311  1316 D gralloc_ranchu: gralloc_alloc: Creating ashmem region of size 2691072
12-11 19:09:44.697  6003  6262 D EGL_emulation: eglMakeCurrent: 0xad005900: ver 3 0 (tinfo 0xad0039d0)
12-11 19:09:44.761  1653  1661 I art     : Background partial concurrent mark sweep GC freed 24684(1078KB) AllocSpace objects, 4(80KB) LOS objects, 22% free, 13MB/17MB, paused 11.171ms total 97.103ms
12-11 19:09:44.822  6003  6999 W AbstractGoogleClient: Application name is not set. Call Builder#setApplicationName.
12-11 19:09:44.933  2064  2064 W ChimeraUtils: Non Chimera context
12-11 19:09:45.264  6003  6999 I CalendarSyncAdapter: Found no pending settings
12-11 19:09:45.606  2143  2143 I BgTaskExecutorImpl: Starting EXCLUSIVE background task SMARTSPACE_CALENDAR_REFRESH.
12-11 19:09:45.633  2143  2310 W SearchServiceCore: Abort, client detached.
12-11 19:09:46.540  6914  6914 D MonkeyStub: translateCommand: tap 65 140
12-11 19:09:46.558  1653  2529 I ActivityManager: START u0 {act=android.intent.action.VIEW flg=0x4000000 cmp=com.google.android.calendar/com.android.calendar.AllInOneCalendarActivity (has extras)} from uid 10034 on display 0
12-11 19:09:46.596  1311  1317 D gralloc_ranchu: gralloc_alloc: Creating ashmem region of size 2691072
12-11 19:09:46.824  6003  6262 D EGL_emulation: eglMakeCurrent: 0xad005900: ver 3 0 (tinfo 0xad0039d0)
12-11 19:09:46.899  6003  6262 D EGL_emulation: eglMakeCurrent: 0xad005900: ver 3 0 (tinfo 0xad0039d0)
12-11 19:09:46.943  6003  6003 W IInputConnectionWrapper: finishComposingText on inactive InputConnection
12-11 19:09:47.020  6003  6262 D EGL_emulation: eglMakeCurrent: 0xad005900: ver 3 0 (tinfo 0xad0039d0)
12-11 19:09:47.043  6003  6262 D OpenGLRenderer: endAllActiveAnimators on 0x8d8f4200 (RippleDrawable) with handle 0x86d36180
12-11 19:09:49.773  1354  1378 W audio_hw_generic: Not supplying enough data to HAL, expected position 34571601 , only wrote 33986160
