12-11 19:05:26.883  6321  6339 D StrictMode: 	at b.b.a.f.a(SourceFile:11)
12-11 19:05:26.883  6321  6339 D StrictMode: 	at com.google.common.util.concurrent.s.a(SourceFile:5)
12-11 19:05:26.883  6321  6339 D StrictMode: 	at com.google.common.util.concurrent.r.run(SourceFile:17)
12-11 19:05:26.883  6321  6339 D StrictMode: 	at com.google.common.util.concurrent.bn.run(SourceFile:3)
12-11 19:05:26.883  6321  6339 D StrictMode: 	at com.google.android.apps.gsa.a.f.a.i.run(SourceFile:7)
12-11 19:05:26.883  6321  6339 D StrictMode: 	at java.util.concurrent.ThreadPoolExecutor.runWorker(ThreadPoolExecutor.java:1133)
12-11 19:05:26.883  6321  6339 D StrictMode: 	at java.util.concurrent.ThreadPoolExecutor$Worker.run(ThreadPoolExecutor.java:607)
12-11 19:05:26.883  6321  6339 D StrictMode: 	at com.google.android.finsky.bo.w.run(Unknown Source)
12-11 19:05:26.883  6321  6339 D StrictMode: 	at java.lang.Thread.run(Thread.java:761)
12-11 19:05:26.884  6321  6339 D StrictMode: StrictMode policy violation: android.os.StrictMode$StrictModeDiskReadViolation: policy=65567 violation=2
12-11 19:05:26.884  6321  6339 D StrictMode: 	at android.os.StrictMode$AndroidBlockGuardPolicy.onReadFromDisk(StrictMode.java:1293)
12-11 19:05:26.884  6321  6339 D StrictMode: 	at java.io.UnixFileSystem.getLength(UnixFileSystem.java:263)
12-11 19:05:26.884  6321  6339 D StrictMode: 	at java.io.File.length(File.java:910)
12-11 19:05:26.884  6321  6339 D StrictMode: 	at com.google.android.play.b.r.c(SourceFile:76)
12-11 19:05:26.884  6321  6339 D StrictMode: 	at com.google.android.play.b.r.<init>(SourceFile:42)
12-11 19:05:26.884  6321  6339 D StrictMode: 	at com.google.android.play.b.g.<init>(SourceFile:81)
12-11 19:05:26.884  6321  6339 D StrictMode: 	at com.google.android.play.b.g.<init>(SourceFile:4)
12-11 19:05:26.884  6321  6339 D StrictMode: 	at com.google.android.finsky.analytics.y.<init>(SourceFile:84)
12-11 19:05:26.884  6321  6339 D StrictMode: 	at com.google.android.finsky.application.impl.c.a(SourceFile:1215)
12-11 19:05:26.884  6321  6339 D StrictMode: 	at com.google.android.finsky.application.impl.c.c(SourceFile:1224)
12-11 19:05:26.884  6321  6339 D StrictMode: 	at com.google.android.finsky.application.impl.c.bI(SourceFile:70)
12-11 19:05:26.884  6321  6339 D StrictMode: 	at com.google.android.finsky.application.impl.bq.a_(SourceFile:7)
12-11 19:05:26.884  6321  6339 D StrictMode: 	at b.b.a.f.a(SourceFile:11)
12-11 19:05:26.884  6321  6339 D StrictMode: 	at com.google.common.util.concurrent.s.a(SourceFile:5)
12-11 19:05:26.884  6321  6339 D StrictMode: 	at com.google.common.util.concurrent.r.run(SourceFile:17)
12-11 19:05:26.884  6321  6339 D StrictMode: 	at com.google.common.util.concurrent.bn.run(SourceFile:3)
12-11 19:05:26.884  6321  6339 D StrictMode: 	at com.google.android.apps.gsa.a.f.a.i.run(SourceFile:7)
12-11 19:05:26.884  6321  6339 D StrictMode: 	at java.util.concurrent.ThreadPoolExecutor.runWorker(ThreadPoolExecutor.java:1133)
12-11 19:05:26.884  6321  6339 D StrictMode: 	at java.util.concurrent.ThreadPoolExecutor$Worker.run(ThreadPoolExecutor.java:607)
12-11 19:05:26.884  6321  6339 D StrictMode: 	at com.google.android.finsky.bo.w.run(Unknown Source)
12-11 19:05:26.884  6321  6339 D StrictMode: 	at java.lang.Thread.run(Thread.java:761)
12-11 19:05:26.888  6321  6339 D StrictMode: StrictMode policy violation: android.os.StrictMode$StrictModeDiskReadViolation: policy=65567 violation=2
12-11 19:05:26.888  6321  6339 D StrictMode: 	at android.os.StrictMode$AndroidBlockGuardPolicy.onReadFromDisk(StrictMode.java:1293)
12-11 19:05:26.888  6321  6339 D StrictMode: 	at java.io.UnixFileSystem.checkAccess(UnixFileSystem.java:249)
12-11 19:05:26.888  6321  6339 D StrictMode: 	at java.io.File.exists(File.java:780)
12-11 19:05:26.888  6321  6339 D StrictMode: 	at android.app.ContextImpl.ensurePrivateDirExists(ContextImpl.java:512)
12-11 19:05:26.888  6321  6339 D StrictMode: 	at android.app.ContextImpl.getPreferencesDir(ContextImpl.java:468)
12-11 19:05:26.888  6321  6339 D StrictMode: 	at android.app.ContextImpl.getSharedPreferencesPath(ContextImpl.java:627)
12-11 19:05:26.888  6321  6339 D StrictMode: 	at android.app.ContextImpl.getSharedPreferences(ContextImpl.java:345)
12-11 19:05:26.888  6321  6339 D StrictMode: 	at android.content.ContextWrapper.getSharedPreferences(ContextWrapper.java:164)
12-11 19:05:26.888  6321  6339 D StrictMode: 	at com.google.android.finsky.analytics.l.<init>(SourceFile:21)
12-11 19:05:26.888  6321  6339 D StrictMode: 	at com.google.android.finsky.analytics.l.a(SourceFile:17)
12-11 19:05:26.888  6321  6339 D StrictMode: 	at com.google.android.finsky.analytics.y.<init>(SourceFile:28)
12-11 19:05:26.888  6321  6339 D StrictMode: 	at com.google.android.finsky.application.impl.c.a(SourceFile:1215)
12-11 19:05:26.888  6321  6339 D StrictMode: 	at com.google.android.finsky.application.impl.c.c(SourceFile:1224)
12-11 19:05:26.888  6321  6339 D StrictMode: 	at com.google.android.finsky.application.impl.c.bI(SourceFile:70)
12-11 19:05:26.888  6321  6339 D StrictMode: 	at com.google.android.finsky.application.impl.bq.a_(SourceFile:7)
12-11 19:05:26.888  6321  6339 D StrictMode: 	at b.b.a.f.a(SourceFile:11)
12-11 19:05:26.888  6321  6339 D StrictMode: 	at com.google.common.util.concurrent.s.a(SourceFile:5)
12-11 19:05:26.888  6321  6339 D StrictMode: 	at com.google.common.util.concurrent.r.run(SourceFile:17)
12-11 19:05:26.888  6321  6339 D StrictMode: 	at com.google.common.util.concurrent.bn.run(SourceFile:3)
12-11 19:05:26.888  6321  6339 D StrictMode: 	at com.google.android.apps.gsa.a.f.a.i.run(SourceFile:7)
12-11 19:05:26.888  6321  6339 D StrictMode: 	at java.util.concurrent.ThreadPoolExecutor.runWorker(ThreadPoolExecutor.java:1133)
12-11 19:05:26.888  6321  6339 D StrictMode: 	at java.util.concurrent.ThreadPoolExecutor$Worker.run(ThreadPoolExecutor.java:607)
12-11 19:05:26.888  6321  6339 D StrictMode: 	at com.google.android.finsky.bo.w.run(Unknown Source)
12-11 19:05:26.888  6321  6339 D StrictMode: 	at java.lang.Thread.run(Thread.java:761)
12-11 19:05:26.890  3093  3145 D EGL_emulation: eglMakeCurrent: 0xad005600: ver 3 0 (tinfo 0xad0038c0)
12-11 19:05:26.893  6321  6339 D StrictMode: StrictMode policy violation: android.os.StrictMode$StrictModeDiskReadViolation: policy=65567 violation=2
12-11 19:05:26.893  6321  6339 D StrictMode: 	at android.os.StrictMode$AndroidBlockGuardPolicy.onReadFromDisk(StrictMode.java:1293)
12-11 19:05:26.893  6321  6339 D StrictMode: 	at android.app.SharedPreferencesImpl.awaitLoadedLocked(SharedPreferencesImpl.java:213)
12-11 19:05:26.893  6321  6339 D StrictMode: 	at android.app.SharedPreferencesImpl.getLong(SharedPreferencesImpl.java:258)
12-11 19:05:26.893  6321  6339 D StrictMode: 	at com.google.android.finsky.analytics.l.<init>(SourceFile:24)
12-11 19:05:26.893  6321  6339 D StrictMode: 	at com.google.android.finsky.analytics.l.a(SourceFile:17)
12-11 19:05:26.893  6321  6339 D StrictMode: 	at com.google.android.finsky.analytics.y.<init>(SourceFile:28)
12-11 19:05:26.893  6321  6339 D StrictMode: 	at com.google.android.finsky.application.impl.c.a(SourceFile:1215)
12-11 19:05:26.893  6321  6339 D StrictMode: 	at com.google.android.finsky.application.impl.c.c(SourceFile:1224)
12-11 19:05:26.893  6321  6339 D StrictMode: 	at com.google.android.finsky.application.impl.c.bI(SourceFile:70)
12-11 19:05:26.893  6321  6339 D StrictMode: 	at com.google.android.finsky.application.impl.bq.a_(SourceFile:7)
12-11 19:05:26.893  6321  6339 D StrictMode: 	at b.b.a.f.a(SourceFile:11)
12-11 19:05:26.893  6321  6339 D StrictMode: 	at com.google.common.util.concurrent.s.a(SourceFile:5)
12-11 19:05:26.893  6321  6339 D StrictMode: 	at com.google.common.util.concurrent.r.run(SourceFile:17)
12-11 19:05:26.893  6321  6339 D StrictMode: 	at com.google.common.util.concurrent.bn.run(SourceFile:3)
12-11 19:05:26.893  6321  6339 D StrictMode: 	at com.google.android.apps.gsa.a.f.a.i.run(SourceFile:7)
12-11 19:05:26.893  6321  6339 D StrictMode: 	at java.util.concurrent.ThreadPoolExecutor.runWorker(ThreadPoolExecutor.java:1133)
12-11 19:05:26.893  6321  6339 D StrictMode: 	at java.util.concurrent.ThreadPoolExecutor$Worker.run(ThreadPoolExecutor.java:607)
12-11 19:05:26.893  6321  6339 D StrictMode: 	at com.google.android.finsky.bo.w.run(Unknown Source)
12-11 19:05:26.893  6321  6339 D StrictMode: 	at java.lang.Thread.run(Thread.java:761)
12-11 19:05:26.902  3093  3145 D EGL_emulation: eglMakeCurrent: 0xad005600: ver 3 0 (tinfo 0xad0038c0)
12-11 19:05:26.915  3093  3145 D EGL_emulation: eglMakeCurrent: 0xad005600: ver 3 0 (tinfo 0xad0038c0)
12-11 19:05:26.928  3093  3145 D EGL_emulation: eglMakeCurrent: 0xad005600: ver 3 0 (tinfo 0xad0038c0)
12-11 19:05:26.959  3093  3145 D EGL_emulation: eglMakeCurrent: 0xad005600: ver 3 0 (tinfo 0xad0038c0)
12-11 19:05:26.972  3093  3145 D EGL_emulation: eglMakeCurrent: 0xad005600: ver 3 0 (tinfo 0xad0038c0)
12-11 19:05:26.980  6321  6340 I Finsky  : [284] com.google.android.finsky.application.impl.c.bK(118): Not a unicorn device
12-11 19:05:27.061  3093  3145 D EGL_emulation: eglMakeCurrent: 0xad005600: ver 3 0 (tinfo 0xad0038c0)
12-11 19:05:27.072  1653  1665 W JobInfo : Specified flex for 105618 is +57m36s0ms. Clamped to +1h12m0s0ms
12-11 19:05:27.083  3093  3145 D EGL_emulation: eglMakeCurrent: 0xad005600: ver 3 0 (tinfo 0xad0038c0)
12-11 19:05:27.103  3093  3145 D EGL_emulation: eglMakeCurrent: 0xad005600: ver 3 0 (tinfo 0xad0038c0)
12-11 19:05:27.116  6321  6339 W Settings: Setting download_manager_max_bytes_over_mobile has moved from android.provider.Settings.Secure to android.provider.Settings.Global.
12-11 19:05:27.121  6321  6339 W Settings: Setting download_manager_recommended_max_bytes_over_mobile has moved from android.provider.Settings.Secure to android.provider.Settings.Global.
12-11 19:05:27.132  6321  6339 D StrictMode: StrictMode policy violation: android.os.StrictMode$StrictModeDiskReadViolation: policy=65567 violation=2
12-11 19:05:27.132  6321  6339 D StrictMode: 	at android.os.StrictMode$AndroidBlockGuardPolicy.onReadFromDisk(StrictMode.java:1293)
12-11 19:05:27.132  6321  6339 D StrictMode: 	at java.io.UnixFileSystem.checkAccess(UnixFileSystem.java:249)
12-11 19:05:27.132  6321  6339 D StrictMode: 	at java.io.File.exists(File.java:780)
12-11 19:05:27.132  6321  6339 D StrictMode: 	at android.app.ContextImpl.ensurePrivateDirExists(ContextImpl.java:512)
12-11 19:05:27.132  6321  6339 D StrictMode: 	at android.app.ContextImpl.getPreferencesDir(ContextImpl.java:468)
12-11 19:05:27.132  6321  6339 D StrictMode: 	at android.app.ContextImpl.getSharedPreferencesPath(ContextImpl.java:627)
12-11 19:05:27.132  6321  6339 D StrictMode: 	at android.app.ContextImpl.getSharedPreferences(ContextImpl.java:345)
12-11 19:05:27.132  6321  6339 D StrictMode: 	at android.content.ContextWrapper.getSharedPreferences(ContextWrapper.java:164)
12-11 19:05:27.132  6321  6339 D StrictMode: 	at com.google.android.finsky.ah.f.a(SourceFile:4)
12-11 19:05:27.132  6321  6339 D StrictMode: 	at com.google.android.finsky.ah.q.a(SourceFile:5)
12-11 19:05:27.132  6321  6339 D StrictMode: 	at com.google.android.finsky.hygiene.impl.k.a(SourceFile:2)
12-11 19:05:27.132  6321  6339 D StrictMode: 	at com.google.android.finsky.hygiene.impl.g.d(SourceFile:20)
12-11 19:05:27.132  6321  6339 D StrictMode: 	at com.google.android.finsky.application.impl.c.bW(SourceFile:247)
12-11 19:05:27.132  6321  6339 D StrictMode: 	at com.google.android.finsky.application.impl.bt.a_(SourceFile:13)
12-11 19:05:27.132  6321  6339 D StrictMode: 	at b.b.a.f.a(SourceFile:11)
12-11 19:05:27.132  6321  6339 D StrictMode: 	at com.google.common.util.concurrent.s.a(SourceFile:5)
12-11 19:05:27.132  6321  6339 D StrictMode: 	at com.google.common.util.concurrent.r.run(SourceFile:17)
12-11 19:05:27.132  6321  6339 D StrictMode: 	at com.google.common.util.concurrent.bn.run(SourceFile:3)
12-11 19:05:27.132  6321  6339 D StrictMode: 	at com.google.android.apps.gsa.a.f.a.i.run(SourceFile:7)
12-11 19:05:27.132  6321  6339 D StrictMode: 	at java.util.concurrent.ThreadPoolExecutor.runWorker(ThreadPoolExecutor.java:1133)
12-11 19:05:27.132  6321  6339 D StrictMode: 	at java.util.concurrent.ThreadPoolExecutor$Worker.run(ThreadPoolExecutor.java:607)
12-11 19:05:27.132  6321  6339 D StrictMode: 	at com.google.android.finsky.bo.w.run(Unknown Source)
12-11 19:05:27.132  6321  6339 D StrictMode: 	at java.lang.Thread.run(Thread.java:761)
12-11 19:05:27.133  6321  6339 D StrictMode: StrictMode policy violation: android.os.StrictMode$StrictModeDiskReadViolation: policy=65567 violation=2
12-11 19:05:27.133  6321  6339 D StrictMode: 	at android.os.StrictMode$AndroidBlockGuardPolicy.onReadFromDisk(StrictMode.java:1293)
12-11 19:05:27.133  6321  6339 D StrictMode: 	at android.app.SharedPreferencesImpl.awaitLoadedLocked(SharedPreferencesImpl.java:213)
12-11 19:05:27.133  6321  6339 D StrictMode: 	at android.app.SharedPreferencesImpl.contains(SharedPreferencesImpl.java:280)
12-11 19:05:27.133  6321  6339 D StrictMode: 	at com.google.android.finsky.ah.j.a(SourceFile:5)
12-11 19:05:27.133  6321  6339 D StrictMode: 	at com.google.android.finsky.ah.q.a(SourceFile:5)
12-11 19:05:27.133  6321  6339 D StrictMode: 	at com.google.android.finsky.hygiene.impl.k.a(SourceFile:2)
12-11 19:05:27.133  6321  6339 D StrictMode: 	at com.google.android.finsky.hygiene.impl.g.d(SourceFile:20)
12-11 19:05:27.133  6321  6339 D StrictMode: 	at com.google.android.finsky.application.impl.c.bW(SourceFile:247)
12-11 19:05:27.133  6321  6339 D StrictMode: 	at com.google.android.finsky.application.impl.bt.a_(SourceFile:13)
12-11 19:05:27.133  6321  6339 D StrictMode: 	at b.b.a.f.a(SourceFile:11)
12-11 19:05:27.133  6321  6339 D StrictMode: 	at com.google.common.util.concurrent.s.a(SourceFile:5)
12-11 19:05:27.133  6321  6339 D StrictMode: 	at com.google.common.util.concurrent.r.run(SourceFile:17)
12-11 19:05:27.133  6321  6339 D StrictMode: 	at com.google.common.util.concurrent.bn.run(SourceFile:3)
12-11 19:05:27.133  6321  6339 D StrictMode: 	at com.google.android.apps.gsa.a.f.a.i.run(SourceFile:7)
12-11 19:05:27.133  6321  6339 D StrictMode: 	at java.util.concurrent.ThreadPoolExecutor.runWorker(ThreadPoolExecutor.java:1133)
12-11 19:05:27.133  6321  6339 D StrictMode: 	at java.util.concurrent.ThreadPoolExecutor$Worker.run(ThreadPoolExecutor.java:607)
12-11 19:05:27.133  6321  6339 D StrictMode: 	at com.google.android.finsky.bo.w.run(Unknown Source)
12-11 19:05:27.133  6321  6339 D StrictMode: 	at java.lang.Thread.run(Thread.java:761)
12-11 19:05:27.144  3093  3145 D EGL_emulation: eglMakeCurrent: 0xad005600: ver 3 0 (tinfo 0xad0038c0)
12-11 19:05:27.165  6321  6340 D StrictMode: StrictMode policy violation: android.os.StrictMode$StrictModeDiskReadViolation: policy=65567 violation=2
12-11 19:05:27.165  6321  6340 D StrictMode: 	at android.os.StrictMode$AndroidBlockGuardPolicy.onReadFromDisk(StrictMode.java:1293)
12-11 19:05:27.165  6321  6340 D StrictMode: 	at java.io.UnixFileSystem.checkAccess(UnixFileSystem.java:249)
12-11 19:05:27.165  6321  6340 D StrictMode: 	at java.io.File.exists(File.java:780)
12-11 19:05:27.165  6321  6340 D StrictMode: 	at android.app.ContextImpl.ensurePrivateDirExists(ContextImpl.java:512)
12-11 19:05:27.165  6321  6340 D StrictMode: 	at android.app.ContextImpl.getPreferencesDir(ContextImpl.java:468)
12-11 19:05:27.165  6321  6340 D StrictMode: 	at android.app.ContextImpl.getSharedPreferencesPath(ContextImpl.java:627)
12-11 19:05:27.165  6321  6340 D StrictMode: 	at android.app.ContextImpl.getSharedPreferences(ContextImpl.java:345)
12-11 19:05:27.165  6321  6340 D StrictMode: 	at android.content.ContextWrapper.getSharedPreferences(ContextWrapper.java:164)
12-11 19:05:27.165  6321  6340 D StrictMode: 	at com.google.android.finsky.ah.f.a(SourceFile:4)
12-11 19:05:27.165  6321  6340 D StrictMode: 	at com.google.android.finsky.ah.q.a(SourceFile:5)
12-11 19:05:27.165  6321  6340 D StrictMode: 	at com.google.android.finsky.application.impl.c.bR(SourceFile:156)
12-11 19:05:27.165  6321  6340 D StrictMode: 	at com.google.android.finsky.application.impl.bd.a_(SourceFile:32)
12-11 19:05:27.165  6321  6340 D StrictMode: 	at b.b.a.f.a(SourceFile:11)
12-11 19:05:27.165  6321  6340 D StrictMode: 	at com.google.common.util.concurrent.s.a(SourceFile:5)
12-11 19:05:27.165  6321  6340 D StrictMode: 	at com.google.common.util.concurrent.r.run(SourceFile:17)
12-11 19:05:27.165  6321  6340 D StrictMode: 	at com.google.common.util.concurrent.bn.run(SourceFile:3)
12-11 19:05:27.165  6321  6340 D StrictMode: 	at com.google.android.apps.gsa.a.f.a.i.run(SourceFile:7)
12-11 19:05:27.165  6321  6340 D StrictMode: 	at java.util.concurrent.ThreadPoolExecutor.runWorker(ThreadPoolExecutor.java:1133)
12-11 19:05:27.165  6321  6340 D StrictMode: 	at java.util.concurrent.ThreadPoolExecutor$Worker.run(ThreadPoolExecutor.java:607)
12-11 19:05:27.165  6321  6340 D StrictMode: 	at com.google.android.finsky.bo.w.run(Unknown Source)
12-11 19:05:27.165  6321  6340 D StrictMode: 	at java.lang.Thread.run(Thread.java:761)
12-11 19:05:27.166  6321  6340 D StrictMode: StrictMode policy violation: android.os.StrictMode$StrictModeDiskReadViolation: policy=65567 violation=2
12-11 19:05:27.166  6321  6340 D StrictMode: 	at android.os.StrictMode$AndroidBlockGuardPolicy.onReadFromDisk(StrictMode.java:1293)
12-11 19:05:27.166  6321  6340 D StrictMode: 	at android.app.SharedPreferencesImpl.awaitLoadedLocked(SharedPreferencesImpl.java:213)
12-11 19:05:27.166  6321  6340 D StrictMode: 	at android.app.SharedPreferencesImpl.contains(SharedPreferencesImpl.java:280)
12-11 19:05:27.166  6321  6340 D StrictMode: 	at com.google.android.finsky.ah.j.a(SourceFile:5)
12-11 19:05:27.166  6321  6340 D StrictMode: 	at com.google.android.finsky.ah.q.a(SourceFile:5)
12-11 19:05:27.166  6321  6340 D StrictMode: 	at com.google.android.finsky.application.impl.c.bR(SourceFile:156)
12-11 19:05:27.166  6321  6340 D StrictMode: 	at com.google.android.finsky.application.impl.bd.a_(SourceFile:32)
12-11 19:05:27.166  6321  6340 D StrictMode: 	at b.b.a.f.a(SourceFile:11)
12-11 19:05:27.166  6321  6340 D StrictMode: 	at com.google.common.util.concurrent.s.a(SourceFile:5)
12-11 19:05:27.166  6321  6340 D StrictMode: 	at com.google.common.util.concurrent.r.run(SourceFile:17)
12-11 19:05:27.166  6321  6340 D StrictMode: 	at com.google.common.util.concurrent.bn.run(SourceFile:3)
12-11 19:05:27.166  6321  6340 D StrictMode: 	at com.google.android.apps.gsa.a.f.a.i.run(SourceFile:7)
12-11 19:05:27.166  6321  6340 D StrictMode: 	at java.util.concurrent.ThreadPoolExecutor.runWorker(ThreadPoolExecutor.java:1133)
12-11 19:05:27.166  6321  6340 D StrictMode: 	at java.util.concurrent.ThreadPoolExecutor$Worker.run(ThreadPoolExecutor.java:607)
12-11 19:05:27.166  6321  6340 D StrictMode: 	at com.google.android.finsky.bo.w.run(Unknown Source)
12-11 19:05:27.166  6321  6340 D StrictMode: 	at java.lang.Thread.run(Thread.java:761)
12-11 19:05:27.176  3093  3145 D EGL_emulation: eglMakeCurrent: 0xad005600: ver 3 0 (tinfo 0xad0038c0)
12-11 19:05:27.188  3093  3145 D EGL_emulation: eglMakeCurrent: 0xad005600: ver 3 0 (tinfo 0xad0038c0)
12-11 19:05:27.202  3093  3145 D EGL_emulation: eglMakeCurrent: 0xad005600: ver 3 0 (tinfo 0xad0038c0)
12-11 19:05:27.219  3093  3145 D EGL_emulation: eglMakeCurrent: 0xad005600: ver 3 0 (tinfo 0xad0038c0)
12-11 19:05:27.226  6321  6359 I Finsky  : [302] com.google.android.finsky.library.a.f.j(63): Loaded library for account: [FoArGjMcljfV1ylbpRMR5Z1m4yQ]
12-11 19:05:27.240  6321  6340 I Finsky  : [284] com.google.android.finsky.verifier.impl.em.b(127): Setup app restrictions monitor
12-11 19:05:27.261  6321  6359 I Finsky  : [302] com.google.android.finsky.library.a.f.j(87): Finished loading 1 libraries.
12-11 19:05:27.264  6321  6340 D StrictMode: StrictMode policy violation: android.os.StrictMode$StrictModeDiskReadViolation: policy=4259871 violation=2
12-11 19:05:27.264  6321  6340 D StrictMode: 	at android.os.StrictMode$AndroidBlockGuardPolicy.onReadFromDisk(StrictMode.java:1293)
12-11 19:05:27.264  6321  6340 D StrictMode: 	at java.io.UnixFileSystem.checkAccess(UnixFileSystem.java:249)
12-11 19:05:27.264  6321  6340 D StrictMode: 	at java.io.File.exists(File.java:780)
12-11 19:05:27.264  6321  6340 D StrictMode: 	at com.android.server.pm.UserManagerService.readApplicationRestrictionsLP(UserManagerService.java:2657)
12-11 19:05:27.264  6321  6340 D StrictMode: 	at com.android.server.pm.UserManagerService.readApplicationRestrictionsLP(UserManagerService.java:2650)
12-11 19:05:27.264  6321  6340 D StrictMode: 	at com.android.server.pm.UserManagerService.getApplicationRestrictionsForUser(UserManagerService.java:2607)
12-11 19:05:27.264  6321  6340 D StrictMode: 	at com.android.server.pm.UserManagerService.getApplicationRestrictions(UserManagerService.java:2596)
12-11 19:05:27.264  6321  6340 D StrictMode: 	at com.android.server.restrictions.RestrictionsManagerService$RestrictionsManagerImpl.getApplicationRestrictions(RestrictionsManagerService.java:72)
12-11 19:05:27.264  6321  6340 D StrictMode: 	at android.content.IRestrictionsManager$Stub.onTransact(IRestrictionsManager.java:54)
12-11 19:05:27.264  6321  6340 D StrictMode: 	at android.os.Binder.execTransact(Binder.java:565)
12-11 19:05:27.264  6321  6340 D StrictMode: # via Binder call with stack:
12-11 19:05:27.264  6321  6340 D StrictMode: android.os.StrictMode$LogStackTrace
12-11 19:05:27.264  6321  6340 D StrictMode: 	at android.os.StrictMode.readAndHandleBinderCallViolations(StrictMode.java:1960)
12-11 19:05:27.264  6321  6340 D StrictMode: 	at android.os.Parcel.readExceptionCode(Parcel.java:1665)
12-11 19:05:27.264  6321  6340 D StrictMode: 	at android.os.Parcel.readException(Parcel.java:1634)
12-11 19:05:27.264  6321  6340 D StrictMode: 	at android.content.IRestrictionsManager$Stub$Proxy.getApplicationRestrictions(IRestrictionsManager.java:150)
12-11 19:05:27.264  6321  6340 D StrictMode: 	at android.content.RestrictionsManager.getApplicationRestrictions(RestrictionsManager.java:422)
12-11 19:05:27.264  6321  6340 D StrictMode: 	at com.google.android.finsky.verifier.impl.fv.a(SourceFile:14)
12-11 19:05:27.264  6321  6340 D StrictMode: 	at com.google.android.finsky.verifier.impl.em.b(SourceFile:129)
12-11 19:05:27.264  6321  6340 D StrictMode: 	at com.google.android.finsky.application.impl.c.cl(SourceFile:323)
12-11 19:05:27.264  6321  6340 D StrictMode: 	at com.google.android.finsky.application.impl.by.a_(SourceFile:13)
12-11 19:05:27.264  6321  6340 D StrictMode: 	at b.b.a.f.a(SourceFile:11)
12-11 19:05:27.264  6321  6340 D StrictMode: 	at com.google.common.util.concurrent.s.a(SourceFile:5)
12-11 19:05:27.264  6321  6340 D StrictMode: 	at com.google.common.util.concurrent.r.run(SourceFile:17)
12-11 19:05:27.264  6321  6340 D StrictMode: 	at com.google.common.util.concurrent.bn.run(SourceFile:3)
12-11 19:05:27.264  6321  6340 D StrictMode: 	at com.google.android.apps.gsa.a.f.a.i.run(SourceFile:7)
12-11 19:05:27.264  6321  6340 D StrictMode: 	at java.util.concurrent.ThreadPoolExecutor.runWorker(ThreadPoolExecutor.java:1133)
12-11 19:05:27.264  6321  6340 D StrictMode: 	at java.util.concurrent.ThreadPoolExecutor$Worker.run(ThreadPoolExecutor.java:607)
12-11 19:05:27.264  6321  6340 D StrictMode: 	at com.google.android.finsky.bo.w.run(Unknown Source)
12-11 19:05:27.264  6321  6340 D StrictMode: 	at java.lang.Thread.run(Thread.java:761)
12-11 19:05:27.264  6321  6340 I Finsky  : [284] com.google.android.finsky.verifier.impl.fv.a(16): Device wide unknown source restriction is changed.
12-11 19:05:27.278  6321  6340 D StrictMode: StrictMode policy violation: android.os.StrictMode$StrictModeDiskReadViolation: policy=65567 violation=2
12-11 19:05:27.278  6321  6340 D StrictMode: 	at android.os.StrictMode$AndroidBlockGuardPolicy.onReadFromDisk(StrictMode.java:1293)
12-11 19:05:27.278  6321  6340 D StrictMode: 	at java.io.UnixFileSystem.checkAccess(UnixFileSystem.java:249)
12-11 19:05:27.278  6321  6340 D StrictMode: 	at java.io.File.exists(File.java:780)
12-11 19:05:27.278  6321  6340 D StrictMode: 	at android.app.ContextImpl.ensurePrivateDirExists(ContextImpl.java:512)
12-11 19:05:27.278  6321  6340 D StrictMode: 	at android.app.ContextImpl.getCacheDir(ContextImpl.java:584)
12-11 19:05:27.278  6321  6340 D StrictMode: 	at android.content.ContextWrapper.getCacheDir(ContextWrapper.java:253)
12-11 19:05:27.278  6321  6340 D StrictMode: 	at com.google.android.finsky.a.l_(SourceFile:6)
12-11 19:05:27.278  6321  6340 D StrictMode: 	at com.google.android.finsky.application.impl.c.i(SourceFile:513)
12-11 19:05:27.278  6321  6340 D StrictMode: 	at com.google.android.finsky.application.impl.c.cj(SourceFile:312)
12-11 19:05:27.278  6321  6340 D StrictMode: 	at com.google.android.finsky.application.impl.bu.a_(SourceFile:15)
12-11 19:05:27.278  6321  6340 D StrictMode: 	at b.b.a.f.a(SourceFile:11)
12-11 19:05:27.278  6321  6340 D StrictMode: 	at com.google.common.util.concurrent.s.a(SourceFile:5)
12-11 19:05:27.278  6321  6340 D StrictMode: 	at com.google.common.util.concurrent.r.run(SourceFile:17)
12-11 19:05:27.278  6321  6340 D StrictMode: 	at com.google.common.util.concurrent.bn.run(SourceFile:3)
12-11 19:05:27.278  6321  6340 D StrictMode: 	at com.google.android.apps.gsa.a.f.a.i.run(SourceFile:7)
12-11 19:05:27.278  6321  6340 D StrictMode: 	at java.util.concurrent.ThreadPoolExecutor.runWorker(ThreadPoolExecutor.java:1133)
12-11 19:05:27.278  6321  6340 D StrictMode: 	at java.util.concurrent.ThreadPoolExecutor$Worker.run(ThreadPoolExecutor.java:607)
12-11 19:05:27.278  6321  6340 D StrictMode: 	at com.google.android.finsky.bo.w.run(Unknown Source)
12-11 19:05:27.278  6321  6340 D StrictMode: 	at java.lang.Thread.run(Thread.java:761)
12-11 19:05:27.310  6321  6339 I Finsky  : [283] com.google.android.finsky.wear.bs.a(11): Component class com.google.android.finsky.wear.WearSupportService enabled via PackageManager.
12-11 19:05:27.311  6321  6339 I Finsky  : [283] com.google.android.finsky.wear.bs.a(11): Component class com.google.android.finsky.wear.WearChangeListenerService enabled via PackageManager.
12-11 19:05:27.420  6321  6321 I Finsky  : [1] com.google.android.finsky.fp.a.a(27): Refreshing user settings: account=[FoArGjMcljfV1ylbpRMR5Z1m4yQ]
12-11 19:05:27.431  6321  6366 D Volley  : [309] f.b: Cache cleared.
12-11 19:05:27.451  1653  1665 E SyncManager: Couldn't find backoff values for ctj784@gmail.com/com.google.android.gms.people:u0
12-11 19:05:27.455  6321  6360 D Volley  : [303] f.b: Cache cleared.
12-11 19:05:27.457  6321  6321 D Volley  : [1] f.b: Cache cleared.
12-11 19:05:27.484  3093  3098 I art     : Do full code cache collection, code=214KB, data=222KB
12-11 19:05:27.487  3093  3098 I art     : Starting a blocking GC JitCodeCache
12-11 19:05:27.488  3093  3098 I art     : After code cache collection, code=166KB, data=170KB
12-11 19:05:27.491  6321  6321 I Finsky  : [1] com.google.android.finsky.accounts.impl.AccountsChangedReceiver.a(75): Accounts changed, prefetching preloads for account [FoArGjMcljfV1ylbpRMR5Z1m4yQ] (previously null)
12-11 19:05:27.491  2510  2510 I CalendarProvider2: Sending notification intent: Intent { act=android.intent.action.PROVIDER_CHANGED dat=content://com.android.calendar flg=0x20000000 }
12-11 19:05:27.491  2510  2510 W ContentResolver: Failed to get type for: content://com.android.calendar (Unknown URL content://com.android.calendar)
12-11 19:05:27.500  6321  6374 I Finsky  : [317] com.google.android.finsky.setup.am.a(38): Prefetching preloads for account [FoArGjMcljfV1ylbpRMR5Z1m4yQ]
12-11 19:05:27.512  6321  6374 I Finsky  : [317] com.google.android.finsky.setup.am.a(49): No PAI stub found
12-11 19:05:27.513  6321  6374 E Finsky  : [317] com.google.android.finsky.setup.am.a(77): Error prefetching preloads, using account=null, preloads=NULL, preloadGroups=NULL
12-11 19:05:27.513  6321  6374 E Finsky  : com.google.android.finsky.setup.fetchers.RawDocumentsFetchException[reason=pai_config, account=[FoArGjMcljfV1ylbpRMR5Z1m4yQ]]
12-11 19:05:27.513  6321  6374 E Finsky  : 	at com.google.android.finsky.setup.am.a(SourceFile:50)
12-11 19:05:27.513  6321  6374 E Finsky  : 	at com.google.android.finsky.setup.ao.call(Unknown Source)
12-11 19:05:27.513  6321  6374 E Finsky  : 	at java.util.concurrent.FutureTask.run(FutureTask.java:237)
12-11 19:05:27.513  6321  6374 E Finsky  : 	at java.util.concurrent.ThreadPoolExecutor.runWorker(ThreadPoolExecutor.java:1133)
12-11 19:05:27.513  6321  6374 E Finsky  : 	at java.util.concurrent.ThreadPoolExecutor$Worker.run(ThreadPoolExecutor.java:607)
12-11 19:05:27.513  6321  6374 E Finsky  : 	at java.lang.Thread.run(Thread.java:761)
12-11 19:05:27.513  6321  6374 I Finsky  : [317] com.google.android.finsky.setup.am.a(18): VpaSelectionActivity will be disabled
12-11 19:05:27.517  6321  6321 I Finsky  : [1] com.google.android.finsky.scheduler.bp.<init>(22): Resetting scheduler db
12-11 19:05:27.538  1653  1665 E SyncManager: Couldn't find backoff values for ctj784@gmail.com/com.google.android.gms.auth.accountstate:u0
12-11 19:05:27.560  2064  2064 W ChimeraUtils: Non Chimera context
12-11 19:05:27.564  6321  6321 I Finsky  : [1] com.google.android.finsky.installer.a.t.<init>(17): Not checking if recovering from paused session because experiment is off
12-11 19:05:27.580  6321  6321 I Finsky  : [1] com.google.android.finsky.setup.VpaService.onStartCommand(71): VpaService is called for vpaservice://installrequiredfornewaccount (pending launches = 0)
12-11 19:05:27.581  6321  6321 I Finsky  : [1] com.google.android.finsky.instantappsquickinstall.l.onPostExecute(7): Changing IA Quick Install Enabled State to false
12-11 19:05:27.594  2481  2521 D ContactDirectoryManager: Found com.google.android.gm.exchange.bundled.directory.provider
12-11 19:05:27.594  2481  2521 D ContactDirectoryManager: Found com.google.contacts.gal.provider
12-11 19:05:27.615  1360  1360 I WVCdm   : CdmEngine::OpenSession
12-11 19:05:27.615  1360  1360 I WVCdm   : Level3 Library 4464 Sep 10 2016 21:49:53
12-11 19:05:27.617  1360  1360 W WVCdm   : Could not load liboemcrypto.so. Falling back to L3.  dlopen failed: library "liboemcrypto.so" not found
12-11 19:05:27.631  1360  1360 I WVCdm   : CdmEngine::QueryKeyControlInfo
12-11 19:05:27.632  1360  4704 I WVCdm   : CdmEngine::GenerateKeyRequest
12-11 19:05:27.633  1360  4704 D WVCdm   : PrepareKeyRequest: nonce=366149386
12-11 19:05:27.686  6321  6321 I Finsky  : [1] com.google.android.finsky.installer.a.am.a(535): Installer kick - no action, not running yet
12-11 19:05:27.687  6321  6321 I Finsky  : [1] com.google.android.finsky.installer.a.am.a(535): Installer kick - no action, not running yet
12-11 19:05:27.707  2481  2521 I ContactDirectoryManager: deleted 0 stale rows which don't have any relevant directory
12-11 19:05:27.713  2640  6267 I Icing   : updateResources: need to parse aape{com.google.android.gm}
12-11 19:05:27.720  1360  1386 I WVCdm   : CdmEngine::CloseSession
12-11 19:05:27.728  2481  2521 I ContactDirectoryManager: Discovered 0 contact directories in 1001ms
12-11 19:05:27.745  6321  6321 I Finsky  : [1] com.google.android.finsky.scheduler.JobSchedulerEngine.a(109): Cancelling existing job with id: 9000
12-11 19:05:27.752  6321  6321 I Finsky  : [1] com.google.android.finsky.scheduler.JobSchedulerEngine.a(109): Cancelling existing job with id: 9004
12-11 19:05:27.757  6321  6321 I Finsky  : [1] com.google.android.finsky.scheduler.JobSchedulerEngine.a(109): Cancelling existing job with id: 9005
12-11 19:05:27.779  6321  6321 I Finsky  : [1] com.google.android.finsky.scheduler.JobSchedulerEngine.a(19): Scheduling immediate wakeup job with id: 9000
12-11 19:05:27.801  6321  6321 I Finsky  : [1] com.google.android.finsky.scheduler.JobSchedulerEngine$PhoneskyJobSchedulerJobService.onStartJob(8): onJobSchedulerWakeup with jobId 9000
12-11 19:05:27.812  6321  6321 I Finsky  : [1] com.google.android.finsky.scheduler.ad.a(41): Scheduling fallback in 43199991 (absolute: 44527018)
12-11 19:05:27.815  6321  6321 I Finsky  : [1] com.google.android.finsky.scheduler.ad.a(41): Scheduling fallback in 64799998 (absolute: 66127027)
12-11 19:05:27.828  6321  6321 I Finsky  : [1] com.google.android.finsky.scheduler.al.handleMessage(16): DeviceState: DeviceState{currentTime=1544576727820, isCharging=true, isIdle=false, netAny=true, netNotRoaming=true, netUnmetered=true}
12-11 19:05:27.839  3093  3145 D EGL_emulation: eglMakeCurrent: 0xad005600: ver 3 0 (tinfo 0xad0038c0)
12-11 19:05:27.849  1653  1665 E SyncManager: Couldn't find backoff values for ctj784@gmail.com/com.google.android.apps.docs:u0
12-11 19:05:27.857  3093  3093 E ResourceType: Style contains key with bad entry: 0x01010575
12-11 19:05:27.865  3093  3145 D EGL_emulation: eglMakeCurrent: 0xad005600: ver 3 0 (tinfo 0xad0038c0)
12-11 19:05:27.878  3093  3145 D EGL_emulation: eglMakeCurrent: 0xad005600: ver 3 0 (tinfo 0xad0038c0)
12-11 19:05:27.891  3093  3145 D EGL_emulation: eglMakeCurrent: 0xad005600: ver 3 0 (tinfo 0xad0038c0)
12-11 19:05:27.904  3093  3093 I Choreographer: Skipped 44 frames!  The application may be doing too much work on its main thread.
12-11 19:05:27.905  3093  3145 D EGL_emulation: eglMakeCurrent: 0xad005600: ver 3 0 (tinfo 0xad0038c0)
12-11 19:05:27.918  3093  3145 D EGL_emulation: eglMakeCurrent: 0xad005600: ver 3 0 (tinfo 0xad0038c0)
12-11 19:05:27.935  3093  3145 D EGL_emulation: eglMakeCurrent: 0xad005600: ver 3 0 (tinfo 0xad0038c0)
12-11 19:05:27.952  3093  3145 D EGL_emulation: eglMakeCurrent: 0xad005600: ver 3 0 (tinfo 0xad0038c0)
12-11 19:05:27.969  3093  3145 D EGL_emulation: eglMakeCurrent: 0xad005600: ver 3 0 (tinfo 0xad0038c0)
12-11 19:05:27.988  3093  3145 D EGL_emulation: eglMakeCurrent: 0xad005600: ver 3 0 (tinfo 0xad0038c0)
12-11 19:05:28.006  3093  3145 D EGL_emulation: eglMakeCurrent: 0xad005600: ver 3 0 (tinfo 0xad0038c0)
12-11 19:05:28.022  3093  3145 D EGL_emulation: eglMakeCurrent: 0xad005600: ver 3 0 (tinfo 0xad0038c0)
12-11 19:05:28.038  1653  1876 I ActivityManager: Start proc 6382:android.process.media/u0a11 for content provider com.android.providers.downloads/.DownloadProvider
12-11 19:05:28.045  6382  6382 W art     : Unexpected CPU variant for X86 using defaults: x86
12-11 19:05:28.052  2064  2079 I Auth    : [BroadcastManager] Broadcasting account services changed.
12-11 19:05:28.105  6321  6376 I Finsky  : [319] com.google.android.finsky.scheduler.bp.b(88): Jobs in database: 1-1337 12-1 24-77777777 26-1414141414 
12-11 19:05:28.106  6382  6382 W System  : ClassLoader referenced unknown path: /system/priv-app/DownloadProvider/lib/x86
12-11 19:05:28.111  3093  3145 D EGL_emulation: eglMakeCurrent: 0xad005600: ver 3 0 (tinfo 0xad0038c0)
12-11 19:05:28.111  6321  6321 I Finsky  : [1] com.google.android.finsky.setup.ct.run(4): No VPA stub found - stopping service
12-11 19:05:28.126  1653  1665 E SyncManager: Couldn't find backoff values for ctj784@gmail.com/com.google.android.gms.reminders:u0
12-11 19:05:28.143  6321  6321 I Finsky  : [1] com.google.android.finsky.scheduler.ag.a(59): Running job: 1-1337
12-11 19:05:28.150  6321  6321 I Finsky  : [1] com.google.android.finsky.hygiene.impl.t.a(66): Beginning daily hygiene, foreground = false, reason = ACCOUNTS_CHANGED
12-11 19:05:28.154  6382  6382 W System  : ClassLoader referenced unknown path: /system/priv-app/MediaProvider/lib/x86
12-11 19:05:28.155  6382  6382 D ApplicationLoaders: ignored Vulkan layer search path /system/priv-app/MediaProvider/lib/x86:/system/priv-app/MediaProvider/MediaProvider.apk!/lib/x86:/system/lib:/vendor/lib for namespace 0xad457090
12-11 19:05:28.185  1653  1665 E SyncManager: Couldn't find backoff values for ctj784@gmail.com/com.android.calendar:u0
12-11 19:05:28.212  3093  3145 D EGL_emulation: eglMakeCurrent: 0xad005600: ver 3 0 (tinfo 0xad0038c0)
12-11 19:05:28.228  3093  3145 D EGL_emulation: eglMakeCurrent: 0xad005600: ver 3 0 (tinfo 0xad0038c0)
12-11 19:05:28.244  3093  3145 D EGL_emulation: eglMakeCurrent: 0xad005600: ver 3 0 (tinfo 0xad0038c0)
12-11 19:05:28.258  3093  3145 D EGL_emulation: eglMakeCurrent: 0xad005600: ver 3 0 (tinfo 0xad0038c0)
12-11 19:05:28.275  3093  3145 D EGL_emulation: eglMakeCurrent: 0xad005600: ver 3 0 (tinfo 0xad0038c0)
12-11 19:05:28.280  6321  6321 I Finsky  : [1] com.google.android.finsky.ce.a.b(55): Probe [FoArGjMcljfV1ylbpRMR5Z1m4yQ] for hygiene pass
12-11 19:05:28.288  1653  1673 I ActivityManager: Displayed com.google.android.gms/.setupservices.GoogleServicesActivity: +1s660ms (total +1s928ms)
12-11 19:05:28.291  3093  3145 D EGL_emulation: eglMakeCurrent: 0xad005600: ver 3 0 (tinfo 0xad0038c0)
12-11 19:05:28.307  3093  3145 D EGL_emulation: eglMakeCurrent: 0xad005600: ver 3 0 (tinfo 0xad0038c0)
12-11 19:05:28.319  1653  1665 E SyncManager: Couldn't find backoff values for ctj784@gmail.com/com.google.android.location.reporting:u0
12-11 19:05:28.331  3093  3145 D EGL_emulation: eglMakeCurrent: 0xad005600: ver 3 0 (tinfo 0xad0038c0)
12-11 19:05:28.344  3093  3145 D EGL_emulation: eglMakeCurrent: 0xad005600: ver 3 0 (tinfo 0xad0038c0)
12-11 19:05:28.358  3093  3145 D EGL_emulation: eglMakeCurrent: 0xad005600: ver 3 0 (tinfo 0xad0038c0)
12-11 19:05:28.358  6321  6321 I Finsky  : [1] com.google.android.finsky.scheduler.ag.a(105): RunningQueue size: 1, PendingQueue size: 0
12-11 19:05:28.360  6321  6321 I Finsky  : [1] com.google.android.finsky.scheduler.ag.a(116): Running queue: 1-1337 
12-11 19:05:28.379  3093  3145 D EGL_emulation: eglMakeCurrent: 0xad005600: ver 3 0 (tinfo 0xad0038c0)
12-11 19:05:28.430  1653  1665 E SyncManager: Couldn't find backoff values for ctj784@gmail.com/com.google.android.gms.drive.sync:u0
12-11 19:05:28.482  3093  3145 D EGL_emulation: eglMakeCurrent: 0xad005600: ver 3 0 (tinfo 0xad0038c0)
12-11 19:05:28.490  1311  1311 W SurfaceFlinger: couldn't log to binary event log: overflow.
12-11 19:05:28.536  6321  6354 D ApplicationLoaders: ignored Vulkan layer search path /data/app/com.google.android.gms-2/lib/x86:/data/app/com.google.android.gms-2/base.apk!/lib/x86 for namespace 0xad242090
12-11 19:05:28.540  6321  6369 D NetworkSecurityConfig: No Network Security Config specified, using platform default
12-11 19:05:28.544  1653  1665 E SyncManager: Couldn't find backoff values for ctj784@gmail.com/com.google.android.gms.fitness:u0
12-11 19:05:28.613  6321  6321 I Finsky  : [1] com.google.android.finsky.splitinstallservice.du.a(10): Connecting InstallListener to SplitInstallService broadcaster...
12-11 19:05:28.619  1653  1665 E SyncManager: Couldn't find backoff values for ctj784@gmail.com/gmail-ls:u0
12-11 19:05:28.678  1653  1665 E SyncManager: Couldn't find backoff values for ctj784@gmail.com/com.google.android.gms.auth.confirm:u0
12-11 19:05:28.707  1653  1665 E SyncManager: Couldn't find backoff values for ctj784@gmail.com/com.android.chrome:u0
12-11 19:05:28.740  1653  1665 E SyncManager: Couldn't find backoff values for ctj784@gmail.com/com.google.android.gms.subscribedfeeds:u0
12-11 19:05:28.744  2640  6267 I Icing   : updateResources: need to parse aape{com.google.android.gms}
12-11 19:05:28.788  1653  1665 E SyncManager: Couldn't find backoff values for ctj784@gmail.com/com.google.android.gms.appstate:u0
12-11 19:05:28.819  1311  1311 W SurfaceFlinger: couldn't log to binary event log: overflow.
12-11 19:05:28.861  1653  1665 E SyncManager: Couldn't find backoff values for ctj784@gmail.com/com.android.contacts:u0
12-11 19:05:28.908  1653  1665 E SyncManager: Couldn't find backoff values for ctj784@gmail.com/com.google.android.gms.photos.iu.EsGoogleIuProvider:u0
12-11 19:05:28.950  1653  1665 E SyncManager: Couldn't find backoff values for ctj784@gmail.com/com.google.android.gms.games.background:u0
12-11 19:05:28.961  2640  6267 I Icing   : Indexing com.google.android.gm-messages/com.google/ctj784%40gmail.com from com.google.android.gm
12-11 19:05:28.980  1653  1665 E SyncManager: Couldn't find backoff values for ctj784@gmail.com/com.google.android.gms.games:u0
12-11 19:05:28.982  2640  6267 I Icing   : Indexing done com.google.android.gm-messages/com.google/ctj784%40gmail.com
12-11 19:05:29.004  1653  1665 E SyncManager: Couldn't find backoff values for ctj784@gmail.com/com.google.android.music.MusicContent:u0
12-11 19:05:29.012  1653  1665 E SyncManager: Couldn't find backoff values for ctj784@gmail.com/com.google.android.videos.sync:u0
12-11 19:05:29.196  2064  2064 W ChimeraUtils: Non Chimera context
12-11 19:05:29.220  2640  6411 I PmtsSwAccountIntentOp: Processing intent action=android.accounts.LOGIN_ACCOUNTS_CHANGED
12-11 19:05:29.220  2640  6411 I PmtsSwAccountIntentOp: Account added has already been processed
12-11 19:05:29.229  2064  6407 I Auth    : [BroadcastManager] Broadcasting account change.
12-11 19:05:29.235  2064  6407 W WakefulBroadcastReceiv.: No active wake lock id #7
12-11 19:05:29.273  6321  6321 I Finsky  : [1] com.google.android.finsky.ff.c.a(41): Server requests device config token
12-11 19:05:29.276  1653  1661 I art     : Background sticky concurrent mark sweep GC freed 23593(1490KB) AllocSpace objects, 29(1216KB) LOS objects, 13% free, 15MB/18MB, paused 3.834ms total 101.409ms
12-11 19:05:29.283  6321  6321 I Finsky  : [1] com.google.android.finsky.ff.c.a(41): Server requests device config token
12-11 19:05:29.322  6048  6424 I Babel_ConcService: Acquired partial wake lock to keep ConcurrentService alive
12-11 19:05:29.324  6048  6424 D Babel_SmsDep: disabled
12-11 19:05:29.337  1653  1665 W JobInfo : Specified flex for 102239 is +57m36s0ms. Clamped to +1h12m0s0ms
12-11 19:05:29.341  1653  1665 W JobInfo : Specified flex for 100234 is +57m36s0ms. Clamped to +1h12m0s0ms
12-11 19:05:29.347  6048  6424 D Babel_SmsDep: disabled
12-11 19:05:29.436  1653  1665 W JobInfo : Specified flex for 103962 is +57m36s0ms. Clamped to +1h12m0s0ms
12-11 19:05:29.456  6048  6424 W Babel_AcctMgr: gBA: invalid account id: -1
12-11 19:05:29.457  6048  6425 D Babel_SmsDep: disabled
12-11 19:05:29.463  1653  1665 I ActivityManager: Start proc 6429:com.google.android.apps.docs/u0a44 for service com.google.android.apps.docs/.sync.syncadapter.DocsSyncAdapterService
12-11 19:05:29.464  6429  6429 W art     : Unexpected CPU variant for X86 using defaults: x86
12-11 19:05:29.483  1653  1665 W JobInfo : Specified flex for 104576 is +57m36s0ms. Clamped to +1h12m0s0ms
12-11 19:05:29.491  3093  3145 D EGL_emulation: eglMakeCurrent: 0xad005600: ver 3 0 (tinfo 0xad0038c0)
12-11 19:05:29.674  2064  3049 W Conscrypt: Could not set socket write timeout: java.net.SocketException: Socket closed
12-11 19:05:29.674  2064  3049 W Conscrypt: 	at com.google.android.gms.org.conscrypt.Platform.setSocketWriteTimeout(:com.google.android.gms@14799022@14.7.99 (040700-223214910):2)
12-11 19:05:29.674  2064  3049 W Conscrypt: 	at com.google.android.gms.org.conscrypt.ConscryptFileDescriptorSocket.setSoWriteTimeout(:com.google.android.gms@14799022@14.7.99 (040700-223214910):2)
12-11 19:05:29.714  2064  3049 W Conscrypt: Could not set socket write timeout: java.net.SocketException: Socket closed
12-11 19:05:29.715  2064  3049 W Conscrypt: 	at com.google.android.gms.org.conscrypt.Platform.setSocketWriteTimeout(:com.google.android.gms@14799022@14.7.99 (040700-223214910):2)
12-11 19:05:29.716  2064  3049 W Conscrypt: 	at com.google.android.gms.org.conscrypt.ConscryptFileDescriptorSocket.setSoWriteTimeout(:com.google.android.gms@14799022@14.7.99 (040700-223214910):2)
12-11 19:05:29.830  6048  6428 I Babel_timeline: SafeLibraryLoader: loading in 0 ms, total: 0 ms
12-11 19:05:29.849  6048  6428 I Babel_timeline: SafeLibraryLoader: loaded in 19 ms, total: 19 ms
12-11 19:05:29.863  1653  1665 W JobInfo : Specified flex for 109538 is +57m36s0ms. Clamped to +1h12m0s0ms
12-11 19:05:29.867  4986  4986 D MusicLifecycle: com.google.android.music.AccountsBroadcastReceiver generated event: Broadcast received with context android.app.ReceiverRestrictedContext@ee5fecc and intent Intent { act=android.accounts.LOGIN_ACCOUNTS_CHANGED flg=0x4000010 cmp=com.google.android.music/.AccountsBroadcastReceiver }
12-11 19:05:29.868  4986  5004 I SignupStatusTask: Starting 'com.google.android.music.sync.google.MusicGcmTaskService
12-11 19:05:29.902  1653  1665 W JobInfo : Specified flex for 106342 is +57m36s0ms. Clamped to +1h12m0s0ms
12-11 19:05:29.930  6321  6321 I Finsky  : [1] com.google.android.finsky.accounts.impl.AccountsChangedReceiver.a(75): Accounts changed, prefetching preloads for account [FoArGjMcljfV1ylbpRMR5Z1m4yQ] (previously null)
12-11 19:05:29.932  6321  6374 I Finsky  : [317] com.google.android.finsky.setup.am.a(38): Prefetching preloads for account [FoArGjMcljfV1ylbpRMR5Z1m4yQ]
12-11 19:05:29.933  6321  6321 I Finsky  : [1] com.google.android.finsky.hygiene.impl.g.a(168): No need to schedule routine hygiene, as hygiene is already running.
12-11 19:05:29.939  6321  6374 I Finsky  : [317] com.google.android.finsky.setup.am.a(49): No PAI stub found
12-11 19:05:29.939  6321  6374 E Finsky  : [317] com.google.android.finsky.setup.am.a(77): Error prefetching preloads, using account=null, preloads=NULL, preloadGroups=NULL
12-11 19:05:29.939  6321  6374 E Finsky  : com.google.android.finsky.setup.fetchers.RawDocumentsFetchException[reason=pai_config, account=[FoArGjMcljfV1ylbpRMR5Z1m4yQ]]
12-11 19:05:29.939  6321  6374 E Finsky  : 	at com.google.android.finsky.setup.am.a(SourceFile:50)
12-11 19:05:29.939  6321  6374 E Finsky  : 	at com.google.android.finsky.setup.ao.call(Unknown Source)
12-11 19:05:29.939  6321  6374 E Finsky  : 	at java.util.concurrent.FutureTask.run(FutureTask.java:237)
12-11 19:05:29.939  6321  6374 E Finsky  : 	at java.util.concurrent.ThreadPoolExecutor.runWorker(ThreadPoolExecutor.java:1133)
12-11 19:05:29.939  6321  6374 E Finsky  : 	at java.util.concurrent.ThreadPoolExecutor$Worker.run(ThreadPoolExecutor.java:607)
12-11 19:05:29.939  6321  6374 E Finsky  : 	at java.lang.Thread.run(Thread.java:761)
12-11 19:05:29.940  6321  6374 I Finsky  : [317] com.google.android.finsky.setup.am.a(18): VpaSelectionActivity will be disabled
12-11 19:05:29.971  6429  6429 W FieldDefinition: [main] Ignoring isIndexed constraint as field also has uniqueness constraint (on just this field, and therefore SQLite will have to create an index on that. For field: col$a@37ef2fd
12-11 19:05:30.058  1653  1665 W JobInfo : Specified flex for 109815 is +57m36s0ms. Clamped to +1h12m0s0ms
12-11 19:05:30.097  6429  6429 W ComponentDiscovery: Application info not found.
12-11 19:05:30.097  6429  6429 W ComponentDiscovery: Could not retrieve metadata, returning empty list of registrars.
12-11 19:05:30.115  6048  6453 D NetworkSecurityConfig: Using Network Security Config from resource network_security_config debugBuild: false
12-11 19:05:30.178  1653  1665 W JobInfo : Specified flex for 104393 is +57m36s0ms. Clamped to +1h12m0s0ms
12-11 19:05:30.241  2873  2878 I art     : Compiler allocated 5MB to compile void htp.<init>(android.content.Context, android.accounts.Account, java.lang.String[], android.os.Bundle, boolean, tzv, tyt, htq)
12-11 19:05:30.259  1653  1665 W JobInfo : Specified flex for 107455 is +57m36s0ms. Clamped to +1h12m0s0ms
12-11 19:05:30.262  2064  2064 W ChimeraUtils: Non Chimera context
12-11 19:05:30.278  2640  6413 I PmtsSwAccountIntentOp: Processing intent action=android.accounts.LOGIN_ACCOUNTS_CHANGED
12-11 19:05:30.278  2640  6413 I PmtsSwAccountIntentOp: Account added has already been processed
12-11 19:05:30.298  2064  6484 W WakefulBroadcastReceiv.: No active wake lock id #8
12-11 19:05:30.299  2143  2143 I EngineIdGenerator: Refusing EXCLUSIVE task PROCESS_ACCOUNT_CHANGE, it is already pending. Try again in 298 seconds.
12-11 19:05:30.338  1653  1665 W JobInfo : Specified flex for 101439 is +57m36s0ms. Clamped to +1h12m0s0ms
12-11 19:05:30.365  6048  6487 D Babel_SmsDep: disabled
12-11 19:05:30.371  1653  1665 W JobInfo : Specified flex for 100515 is +57m36s0ms. Clamped to +1h12m0s0ms
12-11 19:05:30.394  6321  6321 I Finsky  : [1] com.google.android.finsky.deviceconfig.f.c_(11): Received device config token CisaKQoTMzkwMDgyNzMzODk0NTA3MzA0OBISChAxNTQ0NTc2NzMwNTY4NTE4
12-11 19:05:30.430  6048  6428 E Babel_GetUserConfig: Account not found.
12-11 19:05:30.430  6048  6428 E Babel_GetUserConfig: 
12-11 19:05:30.432  1653  1665 W JobInfo : Specified flex for 106123 is +57m36s0ms. Clamped to +1h12m0s0ms
12-11 19:05:30.467  2640  2640 I GCM     : Message from null
12-11 19:05:30.467  2640  2640 E GCM     : Dropping message to GMS from null as no component is set
12-11 19:05:30.481  2640  2640 I GCM     : Message from 745476177629
12-11 19:05:30.489  2640  6414 I Auth    : [SupervisedAccountIntentOperation] onHandleIntent(): com.google.android.gms.auth.ACCOUNT_SERVICES_CHANGED
12-11 19:05:30.489  2640  6414 I Auth    : [SupervisedAccountIntentOperation] This operation is disabled
12-11 19:05:30.495  2640  2730 W SubscribedFeeds: received tickle for a disabled feed, removing feed and forcing a subscribedfeeds sync: account ctj784@gmail.com, feed http://calendar.google.com/ctj784%40gmail.com/habits
12-11 19:05:30.518  2640  6414 I IcingInternalCorpora: Received calendar change notification.
12-11 19:05:30.521  2640  6411 I Auth    : [SupervisedAccountIntentOperation] onHandleIntent(): com.google.android.gms.auth.ACCOUNT_SERVICES_CHANGED
12-11 19:05:30.521  2640  6411 I Auth    : [SupervisedAccountIntentOperation] This operation is disabled
12-11 19:05:30.565  2640  3007 I CheckinChimeraService: Starting Checkin Task: CheckinNowTaskTag Reason : 4 Force : true UserId: 0
12-11 19:05:30.574  2064  6417 I Authzen : [AccountChangeProcessingIntentOperation] Received onHandleIntent() call: Intent { act=com.google.android.gms.auth.GOOGLE_ACCOUNT_CHANGE cat=[com.google.android.gms.auth.category.ACCOUNT_ADDED] flg=0x10 cmp=com.google.android.gms/.chimera.GmsIntentOperationService$PersistentInternalReceiver (has extras) }
