12-11 19:05:30.574  2064  6417 I Authzen : [AccountChangeProcessingIntentOperation] Handling added account: <ELLIDED:-798367971>
12-11 19:05:30.574  2064  6417 I Authzen : [SyncManager] Sync requested for event 100, account ctj784@gmail.com, and components 3, with reason 7
12-11 19:05:30.575  2064  6417 I Authzen : [SyncManager] Triggering AuthZen registration...
12-11 19:05:30.580  2064  6418 I GCoreUlr: Starting service, intent=Intent { act=com.google.android.location.reporting.ACTION_UPDATE_WORLD cmp=com.google.android.gms/com.google.android.location.reporting.service.DispatchingService (has extras) }, extras=Bundle[{receiverAction=com.google.android.gms.auth.GOOGLE_ACCOUNT_CHANGE, accountsAdded=[Account {name=ctj784@gmail.com, type=com.google}]}]
12-11 19:05:30.597  2640  3028 I CryptauthV2: [EnrollKeyName] ClientName calling Cryptauth is ForceRegistration
12-11 19:05:30.628  2064  2064 E BluetoothAdapter: Bluetooth binder is null
12-11 19:05:30.641  2640  3007 I CheckinRequestProcessor: Gmscore running on device, checkin will use Gmscore context
12-11 19:05:30.641  2640  3007 I CheckinRequestBuilder: Checkin reason type: 4 attempt count: 1
12-11 19:05:30.672  6048  6427 E Babel   : Invalid server experiment type 4 for BabelExperiment{id='b84806c8', experimentType=0, defaultBoolean=null, defaultLong=null, defaultFloat=null}
12-11 19:05:30.693  2640  3028 E btsi    : *~*~*~ Channel {0} was not shutdown properly!!! ~*~*~*
12-11 19:05:30.693  2640  3028 E btsi    :     Make sure to call shutdown()/shutdownNow() and wait until awaitTermination() returns true.
12-11 19:05:30.693  2640  3028 E btsi    : *~*~*~ Channel {0} was not shutdown properly!!! ~*~*~*
12-11 19:05:30.693  2640  3028 E btsi    :     Make sure to call shutdown()/shutdownNow() and wait until awaitTermination() returns true.
12-11 19:05:30.694  2640  6414 I Auth    : [FRP,FrpUpdateIntentOperation] Frp is not supported for this device / user
12-11 19:05:30.695  2640  6415 I Ads     : Accounts have changed: com.google.android.gms.auth.GOOGLE_ACCOUNT_CHANGE
12-11 19:05:30.707  2640  6411 I ChromeSync: [Sync,SyncIntentOperation] Handling the intent: Intent { act=com.google.android.gms.auth.GOOGLE_ACCOUNT_CHANGE cat=[com.google.android.gms.auth.category.ACCOUNT_ADDED] flg=0x10 cmp=com.google.android.gms/.chimera.GmsIntentOperationService$PersistentInternalReceiver (has extras) }.
12-11 19:05:30.761  2640  3028 E BluetoothAdapter: Bluetooth binder is null
12-11 19:05:30.761  2640  3028 E BluetoothAdapter: Bluetooth binder is null
12-11 19:05:30.770  2640  6410 I MS_RegisterService: Tachyon host: instantmessaging-pa.googleapis.com, Tachyon port: 443
12-11 19:05:30.778  2064  3049 W Conscrypt: Could not set socket write timeout: java.net.SocketException: Socket closed
12-11 19:05:30.778  2064  3049 W Conscrypt: 	at com.google.android.gms.org.conscrypt.Platform.setSocketWriteTimeout(:com.google.android.gms@14799022@14.7.99 (040700-223214910):2)
12-11 19:05:30.778  2064  3049 W Conscrypt: 	at com.google.android.gms.org.conscrypt.ConscryptFileDescriptorSocket.setSoWriteTimeout(:com.google.android.gms@14799022@14.7.99 (040700-223214910):2)
12-11 19:05:30.790  6048  6424 W BabelExperiments: Pre-computing loggable experiments for invalid account -1
12-11 19:05:30.790  6048  6424 D Babel   : Setting hasInviteHappyStatePromoBeenSeen from selfInfoResponse: false
12-11 19:05:30.792  6048  6427 I Babel_accountUpdate: Allowed for domain: true, true
12-11 19:05:30.792  6048  6427 I Babel_accountUpdate: Chat archive enabled: true
12-11 19:05:30.796  2640  6413 I MS_RegisterService: RegisterService intent:Intent { act=com.google.android.gms.matchstick.register_intent_google_account_change cat=[targeted_intent_op_prefix:com.google.android.libraries.matchstick.net.SilentRegisterIntentOperation] cmp=com.google.android.gms/.chimera.GmsIntentOperationService } isPeriodic:false
12-11 19:05:30.813  2640  6414 I PeopleDatabaseHelper: cleanUpNonGplusAccounts done.
12-11 19:05:30.817  2064  3049 W Conscrypt: Could not set socket write timeout: java.net.SocketException: Socket closed
12-11 19:05:30.817  2064  3049 W Conscrypt: 	at com.google.android.gms.org.conscrypt.Platform.setSocketWriteTimeout(:com.google.android.gms@14799022@14.7.99 (040700-223214910):2)
12-11 19:05:30.817  2064  3049 W Conscrypt: 	at com.google.android.gms.org.conscrypt.ConscryptFileDescriptorSocket.setSoWriteTimeout(:com.google.android.gms@14799022@14.7.99 (040700-223214910):2)
12-11 19:05:30.838  2640  3028 W CryptauthV2: [ClientDataOperation] No keyMetadata found for keyName=PublicKey
12-11 19:05:30.851  2640  6413 W DynamiteModule: Local module descriptor class for providerinstaller not found.
12-11 19:05:30.851  2640  6413 I DynamiteModule: Considering local module providerinstaller:0 and remote module providerinstaller:0
12-11 19:05:30.852  2640  6413 W ProviderInstaller: Failed to load providerinstaller module: No acceptable module found. Local version is 0 and remote version is 0.
12-11 19:05:30.868  2640  3028 W CryptauthV2: [ClientDataOperation] No keyMetadata found for keyName=authzen
12-11 19:05:30.871  2640  3028 I CryptauthV2: [EnrollCryptauthFramework] Performing SyncKeysRequest with 2 keys.
12-11 19:05:30.939  2064  6495 I GCoreUlr: WorldUpdater received intent Intent { act=com.google.android.location.reporting.ACTION_UPDATE_WORLD cmp=com.google.android.gms/com.google.android.location.reporting.service.DispatchingService (has extras) } with receiverAction com.google.android.gms.auth.GOOGLE_ACCOUNT_CHANGE
12-11 19:05:30.943  1653  1665 W JobInfo : Specified flex for 109595 is +57m36s0ms. Clamped to +1h12m0s0ms
12-11 19:05:30.992  6048  6427 I Babel_AcctMgr: created 21
12-11 19:05:31.001  2640  6414 I UdcContextInitChimeraSe: Scheduling context registration change job.
12-11 19:05:31.005  6048  6427 D Babel_AcctMgr: created account ctj784@gmail.com => Redacted-16-chars
12-11 19:05:31.044  6048  6427 D Babel_SmsDep: disabled
12-11 19:05:31.044  6048  6427 D Babel   : OzChatAclSettings.syncRemote: syncing for 21
12-11 19:05:31.102  6048  6427 I Babel_AcctMgr: updated: 21
12-11 19:05:31.117  6048  6427 D Babel_SmsDep: disabled
12-11 19:05:31.117  6048  6427 D Babel   : OzChatAclSettings.syncRemote: syncing for 21
12-11 19:05:31.120  6048  6427 D Babel   : activateAccount: Redacted-16-chars
12-11 19:05:31.162  2640  6413 I TachyonSyncUtils: removeSyncAccount. Success: true
12-11 19:05:31.224  6321  6331 W art     : Suspending all threads took: 14.880ms
12-11 19:05:31.288  2640  6413 W ChimeraUtils: Non Chimera context
12-11 19:05:31.308  1360  1360 I WVCdm   : CdmEngine::OpenSession
12-11 19:05:31.308  1360  1360 I WVCdm   : Level3 Library 4464 Sep 10 2016 21:49:53
12-11 19:05:31.315  1360  1360 W WVCdm   : Could not load liboemcrypto.so. Falling back to L3.  dlopen failed: library "liboemcrypto.so" not found
12-11 19:05:31.324  2064  3186 W GLSUser : [DeviceKeyStore] Cannot load key: Device key file not found.
12-11 19:05:31.327  1360  1360 I WVCdm   : CdmEngine::QueryKeyControlInfo
12-11 19:05:31.328  1360  4704 I WVCdm   : CdmEngine::GenerateKeyRequest
12-11 19:05:31.328  1360  4704 D WVCdm   : PrepareKeyRequest: nonce=3636438599
12-11 19:05:31.339  2640  6415 W Conscrypt: Could not set socket write timeout: java.net.SocketException: Socket closed
12-11 19:05:31.340  2640  6415 W Conscrypt: 	at com.google.android.gms.org.conscrypt.Platform.setSocketWriteTimeout(:com.google.android.gms@14799022@14.7.99 (040700-223214910):2)
12-11 19:05:31.340  2640  6415 W Conscrypt: 	at com.google.android.gms.org.conscrypt.ConscryptFileDescriptorSocket.setSoWriteTimeout(:com.google.android.gms@14799022@14.7.99 (040700-223214910):2)
12-11 19:05:31.436  2640  6415 W Conscrypt: Could not set socket write timeout: java.net.SocketException: Socket closed
12-11 19:05:31.436  2640  6415 W Conscrypt: 	at com.google.android.gms.org.conscrypt.Platform.setSocketWriteTimeout(:com.google.android.gms@14799022@14.7.99 (040700-223214910):2)
12-11 19:05:31.436  2640  6415 W Conscrypt: 	at com.google.android.gms.org.conscrypt.ConscryptFileDescriptorSocket.setSoWriteTimeout(:com.google.android.gms@14799022@14.7.99 (040700-223214910):2)
12-11 19:05:31.512  2064  3186 W GLSUser : [AppCertManager] IOException while requesting key: 
12-11 19:05:31.512  2064  3186 W GLSUser : java.io.IOException: Invalid device key response.
12-11 19:05:31.512  2064  3186 W GLSUser : 	at hxx.a(:com.google.android.gms@14799022@14.7.99 (040700-223214910):14)
12-11 19:05:31.512  2064  3186 W GLSUser : 	at hxx.a(:com.google.android.gms@14799022@14.7.99 (040700-223214910):72)
12-11 19:05:31.512  2064  3186 W GLSUser : 	at hxx.a(:com.google.android.gms@14799022@14.7.99 (040700-223214910):27)
12-11 19:05:31.512  2064  3186 W GLSUser : 	at hxv.a(:com.google.android.gms@14799022@14.7.99 (040700-223214910):2)
12-11 19:05:31.512  2064  3186 W GLSUser : 	at hxv.a(:com.google.android.gms@14799022@14.7.99 (040700-223214910):9)
12-11 19:05:31.512  2064  3186 W GLSUser : 	at yfy.a(:com.google.android.gms@14799022@14.7.99 (040700-223214910):5)
12-11 19:05:31.512  2064  3186 W GLSUser : 	at cpz.onTransact(:com.google.android.gms@14799022@14.7.99 (040700-223214910):4)
12-11 19:05:31.512  2064  3186 W GLSUser : 	at android.os.Binder.transact(Binder.java:499)
12-11 19:05:31.512  2064  3186 W GLSUser : 	at dsw.onTransact(:com.google.android.gms@14799022@14.7.99 (040700-223214910):3)
12-11 19:05:31.512  2064  3186 W GLSUser : 	at android.os.Binder.execTransact(Binder.java:565)
12-11 19:05:31.512  2064  3186 W GLSUser : [DeviceKeyStore] Cannot load key: Device key file not found.
12-11 19:05:31.538  6048  6427 D Babel_RtcImpressions: Type: 2590
12-11 19:05:31.544  1360  1386 I WVCdm   : CdmEngine::CloseSession
12-11 19:05:31.547  1360  1360 I WVCdm   : CdmEngine::OpenSession
12-11 19:05:31.547  1360  1360 I WVCdm   : Level3 Library 4464 Sep 10 2016 21:49:53
12-11 19:05:31.548  1360  1360 W WVCdm   : Could not load liboemcrypto.so. Falling back to L3.  dlopen failed: library "liboemcrypto.so" not found
12-11 19:05:31.556  3031  6380 D         : HostConnection::get() New Host Connection established 0x8b69be80, tid 6380
12-11 19:05:31.556  2064  3049 W GLSUser : [DeviceKeyStore] Cannot load key: Device key file not found.
12-11 19:05:31.556  2064  3049 W GLSUser : [DeviceKeyStore] Cannot load key: Device key file not found.
12-11 19:05:31.560  1360  1360 I WVCdm   : CdmEngine::QueryKeyControlInfo
12-11 19:05:31.562  1360  1360 I WVCdm   : CdmEngine::GenerateKeyRequest
12-11 19:05:31.564  1360  1360 D WVCdm   : PrepareKeyRequest: nonce=3636438599
12-11 19:05:31.568  3031  6380 D EGL_emulation: eglCreateContext: 0xad005a20: maj 3 min 0 rcv 3
12-11 19:05:31.572  3031  6380 D EGL_emulation: eglMakeCurrent: 0xad005a20: ver 3 0 (tinfo 0x8b68a590)
12-11 19:05:31.572  3031  6380 E eglCodecCommon: glUtilsParamSize: unknow param 0x00008cdf
12-11 19:05:31.572  3031  6380 E eglCodecCommon: glUtilsParamSize: unknow param 0x00008824
12-11 19:05:31.641  6321  6367 I art     : Waiting for a blocking GC DisableMovingGc
12-11 19:05:31.644  6321  6367 I art     : Starting a blocking GC DisableMovingGc
12-11 19:05:31.649  6048  6063 W art     : Suspending all threads took: 21.667ms
12-11 19:05:31.651  2064  6495 I GCoreUlr: WorldUpdater:com.google.android.gms.auth.GOOGLE_ACCOUNT_CHANGE: Ensuring that reporting is stopped because of reasons: {account#7#=[InactiveReason{mIdentifier=6, mName='ReportingNotEnabled'}, InactiveReason{mIdentifier=14, mName='HistoryNotEnabled'}]}
12-11 19:05:31.656  1360  3128 I WVCdm   : CdmEngine::CloseSession
12-11 19:05:31.658  3031  6380 D EGL_emulation: eglCreateContext: 0xad005d80: maj 3 min 0 rcv 3
12-11 19:05:31.663  3031  6380 D EGL_emulation: eglMakeCurrent: 0xad005d80: ver 3 0 (tinfo 0x8b68a590)
12-11 19:05:31.663  3031  6380 E eglCodecCommon: glUtilsParamSize: unknow param 0x00008cdf
12-11 19:05:31.663  3031  6380 E eglCodecCommon: glUtilsParamSize: unknow param 0x00008824
12-11 19:05:31.665  2064  2362 W GLSUser : [DeviceKeyStore] Cannot load key: Device key file not found.
12-11 19:05:31.665  2064  2362 W GLSUser : [DeviceKeyStore] Cannot load key: Device key file not found.
12-11 19:05:31.749  2143  2143 I EngineIdGenerator: Refusing EXCLUSIVE task FETCH_OPT_IN_STATUSES, it is already pending. Try again in 310 seconds.
12-11 19:05:31.779  6321  6321 I Finsky  : [1] com.google.android.finsky.deviceconfig.f.c_(11): Received device config token CisaKQoTMzkwMDgyNzMzODk0NTA3MzA0OBISChAxNTQ0NTc2NzMxODAzMTUx
12-11 19:05:31.797  1653  1665 W JobInfo : Specified flex for 103158 is +57m36s0ms. Clamped to +1h12m0s0ms
12-11 19:05:31.828  6048  6424 D Babel_SmsDep: disabled
12-11 19:05:31.836  6048  6424 D Babel_SmsDep: disabled
12-11 19:05:31.885  2640  5560 W Conscrypt: Could not set socket write timeout: java.net.SocketException: Socket closed
12-11 19:05:31.885  2640  5560 W Conscrypt: 	at com.google.android.gms.org.conscrypt.Platform.setSocketWriteTimeout(:com.google.android.gms@14799022@14.7.99 (040700-223214910):2)
12-11 19:05:31.885  2640  5560 W Conscrypt: 	at com.google.android.gms.org.conscrypt.ConscryptFileDescriptorSocket.setSoWriteTimeout(:com.google.android.gms@14799022@14.7.99 (040700-223214910):2)
12-11 19:05:31.890  2640  3007 I CheckinUtil: Classify the device as Phone.
12-11 19:05:31.899  2640  3007 I CheckinConnFactory: Get token from PseudonymousIdApi: 150=iTOsi2CUYKFAkcBYSZUrVrzpuvTxmyjI3ITQqLLeSWipj37GzLn-EjlgjueYtH5n5bxngyzM4TRlrIO7Yi0VMnvtyU-wrFUOur-Cqva6v3i7r4MMkcxKpA2JQfJNENnqs6kyRxCtYxBd1T6Lrtmg1IbNHCTT0NxhbyTf0ZoIRxE
12-11 19:05:31.904  2640  3007 I CheckinRequestProcessor: set cookie as: NID=150=iTOsi2CUYKFAkcBYSZUrVrzpuvTxmyjI3ITQqLLeSWipj37GzLn-EjlgjueYtH5n5bxngyzM4TRlrIO7Yi0VMnvtyU-wrFUOur-Cqva6v3i7r4MMkcxKpA2JQfJNENnqs6kyRxCtYxBd1T6Lrtmg1IbNHCTT0NxhbyTf0ZoIRxE
12-11 19:05:31.906  2064  6495 I GCoreUlr: Unbound from all signal providers.
12-11 19:05:31.906  2064  6498 I GCoreUlr: Successfully accounts update
12-11 19:05:31.945  2640  6267 I IcingInternalCorpora: EventIndexer: starting incremental update
12-11 19:05:31.964  2640  6479 W Conscrypt: Could not set socket write timeout: java.net.SocketException: Socket closed
12-11 19:05:31.964  2640  6479 W Conscrypt: 	at com.google.android.gms.org.conscrypt.Platform.setSocketWriteTimeout(:com.google.android.gms@14799022@14.7.99 (040700-223214910):2)
12-11 19:05:31.964  2640  6479 W Conscrypt: 	at com.google.android.gms.org.conscrypt.ConscryptFileDescriptorSocket.setSoWriteTimeout(:com.google.android.gms@14799022@14.7.99 (040700-223214910):2)
12-11 19:05:31.972  2640  6267 I IcingInternalCorpora: EventIndexer: 0 added, 0 removed, 0 changed, 0 unchanged, 0 errors.
12-11 19:05:31.973  6048  6105 I VideoCapabilities: Unsupported profile 4 for video/mp4v-es
12-11 19:05:31.984  2640  3028 I CryptauthV2: [EnrollCryptauthFramework] SyncKeysRequest successfully completed
12-11 19:05:31.984  2640  3007 W Conscrypt: Could not set socket write timeout: java.net.SocketException: Socket closed
12-11 19:05:31.985  2640  3007 W Conscrypt: 	at com.google.android.gms.org.conscrypt.Platform.setSocketWriteTimeout(:com.google.android.gms@14799022@14.7.99 (040700-223214910):2)
12-11 19:05:31.985  2640  3007 W Conscrypt: 	at com.google.android.gms.org.conscrypt.ConscryptFileDescriptorSocket.setSoWriteTimeout(:com.google.android.gms@14799022@14.7.99 (040700-223214910):2)
12-11 19:05:31.991  2640  6267 I IcingInternalCorpora: EventIndexer: finished after 47 ms.
12-11 19:05:31.993  6048  6105 D Babel_SmsDep: disabled
12-11 19:05:31.998  6048  6105 D Babel   : checkForValidSignature could not find com.google.android.apps.hangoutsdialer
12-11 19:05:31.999  6048  6105 D Babel   : PstnUtilImpl: featureAllowed = true isVoipEnabled = false isGvServiceAvailable = false
12-11 19:05:31.999  6048  6105 D Babel   : getIncomingPhoneCallsWantedByHangouts: accountHasGvNumber: false isGvEnabled: false
12-11 19:05:32.006  6048  6105 I Babel_telephony: TeleIncomingWifiCallController.getRegistrationState, wifi calling not enabled
12-11 19:05:32.016  6048  6105 D Babel_RtcImpressions: Type: 3636
12-11 19:05:32.051  6048  6105 D Babel_RtcImpressions: Type: 3226
12-11 19:05:32.059  1653  1665 W JobInfo : Specified flex for 107609 is +57m36s0ms. Clamped to +1h12m0s0ms
12-11 19:05:32.071  2640  3007 W Conscrypt: Could not set socket write timeout: java.net.SocketException: Socket closed
12-11 19:05:32.072  2640  3007 W Conscrypt: 	at com.google.android.gms.org.conscrypt.Platform.setSocketWriteTimeout(:com.google.android.gms@14799022@14.7.99 (040700-223214910):2)
12-11 19:05:32.072  2640  3007 W Conscrypt: 	at com.google.android.gms.org.conscrypt.ConscryptFileDescriptorSocket.setSoWriteTimeout(:com.google.android.gms@14799022@14.7.99 (040700-223214910):2)
12-11 19:05:32.082  2064  2064 I GCoreUlr: Unbound from all signal providers.
12-11 19:05:32.082  2064  2064 I GCoreUlr: Stopping handler for UlrDispSvcFast
12-11 19:05:32.086  2064  6496 I GCoreUlr: Successfully accounts update
12-11 19:05:32.096  2064  2338 W ResourceType: ResTable_typeSpec entry count inconsistent: given 19, previously 26
12-11 19:05:32.102  2640  6479 W Conscrypt: Could not set socket write timeout: java.net.SocketException: Socket closed
12-11 19:05:32.102  2640  6479 W Conscrypt: 	at com.google.android.gms.org.conscrypt.Platform.setSocketWriteTimeout(:com.google.android.gms@14799022@14.7.99 (040700-223214910):2)
12-11 19:05:32.102  2640  6479 W Conscrypt: 	at com.google.android.gms.org.conscrypt.ConscryptFileDescriptorSocket.setSoWriteTimeout(:com.google.android.gms@14799022@14.7.99 (040700-223214910):2)
12-11 19:05:32.108  2064  6495 I GCoreUlr: DispatchingService ignoring Intent { act=android.net.wifi.WIFI_STATE_CHANGED flg=0x4000010 (has extras) } because ULR inactive
12-11 19:05:32.121  2640  5560 W Conscrypt: Could not set socket write timeout: java.net.SocketException: Socket closed
12-11 19:05:32.121  2640  5560 W Conscrypt: 	at com.google.android.gms.org.conscrypt.Platform.setSocketWriteTimeout(:com.google.android.gms@14799022@14.7.99 (040700-223214910):2)
12-11 19:05:32.121  2640  5560 W Conscrypt: 	at com.google.android.gms.org.conscrypt.ConscryptFileDescriptorSocket.setSoWriteTimeout(:com.google.android.gms@14799022@14.7.99 (040700-223214910):2)
12-11 19:05:31.447  3031  3031 W Binder:3031_4: type=1400 audit(0.0:32): avc: denied { search } for name="run" dev="dm-0" ino=294914 scontext=u:r:priv_app:s0:c512,c768 tcontext=u:object_r:varrun_file:s0 tclass=dir permissive=0
12-11 19:05:32.128  2640  3028 I CryptauthV2: [EnrollCryptauthFramework] Not performing EnrollKeys
12-11 19:05:32.159  6321  6331 W art     : Suspending all threads took: 113.588ms
12-11 19:05:32.166  2064  6417 I Authzen : [ProximitySyncManager] Syncing data for account <ELLIDED:1566047787>
12-11 19:05:31.487  3031  3031 W Binder:3031_4: type=1400 audit(0.0:33): avc: denied { read } for name="/" dev="tmpfs" ino=90 scontext=u:r:priv_app:s0:c512,c768 tcontext=u:object_r:device:s0 tclass=dir permissive=0
12-11 19:05:32.176  6048  6108 I Babel_Stickers: Sticker update initiated. last:-1 empty:true
12-11 19:05:32.184  2064  6417 W GLSUser : [DeviceKeyStore] Cannot load key: Device key file not found.
12-11 19:05:32.184  2064  6417 W GLSUser : [DeviceKeyStore] Cannot load key: Device key file not found.
12-11 19:05:32.195  6321  6367 I Finsky  : [310] com.google.android.finsky.bp.a.d.a(123): Process stable target turned on mid-process: 12604357
12-11 19:05:32.195  6321  6367 I Finsky  : [310] com.google.android.finsky.bp.a.d.a(123): Process stable target turned on mid-process: 12604382
12-11 19:05:32.195  6321  6367 I Finsky  : [310] com.google.android.finsky.bp.a.d.a(123): Process stable target turned on mid-process: 12606677
12-11 19:05:32.196  6321  6367 I Finsky  : [310] com.google.android.finsky.bp.a.d.a(123): Process stable target turned on mid-process: 12606765
12-11 19:05:32.197  6321  6367 I Finsky  : [310] com.google.android.finsky.bp.a.d.a(123): Process stable target turned on mid-process: 12609522
12-11 19:05:32.197  6321  6367 I Finsky  : [310] com.google.android.finsky.bp.a.d.a(123): Process stable target turned on mid-process: 12609703
12-11 19:05:32.209  1653  1665 W JobInfo : Specified flex for 101134 is +57m36s0ms. Clamped to +1h12m0s0ms
12-11 19:05:32.239  2064  2703 W Conscrypt: Could not set socket write timeout: java.net.SocketException: Socket closed
12-11 19:05:32.239  2064  2703 W Conscrypt: 	at com.google.android.gms.org.conscrypt.Platform.setSocketWriteTimeout(:com.google.android.gms@14799022@14.7.99 (040700-223214910):2)
12-11 19:05:32.239  2064  2703 W Conscrypt: 	at com.google.android.gms.org.conscrypt.ConscryptFileDescriptorSocket.setSoWriteTimeout(:com.google.android.gms@14799022@14.7.99 (040700-223214910):2)
12-11 19:05:32.243  6321  6321 I Finsky  : [1] com.google.android.finsky.fp.a.a(27): Refreshing user settings: account=[FoArGjMcljfV1ylbpRMR5Z1m4yQ]
12-11 19:05:32.269  6048  6520 D Babel_db: querying merged_contacts took 1 ms
12-11 19:05:32.272  6048  6520 D Babel_db: querying merged_contact_details took 1 ms
12-11 19:05:32.286  6321  6360 D Volley  : [303] f.b: Cache cleared.
12-11 19:05:32.289  6048  6520 I Babel_timeline: MergeContactsService: retrieveOldDetails() in 21 ms, total: 21 ms
12-11 19:05:32.298  6321  6321 D Volley  : [1] f.b: Cache cleared.
12-11 19:05:32.305  6048  6520 I Babel_timeline: MergeContactsService: getSuggestedContacts() in 15 ms, total: 36 ms
12-11 19:05:32.310  6048  6520 I Babel_timeline: MergeContactsService: findEmailOnHangouts() in 6 ms, total: 42 ms
12-11 19:05:32.310  6048  6520 I Babel_timeline: MergeContactsService: findPhonesOnHangouts() in 0 ms, total: 42 ms
12-11 19:05:32.310  6048  6520 I Babel   : Deleting stale mergedContacts data
12-11 19:05:32.313  6048  6520 I Babel   : Leaving 0 existing mergedContacts unchanged
12-11 19:05:32.314  6048  6505 D Babel_ConversationsData: requestWarmSync
12-11 19:05:32.316  6048  6520 I Babel   : Updated 0 existing mergedContacts
12-11 19:05:32.316  6048  6520 I Babel   : Inserted 0 new mergedContacts
12-11 19:05:32.316  6048  6520 I Babel   : Deleted 0 old mergedContacts
12-11 19:05:32.318  6048  6520 I Babel_timeline: MergeContactsService: delete old suggested contacts in 8 ms, total: 50 ms
12-11 19:05:32.319  6048  6520 I Babel_timeline: MergeContactsService: write new suggested contacts in 1 ms, total: 51 ms
12-11 19:05:32.340  6048  6520 I Babel   : Persisted 0 phone numbers, 0 emails, and 0 gaiaIds
12-11 19:05:32.340  6048  6520 D Babel   : JSON for throttles is created for account 21
12-11 19:05:32.351  6048  6520 D Babel_RtcImpressions: Type: 2568
12-11 19:05:32.353  6048  6520 I Babel   : wrote 1544576732351 as last_merged_ts to accountStore
12-11 19:05:32.370  6321  6321 I Finsky  : [1] com.google.android.finsky.instantappsquickinstall.l.onPostExecute(7): Changing IA Quick Install Enabled State to true
12-11 19:05:32.421  6321  6326 I art     : Do partial code cache collection, code=23KB, data=27KB
12-11 19:05:32.436  1653  1665 W JobInfo : Specified flex for 109402 is +57m36s0ms. Clamped to +1h12m0s0ms
12-11 19:05:32.461  6321  6326 I art     : After code cache collection, code=21KB, data=28KB
12-11 19:05:32.461  6321  6326 I art     : Increasing code cache capacity to 128KB
12-11 19:05:32.507  1653  1665 W JobInfo : Specified flex for 103169 is +57m36s0ms. Clamped to +1h12m0s0ms
12-11 19:05:32.526  1653  1665 W JobInfo : Specified flex for 109121 is +57m36s0ms. Clamped to +1h12m0s0ms
12-11 19:05:32.595  6321  6366 D Volley  : [309] f.b: Cache cleared.
12-11 19:05:32.606  2640  3007 I CheckinRequestProcessor: updateCheckinIdTokenFileFromResponse, Reading existing AID
12-11 19:05:32.607  2640  3007 I CheckinRequestProcessor: CheckinNowTaskTag : Checkin Succeeded: https://android.googleapis.com/checkin (fragment #1): 
12-11 19:05:32.645  1653  1661 I art     : Background sticky concurrent mark sweep GC freed 30793(2014KB) AllocSpace objects, 31(1772KB) LOS objects, 19% free, 14MB/18MB, paused 6.104ms total 38.838ms
12-11 19:05:32.726  6321  6321 I Finsky  : [1] com.google.android.finsky.tos.a.a(4): TAR:Initializing TOS acceptance
12-11 19:05:32.727  2064  2703 W Conscrypt: Could not set socket write timeout: java.net.SocketException: Socket closed
12-11 19:05:32.727  2064  2703 W Conscrypt: 	at com.google.android.gms.org.conscrypt.Platform.setSocketWriteTimeout(:com.google.android.gms@14799022@14.7.99 (040700-223214910):2)
12-11 19:05:32.727  2064  2703 W Conscrypt: 	at com.google.android.gms.org.conscrypt.ConscryptFileDescriptorSocket.setSoWriteTimeout(:com.google.android.gms@14799022@14.7.99 (040700-223214910):2)
12-11 19:05:32.734  6321  6321 I Finsky  : [1] com.google.android.finsky.tos.c.a(20): TU:accepted=T, ackedTosToken!=token
12-11 19:05:32.763  6321  6321 I Finsky  : [1] com.google.android.finsky.tos.a.a(8): TU:TOS already accepted, returning
12-11 19:05:32.813  2640  6413 E MS_RegisterService: Exception during register request.
12-11 19:05:32.813  2640  6413 E MS_RegisterService: btjw: PERMISSION_DENIED: The caller does not have permission
12-11 19:05:32.813  2640  6413 E MS_RegisterService: 	at btjs.c(:com.google.android.gms@14799022@14.7.99 (040700-223214910):3)
12-11 19:05:32.813  2640  6413 E MS_RegisterService: 	at qtc.a(:com.google.android.gms@14799022@14.7.99 (040700-223214910):85)
12-11 19:05:32.813  2640  6413 E MS_RegisterService: 	at aeej.b(:com.google.android.gms@14799022@14.7.99 (040700-223214910):7)
12-11 19:05:32.813  2640  6413 E MS_RegisterService: 	at com.google.android.libraries.matchstick.net.SilentRegisterIntentOperation.onHandleIntent(:com.google.android.gms@14799022@14.7.99 (040700-223214910):206)
12-11 19:05:32.813  2640  6413 E MS_RegisterService: 	at com.google.android.chimera.IntentOperation.onHandleIntent(:com.google.android.gms@14799022@14.7.99 (040700-223214910):2)
12-11 19:05:32.813  2640  6413 E MS_RegisterService: 	at duh.run(:com.google.android.gms@14799022@14.7.99 (040700-223214910):12)
12-11 19:05:32.813  2640  6413 E MS_RegisterService: 	at due.run(:com.google.android.gms@14799022@14.7.99 (040700-223214910):9)
12-11 19:05:32.813  2640  6413 E MS_RegisterService: 	at java.util.concurrent.ThreadPoolExecutor.runWorker(ThreadPoolExecutor.java:1133)
12-11 19:05:32.813  2640  6413 E MS_RegisterService: 	at java.util.concurrent.ThreadPoolExecutor$Worker.run(ThreadPoolExecutor.java:607)
12-11 19:05:32.813  2640  6413 E MS_RegisterService: 	at java.lang.Thread.run(Thread.java:761)
12-11 19:05:32.821  2064  6539 I Auth    : [AccountStateSyncAdapter] performSync(account=<ELLIDED:-798367971>)
12-11 19:05:32.936  6048  6063 W art     : Suspending all threads took: 98.225ms
12-11 19:05:32.975  6048  6510 D Babel_RTCS: Server response skipping listeners for non-positive request id
12-11 19:05:32.977  6048  6048 D Babel_RTCS: Server response skipping listeners for non-positive request id
12-11 19:05:32.982  2640  6479 E constellation: [gaia_id_checker] Couldn't sync with the server due to 
12-11 19:05:32.982  2640  6479 E constellation: rqc: No consent
12-11 19:05:32.982  2640  6479 E constellation: 	at rkz.a(:com.google.android.gms@14799022@14.7.99 (040700-223214910):8)
12-11 19:05:32.982  2640  6479 E constellation: 	at rkz.a(:com.google.android.gms@14799022@14.7.99 (040700-223214910):14)
12-11 19:05:32.982  2640  6479 E constellation: 	at rkz.a(:com.google.android.gms@14799022@14.7.99 (040700-223214910):57)
12-11 19:05:32.982  2640  6479 E constellation: 	at com.google.android.gms.constellation.EventManager.onHandleIntent(:com.google.android.gms@14799022@14.7.99 (040700-223214910):62)
12-11 19:05:32.982  2640  6479 E constellation: 	at com.google.android.chimera.IntentOperation.onHandleIntent(:com.google.android.gms@14799022@14.7.99 (040700-223214910):2)
12-11 19:05:32.982  2640  6479 E constellation: 	at duh.run(:com.google.android.gms@14799022@14.7.99 (040700-223214910):12)
12-11 19:05:32.982  2640  6479 E constellation: 	at due.run(:com.google.android.gms@14799022@14.7.99 (040700-223214910):9)
12-11 19:05:32.982  2640  6479 E constellation: 	at java.util.concurrent.ThreadPoolExecutor.runWorker(ThreadPoolExecutor.java:1133)
12-11 19:05:32.982  2640  6479 E constellation: 	at java.util.concurrent.ThreadPoolExecutor$Worker.run(ThreadPoolExecutor.java:607)
12-11 19:05:32.982  2640  6479 E constellation: 	at java.lang.Thread.run(Thread.java:761)
12-11 19:05:32.988  6237  6237 D MonkeyStub: translateCommand: tap 981 927
12-11 19:05:33.056  1354  1377 W audio_hw_generic: Not supplying enough data to HAL, expected position 26904549 , only wrote 26904240
12-11 19:05:33.067  3566  3571 I art     : Do partial code cache collection, code=33KB, data=54KB
12-11 19:05:33.067  3566  3571 I art     : After code cache collection, code=33KB, data=54KB
12-11 19:05:33.067  3566  3571 I art     : Increasing code cache capacity to 256KB
12-11 19:05:33.073  3566  3571 I art     : JIT allocated 53KB for compiled code of int com.google.af.dj.b(java.lang.Object)
12-11 19:05:33.073  3566  3571 I art     : Compiler allocated 9MB to compile int com.google.af.dj.b(java.lang.Object)
12-11 19:05:33.111  6048  6530 E Babel   : Invalid server experiment type 4 for BabelExperiment{id='b84806c8', experimentType=0, defaultBoolean=null, defaultLong=null, defaultFloat=null}
12-11 19:05:33.156  3306  6546 W PlayMovies: UnpinContentCleanerImpl.cleanUp:13 Start clean up task with reason 2
12-11 19:05:33.156  3306  6546 W PlayMovies: 
12-11 19:05:33.157  3306  6546 W PlayMovies: UnpinContentCleanerImpl.startCleanUp:18 Start cleanup unpinned content
12-11 19:05:33.157  3306  6546 W PlayMovies: 
12-11 19:05:33.158  6048  6528 I Babel_SyncManager: Perform warm sync in case there are messages missed before the device is registered for account Redacted-16-chars
12-11 19:05:33.174  6429  6463 W Flag    : [TaskSchedulerLowPriority0] Duration spec must be at least 2 characters long: 
12-11 19:05:33.175  6048  6530 D Babel   : Setting hasInviteHappyStatePromoBeenSeen from selfInfoResponse: false
12-11 19:05:33.185  6048  6528 D Babel_SmsDep: disabled
12-11 19:05:33.257  2064  6417 I Authzen : [ProximitySyncManager] Generating new permitaccess {"publicKey":"CAESRAogfPNisD65GxEF_IatIG20qShXnp9xGKgMzVZHZJNaLoQSIA0vHu9x0nyGDxfX4IPJSCY7mFllpgH7qFepzzJX7cpv","pixelPhone":false,"beaconSeeds":[{"endTimeMillis":1544659200000,"startTimeMillis":1543449600000,"data":"DciG7G5lnicc6te7aiv-arzu6Hh4j2PfGGjEf93UzEA="},{"endTimeMillis":1545868800000,"startTimeMillis":1544659200000,"data":"xNb12uZPsZQu8I0XiPKhH0JULDJw0KkFGvdd0FLJiZM="},{"endTimeMillis":1547078400000,"startTimeMillis":1545868800000,"data":"gQ_qfe3H7fDKZUyoJ7MbvgEDCsR3ZVkGJJBboEgvXTI="},{"endTimeMillis":1548288000000,"startTimeMillis":1547078400000,"data":"aKxk6w8FEG9JodX1XHUzCDFVue8Rh8LN0jvQvX5CVNk="}],"arcPlusPlus":false,"deviceType":"android","lastUpdateTimeMillis":1543531579941,"friendlyDeviceName":"Google Android SDK built for x86","supportedSoftwareFeatures":["smsConnectHost","betterTogetherHost"],"unlockable":false,"mobileHotspotSupported":false,"unlockKey":false}.
12-11 19:05:33.258  2064  6417 I Authzen : [PermitStore] Removing permit with permitId: <ELLIDED:450805978>...
12-11 19:05:33.288  2064  6417 I Authzen : [ProximitySyncManager] Saved permit permit://google.com/easyunlock/v1/ctj784@gmail.com, with 1 requester access(es).
12-11 19:05:33.292  6048  6528 D Babel   : PstnUtilImpl.setAccountIsRegisteredForIncomingPstnCalls, account: Redacted-16-chars, isRegistered: false
12-11 19:05:33.301  6321  6376 I Finsky  : [319] com.google.android.finsky.scheduler.bp.b(88): Jobs in database: 1-1337 12-1 24-77777777 26-1414141414 
12-11 19:05:33.303  6321  6321 I Finsky  : [1] com.google.android.finsky.scheduler.ag.a(105): RunningQueue size: 1, PendingQueue size: 0
12-11 19:05:33.304  6321  6321 I Finsky  : [1] com.google.android.finsky.scheduler.ag.a(116): Running queue: 1-1337 
12-11 19:05:33.381  2064  6494 W GLSUser : [DeviceKeyStore] Cannot load key: Device key file not found.
12-11 19:05:33.381  2064  6494 W GLSUser : [DeviceKeyStore] Cannot load key: Device key file not found.
12-11 19:05:33.416  2640  6537 I PeopleSync: Sync start: cannotHavePeople=true isPageExistenceCheckOnly=false
12-11 19:05:33.458  3306  6546 W PlayMovies: UnpinContentCleanerImpl.startCleanUp:26 Done cleanup unpinned content: removed 0 files
12-11 19:05:33.458  3306  6546 W PlayMovies: 
12-11 19:05:33.471  2064  2704 W Conscrypt: Could not set socket write timeout: java.net.SocketException: Socket closed
12-11 19:05:33.472  2064  2704 W Conscrypt: 	at com.google.android.gms.org.conscrypt.Platform.setSocketWriteTimeout(:com.google.android.gms@14799022@14.7.99 (040700-223214910):2)
12-11 19:05:33.472  2064  2704 W Conscrypt: 	at com.google.android.gms.org.conscrypt.ConscryptFileDescriptorSocket.setSoWriteTimeout(:com.google.android.gms@14799022@14.7.99 (040700-223214910):2)
12-11 19:05:33.597  2064  6085 W NetworkScheduler: Immediate task was not started com.google.android.videos/com.google.android.apps.play.movies.common.service.accounts.AccountsChangedTaskService{u=0 tag="AccountsChangedTaskService" trigger=window{start=0s,end=1s,earliest=-2s,latest=-1s} requirements=[NET_ANY] attributes=[PERSISTED] scheduled=-2s last_run=N/A jid=N/A status=PENDING retries=0 client_lib=MANCHEGO_GCM-10400000}. Rescheduling immediate tasks can cause excessive battery drain.
12-11 19:05:33.598  2064  6085 W NetworkScheduler: Immediate task was not started com.google.android.gms/.tapandpay.gcmtask.TapAndPayGcmTaskService{u=0 tag="paymentsdisabledoneoff.sync" trigger=window{start=0s,end=1s,earliest=-2s,latest=-1s} requirements=[NET_CONNECTED] attributes=[] scheduled=-2s last_run=N/A jid=N/A status=PENDING retries=0 client_lib=MANCHEGO_GCM-14799000}. Rescheduling immediate tasks can cause excessive battery drain.
12-11 19:05:33.696  2064  3050 E NetworkScheduler.ATC: Received callback from client for task that is already complete. ComponentInfo{com.google.android.videos/com.google.android.apps.play.movies.common.service.accounts.AccountsChangedTaskService} AccountsChangedTaskService
12-11 19:05:33.738  6048  6048 D Babel_RTCS: Server response skipping listeners for non-positive request id
12-11 19:05:33.739  6048  6510 D Babel_RTCS: Server response skipping listeners for non-positive request id
12-11 19:05:33.834  2064  2064 E BluetoothAdapter: Bluetooth binder is null
12-11 19:05:33.857  2064  6418 I ProximityAuth: [BetterTogetherSetup] Trying to disable
12-11 19:05:33.858  3093  6558 I MagicTether: [HostValidator] InvalidHost. MobileData: true, Tethering: false, whitelist: false, ble: false
12-11 19:05:33.894  2064  2704 W Conscrypt: Could not set socket write timeout: java.net.SocketException: Socket closed
12-11 19:05:33.895  2064  2704 W Conscrypt: 	at com.google.android.gms.org.conscrypt.Platform.setSocketWriteTimeout(:com.google.android.gms@14799022@14.7.99 (040700-223214910):2)
12-11 19:05:33.895  2064  2704 W Conscrypt: 	at com.google.android.gms.org.conscrypt.ConscryptFileDescriptorSocket.setSoWriteTimeout(:com.google.android.gms@14799022@14.7.99 (040700-223214910):2)
12-11 19:05:33.898  3306  6556 W PlayMovies: UnpinContentCleanerImpl.cleanUp:13 Start clean up task with reason 2
12-11 19:05:33.898  3306  6556 W PlayMovies: 
12-11 19:05:33.899  3306  6556 W PlayMovies: UnpinContentCleanerImpl.startCleanUp:18 Start cleanup unpinned content
12-11 19:05:33.899  3306  6556 W PlayMovies: 
12-11 19:05:33.923  2064  6495 I MagicTether: [HostValidator] InvalidHost. MobileData: true, Tethering: false, whitelist: false, ble: false
12-11 19:05:33.958  3306  6556 W PlayMovies: UnpinContentCleanerImpl.startCleanUp:26 Done cleanup unpinned content: removed 0 files
12-11 19:05:33.958  3306  6556 W PlayMovies: 
12-11 19:05:33.971  6563  6563 W art     : Unexpected CPU variant for X86 using defaults: x86
12-11 19:05:33.976  1653  3965 I ActivityManager: Start proc 6563:com.google.android.play.games.ui/u0a13 for content provider com.google.android.gms/.games.provider.NotificationStubContentProvider
12-11 19:05:34.047  6563  6563 W GmsApplication: Failed to invoke the SupplierSetterRegistry.
12-11 19:05:34.061  6048  6544 D Babel_SyncRC: processing response in multiple transactions.
12-11 19:05:34.091  6563  6563 W DynamiteModule: Local module descriptor class for providerinstaller not found.
12-11 19:05:34.103  6563  6563 W ProviderHelper: Unknown dynamite feature providerinstaller
12-11 19:05:34.103  6563  6563 I DynamiteModule: Considering local module providerinstaller:0 and remote module providerinstaller:0
12-11 19:05:34.103  6563  6563 W ProviderInstaller: Failed to load providerinstaller module: No acceptable module found. Local version is 0 and remote version is 0.
12-11 19:05:34.107  6048  6544 D Babel_RtcImpressions: Type: 2616
12-11 19:05:34.107  6048  6048 D Babel_RTCS: Server response skipping listeners for non-positive request id
12-11 19:05:34.108  6048  6512 D Babel_RTCS: Server response skipping listeners for non-positive request id
12-11 19:05:34.111  6563  6563 V NativeCrypto: Registering com/google/android/gms/org/conscrypt/NativeCrypto's 287 native methods...
12-11 19:05:34.134  6563  6563 D NetworkSecurityConfig: Using Network Security Config from resource network_security_config debugBuild: false
12-11 19:05:34.137  6563  6563 I ProviderInstaller: Installed default security provider GmsCore_OpenSSL
12-11 19:05:34.179  2064  6539 I Auth    : [AccountStateSyncAdapter] Skipping rename because the lookup contains the same email.
12-11 19:05:34.240  2064  3060 W GLSUser : [DeviceKeyStore] Cannot load key: Device key file not found.
12-11 19:05:34.240  2064  3060 W GLSUser : [DeviceKeyStore] Cannot load key: Device key file not found.
12-11 19:05:34.283  2064  3131 I NetworkScheduler: ignoring stale queue check message
12-11 19:05:34.306  6321  6355 D PhenotypeDbHelper: Enabled write-ahead logging
12-11 19:05:34.385  6563  6563 W Primes  : Primes not initialized, returning default (no-op) Primes instance which will ignore all calls. Please call Primes.initialize(...) before using any Primes API.
12-11 19:05:34.494  1653  1665 W JobInfo : Specified flex for 108799 is +57m36s0ms. Clamped to +2h24m0s0ms
12-11 19:05:34.524  6048  6108 I Babel_Stickers: Fetched 17 packs for 21
12-11 19:05:34.553  6048  6562 D Babel_SyncRC: processing response in multiple transactions.
12-11 19:05:34.573  1653  1665 W JobInfo : Specified flex for 104435 is +57m36s0ms. Clamped to +1h12m0s0ms
12-11 19:05:34.616  6048  6562 D Babel_RtcImpressions: Type: 2616
12-11 19:05:34.618  6048  6510 D Babel_RTCS: Server response skipping listeners for non-positive request id
12-11 19:05:34.620  6048  6048 D Babel_RTCS: Server response skipping listeners for non-positive request id
12-11 19:05:34.621  6048  6562 I Babel_ConcService: Released partial wake lock as ConcurrentService became idle
12-11 19:05:34.680  6321  6355 D HeterodyneSyncer: Heterodyne Request: # com.google.f.a.q@777e98e6
12-11 19:05:34.798  6321  6355 D ApacheHttpTransport: Contacting Heterodyne at https://www.googleapis.com/experimentsandconfigs/v1/getExperimentsAndConfigs
12-11 19:05:34.835  2064  3049 W GLSUser : [DeviceKeyStore] Cannot load key: Device key file not found.
12-11 19:05:34.835  2064  3049 W GLSUser : [DeviceKeyStore] Cannot load key: Device key file not found.
12-11 19:05:34.954  2064  3059 W GLSUser : [DeviceKeyStore] Cannot load key: Device key file not found.
12-11 19:05:34.954  2064  3059 W GLSUser : [DeviceKeyStore] Cannot load key: Device key file not found.
12-11 19:05:34.990  6237  6237 D MonkeyStub: translateCommand: tap 946 1680
12-11 19:05:35.040  2064  2064 I GeofencerStateMachine: sendQueryLocationOptIn
12-11 19:05:35.066  1653  1664 I BackupManagerService: Backup enabled => false
12-11 19:05:35.093  2064  2064 I BackupTransportService: enableBackup() succeeded
12-11 19:05:35.096  2064  6418 I GCoreUlr: Starting service, intent=Intent { act=com.google.android.location.reporting.ACTION_UPDATE_WORLD cmp=com.google.android.gms/com.google.android.location.reporting.service.DispatchingService (has extras) }, extras=Bundle[{receiverAction=com.google.android.gsf.settings.GoogleLocationSettings.UPDATE_LOCATION_SETTINGS}]
12-11 19:05:35.102  3093  3093 I Auth    : [AddAccount,AppPickerHelper] Showing app picker = false
12-11 19:05:35.165  2064  2064 E BluetoothAdapter: Bluetooth binder is null
12-11 19:05:35.288  6429  6439 W art     : Suspending all threads took: 139.469ms
12-11 19:05:35.309  1653  1665 W JobInfo : Specified flex for 100319 is +2m24s0ms. Clamped to +5m0s0ms
12-11 19:05:35.357  6429  6463 D ApplicationLoaders: ignored Vulkan layer search path /data/app/com.google.android.gms-2/lib/x86:/data/app/com.google.android.gms-2/base.apk!/lib/x86 for namespace 0xad364090
12-11 19:05:35.378  6321  6355 I RequestAddCookies: Cookie store not available in HTTP context
12-11 19:05:35.399  2064  5880 I GCoreUlr: WorldUpdater received intent Intent { act=com.google.android.location.reporting.ACTION_UPDATE_WORLD cmp=com.google.android.gms/com.google.android.location.reporting.service.DispatchingService (has extras) } with receiverAction com.google.android.gsf.settings.GoogleLocationSettings.UPDATE_LOCATION_SETTINGS
12-11 19:05:35.423  6321  6355 I ResponseProcessCookies: Cookie store not available in HTTP context
12-11 19:05:35.425  6321  6355 W b       : Authentication error: Unable to respond to any of these challenges: {bearer=WWW-Authenticate: Bearer realm="https://accounts.google.com/", error="invalid_token"}
12-11 19:05:35.425  6321  6355 W ApacheHttpTransport: Server returned 401, invalidating auth token
12-11 19:05:35.473  6321  6355 D HeterodyneSyncer: Heterodyne Response: null
12-11 19:05:35.475  6321  6355 W HeterodyneSyncer: Sync failed for ''
12-11 19:05:35.475  6321  6355 W HeterodyneSyncer: com.google.android.gms.phenotype.core.common.PhenotypeException: 29504: Null server response
12-11 19:05:35.475  6321  6355 W HeterodyneSyncer: 	at com.google.android.gms.phenotype.core.b.b.a(SourceFile:677)
12-11 19:05:35.475  6321  6355 W HeterodyneSyncer: 	at com.google.android.gms.phenotype.core.b.b.a(SourceFile:582)
12-11 19:05:35.475  6321  6355 W HeterodyneSyncer: 	at com.google.android.finsky.heterodyne.a.a(SourceFile:202)
12-11 19:05:35.475  6321  6355 W HeterodyneSyncer: 	at com.google.android.finsky.heterodyne.b.a(Unknown Source)
12-11 19:05:35.475  6321  6355 W HeterodyneSyncer: 	at com.google.android.finsky.heterodyne.a.a(SourceFile:168)
12-11 19:05:35.475  6321  6355 W HeterodyneSyncer: 	at com.google.android.finsky.heterodyne.a.a(SourceFile:161)
12-11 19:05:35.475  6321  6355 W HeterodyneSyncer: 	at com.google.android.finsky.heterodyne.a.a(SourceFile:196)
12-11 19:05:35.475  6321  6355 W HeterodyneSyncer: 	at com.google.android.finsky.ce.e.a(SourceFile:5)
12-11 19:05:35.475  6321  6355 W HeterodyneSyncer: 	at com.google.android.finsky.ce.e.doInBackground(SourceFile:15)
12-11 19:05:35.475  6321  6355 W HeterodyneSyncer: 	at android.os.AsyncTask$2.call(AsyncTask.java:305)
12-11 19:05:35.475  6321  6355 W HeterodyneSyncer: 	at java.util.concurrent.FutureTask.run(FutureTask.java:237)
12-11 19:05:35.475  6321  6355 W HeterodyneSyncer: 	at java.util.concurrent.ThreadPoolExecutor.runWorker(ThreadPoolExecutor.java:1133)
12-11 19:05:35.475  6321  6355 W HeterodyneSyncer: 	at java.util.concurrent.ThreadPoolExecutor$Worker.run(ThreadPoolExecutor.java:607)
12-11 19:05:35.475  6321  6355 W HeterodyneSyncer: 	at java.lang.Thread.run(Thread.java:761)
12-11 19:05:35.495  2064  5880 I GCoreUlr: WorldUpdater:com.google.android.gsf.settings.GoogleLocationSettings.UPDATE_LOCATION_SETTINGS: Ensuring that reporting is stopped because of reasons: {account#7#=[InactiveReason{mIdentifier=6, mName='ReportingNotEnabled'}, InactiveReason{mIdentifier=14, mName='HistoryNotEnabled'}]}
12-11 19:05:35.641  6003  6262 D EGL_emulation: eglMakeCurrent: 0xad005900: ver 3 0 (tinfo 0xad0039d0)
12-11 19:05:35.646  2064  5880 I GCoreUlr: Unbound from all signal providers.
12-11 19:05:35.664  2064  6590 I GCoreUlr: Successfully accounts update
12-11 19:05:35.788  3093  3145 D EGL_emulation: eglMakeCurrent: 0xad005600: ver 3 0 (tinfo 0xad0038c0)
12-11 19:05:35.798  3093  3145 D OpenGLRenderer: endAllActiveAnimators on 0x86615980 (InsetDrawable) with handle 0x84698710
12-11 19:05:35.798  1653  1661 I art     : Background sticky concurrent mark sweep GC freed 11638(657KB) AllocSpace objects, 11(636KB) LOS objects, 5% free, 17MB/18MB, paused 4.388ms total 109.090ms
12-11 19:05:35.799  2640  6537 I PeopleSync: Sync finished, successful=true, took 2263 ms
12-11 19:05:35.907  2064  2064 I GCoreUlr: Unbound from all signal providers.
12-11 19:05:35.907  2064  2064 I GCoreUlr: Stopping handler for UlrDispSvcFast
12-11 19:05:35.934  2064  6590 I GCoreUlr: Successfully accounts update
12-11 19:05:35.955  2064  5880 I GCoreUlr: DispatchingService ignoring Intent { act=android.net.wifi.WIFI_STATE_CHANGED flg=0x4000010 (has extras) } because ULR inactive
12-11 19:05:35.958  3093  3093 I SetupServices: [GoogleServicesActivity] Audit recorded. result=Status{statusCode=SUCCESS_CACHE, resolution=null}
12-11 19:05:35.984  6429  6463 V NativeCrypto: Registering com/google/android/gms/org/conscrypt/NativeCrypto's 287 native methods...
12-11 19:05:35.996  1733  1900 D EGL_emulation: eglMakeCurrent: 0xad0052a0: ver 3 0 (tinfo 0xad0038a0)
12-11 19:05:36.199  2640  6537 I PeopleContactsSync: CP2 cleanup done, kept= duration=248 ms
12-11 19:05:36.213  1653  1661 I art     : Background partial concurrent mark sweep GC freed 18873(1494KB) AllocSpace objects, 35(2MB) LOS objects, 22% free, 14MB/18MB, paused 3.316ms total 142.451ms
12-11 19:05:36.358  6321  6355 D HeterodyneSyncer: Heterodyne Request: # com.google.f.a.q@67f405fc
12-11 19:05:36.377  6321  6355 D ApacheHttpTransport: Contacting Heterodyne at https://www.googleapis.com/experimentsandconfigs/v1/getExperimentsAndConfigs
12-11 19:05:36.446  2640  6537 I PeopleContactsSync: CP2 cleanup done, kept= duration=159 ms
12-11 19:05:36.478  6321  6355 I RequestAddCookies: Cookie store not available in HTTP context
12-11 19:05:36.494  6429  6463 D NetworkSecurityConfig: No Network Security Config specified, using platform default
12-11 19:05:36.502  6429  6463 I ProviderInstaller: Installed default security provider GmsCore_OpenSSL
12-11 19:05:36.549  6321  6355 I ResponseProcessCookies: Cookie store not available in HTTP context
12-11 19:05:36.561  6321  6355 D HeterodyneSyncer: Heterodyne Response: # com.google.f.a.w@d31ef2a9
12-11 19:05:36.561  6321  6355 D HeterodyneSyncer: 5: 1543862838
12-11 19:05:36.562  6321  6355 D HeterodyneSyncer: Heterodyne response: # com.google.f.a.w@d31ef2a9
12-11 19:05:36.562  6321  6355 D HeterodyneSyncer: 5: 1543862838
12-11 19:05:36.567  6321  6355 D HeterodyneSyncer: update last fetch to 1544576100
12-11 19:05:36.602  1653  2530 W ActivityManager: Unable to start service Intent { act=com.google.android.gms.playlog.service.START pkg=com.google.android.gms } U=0: not found
12-11 19:05:36.603  1653  2528 W ActivityManager: Unbind failed: could not find connection for android.os.BinderProxy@4e66c1f
12-11 19:05:36.603  6003  6003 E GmsClient: unable to connect to service: com.google.android.gms.playlog.service.START
12-11 19:05:36.610  6003  6003 W AnalyticsLogBase: PlayLogger.onLoggerFailedConnection
12-11 19:05:36.611  6321  6355 D HeterodyneConfigVersion: clearing HeterodyneConfigVersionCache
12-11 19:05:36.627  2640  6593 E Auth.Api.Credentials: [CredentialSyncAdapter] Unknown sync event.
12-11 19:05:36.629  6321  6355 D HeterodyneSyncer: retaining: ctj784@gmail.com
12-11 19:05:36.634  6321  6355 D HeterodyneSyncer: retaining committed user: ctj784@gmail.com
12-11 19:05:36.673  6321  6355 E Finsky  : [298] com.google.android.finsky.as.c.a(27): Unable to build selector: /storage/emulated/0/Download/marketenvs.csv (No such file or directory)
12-11 19:05:36.673  1653  1665 E SyncManager: Job params not found for 105164
12-11 19:05:36.747  1653  1661 I art     : Background sticky concurrent mark sweep GC freed 26854(1624KB) AllocSpace objects, 34(1904KB) LOS objects, 17% free, 14MB/18MB, paused 5.691ms total 32.114ms
12-11 19:05:36.769  6321  6354 I Finsky  : [297] com.google.android.finsky.du.a.a.a.b(29): Triggered update for experiment package com.google.android.finsky.regular.
12-11 19:05:36.819  1653  1665 E SyncManager: Job params not found for 104277
12-11 19:05:36.836  2640  6480 E Ads     : [JAMS] Failed to negotiate
12-11 19:05:36.923  1653  1665 D SyncManager: handleSyncHandlerMessage: dropping since the sync is no longer active: startTime 1334686, mTimeoutStartTime 1334686, mHistoryRowId 185, syncOperation JobId: 104277, ctj784@gmail.com u0 (com.google), com.google.android.gms.auth.api.credentials, SERVER, reason: AutoSync
12-11 19:05:36.959  6321  6354 D GetConfigurationSnapsho: getFullConfigurations
