12-11 19:14:27.295  1653  1876 I ActivityManager: START u0 {act=android.intent.action.VIEW flg=0x20030000 cmp=com.google.android.calendar/com.android.calendar.SearchActivity} from uid 10034 on display 0
12-11 19:14:27.295  6321  6338 I Finsky  : [282] com.google.android.finsky.bo.an.run(6): Stats for Executor: Db-xternal_referrer_status.db com.google.android.finsky.bo.ao@366c458[Running, pool size = 0, active threads = 0, queued tasks = 0, completed tasks = 0]
12-11 19:14:27.406  6321  6338 I Finsky  : [282] com.google.android.finsky.bo.an.run(6): Stats for Executor: Db-split_install_service com.google.android.finsky.bo.ao@6a499b1[Running, pool size = 0, active threads = 0, queued tasks = 0, completed tasks = 7]
12-11 19:14:27.510  6321  6338 I Finsky  : [282] com.google.android.finsky.bo.an.run(6): Stats for Executor: StorageAwareDownloadServiceManagerSpaceChecker com.google.android.finsky.bo.ao@acf8e96[Running, pool size = 0, active threads = 0, queued tasks = 0, completed tasks = 0]
12-11 19:14:27.543  1719  1719 W InputMethodService: Window size has been changed. This may cause jankiness of resizing window: -1 -> -2
12-11 19:14:27.560  6003  6262 D EGL_emulation: eglMakeCurrent: 0xad005900: ver 3 0 (tinfo 0xad0039d0)
12-11 19:14:27.588  1719  1719 I LatinIME: Starting input. Cursor position = 0,0
12-11 19:14:27.595  1653  1673 I ActivityManager: Displayed com.google.android.calendar/com.android.calendar.SearchActivity: +268ms
12-11 19:14:27.609  1354  1377 W audio_hw_generic: Hardware backing HAL too slow, could only write 0 of 720 frames
12-11 19:14:27.685  1733  1900 D EGL_emulation: eglMakeCurrent: 0xad0052a0: ver 3 0 (tinfo 0xad0038a0)
12-11 19:14:27.855  6321  6338 I Finsky  : [282] com.google.android.finsky.bo.an.run(6): Stats for Executor: Db-scheduler com.google.android.finsky.bo.ao@5d59a17[Running, pool size = 0, active threads = 0, queued tasks = 0, completed tasks = 44]
12-11 19:14:28.095  6321  6338 I Finsky  : [282] com.google.android.finsky.bo.an.run(6): Stats for Executor: Db-scheduler_logging_store.db com.google.android.finsky.bo.ao@5afce04[Running, pool size = 0, active threads = 0, queued tasks = 0, completed tasks = 0]
12-11 19:14:28.103  1719  3460 D EGL_emulation: eglMakeCurrent: 0x8f67e020: ver 3 0 (tinfo 0x9d969f20)
12-11 19:14:28.910  6321  6338 I Finsky  : [282] com.google.android.finsky.bo.an.run(6): Stats for Executor: InstallBackgroundThread com.google.android.finsky.bo.ao@7b81fed[Running, pool size = 0, active threads = 0, queued tasks = 0, completed tasks = 0]
12-11 19:14:28.911  6321  6338 I Finsky  : [282] com.google.android.finsky.bo.an.run(6): Stats for Executor: Db-install_service com.google.android.finsky.bo.ao@16dfe22[Running, pool size = 0, active threads = 0, queued tasks = 0, completed tasks = 0]
12-11 19:14:28.911  6321  6338 I Finsky  : [282] com.google.android.finsky.bo.an.run(6): Stats for Executor: InstallBackgroundThread com.google.android.finsky.bo.ao@f8fc0b3[Running, pool size = 0, active threads = 0, queued tasks = 0, completed tasks = 0]
12-11 19:14:30.069  1354  1378 W audio_hw_generic: Not supplying enough data to HAL, expected position 42537197 , only wrote 42289920
12-11 19:14:30.858  7152  7152 D MonkeyStub: translateCommand: type read
12-11 19:14:32.876  7152  7152 D MonkeyStub: translateCommand: tap 998 1692
12-11 19:14:32.903  1653  1873 I ActivityManager: START u0 {act=android.intent.action.SEARCH flg=0x20000000 cmp=com.google.android.calendar/com.android.calendar.SearchActivity (has extras)} from uid 10034 on display 0
12-11 19:14:32.933  1719  1810 I LatinIME:LogUtils: Dictionary info: dictionary = spellcheck_userunigram.en_US ; version = 1544577272 ; date = ?
12-11 19:14:32.959  1719  1719 W InputMethodService: Window size has been changed. This may cause jankiness of resizing window: -1 -> -2
12-11 19:14:32.968  1719  1810 I LatinIME:LogUtils: Dictionary info: dictionary = main:en ; version = 54 ; date = 1414726273
12-11 19:14:32.972  1719  3460 D EGL_emulation: eglMakeCurrent: 0x8f67e020: ver 3 0 (tinfo 0x9d969f20)
12-11 19:14:32.975  6003  6003 W IInputConnectionWrapper: finishComposingText on inactive InputConnection
12-11 19:14:32.975  6003  6003 W IInputConnectionWrapper: finishComposingText on inactive InputConnection
12-11 19:14:35.895  7152  7152 D MonkeyStub: translateCommand: tap 467 413
12-11 19:14:35.918  1354  1377 W audio_hw_generic: Not supplying enough data to HAL, expected position 42290140 , only wrote 42289920
12-11 19:14:35.965  1653  1664 I ActivityManager: START u0 {act=android.intent.action.VIEW flg=0x8000 cmp=com.google.android.calendar/com.android.calendar.event.EventInfoActivity (has extras)} from uid 10034 on display 0
12-11 19:14:37.307  6003  6003 I Choreographer: Skipped 76 frames!  The application may be doing too much work on its main thread.
12-11 19:14:37.382  6003  6262 D EGL_emulation: eglMakeCurrent: 0xad005900: ver 3 0 (tinfo 0xad0039d0)
12-11 19:14:37.567  6003  6262 D EGL_emulation: eglMakeCurrent: 0xad005900: ver 3 0 (tinfo 0xad0039d0)
12-11 19:14:37.655  6003  6262 D EGL_emulation: eglMakeCurrent: 0xad005900: ver 3 0 (tinfo 0xad0039d0)
12-11 19:14:37.662  1653  1673 I ActivityManager: Displayed com.google.android.calendar/com.android.calendar.event.EventInfoActivity: +1s678ms
12-11 19:14:37.665  6003  6003 W IInputConnectionWrapper: finishComposingText on inactive InputConnection
12-11 19:14:37.674  6003  6262 D EGL_emulation: eglMakeCurrent: 0xad005900: ver 3 0 (tinfo 0xad0039d0)
12-11 19:14:37.690  1733  1900 D EGL_emulation: eglMakeCurrent: 0xad0052a0: ver 3 0 (tinfo 0xad0038a0)
12-11 19:14:37.702  6321  6338 I Finsky  : [282] com.google.android.finsky.bo.an.run(6): Stats for Executor: VerifyAppsDataStore com.google.android.finsky.bo.ao@a5dc670[Running, pool size = 0, active threads = 0, queued tasks = 0, completed tasks = 2]
12-11 19:14:37.703  6321  6338 I Finsky  : [282] com.google.android.finsky.bo.an.run(6): Stats for Executor: Db-verify_apps.db com.google.android.finsky.bo.ao@703cde9[Running, pool size = 0, active threads = 0, queued tasks = 0, completed tasks = 1]
12-11 19:14:37.705  6003  6262 D EGL_emulation: eglMakeCurrent: 0xad005900: ver 3 0 (tinfo 0xad0039d0)
12-11 19:14:37.720  6003  6262 D EGL_emulation: eglMakeCurrent: 0xad005900: ver 3 0 (tinfo 0xad0039d0)
12-11 19:14:37.754  6003  6262 D EGL_emulation: eglMakeCurrent: 0xad005900: ver 3 0 (tinfo 0xad0039d0)
12-11 19:14:37.781  6003  6262 D EGL_emulation: eglMakeCurrent: 0xad005900: ver 3 0 (tinfo 0xad0039d0)
12-11 19:14:37.799  6003  6262 D EGL_emulation: eglMakeCurrent: 0xad005900: ver 3 0 (tinfo 0xad0039d0)
12-11 19:14:37.826  6321  6338 I Finsky  : [282] com.google.android.finsky.bo.an.run(6): Stats for Executor: Db-notification_cache com.google.android.finsky.bo.ao@91da6e[Running, pool size = 0, active threads = 0, queued tasks = 0, completed tasks = 2]
12-11 19:14:37.920  6003  6262 D EGL_emulation: eglMakeCurrent: 0xad005900: ver 3 0 (tinfo 0xad0039d0)
12-11 19:14:37.928  6003  6262 D EGL_emulation: eglMakeCurrent: 0xad005900: ver 3 0 (tinfo 0xad0039d0)
12-11 19:14:37.957  6003  6262 D EGL_emulation: eglMakeCurrent: 0xad005900: ver 3 0 (tinfo 0xad0039d0)
12-11 19:14:37.966  6003  6262 D EGL_emulation: eglMakeCurrent: 0xad005900: ver 3 0 (tinfo 0xad0039d0)
12-11 19:14:38.205  6003  6262 D EGL_emulation: eglMakeCurrent: 0xad005900: ver 3 0 (tinfo 0xad0039d0)
12-11 19:14:38.228  6003  6262 D EGL_emulation: eglMakeCurrent: 0xad005900: ver 3 0 (tinfo 0xad0039d0)
12-11 19:14:38.242  6003  6262 D EGL_emulation: eglMakeCurrent: 0xad005900: ver 3 0 (tinfo 0xad0039d0)
12-11 19:14:38.506  6321  6338 I Finsky  : [282] com.google.android.finsky.bo.an.run(6): Stats for Executor: Db-auto_update.db com.google.android.finsky.bo.ao@dbbb50f[Running, pool size = 0, active threads = 0, queued tasks = 0, completed tasks = 0]
12-11 19:14:38.587  6321  6338 I Finsky  : [282] com.google.android.finsky.bo.an.run(6): Stats for Executor: Db-frosting.db com.google.android.finsky.bo.ao@2b0d99c[Running, pool size = 0, active threads = 0, queued tasks = 0, completed tasks = 1]
12-11 19:14:38.900  7152  7152 D MonkeyStub: translateCommand: tap 877 1715
12-11 19:14:39.191  6321  6338 I Finsky  : [282] com.google.android.finsky.bo.an.run(6): Stats for Executor: Db-user_languages_store com.google.android.finsky.bo.ao@2425fa5[Running, pool size = 0, active threads = 0, queued tasks = 0, completed tasks = 1]
12-11 19:14:39.205  1311  1897 D gralloc_ranchu: gralloc_alloc: Creating ashmem region of size 2691072
12-11 19:14:39.334  6003  6262 D EGL_emulation: eglMakeCurrent: 0xad005900: ver 3 0 (tinfo 0xad0039d0)
12-11 19:14:39.348  6003  6262 D EGL_emulation: eglMakeCurrent: 0xad005900: ver 3 0 (tinfo 0xad0039d0)
12-11 19:14:39.459  6003  6262 D EGL_emulation: eglMakeCurrent: 0xad005900: ver 3 0 (tinfo 0xad0039d0)
12-11 19:14:39.466  1653  1661 I art     : Background partial concurrent mark sweep GC freed 28891(1433KB) AllocSpace objects, 14(444KB) LOS objects, 22% free, 14MB/18MB, paused 2.710ms total 139.227ms
12-11 19:14:39.480  6003  6262 D EGL_emulation: eglMakeCurrent: 0xad005900: ver 3 0 (tinfo 0xad0039d0)
12-11 19:14:39.506  6003  6262 D EGL_emulation: eglMakeCurrent: 0xad005900: ver 3 0 (tinfo 0xad0039d0)
12-11 19:14:39.514  6003  6262 D OpenGLRenderer: endAllActiveAnimators on 0x8c3cef00 (RippleDrawable) with handle 0x86d36a70
12-11 19:14:39.545  2064  2064 W ChimeraUtils: Non Chimera context
12-11 19:14:39.592  2064  2945 W GLSUser : [DeviceKeyStore] Cannot load key: Device key file not found.
12-11 19:14:39.593  2064  2945 W GLSUser : [DeviceKeyStore] Cannot load key: Device key file not found.
12-11 19:14:39.689  6003  6262 D EGL_emulation: eglMakeCurrent: 0xad005900: ver 3 0 (tinfo 0xad0039d0)
12-11 19:14:39.941  2640  2640 I GCM     : Message from 745476177629
12-11 19:14:39.977  2640  2640 I GCM     : Message from 745476177629
12-11 19:14:40.042  2064  3059 W GLSUser : [DeviceKeyStore] Cannot load key: Device key file not found.
12-11 19:14:40.042  2064  3059 W GLSUser : [DeviceKeyStore] Cannot load key: Device key file not found.
12-11 19:14:40.221  2064  3060 W GLSUser : [DeviceKeyStore] Cannot load key: Device key file not found.
12-11 19:14:40.221  2064  3060 W GLSUser : [DeviceKeyStore] Cannot load key: Device key file not found.
12-11 19:14:40.303  6321  6338 I Finsky  : [282] com.google.android.finsky.bo.an.run(6): Stats for Executor: Db-scheduled_acquisitions.db com.google.android.finsky.bo.ao@e052f7a[Running, pool size = 0, active threads = 0, queued tasks = 0, completed tasks = 0]
12-11 19:14:41.177  1653  1653 W WindowManager: Attempted to remove non-existing token: android.os.Binder@3d619dc
12-11 19:14:41.766  6321  6338 I Finsky  : [282] com.google.android.finsky.bo.an.run(6): Stats for Executor: InstallBackgroundThread com.google.android.finsky.bo.ao@f08932b[Running, pool size = 0, active threads = 0, queued tasks = 0, completed tasks = 0]
12-11 19:14:41.904  7152  7152 D MonkeyStub: translateCommand: tap 88 132
12-11 19:14:41.925  1653  3798 I ActivityManager: START u0 {act=android.intent.action.VIEW flg=0x4000000 cmp=com.google.android.calendar/com.android.calendar.AllInOneCalendarActivity (has extras)} from uid 10034 on display 0
12-11 19:14:41.964  1311  1758 D gralloc_ranchu: gralloc_alloc: Creating ashmem region of size 2691072
12-11 19:14:42.093  1653  1661 I art     : Background partial concurrent mark sweep GC freed 23129(1378KB) AllocSpace objects, 25(912KB) LOS objects, 22% free, 13MB/17MB, paused 1.795ms total 107.014ms
12-11 19:14:42.247  6003  6262 D EGL_emulation: eglMakeCurrent: 0xad005900: ver 3 0 (tinfo 0xad0039d0)
12-11 19:14:42.323  6003  6262 D EGL_emulation: eglMakeCurrent: 0xad005900: ver 3 0 (tinfo 0xad0039d0)
12-11 19:14:42.405  6003  6262 D EGL_emulation: eglMakeCurrent: 0xad005900: ver 3 0 (tinfo 0xad0039d0)
12-11 19:14:42.409  6003  6003 W IInputConnectionWrapper: finishComposingText on inactive InputConnection
12-11 19:14:42.423  6003  6262 D OpenGLRenderer: endAllActiveAnimators on 0x8523d880 (RippleDrawable) with handle 0x86d36ee0
12-11 19:14:45.114  1354  1378 W audio_hw_generic: Not supplying enough data to HAL, expected position 43170575 , only wrote 42731280
12-11 19:14:46.917  7152  7152 D MonkeyStub: translateCommand: tap 88 132
12-11 19:14:46.944  1354  1377 W audio_hw_generic: Not supplying enough data to HAL, expected position 42731377 , only wrote 42731280
12-11 19:14:48.921  7152  7152 D MonkeyStub: translateCommand: tap 245 769
12-11 19:14:49.380  1653  2529 I ActivityManager: START u0 {act=android.intent.action.VIEW flg=0x20030000 cmp=com.google.android.calendar/com.android.calendar.SearchActivity} from uid 10034 on display 0
12-11 19:14:49.581  1719  1719 W InputMethodService: Window size has been changed. This may cause jankiness of resizing window: -1 -> -2
12-11 19:14:49.590  6003  6262 D EGL_emulation: eglMakeCurrent: 0xad005900: ver 3 0 (tinfo 0xad0039d0)
12-11 19:14:49.630  1719  1719 I LatinIME: Starting input. Cursor position = 0,0
12-11 19:14:49.633  1653  1673 I ActivityManager: Displayed com.google.android.calendar/com.android.calendar.SearchActivity: +224ms
12-11 19:14:49.699  1733  1900 D EGL_emulation: eglMakeCurrent: 0xad0052a0: ver 3 0 (tinfo 0xad0038a0)
12-11 19:14:50.096  1719  3460 D EGL_emulation: eglMakeCurrent: 0x8f67e020: ver 3 0 (tinfo 0x9d969f20)
12-11 19:14:52.135  1354  1378 W audio_hw_generic: Not supplying enough data to HAL, expected position 43227568 , only wrote 42980400
12-11 19:14:52.926  7152  7152 D MonkeyStub: translateCommand: type read
12-11 19:14:54.948  7152  7152 D MonkeyStub: translateCommand: tap 998 1692
12-11 19:14:54.967  1653  2529 I ActivityManager: START u0 {act=android.intent.action.SEARCH flg=0x20000000 cmp=com.google.android.calendar/com.android.calendar.SearchActivity (has extras)} from uid 10034 on display 0
12-11 19:14:54.988  1719  1810 I LatinIME:LogUtils: Dictionary info: dictionary = spellcheck_userunigram.en_US ; version = 1544577294 ; date = ?
12-11 19:14:55.007  6003  6003 W IInputConnectionWrapper: finishComposingText on inactive InputConnection
12-11 19:14:55.008  6003  6003 W IInputConnectionWrapper: finishComposingText on inactive InputConnection
12-11 19:14:55.012  1719  1719 W InputMethodService: Window size has been changed. This may cause jankiness of resizing window: -1 -> -2
12-11 19:14:55.022  1719  1810 I LatinIME:LogUtils: Dictionary info: dictionary = main:en ; version = 54 ; date = 1414726273
12-11 19:14:55.029  1719  3460 D EGL_emulation: eglMakeCurrent: 0x8f67e020: ver 3 0 (tinfo 0x9d969f20)
12-11 19:14:57.958  7152  7152 D MonkeyStub: translateCommand: tap 467 413
12-11 19:14:57.974  1354  1377 W audio_hw_generic: Not supplying enough data to HAL, expected position 42980608 , only wrote 42980400
12-11 19:14:58.021  1653  2529 I ActivityManager: START u0 {act=android.intent.action.VIEW flg=0x8000 cmp=com.google.android.calendar/com.android.calendar.event.EventInfoActivity (has extras)} from uid 10034 on display 0
12-11 19:14:59.289  1653  1673 I Choreographer: Skipped 37 frames!  The application may be doing too much work on its main thread.
12-11 19:14:59.316  6003  6003 I Choreographer: Skipped 72 frames!  The application may be doing too much work on its main thread.
12-11 19:14:59.398  6003  6262 D EGL_emulation: eglMakeCurrent: 0xad005900: ver 3 0 (tinfo 0xad0039d0)
12-11 19:14:59.617  6003  6262 D EGL_emulation: eglMakeCurrent: 0xad005900: ver 3 0 (tinfo 0xad0039d0)
12-11 19:14:59.702  6003  6262 D EGL_emulation: eglMakeCurrent: 0xad005900: ver 3 0 (tinfo 0xad0039d0)
12-11 19:14:59.708  6003  6003 W IInputConnectionWrapper: finishComposingText on inactive InputConnection
12-11 19:14:59.716  6003  6262 D EGL_emulation: eglMakeCurrent: 0xad005900: ver 3 0 (tinfo 0xad0039d0)
12-11 19:14:59.723  1653  1673 I ActivityManager: Displayed com.google.android.calendar/com.android.calendar.event.EventInfoActivity: +1s677ms
12-11 19:14:59.739  6003  6262 D EGL_emulation: eglMakeCurrent: 0xad005900: ver 3 0 (tinfo 0xad0039d0)
12-11 19:14:59.755  6003  6262 D EGL_emulation: eglMakeCurrent: 0xad005900: ver 3 0 (tinfo 0xad0039d0)
12-11 19:14:59.759  1733  1900 D EGL_emulation: eglMakeCurrent: 0xad0052a0: ver 3 0 (tinfo 0xad0038a0)
12-11 19:14:59.772  6003  6262 D EGL_emulation: eglMakeCurrent: 0xad005900: ver 3 0 (tinfo 0xad0039d0)
12-11 19:14:59.789  6003  6262 D EGL_emulation: eglMakeCurrent: 0xad005900: ver 3 0 (tinfo 0xad0039d0)
12-11 19:14:59.798  6003  6262 D EGL_emulation: eglMakeCurrent: 0xad005900: ver 3 0 (tinfo 0xad0039d0)
12-11 19:14:59.817  6003  6262 D EGL_emulation: eglMakeCurrent: 0xad005900: ver 3 0 (tinfo 0xad0039d0)
12-11 19:14:59.832  6003  6262 D EGL_emulation: eglMakeCurrent: 0xad005900: ver 3 0 (tinfo 0xad0039d0)
12-11 19:14:59.857  6003  6262 D EGL_emulation: eglMakeCurrent: 0xad005900: ver 3 0 (tinfo 0xad0039d0)
12-11 19:14:59.871  6003  6262 D EGL_emulation: eglMakeCurrent: 0xad005900: ver 3 0 (tinfo 0xad0039d0)
12-11 19:14:59.896  6003  6262 D EGL_emulation: eglMakeCurrent: 0xad005900: ver 3 0 (tinfo 0xad0039d0)
12-11 19:14:59.914  6003  6262 D EGL_emulation: eglMakeCurrent: 0xad005900: ver 3 0 (tinfo 0xad0039d0)
12-11 19:15:00.925  6003  6262 D EGL_emulation: eglMakeCurrent: 0xad005900: ver 3 0 (tinfo 0xad0039d0)
12-11 19:15:00.962  7152  7152 D MonkeyStub: translateCommand: tap 877 1715
12-11 19:15:01.163  1311  1316 D gralloc_ranchu: gralloc_alloc: Creating ashmem region of size 2691072
12-11 19:15:01.310  6003  6262 D EGL_emulation: eglMakeCurrent: 0xad005900: ver 3 0 (tinfo 0xad0039d0)
12-11 19:15:01.336  6003  6262 D EGL_emulation: eglMakeCurrent: 0xad005900: ver 3 0 (tinfo 0xad0039d0)
12-11 19:15:01.379  1653  1661 I art     : Background partial concurrent mark sweep GC freed 24761(1114KB) AllocSpace objects, 7(180KB) LOS objects, 22% free, 14MB/18MB, paused 2.516ms total 175.279ms
12-11 19:15:01.424  6003  6262 D EGL_emulation: eglMakeCurrent: 0xad005900: ver 3 0 (tinfo 0xad0039d0)
12-11 19:15:01.432  6003  6262 D OpenGLRenderer: endAllActiveAnimators on 0x864cff00 (RippleDrawable) with handle 0x86fb14e0
12-11 19:15:01.456  6003  6262 D EGL_emulation: eglMakeCurrent: 0xad005900: ver 3 0 (tinfo 0xad0039d0)
12-11 19:15:01.491  2064  2064 W ChimeraUtils: Non Chimera context
12-11 19:15:01.535  2064  2945 W GLSUser : [DeviceKeyStore] Cannot load key: Device key file not found.
12-11 19:15:01.538  2064  2945 W GLSUser : [DeviceKeyStore] Cannot load key: Device key file not found.
12-11 19:15:01.721  6003  6262 D EGL_emulation: eglMakeCurrent: 0xad005900: ver 3 0 (tinfo 0xad0039d0)
12-11 19:15:02.102  2640  2640 I GCM     : Message from 745476177629
12-11 19:15:02.154  2064  3059 W GLSUser : [DeviceKeyStore] Cannot load key: Device key file not found.
12-11 19:15:02.154  2064  3059 W GLSUser : [DeviceKeyStore] Cannot load key: Device key file not found.
12-11 19:15:02.383  2064  3186 W GLSUser : [DeviceKeyStore] Cannot load key: Device key file not found.
12-11 19:15:02.384  2064  3186 W GLSUser : [DeviceKeyStore] Cannot load key: Device key file not found.
12-11 19:15:02.443  2640  2640 I GCM     : Message from 745476177629
12-11 19:15:03.138  1653  1653 W WindowManager: Attempted to remove non-existing token: android.os.Binder@95e6dcd
12-11 19:15:03.966  7152  7152 D MonkeyStub: translateCommand: tap 88 132
12-11 19:15:03.989  1653  1664 I ActivityManager: START u0 {act=android.intent.action.VIEW flg=0x4000000 cmp=com.google.android.calendar/com.android.calendar.AllInOneCalendarActivity (has extras)} from uid 10034 on display 0
12-11 19:15:04.004  1311  1316 D gralloc_ranchu: gralloc_alloc: Creating ashmem region of size 2691072
12-11 19:15:04.254  6003  6262 D EGL_emulation: eglMakeCurrent: 0xad005900: ver 3 0 (tinfo 0xad0039d0)
12-11 19:15:04.327  6003  6262 D EGL_emulation: eglMakeCurrent: 0xad005900: ver 3 0 (tinfo 0xad0039d0)
12-11 19:15:04.387  6003  6262 D EGL_emulation: eglMakeCurrent: 0xad005900: ver 3 0 (tinfo 0xad0039d0)
12-11 19:15:04.399  6003  6262 D EGL_emulation: eglMakeCurrent: 0xad005900: ver 3 0 (tinfo 0xad0039d0)
12-11 19:15:04.405  6003  6003 W IInputConnectionWrapper: finishComposingText on inactive InputConnection
12-11 19:15:04.419  6003  6262 D EGL_emulation: eglMakeCurrent: 0xad005900: ver 3 0 (tinfo 0xad0039d0)
12-11 19:15:04.676  6003  6262 D EGL_emulation: eglMakeCurrent: 0xad005900: ver 3 0 (tinfo 0xad0039d0)
12-11 19:15:07.171  1354  1378 W audio_hw_generic: Not supplying enough data to HAL, expected position 43861197 , only wrote 43421760
12-11 19:15:08.978  7152  7152 D MonkeyStub: translateCommand: tap 88 132
12-11 19:15:09.015  1354  1377 W audio_hw_generic: Not supplying enough data to HAL, expected position 43421869 , only wrote 43421760
12-11 19:15:10.982  7152  7152 D MonkeyStub: translateCommand: tap 245 769
12-11 19:15:11.426  1653  1873 I ActivityManager: START u0 {act=android.intent.action.VIEW flg=0x20030000 cmp=com.google.android.calendar/com.android.calendar.SearchActivity} from uid 10034 on display 0
12-11 19:15:11.593  1719  1719 W InputMethodService: Window size has been changed. This may cause jankiness of resizing window: -1 -> -2
12-11 19:15:11.601  6003  6262 D EGL_emulation: eglMakeCurrent: 0xad005900: ver 3 0 (tinfo 0xad0039d0)
12-11 19:15:11.632  1719  1719 I LatinIME: Starting input. Cursor position = 0,0
12-11 19:15:11.655  1653  1673 I ActivityManager: Displayed com.google.android.calendar/com.android.calendar.SearchActivity: +198ms
12-11 19:15:11.693  1733  1900 D EGL_emulation: eglMakeCurrent: 0xad0052a0: ver 3 0 (tinfo 0xad0038a0)
12-11 19:15:12.087  1719  3460 D EGL_emulation: eglMakeCurrent: 0x8f67e020: ver 3 0 (tinfo 0x9d969f20)
12-11 19:15:14.191  1354  1378 W audio_hw_generic: Not supplying enough data to HAL, expected position 43916639 , only wrote 43670160
12-11 19:15:14.987  7152  7152 D MonkeyStub: translateCommand: type read
12-11 19:15:16.993  7152  7152 D MonkeyStub: translateCommand: tap 998 1692
12-11 19:15:17.013  1653  1663 I ActivityManager: START u0 {act=android.intent.action.SEARCH flg=0x20000000 cmp=com.google.android.calendar/com.android.calendar.SearchActivity (has extras)} from uid 10034 on display 0
12-11 19:15:17.042  1719  1810 I LatinIME:LogUtils: Dictionary info: dictionary = spellcheck_userunigram.en_US ; version = 1544577317 ; date = ?
12-11 19:15:17.052  6321  6338 I Finsky  : [282] com.google.android.finsky.bo.an.run(6): Stats for Executor: Db-scheduled_acquisitions.db com.google.android.finsky.bo.ao@1bff388[Running, pool size = 0, active threads = 0, queued tasks = 0, completed tasks = 2]
12-11 19:15:17.076  1719  1719 W InputMethodService: Window size has been changed. This may cause jankiness of resizing window: -1 -> -2
12-11 19:15:17.088  1719  1810 I LatinIME:LogUtils: Dictionary info: dictionary = main:en ; version = 54 ; date = 1414726273
12-11 19:15:17.093  1719  3460 D EGL_emulation: eglMakeCurrent: 0x8f67e020: ver 3 0 (tinfo 0x9d969f20)
12-11 19:15:17.129  6003  6003 W IInputConnectionWrapper: finishComposingText on inactive InputConnection
12-11 19:15:17.129  6003  6003 W IInputConnectionWrapper: finishComposingText on inactive InputConnection
12-11 19:15:21.999  7152  7152 D MonkeyStub: translateCommand: tap 409 661
12-11 19:15:22.012  1354  1377 W audio_hw_generic: Not supplying enough data to HAL, expected position 43670469 , only wrote 43670160
12-11 19:15:22.059  1653  3965 I ActivityManager: START u0 {act=android.intent.action.VIEW flg=0x8000 cmp=com.google.android.calendar/com.android.calendar.event.EventInfoActivity (has extras)} from uid 10034 on display 0
12-11 19:15:23.305  6003  6003 I Choreographer: Skipped 70 frames!  The application may be doing too much work on its main thread.
12-11 19:15:23.388  6003  6262 D EGL_emulation: eglMakeCurrent: 0xad005900: ver 3 0 (tinfo 0xad0039d0)
12-11 19:15:23.577  6003  6262 D EGL_emulation: eglMakeCurrent: 0xad005900: ver 3 0 (tinfo 0xad0039d0)
12-11 19:15:23.601  6003  6262 D EGL_emulation: eglMakeCurrent: 0xad005900: ver 3 0 (tinfo 0xad0039d0)
12-11 19:15:23.616  1653  1673 I ActivityManager: Displayed com.google.android.calendar/com.android.calendar.event.EventInfoActivity: +1s542ms
12-11 19:15:23.624  6003  6003 W IInputConnectionWrapper: finishComposingText on inactive InputConnection
12-11 19:15:23.628  6003  6262 D EGL_emulation: eglMakeCurrent: 0xad005900: ver 3 0 (tinfo 0xad0039d0)
12-11 19:15:23.642  6003  6262 D EGL_emulation: eglMakeCurrent: 0xad005900: ver 3 0 (tinfo 0xad0039d0)
12-11 19:15:23.657  6003  6262 D EGL_emulation: eglMakeCurrent: 0xad005900: ver 3 0 (tinfo 0xad0039d0)
12-11 19:15:23.658  1733  1900 D EGL_emulation: eglMakeCurrent: 0xad0052a0: ver 3 0 (tinfo 0xad0038a0)
12-11 19:15:23.673  6003  6262 D EGL_emulation: eglMakeCurrent: 0xad005900: ver 3 0 (tinfo 0xad0039d0)
12-11 19:15:23.696  6003  6262 D EGL_emulation: eglMakeCurrent: 0xad005900: ver 3 0 (tinfo 0xad0039d0)
12-11 19:15:23.731  6003  6262 D EGL_emulation: eglMakeCurrent: 0xad005900: ver 3 0 (tinfo 0xad0039d0)
12-11 19:15:23.762  6003  6013 W art     : Suspending all threads took: 5.236ms
12-11 19:15:23.824  6003  6262 D EGL_emulation: eglMakeCurrent: 0xad005900: ver 3 0 (tinfo 0xad0039d0)
12-11 19:15:23.834  6003  6262 D EGL_emulation: eglMakeCurrent: 0xad005900: ver 3 0 (tinfo 0xad0039d0)
12-11 19:15:23.843  6003  6013 I art     : Background sticky concurrent mark sweep GC freed 37808(1482KB) AllocSpace objects, 2(128KB) LOS objects, 5% free, 26MB/27MB, paused 12.153ms total 140.180ms
12-11 19:15:23.852  6003  6262 D EGL_emulation: eglMakeCurrent: 0xad005900: ver 3 0 (tinfo 0xad0039d0)
12-11 19:15:23.865  6003  6262 D EGL_emulation: eglMakeCurrent: 0xad005900: ver 3 0 (tinfo 0xad0039d0)
12-11 19:15:24.228  6003  6262 D EGL_emulation: eglMakeCurrent: 0xad005900: ver 3 0 (tinfo 0xad0039d0)
12-11 19:15:25.003  7152  7152 D MonkeyStub: translateCommand: tap 1008 104
12-11 19:15:25.171  6003  6262 D EGL_emulation: eglMakeCurrent: 0xad005900: ver 3 0 (tinfo 0xad0039d0)
12-11 19:15:25.191  6003  6262 D EGL_emulation: eglMakeCurrent: 0xad005900: ver 3 0 (tinfo 0xad0039d0)
12-11 19:15:25.200  6003  6262 D EGL_emulation: eglMakeCurrent: 0xad005900: ver 3 0 (tinfo 0xad0039d0)
12-11 19:15:25.216  6003  6262 D EGL_emulation: eglMakeCurrent: 0xad005900: ver 3 0 (tinfo 0xad0039d0)
12-11 19:15:25.241  6003  6262 D EGL_emulation: eglMakeCurrent: 0xad005900: ver 3 0 (tinfo 0xad0039d0)
12-11 19:15:25.339  6003  6262 D EGL_emulation: eglMakeCurrent: 0xad005900: ver 3 0 (tinfo 0xad0039d0)
12-11 19:15:25.347  6003  6262 D EGL_emulation: eglMakeCurrent: 0xad005900: ver 3 0 (tinfo 0xad0039d0)
12-11 19:15:25.458  6003  6262 D EGL_emulation: eglMakeCurrent: 0xad005900: ver 3 0 (tinfo 0xad0039d0)
12-11 19:15:26.650  6321  6338 I Finsky  : [282] com.google.android.finsky.bo.an.run(6): Stats for Executor: BlockingExecutor com.google.android.finsky.bo.ao@2d3d6c[Running, pool size = 0, active threads = 0, queued tasks = 0, completed tasks = 8]
12-11 19:15:26.650  6321  6338 I Finsky  : [282] com.google.android.finsky.bo.an.run(6): Stats for Executor: LightweightExecutor com.google.android.finsky.bo.ao@9823f35[Running, pool size = 2, active threads = 0, queued tasks = 0, completed tasks = 53]
12-11 19:15:26.803  6003  6262 D EGL_emulation: eglMakeCurrent: 0xad005900: ver 3 0 (tinfo 0xad0039d0)
12-11 19:15:27.005  7152  7152 D MonkeyStub: translateCommand: tap 667 127
12-11 19:15:27.145  6321  6338 I Finsky  : [282] com.google.android.finsky.bo.an.run(6): Stats for Executor: bgExecutor com.google.android.finsky.bo.ao@3b53fca[Running, pool size = 4, active threads = 0, queued tasks = 0, completed tasks = 15]
12-11 19:15:27.146  6321  6338 I Finsky  : [282] com.google.android.finsky.bo.an.run(6): Stats for Executor: SimChangeExecutor com.google.android.finsky.bo.ao@dd7e53b[Running, pool size = 0, active threads = 0, queued tasks = 0, completed tasks = 0]
12-11 19:15:27.337  6321  6338 I Finsky  : [282] com.google.android.finsky.bo.an.run(6): Stats for Executor: Db-xternal_referrer_status.db com.google.android.finsky.bo.ao@366c458[Running, pool size = 0, active threads = 0, queued tasks = 0, completed tasks = 0]
12-11 19:15:27.436  6003  6262 D EGL_emulation: eglMakeCurrent: 0xad005900: ver 3 0 (tinfo 0xad0039d0)
12-11 19:15:27.450  6321  6338 I Finsky  : [282] com.google.android.finsky.bo.an.run(6): Stats for Executor: Db-split_install_service com.google.android.finsky.bo.ao@6a499b1[Running, pool size = 0, active threads = 0, queued tasks = 0, completed tasks = 7]
12-11 19:15:27.491  6003  6262 D EGL_emulation: eglMakeCurrent: 0xad005900: ver 3 0 (tinfo 0xad0039d0)
12-11 19:15:27.500  6003  6262 D EGL_emulation: eglMakeCurrent: 0xad005900: ver 3 0 (tinfo 0xad0039d0)
12-11 19:15:27.514  6003  6262 D EGL_emulation: eglMakeCurrent: 0xad005900: ver 3 0 (tinfo 0xad0039d0)
12-11 19:15:27.547  6321  6338 I Finsky  : [282] com.google.android.finsky.bo.an.run(6): Stats for Executor: StorageAwareDownloadServiceManagerSpaceChecker com.google.android.finsky.bo.ao@acf8e96[Running, pool size = 0, active threads = 0, queued tasks = 0, completed tasks = 0]
12-11 19:15:27.598  6003  6262 D EGL_emulation: eglMakeCurrent: 0xad005900: ver 3 0 (tinfo 0xad0039d0)
12-11 19:15:27.611  6003  6262 D EGL_emulation: eglMakeCurrent: 0xad005900: ver 3 0 (tinfo 0xad0039d0)
12-11 19:15:27.804  6003  6262 D EGL_emulation: eglMakeCurrent: 0xad005900: ver 3 0 (tinfo 0xad0039d0)
12-11 19:15:27.812  6003  6262 D OpenGLRenderer: endAllActiveAnimators on 0x865aa600 (MenuPopupWindow$MenuDropDownListView) with handle 0x86fb1a00
12-11 19:15:27.897  6321  6338 I Finsky  : [282] com.google.android.finsky.bo.an.run(6): Stats for Executor: Db-scheduler com.google.android.finsky.bo.ao@5d59a17[Running, pool size = 0, active threads = 0, queued tasks = 0, completed tasks = 44]
12-11 19:15:28.140  6321  6338 I Finsky  : [282] com.google.android.finsky.bo.an.run(6): Stats for Executor: Db-scheduler_logging_store.db com.google.android.finsky.bo.ao@5afce04[Running, pool size = 0, active threads = 0, queued tasks = 0, completed tasks = 0]
12-11 19:15:28.706  6003  6262 D EGL_emulation: eglMakeCurrent: 0xad005900: ver 3 0 (tinfo 0xad0039d0)
12-11 19:15:28.953  6321  6338 I Finsky  : [282] com.google.android.finsky.bo.an.run(6): Stats for Executor: InstallBackgroundThread com.google.android.finsky.bo.ao@7b81fed[Running, pool size = 0, active threads = 0, queued tasks = 0, completed tasks = 0]
12-11 19:15:28.953  6321  6338 I Finsky  : [282] com.google.android.finsky.bo.an.run(6): Stats for Executor: Db-install_service com.google.android.finsky.bo.ao@16dfe22[Running, pool size = 0, active threads = 0, queued tasks = 0, completed tasks = 0]
12-11 19:15:28.953  6321  6338 I Finsky  : [282] com.google.android.finsky.bo.an.run(6): Stats for Executor: InstallBackgroundThread com.google.android.finsky.bo.ao@f8fc0b3[Running, pool size = 0, active threads = 0, queued tasks = 0, completed tasks = 0]
12-11 19:15:29.010  7152  7152 D MonkeyStub: translateCommand: tap 415 991
12-11 19:15:31.014  7152  7152 D MonkeyStub: translateCommand: tap 904 1128
12-11 19:15:31.084  6003  6262 D EGL_emulation: eglMakeCurrent: 0xad005900: ver 3 0 (tinfo 0xad0039d0)
12-11 19:15:31.138  1311  1897 D gralloc_ranchu: gralloc_alloc: Creating ashmem region of size 2691072
12-11 19:15:31.202  6003  6262 D EGL_emulation: eglMakeCurrent: 0xad005900: ver 3 0 (tinfo 0xad0039d0)
12-11 19:15:31.320  1653  1661 I art     : Background partial concurrent mark sweep GC freed 24046(1031KB) AllocSpace objects, 4(80KB) LOS objects, 22% free, 13MB/17MB, paused 2.371ms total 148.983ms
12-11 19:15:31.511  6003  6013 I art     : Background partial concurrent mark sweep GC freed 91460(4MB) AllocSpace objects, 10(544KB) LOS objects, 14% free, 24MB/28MB, paused 2.081ms total 149.015ms
12-11 19:15:31.614  2064  2064 W ChimeraUtils: Non Chimera context
12-11 19:15:31.651  2064  3060 W GLSUser : [DeviceKeyStore] Cannot load key: Device key file not found.
12-11 19:15:31.685  1360  4704 D WVCdm   : Instantiating CDM.
12-11 19:15:31.686  1360  1386 I WVCdm   : CdmEngine::OpenSession
12-11 19:15:31.691  1360  1386 I WVCdm   : Level3 Library 4464 Sep 10 2016 21:49:53
12-11 19:15:31.694  1360  1386 W WVCdm   : Could not load liboemcrypto.so. Falling back to L3.  dlopen failed: library "liboemcrypto.so" not found
12-11 19:15:31.701  1360  1386 I WVCdm   : CdmEngine::QueryKeyControlInfo
12-11 19:15:31.701  1360  3128 I WVCdm   : CdmEngine::GenerateKeyRequest
12-11 19:15:31.704  1360  3128 D WVCdm   : PrepareKeyRequest: nonce=222271457
12-11 19:15:31.795  1360  1386 I WVCdm   : CdmEngine::CloseSession
12-11 19:15:31.863  2064  3060 W GLSUser : [AppCertManager] IOException while requesting key: 
12-11 19:15:31.863  2064  3060 W GLSUser : java.io.IOException: Invalid device key response.
12-11 19:15:31.863  2064  3060 W GLSUser : 	at hxx.a(:com.google.android.gms@14799022@14.7.99 (040700-223214910):14)
12-11 19:15:31.863  2064  3060 W GLSUser : 	at hxx.a(:com.google.android.gms@14799022@14.7.99 (040700-223214910):72)
12-11 19:15:31.863  2064  3060 W GLSUser : 	at hxx.a(:com.google.android.gms@14799022@14.7.99 (040700-223214910):27)
12-11 19:15:31.863  2064  3060 W GLSUser : 	at hxv.a(:com.google.android.gms@14799022@14.7.99 (040700-223214910):2)
12-11 19:15:31.863  2064  3060 W GLSUser : 	at hxv.a(:com.google.android.gms@14799022@14.7.99 (040700-223214910):9)
12-11 19:15:31.863  2064  3060 W GLSUser : 	at yfy.a(:com.google.android.gms@14799022@14.7.99 (040700-223214910):5)
12-11 19:15:31.863  2064  3060 W GLSUser : 	at cpz.onTransact(:com.google.android.gms@14799022@14.7.99 (040700-223214910):4)
12-11 19:15:31.863  2064  3060 W GLSUser : 	at android.os.Binder.transact(Binder.java:499)
12-11 19:15:31.863  2064  3060 W GLSUser : 	at dsw.onTransact(:com.google.android.gms@14799022@14.7.99 (040700-223214910):3)
12-11 19:15:31.863  2064  3060 W GLSUser : 	at android.os.Binder.execTransact(Binder.java:565)
12-11 19:15:31.864  2064  3060 W GLSUser : [DeviceKeyStore] Cannot load key: Device key file not found.
12-11 19:15:32.474  2640  2640 I GCM     : Message from 745476177629
12-11 19:15:32.523  2064  2077 W GLSUser : [DeviceKeyStore] Cannot load key: Device key file not found.
12-11 19:15:32.524  2064  2077 W GLSUser : [DeviceKeyStore] Cannot load key: Device key file not found.
12-11 19:15:33.030  7152  7152 D MonkeyStub: translateCommand: tap 427 404
12-11 19:15:33.100  1653  2529 I ActivityManager: START u0 {act=android.intent.action.VIEW flg=0x8000 cmp=com.google.android.calendar/com.android.calendar.event.EventInfoActivity (has extras)} from uid 10034 on display 0
12-11 19:15:33.398  6003  6262 D EGL_emulation: eglMakeCurrent: 0xad005900: ver 3 0 (tinfo 0xad0039d0)
12-11 19:15:33.592  6003  6262 D EGL_emulation: eglMakeCurrent: 0xad005900: ver 3 0 (tinfo 0xad0039d0)
12-11 19:15:33.674  6003  6262 D EGL_emulation: eglMakeCurrent: 0xad005900: ver 3 0 (tinfo 0xad0039d0)
12-11 19:15:33.680  6003  6003 W IInputConnectionWrapper: finishComposingText on inactive InputConnection
12-11 19:15:33.688  6003  6262 D EGL_emulation: eglMakeCurrent: 0xad005900: ver 3 0 (tinfo 0xad0039d0)
12-11 19:15:33.706  1653  1673 I ActivityManager: Displayed com.google.android.calendar/com.android.calendar.event.EventInfoActivity: +589ms
12-11 19:15:33.727  6003  6262 D EGL_emulation: eglMakeCurrent: 0xad005900: ver 3 0 (tinfo 0xad0039d0)
12-11 19:15:33.749  6003  6262 D EGL_emulation: eglMakeCurrent: 0xad005900: ver 3 0 (tinfo 0xad0039d0)
12-11 19:15:33.772  6003  6262 D EGL_emulation: eglMakeCurrent: 0xad005900: ver 3 0 (tinfo 0xad0039d0)
12-11 19:15:33.787  6003  6262 D EGL_emulation: eglMakeCurrent: 0xad005900: ver 3 0 (tinfo 0xad0039d0)
12-11 19:15:33.801  6003  6262 D EGL_emulation: eglMakeCurrent: 0xad005900: ver 3 0 (tinfo 0xad0039d0)
12-11 19:15:33.820  6003  6262 D EGL_emulation: eglMakeCurrent: 0xad005900: ver 3 0 (tinfo 0xad0039d0)
12-11 19:15:33.831  6003  6262 D EGL_emulation: eglMakeCurrent: 0xad005900: ver 3 0 (tinfo 0xad0039d0)
12-11 19:15:33.846  6003  6262 D EGL_emulation: eglMakeCurrent: 0xad005900: ver 3 0 (tinfo 0xad0039d0)
12-11 19:15:33.860  6003  6262 D EGL_emulation: eglMakeCurrent: 0xad005900: ver 3 0 (tinfo 0xad0039d0)
12-11 19:15:33.875  6003  6262 D EGL_emulation: eglMakeCurrent: 0xad005900: ver 3 0 (tinfo 0xad0039d0)
12-11 19:15:33.886  6003  6262 D EGL_emulation: eglMakeCurrent: 0xad005900: ver 3 0 (tinfo 0xad0039d0)
12-11 19:15:33.916  6003  6262 D EGL_emulation: eglMakeCurrent: 0xad005900: ver 3 0 (tinfo 0xad0039d0)
12-11 19:15:33.928  6003  6262 D EGL_emulation: eglMakeCurrent: 0xad005900: ver 3 0 (tinfo 0xad0039d0)
12-11 19:15:35.009  6003  6262 D EGL_emulation: eglMakeCurrent: 0xad005900: ver 3 0 (tinfo 0xad0039d0)
12-11 19:15:36.037  7152  7152 D MonkeyStub: translateCommand: tap 999 138
12-11 19:15:36.137  6003  6262 D EGL_emulation: eglMakeCurrent: 0xad005900: ver 3 0 (tinfo 0xad0039d0)
12-11 19:15:36.154  6003  6262 D EGL_emulation: eglMakeCurrent: 0xad005900: ver 3 0 (tinfo 0xad0039d0)
12-11 19:15:36.163  6003  6262 D EGL_emulation: eglMakeCurrent: 0xad005900: ver 3 0 (tinfo 0xad0039d0)
12-11 19:15:36.171  6003  6262 D EGL_emulation: eglMakeCurrent: 0xad005900: ver 3 0 (tinfo 0xad0039d0)
12-11 19:15:36.180  6003  6262 D EGL_emulation: eglMakeCurrent: 0xad005900: ver 3 0 (tinfo 0xad0039d0)
12-11 19:15:36.304  6003  6262 D EGL_emulation: eglMakeCurrent: 0xad005900: ver 3 0 (tinfo 0xad0039d0)
12-11 19:15:36.320  6003  6262 D EGL_emulation: eglMakeCurrent: 0xad005900: ver 3 0 (tinfo 0xad0039d0)
12-11 19:15:36.424  6003  6262 D EGL_emulation: eglMakeCurrent: 0xad005900: ver 3 0 (tinfo 0xad0039d0)
12-11 19:15:37.736  6321  6338 I Finsky  : [282] com.google.android.finsky.bo.an.run(6): Stats for Executor: VerifyAppsDataStore com.google.android.finsky.bo.ao@a5dc670[Running, pool size = 0, active threads = 0, queued tasks = 0, completed tasks = 2]
12-11 19:15:37.737  6321  6338 I Finsky  : [282] com.google.android.finsky.bo.an.run(6): Stats for Executor: Db-verify_apps.db com.google.android.finsky.bo.ao@703cde9[Running, pool size = 0, active threads = 0, queued tasks = 0, completed tasks = 1]
12-11 19:15:37.771  6003  6262 D EGL_emulation: eglMakeCurrent: 0xad005900: ver 3 0 (tinfo 0xad0039d0)
12-11 19:15:37.866  6321  6338 I Finsky  : [282] com.google.android.finsky.bo.an.run(6): Stats for Executor: Db-notification_cache com.google.android.finsky.bo.ao@91da6e[Running, pool size = 0, active threads = 0, queued tasks = 0, completed tasks = 2]
12-11 19:15:38.040  7152  7152 D MonkeyStub: translateCommand: tap 696 123
12-11 19:15:38.288  6003  6262 D EGL_emulation: eglMakeCurrent: 0xad005900: ver 3 0 (tinfo 0xad0039d0)
12-11 19:15:38.326  6003  6262 D EGL_emulation: eglMakeCurrent: 0xad005900: ver 3 0 (tinfo 0xad0039d0)
12-11 19:15:38.336  6003  6262 D EGL_emulation: eglMakeCurrent: 0xad005900: ver 3 0 (tinfo 0xad0039d0)
12-11 19:15:38.343  6003  6262 D EGL_emulation: eglMakeCurrent: 0xad005900: ver 3 0 (tinfo 0xad0039d0)
12-11 19:15:38.545  6321  6338 I Finsky  : [282] com.google.android.finsky.bo.an.run(6): Stats for Executor: Db-auto_update.db com.google.android.finsky.bo.ao@dbbb50f[Running, pool size = 0, active threads = 0, queued tasks = 0, completed tasks = 0]
12-11 19:15:38.608  6003  6262 D EGL_emulation: eglMakeCurrent: 0xad005900: ver 3 0 (tinfo 0xad0039d0)
12-11 19:15:38.620  6003  6262 D OpenGLRenderer: endAllActiveAnimators on 0x864d0600 (MenuPopupWindow$MenuDropDownListView) with handle 0x86d366e0
12-11 19:15:38.625  6321  6338 I Finsky  : [282] com.google.android.finsky.bo.an.run(6): Stats for Executor: Db-frosting.db com.google.android.finsky.bo.ao@2b0d99c[Running, pool size = 0, active threads = 0, queued tasks = 0, completed tasks = 1]
12-11 19:15:39.206  6321  6338 I Finsky  : [282] com.google.android.finsky.bo.an.run(6): Stats for Executor: Db-user_languages_store com.google.android.finsky.bo.ao@2425fa5[Running, pool size = 0, active threads = 0, queued tasks = 0, completed tasks = 1]
12-11 19:15:39.739  6003  6262 D EGL_emulation: eglMakeCurrent: 0xad005900: ver 3 0 (tinfo 0xad0039d0)
12-11 19:15:40.043  7152  7152 D MonkeyStub: translateCommand: tap 911 984
12-11 19:15:40.083  6003  6262 D EGL_emulation: eglMakeCurrent: 0xad005900: ver 3 0 (tinfo 0xad0039d0)
12-11 19:15:40.130  1311  1897 D gralloc_ranchu: gralloc_alloc: Creating ashmem region of size 2691072
12-11 19:15:40.205  6003  6262 D EGL_emulation: eglMakeCurrent: 0xad005900: ver 3 0 (tinfo 0xad0039d0)
12-11 19:15:40.350  6321  6338 I Finsky  : [282] com.google.android.finsky.bo.an.run(6): Stats for Executor: Db-scheduled_acquisitions.db com.google.android.finsky.bo.ao@e052f7a[Running, pool size = 0, active threads = 0, queued tasks = 0, completed tasks = 0]
12-11 19:15:40.375  1653  1661 I art     : Background partial concurrent mark sweep GC freed 27072(1609KB) AllocSpace objects, 27(952KB) LOS objects, 22% free, 14MB/18MB, paused 1.636ms total 201.898ms
12-11 19:15:40.401  2064  2064 W ChimeraUtils: Non Chimera context
12-11 19:15:40.451  2064  2362 W GLSUser : [DeviceKeyStore] Cannot load key: Device key file not found.
12-11 19:15:40.451  2064  2362 W GLSUser : [DeviceKeyStore] Cannot load key: Device key file not found.
12-11 19:15:40.870  2640  2640 I GCM     : Message from 745476177629
12-11 19:15:40.914  2640  2640 I GCM     : Message from 745476177629
12-11 19:15:41.002  2064  2077 W GLSUser : [DeviceKeyStore] Cannot load key: Device key file not found.
12-11 19:15:41.002  2064  2077 W GLSUser : [DeviceKeyStore] Cannot load key: Device key file not found.
12-11 19:15:41.106  2064  3050 W GLSUser : [DeviceKeyStore] Cannot load key: Device key file not found.
12-11 19:15:41.106  2064  3050 W GLSUser : [DeviceKeyStore] Cannot load key: Device key file not found.
12-11 19:15:41.806  6321  6338 I Finsky  : [282] com.google.android.finsky.bo.an.run(6): Stats for Executor: InstallBackgroundThread com.google.android.finsky.bo.ao@f08932b[Running, pool size = 0, active threads = 0, queued tasks = 0, completed tasks = 0]
12-11 19:15:42.046  7152  7152 D MonkeyStub: translateCommand: tap 88 132
12-11 19:15:42.056  1653  3799 I ActivityManager: START u0 {act=android.intent.action.VIEW flg=0x4000000 cmp=com.google.android.calendar/com.android.calendar.AllInOneCalendarActivity (has extras)} from uid 10034 on display 0
12-11 19:15:42.071  1311  1316 D gralloc_ranchu: gralloc_alloc: Creating ashmem region of size 2691072
12-11 19:15:42.197  1653  1661 I art     : Background partial concurrent mark sweep GC freed 20689(1264KB) AllocSpace objects, 25(912KB) LOS objects, 22% free, 13MB/17MB, paused 2.518ms total 104.186ms
12-11 19:15:42.292  6003  6262 D EGL_emulation: eglMakeCurrent: 0xad005900: ver 3 0 (tinfo 0xad0039d0)
12-11 19:15:42.338  6003  6262 D EGL_emulation: eglMakeCurrent: 0xad005900: ver 3 0 (tinfo 0xad0039d0)
12-11 19:15:42.387  6003  6262 D EGL_emulation: eglMakeCurrent: 0xad005900: ver 3 0 (tinfo 0xad0039d0)
12-11 19:15:42.403  6003  6262 D EGL_emulation: eglMakeCurrent: 0xad005900: ver 3 0 (tinfo 0xad0039d0)
12-11 19:15:42.438  6003  6003 W IInputConnectionWrapper: finishComposingText on inactive InputConnection
12-11 19:15:42.455  6003  6262 D EGL_emulation: eglMakeCurrent: 0xad005900: ver 3 0 (tinfo 0xad0039d0)
12-11 19:15:42.486  6003  6262 D OpenGLRenderer: endAllActiveAnimators on 0x864f1e80 (RippleDrawable) with handle 0x86d361e0
